Using statistical security parameter 40
Trying to run 255-bit computation (256-bit representation)
This program might benefit from some protocol options.
Consider adding the following at the beginning of your code:
	program.use_edabit(True)
Setup took 0.0991131 seconds.
S3_FMATCH valid=1 commitment_bits=011011000000101101111111100010001011111010001000101001000110001101110000101100010001100001000011110110101100110100010110101101000001011000101000011001111011110111101000101000011110001000000000110001110010011101100100000111011001100110000000101000110100010
Compiler: ./compile.py -F 255 saib_fmatch 32
	7555 triples of malicious replicated gfp left
	2034 bits of malicious replicated gfp left
Detailed costs:
           906 integer inputs
        431084 integer multiplications
        869005 integer openings
Spent 4.26503 seconds (28.202 MB, 29961 rounds, 6.24554 CPU seconds) on the online phase and 1.26755 seconds (96.338 MB, 542 rounds, 6.24594 CPU seconds) on the preprocessing/offline phase.
Communication details:
Broadcasting 0.191432 MB in 5971 rounds, taking 1.04573 seconds
Passing around 119.357 MB in 24502 rounds, taking 3.01443 seconds
Receiving directly 4.8 MB in 15 rounds, taking 0.0100459 seconds
Sending directly 4.8 MB in 15 rounds, taking 0.00520542 seconds
CPU time = 6.24877
The following benchmarks are including preprocessing (offline phase).
Time = 5.56474 seconds 
Data sent = 124.54 MB in ~30503 rounds (party 0 only)
Global data sent = 373.3 MB (all parties)
Actual preprocessing cost of program:
  Type int
        432445        Triples
        457966           Bits
This program might benefit from some protocol options.
Consider adding the following at the beginning of your code:
	program.use_edabit(True)
Command line: /mnt/g/paperexper/retf/third_party/MP-SPDZ-s3.1.1-patched/malicious-rep-field-party.x 0 saib_fmatch-32 -pn 27200 -h localhost -P 52435875175126190479447740508185965837690552500527637822603658699938581184513 -v
