Using statistical security parameter 40
Trying to run 255-bit computation (256-bit representation)
S3_FMATCH_TEST valid=1 commitment=-1325229079941486788029176450563514886492452935620257053544045367509377197500 aggregate_quantity=2564034 aggregate_settlement=1221089246640
S3_MATCH slot=0 active=1 buy_rank=7 sell_rank=2 price=587232 quantity=213376 settlement=125301215232 buy_residual=413597 sell_residual=0
S3_MATCH slot=1 active=1 buy_rank=7 sell_rank=4 price=426420 quantity=413597 settlement=176366032740 buy_residual=0 sell_residual=348411
S3_MATCH slot=2 active=1 buy_rank=8 sell_rank=4 price=396840 quantity=348411 settlement=138263421240 buy_residual=396867 sell_residual=0
S3_MATCH slot=3 active=1 buy_rank=8 sell_rank=0 price=306302 quantity=396867 settlement=121561155834 buy_residual=0 sell_residual=278921
S3_MATCH slot=4 active=1 buy_rank=3 sell_rank=0 price=336120 quantity=278921 settlement=93750926520 buy_residual=233380 sell_residual=0
S3_MATCH slot=5 active=1 buy_rank=3 sell_rank=1 price=639381 quantity=204073 settlement=130480398813 buy_residual=29307 sell_residual=0
S3_MATCH slot=6 active=1 buy_rank=3 sell_rank=3 price=532925 quantity=29307 settlement=15618432975 buy_residual=0 sell_residual=679482
S3_MATCH slot=7 active=1 buy_rank=4 sell_rank=3 price=580223 quantity=411582 settlement=238809342786 buy_residual=0 sell_residual=267900
S3_MATCH slot=8 active=1 buy_rank=1 sell_rank=3 price=675395 quantity=267900 settlement=180938320500 buy_residual=703426 sell_residual=0
S3_MATCH slot=9 active=0 buy_rank=0 sell_rank=0 price=0 quantity=0 settlement=0 buy_residual=0 sell_residual=0
S3_MATCH slot=10 active=0 buy_rank=0 sell_rank=0 price=0 quantity=0 settlement=0 buy_residual=0 sell_residual=0
S3_MATCH slot=11 active=0 buy_rank=0 sell_rank=0 price=0 quantity=0 settlement=0 buy_residual=0 sell_residual=0
S3_MATCH slot=12 active=0 buy_rank=0 sell_rank=0 price=0 quantity=0 settlement=0 buy_residual=0 sell_residual=0
S3_MATCH slot=13 active=0 buy_rank=0 sell_rank=0 price=0 quantity=0 settlement=0 buy_residual=0 sell_residual=0
S3_MATCH slot=14 active=0 buy_rank=0 sell_rank=0 price=0 quantity=0 settlement=0 buy_residual=0 sell_residual=0
S3_MATCH slot=15 active=0 buy_rank=0 sell_rank=0 price=0 quantity=0 settlement=0 buy_residual=0 sell_residual=0
S3_MATCH slot=16 active=0 buy_rank=0 sell_rank=0 price=0 quantity=0 settlement=0 buy_residual=0 sell_residual=0
S3_MATCH slot=17 active=0 buy_rank=0 sell_rank=0 price=0 quantity=0 settlement=0 buy_residual=0 sell_residual=0
S3_MATCH slot=18 active=0 buy_rank=0 sell_rank=0 price=0 quantity=0 settlement=0 buy_residual=0 sell_residual=0
S3_MATCH slot=19 active=0 buy_rank=0 sell_rank=0 price=0 quantity=0 settlement=0 buy_residual=0 sell_residual=0
S3_MATCH slot=20 active=0 buy_rank=0 sell_rank=0 price=0 quantity=0 settlement=0 buy_residual=0 sell_residual=0
S3_MATCH slot=21 active=0 buy_rank=0 sell_rank=0 price=0 quantity=0 settlement=0 buy_residual=0 sell_residual=0
S3_MATCH slot=22 active=0 buy_rank=0 sell_rank=0 price=0 quantity=0 settlement=0 buy_residual=0 sell_residual=0
S3_MATCH slot=23 active=0 buy_rank=0 sell_rank=0 price=0 quantity=0 settlement=0 buy_residual=0 sell_residual=0
S3_MATCH slot=24 active=0 buy_rank=0 sell_rank=0 price=0 quantity=0 settlement=0 buy_residual=0 sell_residual=0
S3_MATCH slot=25 active=0 buy_rank=0 sell_rank=0 price=0 quantity=0 settlement=0 buy_residual=0 sell_residual=0
S3_MATCH slot=26 active=0 buy_rank=0 sell_rank=0 price=0 quantity=0 settlement=0 buy_residual=0 sell_residual=0
S3_MATCH slot=27 active=0 buy_rank=0 sell_rank=0 price=0 quantity=0 settlement=0 buy_residual=0 sell_residual=0
S3_MATCH slot=28 active=0 buy_rank=0 sell_rank=0 price=0 quantity=0 settlement=0 buy_residual=0 sell_residual=0
S3_MATCH slot=29 active=0 buy_rank=0 sell_rank=0 price=0 quantity=0 settlement=0 buy_residual=0 sell_residual=0
S3_MATCH slot=30 active=0 buy_rank=0 sell_rank=0 price=0 quantity=0 settlement=0 buy_residual=0 sell_residual=0
S3_RESIDUAL side=buy rank=7 quantity=0
S3_RESIDUAL side=buy rank=8 quantity=0
S3_RESIDUAL side=buy rank=3 quantity=0
S3_RESIDUAL side=buy rank=4 quantity=0
S3_RESIDUAL side=buy rank=1 quantity=703426
S3_RESIDUAL side=buy rank=14 quantity=454112
S3_RESIDUAL side=buy rank=0 quantity=812304
S3_RESIDUAL side=buy rank=13 quantity=627710
S3_RESIDUAL side=buy rank=11 quantity=571806
S3_RESIDUAL side=buy rank=6 quantity=997572
S3_RESIDUAL side=buy rank=12 quantity=198387
S3_RESIDUAL side=buy rank=9 quantity=877922
S3_RESIDUAL side=buy rank=2 quantity=58803
S3_RESIDUAL side=buy rank=10 quantity=629128
S3_RESIDUAL side=buy rank=5 quantity=121414
S3_RESIDUAL side=buy rank=15 quantity=0
S3_RESIDUAL side=sell rank=2 quantity=0
S3_RESIDUAL side=sell rank=4 quantity=0
S3_RESIDUAL side=sell rank=0 quantity=0
S3_RESIDUAL side=sell rank=1 quantity=0
S3_RESIDUAL side=sell rank=3 quantity=0
S3_RESIDUAL side=sell rank=5 quantity=0
S3_RESIDUAL side=sell rank=6 quantity=0
S3_RESIDUAL side=sell rank=7 quantity=0
S3_RESIDUAL side=sell rank=8 quantity=0
S3_RESIDUAL side=sell rank=9 quantity=0
S3_RESIDUAL side=sell rank=10 quantity=0
S3_RESIDUAL side=sell rank=11 quantity=0
S3_RESIDUAL side=sell rank=12 quantity=0
S3_RESIDUAL side=sell rank=13 quantity=0
S3_RESIDUAL side=sell rank=14 quantity=0
S3_RESIDUAL side=sell rank=15 quantity=0
The following benchmarks are including preprocessing (offline phase).
Time = 2.4894 seconds 
Data sent = 56.5948 MB in ~14142 rounds (party 0 only; use '-v' for more details)
Global data sent = 169.464 MB (all parties)
This program might benefit from some protocol options.
Consider adding the following at the beginning of your code:
	program.use_edabit(True)
