Using statistical security parameter 40
Trying to run 255-bit computation (256-bit representation)
S3_FMATCH_TEST valid=1 commitment=-3020085964036380671301362523754423307332940027277835720857165869824538381139 aggregate_quantity=3147662 aggregate_settlement=1145048822218
S3_MATCH slot=0 active=1 buy_rank=4 sell_rank=2 price=372495 quantity=890910 settlement=331859520450 buy_residual=0 sell_residual=22755
S3_MATCH slot=1 active=1 buy_rank=1 sell_rank=2 price=336924 quantity=22755 settlement=7666705620 buy_residual=707735 sell_residual=0
S3_MATCH slot=2 active=1 buy_rank=1 sell_rank=11 price=202050 quantity=147367 settlement=29775502350 buy_residual=560368 sell_residual=0
S3_MATCH slot=3 active=1 buy_rank=1 sell_rank=3 price=258896 quantity=560368 settlement=145077033728 buy_residual=0 sell_residual=202997
S3_MATCH slot=4 active=1 buy_rank=2 sell_rank=3 price=518078 quantity=22410 settlement=11610127980 buy_residual=0 sell_residual=180587
S3_MATCH slot=5 active=1 buy_rank=5 sell_rank=3 price=445783 quantity=180587 settlement=80502614621 buy_residual=694100 sell_residual=0
S3_MATCH slot=6 active=1 buy_rank=5 sell_rank=1 price=499558 quantity=433821 settlement=216718751118 buy_residual=260279 sell_residual=0
S3_MATCH slot=7 active=1 buy_rank=5 sell_rank=10 price=734519 quantity=260279 settlement=191179870801 buy_residual=0 sell_residual=92689
S3_MATCH slot=8 active=1 buy_rank=0 sell_rank=9 price=207670 quantity=629165 settlement=130658695550 buy_residual=55566 sell_residual=0
S3_MATCH slot=9 active=0 buy_rank=0 sell_rank=0 price=0 quantity=0 settlement=0 buy_residual=0 sell_residual=0
S3_MATCH slot=10 active=0 buy_rank=0 sell_rank=0 price=0 quantity=0 settlement=0 buy_residual=0 sell_residual=0
S3_MATCH slot=11 active=0 buy_rank=0 sell_rank=0 price=0 quantity=0 settlement=0 buy_residual=0 sell_residual=0
S3_MATCH slot=12 active=0 buy_rank=0 sell_rank=0 price=0 quantity=0 settlement=0 buy_residual=0 sell_residual=0
S3_MATCH slot=13 active=0 buy_rank=0 sell_rank=0 price=0 quantity=0 settlement=0 buy_residual=0 sell_residual=0
S3_MATCH slot=14 active=0 buy_rank=0 sell_rank=0 price=0 quantity=0 settlement=0 buy_residual=0 sell_residual=0
S3_MATCH slot=15 active=0 buy_rank=0 sell_rank=0 price=0 quantity=0 settlement=0 buy_residual=0 sell_residual=0
S3_MATCH slot=16 active=0 buy_rank=0 sell_rank=0 price=0 quantity=0 settlement=0 buy_residual=0 sell_residual=0
S3_MATCH slot=17 active=0 buy_rank=0 sell_rank=0 price=0 quantity=0 settlement=0 buy_residual=0 sell_residual=0
S3_MATCH slot=18 active=0 buy_rank=0 sell_rank=0 price=0 quantity=0 settlement=0 buy_residual=0 sell_residual=0
S3_MATCH slot=19 active=0 buy_rank=0 sell_rank=0 price=0 quantity=0 settlement=0 buy_residual=0 sell_residual=0
S3_MATCH slot=20 active=0 buy_rank=0 sell_rank=0 price=0 quantity=0 settlement=0 buy_residual=0 sell_residual=0
S3_MATCH slot=21 active=0 buy_rank=0 sell_rank=0 price=0 quantity=0 settlement=0 buy_residual=0 sell_residual=0
S3_MATCH slot=22 active=0 buy_rank=0 sell_rank=0 price=0 quantity=0 settlement=0 buy_residual=0 sell_residual=0
S3_MATCH slot=23 active=0 buy_rank=0 sell_rank=0 price=0 quantity=0 settlement=0 buy_residual=0 sell_residual=0
S3_MATCH slot=24 active=0 buy_rank=0 sell_rank=0 price=0 quantity=0 settlement=0 buy_residual=0 sell_residual=0
S3_MATCH slot=25 active=0 buy_rank=0 sell_rank=0 price=0 quantity=0 settlement=0 buy_residual=0 sell_residual=0
S3_MATCH slot=26 active=0 buy_rank=0 sell_rank=0 price=0 quantity=0 settlement=0 buy_residual=0 sell_residual=0
S3_MATCH slot=27 active=0 buy_rank=0 sell_rank=0 price=0 quantity=0 settlement=0 buy_residual=0 sell_residual=0
S3_MATCH slot=28 active=0 buy_rank=0 sell_rank=0 price=0 quantity=0 settlement=0 buy_residual=0 sell_residual=0
S3_MATCH slot=29 active=0 buy_rank=0 sell_rank=0 price=0 quantity=0 settlement=0 buy_residual=0 sell_residual=0
S3_MATCH slot=30 active=0 buy_rank=0 sell_rank=0 price=0 quantity=0 settlement=0 buy_residual=0 sell_residual=0
S3_RESIDUAL side=buy rank=4 quantity=0
S3_RESIDUAL side=buy rank=1 quantity=0
S3_RESIDUAL side=buy rank=2 quantity=0
S3_RESIDUAL side=buy rank=5 quantity=0
S3_RESIDUAL side=buy rank=0 quantity=55566
S3_RESIDUAL side=buy rank=7 quantity=743254
S3_RESIDUAL side=buy rank=6 quantity=144535
S3_RESIDUAL side=buy rank=3 quantity=314647
S3_RESIDUAL side=buy rank=8 quantity=0
S3_RESIDUAL side=buy rank=9 quantity=0
S3_RESIDUAL side=buy rank=10 quantity=0
S3_RESIDUAL side=buy rank=11 quantity=0
S3_RESIDUAL side=buy rank=12 quantity=0
S3_RESIDUAL side=buy rank=13 quantity=0
S3_RESIDUAL side=buy rank=14 quantity=0
S3_RESIDUAL side=buy rank=15 quantity=0
S3_RESIDUAL side=sell rank=2 quantity=0
S3_RESIDUAL side=sell rank=11 quantity=0
S3_RESIDUAL side=sell rank=4 quantity=548475
S3_RESIDUAL side=sell rank=3 quantity=0
S3_RESIDUAL side=sell rank=1 quantity=0
S3_RESIDUAL side=sell rank=10 quantity=92689
S3_RESIDUAL side=sell rank=9 quantity=0
S3_RESIDUAL side=sell rank=6 quantity=63821
S3_RESIDUAL side=sell rank=5 quantity=282263
S3_RESIDUAL side=sell rank=8 quantity=381995
S3_RESIDUAL side=sell rank=7 quantity=688323
S3_RESIDUAL side=sell rank=0 quantity=575398
S3_RESIDUAL side=sell rank=12 quantity=0
S3_RESIDUAL side=sell rank=13 quantity=0
S3_RESIDUAL side=sell rank=14 quantity=0
S3_RESIDUAL side=sell rank=15 quantity=0
The following benchmarks are including preprocessing (offline phase).
Time = 2.62843 seconds 
Data sent = 56.5948 MB in ~14142 rounds (party 0 only; use '-v' for more details)
Global data sent = 169.464 MB (all parties)
This program might benefit from some protocol options.
Consider adding the following at the beginning of your code:
	program.use_edabit(True)
