Using statistical security parameter 40
Trying to run 255-bit computation (256-bit representation)
S3_FMATCH_TEST valid=1 commitment=15096409040355233588156343947086662920931722192086667138520697536742171013329 aggregate_quantity=2577161 aggregate_settlement=1291813276274
S3_MATCH slot=0 active=1 buy_rank=3 sell_rank=2 price=404288 quantity=481833 settlement=194799299904 buy_residual=310420 sell_residual=0
S3_MATCH slot=1 active=1 buy_rank=3 sell_rank=7 price=571180 quantity=310420 settlement=177305695600 buy_residual=0 sell_residual=479487
S3_MATCH slot=2 active=1 buy_rank=13 sell_rank=7 price=628510 quantity=479487 settlement=301362374370 buy_residual=81937 sell_residual=0
S3_MATCH slot=3 active=1 buy_rank=13 sell_rank=6 price=637844 quantity=81937 settlement=52263023828 buy_residual=0 sell_residual=80046
S3_MATCH slot=4 active=1 buy_rank=15 sell_rank=6 price=650768 quantity=80046 settlement=52091375328 buy_residual=432251 sell_residual=0
S3_MATCH slot=5 active=1 buy_rank=15 sell_rank=5 price=417996 quantity=432251 settlement=180679188996 buy_residual=0 sell_residual=311167
S3_MATCH slot=6 active=1 buy_rank=4 sell_rank=5 price=340466 quantity=311167 settlement=105941783822 buy_residual=215996 sell_residual=0
S3_MATCH slot=7 active=1 buy_rank=4 sell_rank=1 price=632161 quantity=118139 settlement=74682868379 buy_residual=97857 sell_residual=0
S3_MATCH slot=8 active=1 buy_rank=4 sell_rank=0 price=567359 quantity=97857 settlement=55520049663 buy_residual=0 sell_residual=840830
S3_MATCH slot=9 active=1 buy_rank=14 sell_rank=0 price=528016 quantity=184024 settlement=97167616384 buy_residual=0 sell_residual=656806
S3_MATCH slot=10 active=0 buy_rank=0 sell_rank=0 price=0 quantity=0 settlement=0 buy_residual=0 sell_residual=0
S3_MATCH slot=11 active=0 buy_rank=0 sell_rank=0 price=0 quantity=0 settlement=0 buy_residual=0 sell_residual=0
S3_MATCH slot=12 active=0 buy_rank=0 sell_rank=0 price=0 quantity=0 settlement=0 buy_residual=0 sell_residual=0
S3_MATCH slot=13 active=0 buy_rank=0 sell_rank=0 price=0 quantity=0 settlement=0 buy_residual=0 sell_residual=0
S3_MATCH slot=14 active=0 buy_rank=0 sell_rank=0 price=0 quantity=0 settlement=0 buy_residual=0 sell_residual=0
S3_MATCH slot=15 active=0 buy_rank=0 sell_rank=0 price=0 quantity=0 settlement=0 buy_residual=0 sell_residual=0
S3_MATCH slot=16 active=0 buy_rank=0 sell_rank=0 price=0 quantity=0 settlement=0 buy_residual=0 sell_residual=0
S3_MATCH slot=17 active=0 buy_rank=0 sell_rank=0 price=0 quantity=0 settlement=0 buy_residual=0 sell_residual=0
S3_MATCH slot=18 active=0 buy_rank=0 sell_rank=0 price=0 quantity=0 settlement=0 buy_residual=0 sell_residual=0
S3_MATCH slot=19 active=0 buy_rank=0 sell_rank=0 price=0 quantity=0 settlement=0 buy_residual=0 sell_residual=0
S3_MATCH slot=20 active=0 buy_rank=0 sell_rank=0 price=0 quantity=0 settlement=0 buy_residual=0 sell_residual=0
S3_MATCH slot=21 active=0 buy_rank=0 sell_rank=0 price=0 quantity=0 settlement=0 buy_residual=0 sell_residual=0
S3_MATCH slot=22 active=0 buy_rank=0 sell_rank=0 price=0 quantity=0 settlement=0 buy_residual=0 sell_residual=0
S3_MATCH slot=23 active=0 buy_rank=0 sell_rank=0 price=0 quantity=0 settlement=0 buy_residual=0 sell_residual=0
S3_MATCH slot=24 active=0 buy_rank=0 sell_rank=0 price=0 quantity=0 settlement=0 buy_residual=0 sell_residual=0
S3_MATCH slot=25 active=0 buy_rank=0 sell_rank=0 price=0 quantity=0 settlement=0 buy_residual=0 sell_residual=0
S3_MATCH slot=26 active=0 buy_rank=0 sell_rank=0 price=0 quantity=0 settlement=0 buy_residual=0 sell_residual=0
S3_MATCH slot=27 active=0 buy_rank=0 sell_rank=0 price=0 quantity=0 settlement=0 buy_residual=0 sell_residual=0
S3_MATCH slot=28 active=0 buy_rank=0 sell_rank=0 price=0 quantity=0 settlement=0 buy_residual=0 sell_residual=0
S3_MATCH slot=29 active=0 buy_rank=0 sell_rank=0 price=0 quantity=0 settlement=0 buy_residual=0 sell_residual=0
S3_MATCH slot=30 active=0 buy_rank=0 sell_rank=0 price=0 quantity=0 settlement=0 buy_residual=0 sell_residual=0
S3_RESIDUAL side=buy rank=3 quantity=0
S3_RESIDUAL side=buy rank=13 quantity=0
S3_RESIDUAL side=buy rank=15 quantity=0
S3_RESIDUAL side=buy rank=4 quantity=0
S3_RESIDUAL side=buy rank=14 quantity=0
S3_RESIDUAL side=buy rank=1 quantity=377930
S3_RESIDUAL side=buy rank=10 quantity=295617
S3_RESIDUAL side=buy rank=6 quantity=356284
S3_RESIDUAL side=buy rank=8 quantity=49508
S3_RESIDUAL side=buy rank=9 quantity=272316
S3_RESIDUAL side=buy rank=0 quantity=756472
S3_RESIDUAL side=buy rank=2 quantity=394818
S3_RESIDUAL side=buy rank=7 quantity=469584
S3_RESIDUAL side=buy rank=12 quantity=821638
S3_RESIDUAL side=buy rank=11 quantity=614430
S3_RESIDUAL side=buy rank=5 quantity=289729
S3_RESIDUAL side=sell rank=2 quantity=0
S3_RESIDUAL side=sell rank=7 quantity=0
S3_RESIDUAL side=sell rank=6 quantity=0
S3_RESIDUAL side=sell rank=5 quantity=0
S3_RESIDUAL side=sell rank=1 quantity=0
S3_RESIDUAL side=sell rank=0 quantity=656806
S3_RESIDUAL side=sell rank=3 quantity=304448
S3_RESIDUAL side=sell rank=4 quantity=607752
S3_RESIDUAL side=sell rank=8 quantity=0
S3_RESIDUAL side=sell rank=9 quantity=0
S3_RESIDUAL side=sell rank=10 quantity=0
S3_RESIDUAL side=sell rank=11 quantity=0
S3_RESIDUAL side=sell rank=12 quantity=0
S3_RESIDUAL side=sell rank=13 quantity=0
S3_RESIDUAL side=sell rank=14 quantity=0
S3_RESIDUAL side=sell rank=15 quantity=0
The following benchmarks are including preprocessing (offline phase).
Time = 2.62559 seconds 
Data sent = 56.5948 MB in ~14142 rounds (party 0 only; use '-v' for more details)
Global data sent = 169.464 MB (all parties)
This program might benefit from some protocol options.
Consider adding the following at the beginning of your code:
	program.use_edabit(True)
