Using statistical security parameter 40
Trying to run 255-bit computation (256-bit representation)
S3_FMATCH_TEST valid=1 commitment=2393779414323292378903320600828840661195199562249794721221850353693814536369 aggregate_quantity=2175630 aggregate_settlement=917302640287
S3_MATCH slot=0 active=1 buy_rank=13 sell_rank=1 price=585357 quantity=264781 settlement=154991411817 buy_residual=457765 sell_residual=0
S3_MATCH slot=1 active=1 buy_rank=13 sell_rank=4 price=652234 quantity=338697 settlement=220909699098 buy_residual=119068 sell_residual=0
S3_MATCH slot=2 active=1 buy_rank=13 sell_rank=6 price=540693 quantity=67178 settlement=36322674354 buy_residual=51890 sell_residual=0
S3_MATCH slot=3 active=1 buy_rank=13 sell_rank=9 price=449728 quantity=51890 settlement=23336385920 buy_residual=0 sell_residual=554715
S3_MATCH slot=4 active=1 buy_rank=7 sell_rank=9 price=326056 quantity=287398 settlement=93707842288 buy_residual=0 sell_residual=267317
S3_MATCH slot=5 active=1 buy_rank=3 sell_rank=9 price=450562 quantity=267317 settlement=120442882154 buy_residual=413398 sell_residual=0
S3_MATCH slot=6 active=1 buy_rank=3 sell_rank=3 price=324607 quantity=413398 settlement=134191884586 buy_residual=0 sell_residual=396616
S3_MATCH slot=7 active=1 buy_rank=6 sell_rank=3 price=214900 quantity=396616 settlement=85232778400 buy_residual=264721 sell_residual=0
S3_MATCH slot=8 active=1 buy_rank=6 sell_rank=7 price=545154 quantity=88355 settlement=48167081670 buy_residual=176366 sell_residual=0
S3_MATCH slot=9 active=0 buy_rank=0 sell_rank=0 price=0 quantity=0 settlement=0 buy_residual=0 sell_residual=0
S3_MATCH slot=10 active=0 buy_rank=0 sell_rank=0 price=0 quantity=0 settlement=0 buy_residual=0 sell_residual=0
S3_MATCH slot=11 active=0 buy_rank=0 sell_rank=0 price=0 quantity=0 settlement=0 buy_residual=0 sell_residual=0
S3_MATCH slot=12 active=0 buy_rank=0 sell_rank=0 price=0 quantity=0 settlement=0 buy_residual=0 sell_residual=0
S3_MATCH slot=13 active=0 buy_rank=0 sell_rank=0 price=0 quantity=0 settlement=0 buy_residual=0 sell_residual=0
S3_MATCH slot=14 active=0 buy_rank=0 sell_rank=0 price=0 quantity=0 settlement=0 buy_residual=0 sell_residual=0
S3_MATCH slot=15 active=0 buy_rank=0 sell_rank=0 price=0 quantity=0 settlement=0 buy_residual=0 sell_residual=0
S3_MATCH slot=16 active=0 buy_rank=0 sell_rank=0 price=0 quantity=0 settlement=0 buy_residual=0 sell_residual=0
S3_MATCH slot=17 active=0 buy_rank=0 sell_rank=0 price=0 quantity=0 settlement=0 buy_residual=0 sell_residual=0
S3_MATCH slot=18 active=0 buy_rank=0 sell_rank=0 price=0 quantity=0 settlement=0 buy_residual=0 sell_residual=0
S3_MATCH slot=19 active=0 buy_rank=0 sell_rank=0 price=0 quantity=0 settlement=0 buy_residual=0 sell_residual=0
S3_MATCH slot=20 active=0 buy_rank=0 sell_rank=0 price=0 quantity=0 settlement=0 buy_residual=0 sell_residual=0
S3_MATCH slot=21 active=0 buy_rank=0 sell_rank=0 price=0 quantity=0 settlement=0 buy_residual=0 sell_residual=0
S3_MATCH slot=22 active=0 buy_rank=0 sell_rank=0 price=0 quantity=0 settlement=0 buy_residual=0 sell_residual=0
S3_MATCH slot=23 active=0 buy_rank=0 sell_rank=0 price=0 quantity=0 settlement=0 buy_residual=0 sell_residual=0
S3_MATCH slot=24 active=0 buy_rank=0 sell_rank=0 price=0 quantity=0 settlement=0 buy_residual=0 sell_residual=0
S3_MATCH slot=25 active=0 buy_rank=0 sell_rank=0 price=0 quantity=0 settlement=0 buy_residual=0 sell_residual=0
S3_MATCH slot=26 active=0 buy_rank=0 sell_rank=0 price=0 quantity=0 settlement=0 buy_residual=0 sell_residual=0
S3_MATCH slot=27 active=0 buy_rank=0 sell_rank=0 price=0 quantity=0 settlement=0 buy_residual=0 sell_residual=0
S3_MATCH slot=28 active=0 buy_rank=0 sell_rank=0 price=0 quantity=0 settlement=0 buy_residual=0 sell_residual=0
S3_MATCH slot=29 active=0 buy_rank=0 sell_rank=0 price=0 quantity=0 settlement=0 buy_residual=0 sell_residual=0
S3_MATCH slot=30 active=0 buy_rank=0 sell_rank=0 price=0 quantity=0 settlement=0 buy_residual=0 sell_residual=0
S3_RESIDUAL side=buy rank=13 quantity=0
S3_RESIDUAL side=buy rank=7 quantity=0
S3_RESIDUAL side=buy rank=3 quantity=0
S3_RESIDUAL side=buy rank=6 quantity=176366
S3_RESIDUAL side=buy rank=10 quantity=915466
S3_RESIDUAL side=buy rank=12 quantity=424900
S3_RESIDUAL side=buy rank=4 quantity=587966
S3_RESIDUAL side=buy rank=14 quantity=338195
S3_RESIDUAL side=buy rank=9 quantity=462216
S3_RESIDUAL side=buy rank=2 quantity=645034
S3_RESIDUAL side=buy rank=0 quantity=756164
S3_RESIDUAL side=buy rank=8 quantity=524928
S3_RESIDUAL side=buy rank=5 quantity=778573
S3_RESIDUAL side=buy rank=1 quantity=82476
S3_RESIDUAL side=buy rank=11 quantity=761132
S3_RESIDUAL side=buy rank=15 quantity=0
S3_RESIDUAL side=sell rank=1 quantity=0
S3_RESIDUAL side=sell rank=4 quantity=0
S3_RESIDUAL side=sell rank=6 quantity=0
S3_RESIDUAL side=sell rank=9 quantity=0
S3_RESIDUAL side=sell rank=3 quantity=0
S3_RESIDUAL side=sell rank=0 quantity=536592
S3_RESIDUAL side=sell rank=7 quantity=0
S3_RESIDUAL side=sell rank=2 quantity=24564
S3_RESIDUAL side=sell rank=10 quantity=138662
S3_RESIDUAL side=sell rank=5 quantity=923946
S3_RESIDUAL side=sell rank=8 quantity=407114
S3_RESIDUAL side=sell rank=11 quantity=0
S3_RESIDUAL side=sell rank=12 quantity=0
S3_RESIDUAL side=sell rank=13 quantity=0
S3_RESIDUAL side=sell rank=14 quantity=0
S3_RESIDUAL side=sell rank=15 quantity=0
The following benchmarks are including preprocessing (offline phase).
Time = 2.48784 seconds 
Data sent = 56.5948 MB in ~14142 rounds (party 0 only; use '-v' for more details)
Global data sent = 169.464 MB (all parties)
This program might benefit from some protocol options.
Consider adding the following at the beginning of your code:
	program.use_edabit(True)
