Using statistical security parameter 40
Trying to run 255-bit computation (256-bit representation)
S3_FMATCH_TEST valid=1 commitment=-21474777923939680946849555292168219492201695535026035539911441777485226202327 aggregate_quantity=3162352 aggregate_settlement=878123772992
S3_MATCH slot=0 active=1 buy_rank=5 sell_rank=0 price=604087 quantity=215123 settlement=129953007701 buy_residual=0 sell_residual=48657
S3_MATCH slot=1 active=1 buy_rank=9 sell_rank=0 price=532241 quantity=48657 settlement=25897250337 buy_residual=663827 sell_residual=0
S3_MATCH slot=2 active=1 buy_rank=9 sell_rank=9 price=388601 quantity=632481 settlement=245782749081 buy_residual=31346 sell_residual=0
S3_MATCH slot=3 active=1 buy_rank=9 sell_rank=14 price=300937 quantity=31346 settlement=9433171202 buy_residual=0 sell_residual=686668
S3_MATCH slot=4 active=1 buy_rank=0 sell_rank=14 price=279725 quantity=460318 settlement=128762452550 buy_residual=0 sell_residual=226350
S3_MATCH slot=5 active=1 buy_rank=1 sell_rank=14 price=253439 quantity=226350 settlement=57365917650 buy_residual=205142 sell_residual=0
S3_MATCH slot=6 active=1 buy_rank=1 sell_rank=8 price=298370 quantity=205142 settlement=61208218540 buy_residual=0 sell_residual=120846
S3_MATCH slot=7 active=1 buy_rank=7 sell_rank=8 price=266291 quantity=120846 settlement=32180202186 buy_residual=784996 sell_residual=0
S3_MATCH slot=8 active=1 buy_rank=7 sell_rank=2 price=152623 quantity=776410 settlement=118498023430 buy_residual=8586 sell_residual=0
S3_MATCH slot=9 active=1 buy_rank=7 sell_rank=1 price=155213 quantity=8586 settlement=1332658818 buy_residual=0 sell_residual=437093
S3_MATCH slot=10 active=1 buy_rank=2 sell_rank=1 price=193195 quantity=257547 settlement=49756792665 buy_residual=0 sell_residual=179546
S3_MATCH slot=11 active=1 buy_rank=6 sell_rank=1 price=198626 quantity=34752 settlement=6902650752 buy_residual=0 sell_residual=144794
S3_MATCH slot=12 active=1 buy_rank=3 sell_rank=1 price=76320 quantity=144794 settlement=11050678080 buy_residual=313562 sell_residual=0
S3_MATCH slot=13 active=0 buy_rank=0 sell_rank=0 price=0 quantity=0 settlement=0 buy_residual=0 sell_residual=0
S3_MATCH slot=14 active=0 buy_rank=0 sell_rank=0 price=0 quantity=0 settlement=0 buy_residual=0 sell_residual=0
S3_MATCH slot=15 active=0 buy_rank=0 sell_rank=0 price=0 quantity=0 settlement=0 buy_residual=0 sell_residual=0
S3_MATCH slot=16 active=0 buy_rank=0 sell_rank=0 price=0 quantity=0 settlement=0 buy_residual=0 sell_residual=0
S3_MATCH slot=17 active=0 buy_rank=0 sell_rank=0 price=0 quantity=0 settlement=0 buy_residual=0 sell_residual=0
S3_MATCH slot=18 active=0 buy_rank=0 sell_rank=0 price=0 quantity=0 settlement=0 buy_residual=0 sell_residual=0
S3_MATCH slot=19 active=0 buy_rank=0 sell_rank=0 price=0 quantity=0 settlement=0 buy_residual=0 sell_residual=0
S3_MATCH slot=20 active=0 buy_rank=0 sell_rank=0 price=0 quantity=0 settlement=0 buy_residual=0 sell_residual=0
S3_MATCH slot=21 active=0 buy_rank=0 sell_rank=0 price=0 quantity=0 settlement=0 buy_residual=0 sell_residual=0
S3_MATCH slot=22 active=0 buy_rank=0 sell_rank=0 price=0 quantity=0 settlement=0 buy_residual=0 sell_residual=0
S3_MATCH slot=23 active=0 buy_rank=0 sell_rank=0 price=0 quantity=0 settlement=0 buy_residual=0 sell_residual=0
S3_MATCH slot=24 active=0 buy_rank=0 sell_rank=0 price=0 quantity=0 settlement=0 buy_residual=0 sell_residual=0
S3_MATCH slot=25 active=0 buy_rank=0 sell_rank=0 price=0 quantity=0 settlement=0 buy_residual=0 sell_residual=0
S3_MATCH slot=26 active=0 buy_rank=0 sell_rank=0 price=0 quantity=0 settlement=0 buy_residual=0 sell_residual=0
S3_MATCH slot=27 active=0 buy_rank=0 sell_rank=0 price=0 quantity=0 settlement=0 buy_residual=0 sell_residual=0
S3_MATCH slot=28 active=0 buy_rank=0 sell_rank=0 price=0 quantity=0 settlement=0 buy_residual=0 sell_residual=0
S3_MATCH slot=29 active=0 buy_rank=0 sell_rank=0 price=0 quantity=0 settlement=0 buy_residual=0 sell_residual=0
S3_MATCH slot=30 active=0 buy_rank=0 sell_rank=0 price=0 quantity=0 settlement=0 buy_residual=0 sell_residual=0
S3_RESIDUAL side=buy rank=5 quantity=0
S3_RESIDUAL side=buy rank=9 quantity=0
S3_RESIDUAL side=buy rank=0 quantity=0
S3_RESIDUAL side=buy rank=1 quantity=0
S3_RESIDUAL side=buy rank=7 quantity=0
S3_RESIDUAL side=buy rank=2 quantity=0
S3_RESIDUAL side=buy rank=6 quantity=0
S3_RESIDUAL side=buy rank=3 quantity=313562
S3_RESIDUAL side=buy rank=8 quantity=919067
S3_RESIDUAL side=buy rank=4 quantity=909666
S3_RESIDUAL side=buy rank=10 quantity=0
S3_RESIDUAL side=buy rank=11 quantity=0
S3_RESIDUAL side=buy rank=12 quantity=0
S3_RESIDUAL side=buy rank=13 quantity=0
S3_RESIDUAL side=buy rank=14 quantity=0
S3_RESIDUAL side=buy rank=15 quantity=0
S3_RESIDUAL side=sell rank=0 quantity=0
S3_RESIDUAL side=sell rank=9 quantity=0
S3_RESIDUAL side=sell rank=14 quantity=0
S3_RESIDUAL side=sell rank=15 quantity=868836
S3_RESIDUAL side=sell rank=8 quantity=0
S3_RESIDUAL side=sell rank=2 quantity=0
S3_RESIDUAL side=sell rank=1 quantity=0
S3_RESIDUAL side=sell rank=12 quantity=760292
S3_RESIDUAL side=sell rank=6 quantity=430541
S3_RESIDUAL side=sell rank=7 quantity=849876
S3_RESIDUAL side=sell rank=5 quantity=426499
S3_RESIDUAL side=sell rank=3 quantity=220719
S3_RESIDUAL side=sell rank=4 quantity=698824
S3_RESIDUAL side=sell rank=11 quantity=787957
S3_RESIDUAL side=sell rank=13 quantity=280715
S3_RESIDUAL side=sell rank=10 quantity=522760
The following benchmarks are including preprocessing (offline phase).
Time = 2.4589 seconds 
Data sent = 56.5948 MB in ~14142 rounds (party 0 only; use '-v' for more details)
Global data sent = 169.464 MB (all parties)
This program might benefit from some protocol options.
Consider adding the following at the beginning of your code:
	program.use_edabit(True)
