Using statistical security parameter 40
Trying to run 255-bit computation (256-bit representation)
S3_FMATCH_TEST valid=1 commitment=8465272342010936477971430331019295321985207820975577961722253911390380223034 aggregate_quantity=804585 aggregate_settlement=550888795181
S3_MATCH slot=0 active=1 buy_rank=7 sell_rank=3 price=498959 quantity=41167 settlement=20540645153 buy_residual=0 sell_residual=38151
S3_MATCH slot=1 active=1 buy_rank=8 sell_rank=3 price=580505 quantity=23728 settlement=13774222640 buy_residual=0 sell_residual=14423
S3_MATCH slot=2 active=1 buy_rank=4 sell_rank=3 price=721895 quantity=14423 settlement=10411891585 buy_residual=436532 sell_residual=0
S3_MATCH slot=3 active=1 buy_rank=4 sell_rank=9 price=988373 quantity=385756 settlement=381270814988 buy_residual=50776 sell_residual=0
S3_MATCH slot=4 active=1 buy_rank=4 sell_rank=4 price=890452 quantity=50776 settlement=45213590752 buy_residual=0 sell_residual=820651
S3_MATCH slot=5 active=1 buy_rank=5 sell_rank=2 price=226773 quantity=122556 settlement=27792391788 buy_residual=166179 sell_residual=0
S3_MATCH slot=6 active=1 buy_rank=5 sell_rank=6 price=312225 quantity=166179 settlement=51885238275 buy_residual=0 sell_residual=64657
S3_MATCH slot=7 active=0 buy_rank=0 sell_rank=0 price=0 quantity=0 settlement=0 buy_residual=0 sell_residual=0
S3_MATCH slot=8 active=0 buy_rank=0 sell_rank=0 price=0 quantity=0 settlement=0 buy_residual=0 sell_residual=0
S3_MATCH slot=9 active=0 buy_rank=0 sell_rank=0 price=0 quantity=0 settlement=0 buy_residual=0 sell_residual=0
S3_MATCH slot=10 active=0 buy_rank=0 sell_rank=0 price=0 quantity=0 settlement=0 buy_residual=0 sell_residual=0
S3_MATCH slot=11 active=0 buy_rank=0 sell_rank=0 price=0 quantity=0 settlement=0 buy_residual=0 sell_residual=0
S3_MATCH slot=12 active=0 buy_rank=0 sell_rank=0 price=0 quantity=0 settlement=0 buy_residual=0 sell_residual=0
S3_MATCH slot=13 active=0 buy_rank=0 sell_rank=0 price=0 quantity=0 settlement=0 buy_residual=0 sell_residual=0
S3_MATCH slot=14 active=0 buy_rank=0 sell_rank=0 price=0 quantity=0 settlement=0 buy_residual=0 sell_residual=0
S3_MATCH slot=15 active=0 buy_rank=0 sell_rank=0 price=0 quantity=0 settlement=0 buy_residual=0 sell_residual=0
S3_MATCH slot=16 active=0 buy_rank=0 sell_rank=0 price=0 quantity=0 settlement=0 buy_residual=0 sell_residual=0
S3_MATCH slot=17 active=0 buy_rank=0 sell_rank=0 price=0 quantity=0 settlement=0 buy_residual=0 sell_residual=0
S3_MATCH slot=18 active=0 buy_rank=0 sell_rank=0 price=0 quantity=0 settlement=0 buy_residual=0 sell_residual=0
S3_MATCH slot=19 active=0 buy_rank=0 sell_rank=0 price=0 quantity=0 settlement=0 buy_residual=0 sell_residual=0
S3_MATCH slot=20 active=0 buy_rank=0 sell_rank=0 price=0 quantity=0 settlement=0 buy_residual=0 sell_residual=0
S3_MATCH slot=21 active=0 buy_rank=0 sell_rank=0 price=0 quantity=0 settlement=0 buy_residual=0 sell_residual=0
S3_MATCH slot=22 active=0 buy_rank=0 sell_rank=0 price=0 quantity=0 settlement=0 buy_residual=0 sell_residual=0
S3_MATCH slot=23 active=0 buy_rank=0 sell_rank=0 price=0 quantity=0 settlement=0 buy_residual=0 sell_residual=0
S3_MATCH slot=24 active=0 buy_rank=0 sell_rank=0 price=0 quantity=0 settlement=0 buy_residual=0 sell_residual=0
S3_MATCH slot=25 active=0 buy_rank=0 sell_rank=0 price=0 quantity=0 settlement=0 buy_residual=0 sell_residual=0
S3_MATCH slot=26 active=0 buy_rank=0 sell_rank=0 price=0 quantity=0 settlement=0 buy_residual=0 sell_residual=0
S3_MATCH slot=27 active=0 buy_rank=0 sell_rank=0 price=0 quantity=0 settlement=0 buy_residual=0 sell_residual=0
S3_MATCH slot=28 active=0 buy_rank=0 sell_rank=0 price=0 quantity=0 settlement=0 buy_residual=0 sell_residual=0
S3_MATCH slot=29 active=0 buy_rank=0 sell_rank=0 price=0 quantity=0 settlement=0 buy_residual=0 sell_residual=0
S3_MATCH slot=30 active=0 buy_rank=0 sell_rank=0 price=0 quantity=0 settlement=0 buy_residual=0 sell_residual=0
S3_RESIDUAL side=buy rank=7 quantity=0
S3_RESIDUAL side=buy rank=8 quantity=0
S3_RESIDUAL side=buy rank=4 quantity=0
S3_RESIDUAL side=buy rank=5 quantity=0
S3_RESIDUAL side=buy rank=11 quantity=327427
S3_RESIDUAL side=buy rank=0 quantity=97476
S3_RESIDUAL side=buy rank=6 quantity=189425
S3_RESIDUAL side=buy rank=12 quantity=188050
S3_RESIDUAL side=buy rank=9 quantity=429400
S3_RESIDUAL side=buy rank=13 quantity=87732
S3_RESIDUAL side=buy rank=2 quantity=416244
S3_RESIDUAL side=buy rank=3 quantity=951513
S3_RESIDUAL side=buy rank=1 quantity=277640
S3_RESIDUAL side=buy rank=10 quantity=614286
S3_RESIDUAL side=buy rank=14 quantity=0
S3_RESIDUAL side=buy rank=15 quantity=0
S3_RESIDUAL side=sell rank=3 quantity=0
S3_RESIDUAL side=sell rank=9 quantity=0
S3_RESIDUAL side=sell rank=4 quantity=820651
S3_RESIDUAL side=sell rank=2 quantity=0
S3_RESIDUAL side=sell rank=8 quantity=560257
S3_RESIDUAL side=sell rank=10 quantity=939600
S3_RESIDUAL side=sell rank=0 quantity=577363
S3_RESIDUAL side=sell rank=6 quantity=64657
S3_RESIDUAL side=sell rank=5 quantity=771184
S3_RESIDUAL side=sell rank=1 quantity=28964
S3_RESIDUAL side=sell rank=11 quantity=333011
S3_RESIDUAL side=sell rank=7 quantity=10857
S3_RESIDUAL side=sell rank=12 quantity=0
S3_RESIDUAL side=sell rank=13 quantity=0
S3_RESIDUAL side=sell rank=14 quantity=0
S3_RESIDUAL side=sell rank=15 quantity=0
The following benchmarks are including preprocessing (offline phase).
Time = 2.54794 seconds 
Data sent = 56.5948 MB in ~14142 rounds (party 0 only; use '-v' for more details)
Global data sent = 169.464 MB (all parties)
This program might benefit from some protocol options.
Consider adding the following at the beginning of your code:
	program.use_edabit(True)
