Using statistical security parameter 40
Trying to run 255-bit computation (256-bit representation)
S3_FMATCH_TEST valid=1 commitment=-24225582651334390470530068922287271466255845742741914773148943096762531616752 aggregate_quantity=2642057 aggregate_settlement=971002913891
S3_MATCH slot=0 active=1 buy_rank=4 sell_rank=1 price=346823 quantity=5173 settlement=1794115379 buy_residual=835976 sell_residual=0
S3_MATCH slot=1 active=1 buy_rank=4 sell_rank=5 price=706779 quantity=272211 settlement=192393018369 buy_residual=563765 sell_residual=0
S3_MATCH slot=2 active=1 buy_rank=4 sell_rank=6 price=731525 quantity=270834 settlement=198121841850 buy_residual=292931 sell_residual=0
S3_MATCH slot=3 active=1 buy_rank=4 sell_rank=0 price=252720 quantity=292931 settlement=74029522320 buy_residual=0 sell_residual=565010
S3_MATCH slot=4 active=1 buy_rank=8 sell_rank=0 price=247269 quantity=565010 settlement=139709457690 buy_residual=142395 sell_residual=0
S3_MATCH slot=5 active=1 buy_rank=8 sell_rank=2 price=236782 quantity=142395 settlement=33716572890 buy_residual=0 sell_residual=829519
S3_MATCH slot=6 active=1 buy_rank=5 sell_rank=2 price=220147 quantity=151822 settlement=33423157834 buy_residual=0 sell_residual=677697
S3_MATCH slot=7 active=1 buy_rank=13 sell_rank=2 price=306075 quantity=578639 settlement=177106931925 buy_residual=0 sell_residual=99058
S3_MATCH slot=8 active=1 buy_rank=7 sell_rank=2 price=188625 quantity=99058 settlement=18684815250 buy_residual=837448 sell_residual=0
S3_MATCH slot=9 active=1 buy_rank=7 sell_rank=4 price=386476 quantity=263984 settlement=102023480384 buy_residual=573464 sell_residual=0
S3_MATCH slot=10 active=0 buy_rank=0 sell_rank=0 price=0 quantity=0 settlement=0 buy_residual=0 sell_residual=0
S3_MATCH slot=11 active=0 buy_rank=0 sell_rank=0 price=0 quantity=0 settlement=0 buy_residual=0 sell_residual=0
S3_MATCH slot=12 active=0 buy_rank=0 sell_rank=0 price=0 quantity=0 settlement=0 buy_residual=0 sell_residual=0
S3_MATCH slot=13 active=0 buy_rank=0 sell_rank=0 price=0 quantity=0 settlement=0 buy_residual=0 sell_residual=0
S3_MATCH slot=14 active=0 buy_rank=0 sell_rank=0 price=0 quantity=0 settlement=0 buy_residual=0 sell_residual=0
S3_MATCH slot=15 active=0 buy_rank=0 sell_rank=0 price=0 quantity=0 settlement=0 buy_residual=0 sell_residual=0
S3_MATCH slot=16 active=0 buy_rank=0 sell_rank=0 price=0 quantity=0 settlement=0 buy_residual=0 sell_residual=0
S3_MATCH slot=17 active=0 buy_rank=0 sell_rank=0 price=0 quantity=0 settlement=0 buy_residual=0 sell_residual=0
S3_MATCH slot=18 active=0 buy_rank=0 sell_rank=0 price=0 quantity=0 settlement=0 buy_residual=0 sell_residual=0
S3_MATCH slot=19 active=0 buy_rank=0 sell_rank=0 price=0 quantity=0 settlement=0 buy_residual=0 sell_residual=0
S3_MATCH slot=20 active=0 buy_rank=0 sell_rank=0 price=0 quantity=0 settlement=0 buy_residual=0 sell_residual=0
S3_MATCH slot=21 active=0 buy_rank=0 sell_rank=0 price=0 quantity=0 settlement=0 buy_residual=0 sell_residual=0
S3_MATCH slot=22 active=0 buy_rank=0 sell_rank=0 price=0 quantity=0 settlement=0 buy_residual=0 sell_residual=0
S3_MATCH slot=23 active=0 buy_rank=0 sell_rank=0 price=0 quantity=0 settlement=0 buy_residual=0 sell_residual=0
S3_MATCH slot=24 active=0 buy_rank=0 sell_rank=0 price=0 quantity=0 settlement=0 buy_residual=0 sell_residual=0
S3_MATCH slot=25 active=0 buy_rank=0 sell_rank=0 price=0 quantity=0 settlement=0 buy_residual=0 sell_residual=0
S3_MATCH slot=26 active=0 buy_rank=0 sell_rank=0 price=0 quantity=0 settlement=0 buy_residual=0 sell_residual=0
S3_MATCH slot=27 active=0 buy_rank=0 sell_rank=0 price=0 quantity=0 settlement=0 buy_residual=0 sell_residual=0
S3_MATCH slot=28 active=0 buy_rank=0 sell_rank=0 price=0 quantity=0 settlement=0 buy_residual=0 sell_residual=0
S3_MATCH slot=29 active=0 buy_rank=0 sell_rank=0 price=0 quantity=0 settlement=0 buy_residual=0 sell_residual=0
S3_MATCH slot=30 active=0 buy_rank=0 sell_rank=0 price=0 quantity=0 settlement=0 buy_residual=0 sell_residual=0
S3_RESIDUAL side=buy rank=4 quantity=0
S3_RESIDUAL side=buy rank=8 quantity=0
S3_RESIDUAL side=buy rank=5 quantity=0
S3_RESIDUAL side=buy rank=13 quantity=0
S3_RESIDUAL side=buy rank=7 quantity=573464
S3_RESIDUAL side=buy rank=6 quantity=43418
S3_RESIDUAL side=buy rank=3 quantity=741020
S3_RESIDUAL side=buy rank=1 quantity=723825
S3_RESIDUAL side=buy rank=11 quantity=258728
S3_RESIDUAL side=buy rank=2 quantity=412299
S3_RESIDUAL side=buy rank=12 quantity=700462
S3_RESIDUAL side=buy rank=10 quantity=542543
S3_RESIDUAL side=buy rank=0 quantity=250384
S3_RESIDUAL side=buy rank=9 quantity=427161
S3_RESIDUAL side=buy rank=14 quantity=0
S3_RESIDUAL side=buy rank=15 quantity=0
S3_RESIDUAL side=sell rank=1 quantity=0
S3_RESIDUAL side=sell rank=5 quantity=0
S3_RESIDUAL side=sell rank=6 quantity=0
S3_RESIDUAL side=sell rank=0 quantity=0
S3_RESIDUAL side=sell rank=2 quantity=0
S3_RESIDUAL side=sell rank=4 quantity=0
S3_RESIDUAL side=sell rank=3 quantity=564106
S3_RESIDUAL side=sell rank=7 quantity=0
S3_RESIDUAL side=sell rank=8 quantity=0
S3_RESIDUAL side=sell rank=9 quantity=0
S3_RESIDUAL side=sell rank=10 quantity=0
S3_RESIDUAL side=sell rank=11 quantity=0
S3_RESIDUAL side=sell rank=12 quantity=0
S3_RESIDUAL side=sell rank=13 quantity=0
S3_RESIDUAL side=sell rank=14 quantity=0
S3_RESIDUAL side=sell rank=15 quantity=0
The following benchmarks are including preprocessing (offline phase).
Time = 2.52834 seconds 
Data sent = 56.5948 MB in ~14142 rounds (party 0 only; use '-v' for more details)
Global data sent = 169.464 MB (all parties)
This program might benefit from some protocol options.
Consider adding the following at the beginning of your code:
	program.use_edabit(True)
