Using statistical security parameter 40
Trying to run 255-bit computation (256-bit representation)
S3_FMATCH_TEST valid=1 commitment=-804172519725259801807336612046250729053843836571651441963809226880065025562 aggregate_quantity=43394743 aggregate_settlement=20599047001664
S3_MATCH slot=0 active=1 buy_rank=117 sell_rank=102 price=500073 quantity=66004 settlement=33006818292 buy_residual=517553 sell_residual=0
S3_MATCH slot=1 active=1 buy_rank=117 sell_rank=131 price=535479 quantity=517553 settlement=277138762887 buy_residual=0 sell_residual=201693
S3_MATCH slot=2 active=1 buy_rank=81 sell_rank=131 price=589945 quantity=201693 settlement=118987776885 buy_residual=98447 sell_residual=0
S3_MATCH slot=3 active=1 buy_rank=81 sell_rank=93 price=503462 quantity=98447 settlement=49564323514 buy_residual=0 sell_residual=156637
S3_MATCH slot=4 active=1 buy_rank=85 sell_rank=93 price=514472 quantity=156637 settlement=80585350664 buy_residual=35219 sell_residual=0
S3_MATCH slot=5 active=1 buy_rank=85 sell_rank=71 price=629976 quantity=35219 settlement=22187124744 buy_residual=0 sell_residual=359708
S3_MATCH slot=6 active=1 buy_rank=21 sell_rank=71 price=559901 quantity=359708 settlement=201400868908 buy_residual=156133 sell_residual=0
S3_MATCH slot=7 active=1 buy_rank=21 sell_rank=58 price=543047 quantity=156133 settlement=84787557251 buy_residual=0 sell_residual=321355
S3_MATCH slot=8 active=1 buy_rank=91 sell_rank=58 price=512105 quantity=24546 settlement=12570129330 buy_residual=0 sell_residual=296809
S3_MATCH slot=9 active=1 buy_rank=124 sell_rank=58 price=471524 quantity=296809 settlement=139952566916 buy_residual=606938 sell_residual=0
S3_MATCH slot=10 active=1 buy_rank=124 sell_rank=99 price=425612 quantity=462504 settlement=196847252448 buy_residual=144434 sell_residual=0
S3_MATCH slot=11 active=1 buy_rank=124 sell_rank=126 price=414218 quantity=144434 settlement=59827162612 buy_residual=0 sell_residual=86270
S3_MATCH slot=12 active=1 buy_rank=167 sell_rank=126 price=436498 quantity=20255 settlement=8841266990 buy_residual=0 sell_residual=66015
S3_MATCH slot=13 active=1 buy_rank=128 sell_rank=126 price=432524 quantity=66015 settlement=28553071860 buy_residual=358107 sell_residual=0
S3_MATCH slot=14 active=1 buy_rank=128 sell_rank=151 price=363109 quantity=234166 settlement=85027782094 buy_residual=123941 sell_residual=0
S3_MATCH slot=15 active=1 buy_rank=128 sell_rank=160 price=457215 quantity=123941 settlement=56667684315 buy_residual=0 sell_residual=630261
S3_MATCH slot=16 active=1 buy_rank=103 sell_rank=160 price=412342 quantity=369459 settlement=152343462978 buy_residual=0 sell_residual=260802
S3_MATCH slot=17 active=1 buy_rank=198 sell_rank=160 price=437588 quantity=260802 settlement=114123825576 buy_residual=635272 sell_residual=0
S3_MATCH slot=18 active=1 buy_rank=198 sell_rank=128 price=426746 quantity=206255 settlement=88018496230 buy_residual=429017 sell_residual=0
S3_MATCH slot=19 active=1 buy_rank=198 sell_rank=173 price=541481 quantity=317523 settlement=171932671563 buy_residual=111494 sell_residual=0
S3_MATCH slot=20 active=1 buy_rank=198 sell_rank=80 price=567607 quantity=111494 settlement=63284774858 buy_residual=0 sell_residual=163738
S3_MATCH slot=21 active=1 buy_rank=199 sell_rank=80 price=574662 quantity=163738 settlement=94094006556 buy_residual=84071 sell_residual=0
S3_MATCH slot=22 active=1 buy_rank=199 sell_rank=135 price=572786 quantity=84071 settlement=48154691806 buy_residual=0 sell_residual=396017
S3_MATCH slot=23 active=1 buy_rank=11 sell_rank=135 price=658292 quantity=396017 settlement=260694822964 buy_residual=84007 sell_residual=0
S3_MATCH slot=24 active=1 buy_rank=11 sell_rank=5 price=673135 quantity=84007 settlement=56548051945 buy_residual=0 sell_residual=39613
S3_MATCH slot=25 active=1 buy_rank=153 sell_rank=5 price=514247 quantity=39613 settlement=20370866411 buy_residual=890136 sell_residual=0
S3_MATCH slot=26 active=1 buy_rank=153 sell_rank=21 price=329310 quantity=441853 settlement=145506611430 buy_residual=448283 sell_residual=0
S3_MATCH slot=27 active=1 buy_rank=153 sell_rank=94 price=455124 quantity=448283 settlement=204024352092 buy_residual=0 sell_residual=264929
S3_MATCH slot=28 active=1 buy_rank=51 sell_rank=94 price=605091 quantity=264929 settlement=160306153539 buy_residual=565787 sell_residual=0
S3_MATCH slot=29 active=1 buy_rank=51 sell_rank=101 price=469746 quantity=565787 settlement=265776180102 buy_residual=0 sell_residual=97511
S3_MATCH slot=30 active=1 buy_rank=146 sell_rank=101 price=412288 quantity=97511 settlement=40202615168 buy_residual=865618 sell_residual=0
S3_MATCH slot=31 active=1 buy_rank=146 sell_rank=175 price=549254 quantity=763403 settlement=419302151362 buy_residual=102215 sell_residual=0
S3_MATCH slot=32 active=1 buy_rank=146 sell_rank=26 price=524014 quantity=102215 settlement=53562091010 buy_residual=0 sell_residual=521720
S3_MATCH slot=33 active=1 buy_rank=176 sell_rank=26 price=506132 quantity=521720 settlement=264059187040 buy_residual=246589 sell_residual=0
S3_MATCH slot=34 active=1 buy_rank=176 sell_rank=37 price=600098 quantity=246589 settlement=147977565722 buy_residual=0 sell_residual=455120
S3_MATCH slot=35 active=1 buy_rank=62 sell_rank=37 price=674007 quantity=455120 settlement=306754065840 buy_residual=179508 sell_residual=0
S3_MATCH slot=36 active=1 buy_rank=62 sell_rank=107 price=679731 quantity=43958 settlement=29879615298 buy_residual=135550 sell_residual=0
S3_MATCH slot=37 active=1 buy_rank=62 sell_rank=157 price=558662 quantity=135550 settlement=75726634100 buy_residual=0 sell_residual=440073
S3_MATCH slot=38 active=1 buy_rank=132 sell_rank=157 price=675544 quantity=233617 settlement=157818562648 buy_residual=0 sell_residual=206456
S3_MATCH slot=39 active=1 buy_rank=126 sell_rank=157 price=535905 quantity=198378 settlement=106311762090 buy_residual=0 sell_residual=8078
S3_MATCH slot=40 active=1 buy_rank=197 sell_rank=157 price=511822 quantity=8078 settlement=4134498116 buy_residual=712287 sell_residual=0
S3_MATCH slot=41 active=1 buy_rank=197 sell_rank=133 price=568988 quantity=518701 settlement=295134644588 buy_residual=193586 sell_residual=0
S3_MATCH slot=42 active=1 buy_rank=197 sell_rank=79 price=328612 quantity=193586 settlement=63614682632 buy_residual=0 sell_residual=294323
S3_MATCH slot=43 active=1 buy_rank=12 sell_rank=79 price=251139 quantity=294323 settlement=73915983897 buy_residual=8736 sell_residual=0
S3_MATCH slot=44 active=1 buy_rank=12 sell_rank=16 price=500146 quantity=8736 settlement=4369275456 buy_residual=0 sell_residual=490188
S3_MATCH slot=45 active=1 buy_rank=188 sell_rank=16 price=643072 quantity=490188 settlement=315226177536 buy_residual=503223 sell_residual=0
S3_MATCH slot=46 active=1 buy_rank=188 sell_rank=170 price=590585 quantity=243023 settlement=143525738455 buy_residual=260200 sell_residual=0
S3_MATCH slot=47 active=1 buy_rank=188 sell_rank=64 price=491199 quantity=122860 settlement=60348709140 buy_residual=137340 sell_residual=0
S3_MATCH slot=48 active=1 buy_rank=188 sell_rank=152 price=411528 quantity=137340 settlement=56519255520 buy_residual=0 sell_residual=792598
S3_MATCH slot=49 active=1 buy_rank=200 sell_rank=152 price=442935 quantity=556855 settlement=246650569425 buy_residual=0 sell_residual=235743
S3_MATCH slot=50 active=1 buy_rank=121 sell_rank=152 price=435096 quantity=235743 settlement=102570836328 buy_residual=160863 sell_residual=0
S3_MATCH slot=51 active=1 buy_rank=121 sell_rank=90 price=475044 quantity=160863 settlement=76417002972 buy_residual=0 sell_residual=515001
S3_MATCH slot=52 active=1 buy_rank=75 sell_rank=90 price=381345 quantity=515001 settlement=196393056345 buy_residual=358138 sell_residual=0
S3_MATCH slot=53 active=1 buy_rank=75 sell_rank=153 price=479385 quantity=336117 settlement=161129448045 buy_residual=22021 sell_residual=0
S3_MATCH slot=54 active=1 buy_rank=75 sell_rank=31 price=595298 quantity=22021 settlement=13109057258 buy_residual=0 sell_residual=949081
S3_MATCH slot=55 active=1 buy_rank=133 sell_rank=31 price=703189 quantity=419341 settlement=294875978449 buy_residual=0 sell_residual=529740
S3_MATCH slot=56 active=1 buy_rank=106 sell_rank=31 price=757535 quantity=440197 settlement=333464634395 buy_residual=0 sell_residual=89543
S3_MATCH slot=57 active=1 buy_rank=208 sell_rank=31 price=807245 quantity=89543 settlement=72283139035 buy_residual=670321 sell_residual=0
S3_MATCH slot=58 active=1 buy_rank=208 sell_rank=67 price=431100 quantity=670321 settlement=288975383100 buy_residual=0 sell_residual=51305
S3_MATCH slot=59 active=1 buy_rank=66 sell_rank=67 price=286252 quantity=51305 settlement=14686158860 buy_residual=793857 sell_residual=0
S3_MATCH slot=60 active=1 buy_rank=66 sell_rank=88 price=311591 quantity=128675 settlement=40093971925 buy_residual=665182 sell_residual=0
S3_MATCH slot=61 active=1 buy_rank=66 sell_rank=42 price=701766 quantity=614007 settlement=430889236362 buy_residual=51175 sell_residual=0
S3_MATCH slot=62 active=1 buy_rank=66 sell_rank=87 price=485838 quantity=51175 settlement=24862759650 buy_residual=0 sell_residual=171810
S3_MATCH slot=63 active=1 buy_rank=112 sell_rank=87 price=461722 quantity=171810 settlement=79328456820 buy_residual=151691 sell_residual=0
S3_MATCH slot=64 active=1 buy_rank=112 sell_rank=3 price=654744 quantity=151691 settlement=99318772104 buy_residual=0 sell_residual=704441
S3_MATCH slot=65 active=1 buy_rank=59 sell_rank=125 price=316154 quantity=462190 settlement=146123217260 buy_residual=114241 sell_residual=0
S3_MATCH slot=66 active=1 buy_rank=59 sell_rank=169 price=262101 quantity=114241 settlement=29942680341 buy_residual=0 sell_residual=837840
S3_MATCH slot=67 active=1 buy_rank=72 sell_rank=169 price=391804 quantity=402869 settlement=157845685676 buy_residual=0 sell_residual=434971
S3_MATCH slot=68 active=1 buy_rank=161 sell_rank=169 price=327970 quantity=434971 settlement=142657438870 buy_residual=313912 sell_residual=0
S3_MATCH slot=69 active=1 buy_rank=161 sell_rank=187 price=388291 quantity=70442 settlement=27351994622 buy_residual=243470 sell_residual=0
S3_MATCH slot=70 active=1 buy_rank=161 sell_rank=97 price=506412 quantity=52135 settlement=26401789620 buy_residual=191335 sell_residual=0
S3_MATCH slot=71 active=1 buy_rank=161 sell_rank=23 price=285616 quantity=181168 settlement=51744479488 buy_residual=10167 sell_residual=0
S3_MATCH slot=72 active=1 buy_rank=161 sell_rank=0 price=303792 quantity=10167 settlement=3088653264 buy_residual=0 sell_residual=245681
S3_MATCH slot=73 active=1 buy_rank=28 sell_rank=0 price=587731 quantity=245681 settlement=144394339811 buy_residual=733026 sell_residual=0
S3_MATCH slot=74 active=1 buy_rank=28 sell_rank=15 price=949827 quantity=366043 settlement=347677524561 buy_residual=366983 sell_residual=0
S3_MATCH slot=75 active=1 buy_rank=28 sell_rank=177 price=908855 quantity=68108 settlement=61900296340 buy_residual=298875 sell_residual=0
S3_MATCH slot=76 active=1 buy_rank=28 sell_rank=25 price=1010989 quantity=298875 settlement=302159337375 buy_residual=0 sell_residual=356529
S3_MATCH slot=77 active=1 buy_rank=45 sell_rank=25 price=920224 quantity=47891 settlement=44070447584 buy_residual=0 sell_residual=308638
S3_MATCH slot=78 active=1 buy_rank=206 sell_rank=25 price=968517 quantity=308638 settlement=298921149846 buy_residual=295735 sell_residual=0
S3_MATCH slot=79 active=1 buy_rank=206 sell_rank=24 price=971538 quantity=295735 settlement=287317790430 buy_residual=0 sell_residual=283098
S3_MATCH slot=80 active=1 buy_rank=71 sell_rank=2 price=369723 quantity=560862 settlement=207363581226 buy_residual=317563 sell_residual=0
S3_MATCH slot=81 active=1 buy_rank=71 sell_rank=55 price=256001 quantity=317563 settlement=81296445563 buy_residual=0 sell_residual=466084
S3_MATCH slot=82 active=1 buy_rank=92 sell_rank=55 price=336062 quantity=466084 settlement=156633121208 buy_residual=211837 sell_residual=0
S3_MATCH slot=83 active=1 buy_rank=92 sell_rank=92 price=586201 quantity=211837 settlement=124179061237 buy_residual=0 sell_residual=740474
S3_MATCH slot=84 active=1 buy_rank=101 sell_rank=92 price=589036 quantity=282841 settlement=166603531276 buy_residual=0 sell_residual=457633
S3_MATCH slot=85 active=1 buy_rank=141 sell_rank=92 price=833131 quantity=457633 settlement=381268238923 buy_residual=413432 sell_residual=0
S3_MATCH slot=86 active=1 buy_rank=141 sell_rank=45 price=1069007 quantity=108624 settlement=116119816368 buy_residual=304808 sell_residual=0
S3_MATCH slot=87 active=1 buy_rank=141 sell_rank=141 price=544012 quantity=304808 settlement=165819209696 buy_residual=0 sell_residual=368775
S3_MATCH slot=88 active=1 buy_rank=173 sell_rank=141 price=360449 quantity=368775 settlement=132924579975 buy_residual=60510 sell_residual=0
S3_MATCH slot=89 active=1 buy_rank=173 sell_rank=63 price=326315 quantity=60510 settlement=19745320650 buy_residual=0 sell_residual=563559
S3_MATCH slot=90 active=1 buy_rank=145 sell_rank=63 price=189031 quantity=563559 settlement=106530121329 buy_residual=257536 sell_residual=0
S3_MATCH slot=91 active=1 buy_rank=145 sell_rank=70 price=157414 quantity=257536 settlement=40539771904 buy_residual=0 sell_residual=225674
S3_MATCH slot=92 active=1 buy_rank=162 sell_rank=70 price=275591 quantity=225674 settlement=62193723334 buy_residual=242716 sell_residual=0
S3_MATCH slot=93 active=1 buy_rank=162 sell_rank=82 price=497128 quantity=72684 settlement=36133251552 buy_residual=170032 sell_residual=0
S3_MATCH slot=94 active=1 buy_rank=162 sell_rank=127 price=301501 quantity=170032 settlement=51264818032 buy_residual=0 sell_residual=241609
S3_MATCH slot=95 active=1 buy_rank=151 sell_rank=127 price=140841 quantity=241609 settlement=34028453169 buy_residual=753861 sell_residual=0
S3_MATCH slot=96 active=1 buy_rank=151 sell_rank=168 price=166285 quantity=441925 settlement=73485498625 buy_residual=311936 sell_residual=0
S3_MATCH slot=97 active=1 buy_rank=151 sell_rank=98 price=191892 quantity=311936 settlement=59858022912 buy_residual=0 sell_residual=48805
S3_MATCH slot=98 active=1 buy_rank=182 sell_rank=98 price=291569 quantity=48805 settlement=14230025045 buy_residual=835614 sell_residual=0
S3_MATCH slot=99 active=1 buy_rank=182 sell_rank=52 price=237494 quantity=48397 settlement=11493997118 buy_residual=787217 sell_residual=0
S3_MATCH slot=100 active=1 buy_rank=182 sell_rank=11 price=465864 quantity=146129 settlement=68076240456 buy_residual=641088 sell_residual=0
S3_MATCH slot=101 active=1 buy_rank=182 sell_rank=150 price=308629 quantity=641088 settlement=197858348352 buy_residual=0 sell_residual=162833
S3_MATCH slot=102 active=1 buy_rank=32 sell_rank=150 price=476340 quantity=78278 settlement=37286942520 buy_residual=0 sell_residual=84555
S3_MATCH slot=103 active=1 buy_rank=1 sell_rank=150 price=189962 quantity=84555 settlement=16062236910 buy_residual=389455 sell_residual=0
S3_MATCH slot=104 active=1 buy_rank=1 sell_rank=104 price=214714 quantity=389455 settlement=83621440870 buy_residual=0 sell_residual=383119
S3_MATCH slot=105 active=1 buy_rank=169 sell_rank=104 price=555930 quantity=197696 settlement=109905137280 buy_residual=0 sell_residual=185423
S3_MATCH slot=106 active=1 buy_rank=195 sell_rank=104 price=436530 quantity=185423 settlement=80942702190 buy_residual=392707 sell_residual=0
S3_MATCH slot=107 active=1 buy_rank=195 sell_rank=17 price=389231 quantity=127594 settlement=49663540214 buy_residual=265113 sell_residual=0
S3_MATCH slot=108 active=1 buy_rank=195 sell_rank=33 price=279626 quantity=265113 settlement=74132487738 buy_residual=0 sell_residual=722062
S3_MATCH slot=109 active=1 buy_rank=15 sell_rank=33 price=188746 quantity=365195 settlement=68929095470 buy_residual=0 sell_residual=356867
S3_MATCH slot=110 active=1 buy_rank=155 sell_rank=33 price=198417 quantity=356867 settlement=70808479539 buy_residual=342457 sell_residual=0
S3_MATCH slot=111 active=1 buy_rank=155 sell_rank=166 price=335683 quantity=187792 settlement=63038581936 buy_residual=154665 sell_residual=0
S3_MATCH slot=112 active=1 buy_rank=155 sell_rank=41 price=263732 quantity=154665 settlement=40790109780 buy_residual=0 sell_residual=72715
S3_MATCH slot=113 active=1 buy_rank=79 sell_rank=41 price=195543 quantity=72715 settlement=14218909245 buy_residual=92085 sell_residual=0
S3_MATCH slot=114 active=1 buy_rank=79 sell_rank=40 price=206365 quantity=92085 settlement=19003121025 buy_residual=0 sell_residual=197697
S3_MATCH slot=115 active=1 buy_rank=16 sell_rank=40 price=237205 quantity=197697 settlement=46894716885 buy_residual=350338 sell_residual=0
S3_MATCH slot=116 active=1 buy_rank=16 sell_rank=59 price=285022 quantity=130733 settlement=37261781126 buy_residual=219605 sell_residual=0
S3_MATCH slot=117 active=1 buy_rank=16 sell_rank=8 price=334886 quantity=219605 settlement=73542640030 buy_residual=0 sell_residual=294985
S3_MATCH slot=118 active=1 buy_rank=140 sell_rank=8 price=350819 quantity=294985 settlement=103486342715 buy_residual=533696 sell_residual=0
S3_MATCH slot=119 active=1 buy_rank=140 sell_rank=13 price=390521 quantity=429122 settlement=167581152562 buy_residual=104574 sell_residual=0
S3_MATCH slot=120 active=1 buy_rank=140 sell_rank=163 price=315905 quantity=104574 settlement=33035449470 buy_residual=0 sell_residual=214239
S3_MATCH slot=121 active=1 buy_rank=144 sell_rank=163 price=603635 quantity=214239 settlement=129322158765 buy_residual=237148 sell_residual=0
S3_MATCH slot=122 active=1 buy_rank=144 sell_rank=164 price=1044034 quantity=237148 settlement=247590575032 buy_residual=0 sell_residual=756402
S3_MATCH slot=123 active=1 buy_rank=0 sell_rank=190 price=287526 quantity=617692 settlement=177602509992 buy_residual=0 sell_residual=237838
S3_MATCH slot=124 active=1 buy_rank=125 sell_rank=190 price=314095 quantity=237838 settlement=74703726610 buy_residual=100019 sell_residual=0
S3_MATCH slot=125 active=1 buy_rank=125 sell_rank=35 price=554913 quantity=14341 settlement=7958007333 buy_residual=85678 sell_residual=0
S3_MATCH slot=126 active=1 buy_rank=125 sell_rank=113 price=347017 quantity=85678 settlement=29731722526 buy_residual=0 sell_residual=321215
S3_MATCH slot=127 active=1 buy_rank=43 sell_rank=113 price=315460 quantity=149069 settlement=47025306740 buy_residual=0 sell_residual=172146
S3_MATCH slot=128 active=1 buy_rank=174 sell_rank=113 price=269696 quantity=92647 settlement=24986525312 buy_residual=0 sell_residual=79499
S3_MATCH slot=129 active=1 buy_rank=96 sell_rank=113 price=205569 quantity=79499 settlement=16342529931 buy_residual=456692 sell_residual=0
S3_MATCH slot=130 active=1 buy_rank=96 sell_rank=123 price=311215 quantity=456692 settlement=142129400780 buy_residual=0 sell_residual=284770
S3_MATCH slot=131 active=1 buy_rank=148 sell_rank=123 price=446169 quantity=101484 settlement=45279014796 buy_residual=0 sell_residual=183286
S3_MATCH slot=132 active=1 buy_rank=170 sell_rank=123 price=504225 quantity=56927 settlement=28704016575 buy_residual=0 sell_residual=126359
S3_MATCH slot=133 active=1 buy_rank=64 sell_rank=123 price=320943 quantity=126359 settlement=40554036537 buy_residual=18835 sell_residual=0
S3_MATCH slot=134 active=1 buy_rank=64 sell_rank=84 price=121563 quantity=18835 settlement=2289639105 buy_residual=0 sell_residual=5888
S3_MATCH slot=135 active=1 buy_rank=201 sell_rank=84 price=263899 quantity=5888 settlement=1553837312 buy_residual=386454 sell_residual=0
S3_MATCH slot=136 active=1 buy_rank=201 sell_rank=78 price=389979 quantity=386454 settlement=150708944466 buy_residual=0 sell_residual=559792
S3_MATCH slot=137 active=1 buy_rank=160 sell_rank=78 price=408621 quantity=475075 settlement=194125621575 buy_residual=0 sell_residual=84717
S3_MATCH slot=138 active=1 buy_rank=50 sell_rank=78 price=593165 quantity=84717 settlement=50251159305 buy_residual=579939 sell_residual=0
S3_MATCH slot=139 active=1 buy_rank=50 sell_rank=116 price=743583 quantity=79203 settlement=58894004349 buy_residual=500736 sell_residual=0
S3_MATCH slot=140 active=1 buy_rank=50 sell_rank=137 price=1324975 quantity=500736 settlement=663462681600 buy_residual=0 sell_residual=160858
S3_MATCH slot=141 active=1 buy_rank=184 sell_rank=117 price=178841 quantity=169127 settlement=30246841807 buy_residual=823774 sell_residual=0
S3_MATCH slot=142 active=1 buy_rank=184 sell_rank=148 price=131860 quantity=708116 settlement=93372175760 buy_residual=115658 sell_residual=0
S3_MATCH slot=143 active=1 buy_rank=184 sell_rank=72 price=224772 quantity=115658 settlement=25996679976 buy_residual=0 sell_residual=546281
S3_MATCH slot=144 active=1 buy_rank=39 sell_rank=72 price=618646 quantity=546281 settlement=337954555526 buy_residual=360073 sell_residual=0
S3_MATCH slot=145 active=1 buy_rank=39 sell_rank=178 price=1101265 quantity=360073 settlement=396535792345 buy_residual=0 sell_residual=257130
S3_MATCH slot=146 active=1 buy_rank=98 sell_rank=110 price=627537 quantity=376489 settlement=236260777593 buy_residual=0 sell_residual=426537
S3_MATCH slot=147 active=1 buy_rank=73 sell_rank=110 price=601823 quantity=426537 settlement=256699776951 buy_residual=267988 sell_residual=0
S3_MATCH slot=148 active=1 buy_rank=73 sell_rank=57 price=462392 quantity=45165 settlement=20883934680 buy_residual=222823 sell_residual=0
S3_MATCH slot=149 active=1 buy_rank=73 sell_rank=69 price=588046 quantity=222823 settlement=131030173858 buy_residual=0 sell_residual=496129
S3_MATCH slot=150 active=1 buy_rank=76 sell_rank=162 price=259469 quantity=352661 settlement=91504597009 buy_residual=26774 sell_residual=0
S3_MATCH slot=151 active=1 buy_rank=76 sell_rank=51 price=209591 quantity=26774 settlement=5611589434 buy_residual=0 sell_residual=970407
S3_MATCH slot=152 active=1 buy_rank=42 sell_rank=51 price=514868 quantity=506307 settlement=260681272476 buy_residual=0 sell_residual=464100
S3_MATCH slot=153 active=1 buy_rank=18 sell_rank=51 price=147502 quantity=127186 settlement=18760189372 buy_residual=0 sell_residual=336914
S3_MATCH slot=154 active=1 buy_rank=203 sell_rank=51 price=230560 quantity=336914 settlement=77678891840 buy_residual=592009 sell_residual=0
S3_MATCH slot=155 active=1 buy_rank=203 sell_rank=174 price=210468 quantity=592009 settlement=124598950212 buy_residual=0 sell_residual=223675
S3_MATCH slot=156 active=1 buy_rank=135 sell_rank=174 price=261773 quantity=131264 settlement=34361371072 buy_residual=0 sell_residual=92411
S3_MATCH slot=157 active=1 buy_rank=165 sell_rank=174 price=319749 quantity=92411 settlement=29548324839 buy_residual=611322 sell_residual=0
S3_MATCH slot=158 active=1 buy_rank=165 sell_rank=112 price=296933 quantity=155745 settlement=46245830085 buy_residual=455577 sell_residual=0
S3_MATCH slot=159 active=1 buy_rank=165 sell_rank=46 price=516373 quantity=455577 settlement=235247662221 buy_residual=0 sell_residual=415337
S3_MATCH slot=160 active=1 buy_rank=163 sell_rank=46 price=521271 quantity=415337 settlement=216503133327 buy_residual=396806 sell_residual=0
S3_MATCH slot=161 active=1 buy_rank=163 sell_rank=109 price=347215 quantity=396806 settlement=137776995290 buy_residual=0 sell_residual=174087
S3_MATCH slot=162 active=1 buy_rank=156 sell_rank=109 price=481582 quantity=174087 settlement=83837165634 buy_residual=813622 sell_residual=0
S3_MATCH slot=163 active=1 buy_rank=156 sell_rank=143 price=921813 quantity=412332 settlement=380092997916 buy_residual=401290 sell_residual=0
S3_MATCH slot=164 active=1 buy_rank=156 sell_rank=6 price=617985 quantity=401290 settlement=247991200650 buy_residual=0 sell_residual=598419
S3_MATCH slot=165 active=1 buy_rank=154 sell_rank=6 price=619013 quantity=246835 settlement=152794073855 buy_residual=0 sell_residual=351584
S3_MATCH slot=166 active=1 buy_rank=10 sell_rank=6 price=498768 quantity=34590 settlement=17252385120 buy_residual=0 sell_residual=316994
S3_MATCH slot=167 active=1 buy_rank=119 sell_rank=6 price=382764 quantity=316994 settlement=121333891416 buy_residual=670916 sell_residual=0
S3_MATCH slot=168 active=1 buy_rank=119 sell_rank=155 price=391041 quantity=318413 settlement=124512537933 buy_residual=352503 sell_residual=0
S3_MATCH slot=169 active=1 buy_rank=119 sell_rank=48 price=241128 quantity=352503 settlement=84998343384 buy_residual=0 sell_residual=210058
S3_MATCH slot=170 active=1 buy_rank=46 sell_rank=48 price=492804 quantity=210058 settlement=103517422632 buy_residual=342783 sell_residual=0
S3_MATCH slot=171 active=1 buy_rank=46 sell_rank=118 price=881687 quantity=342783 settlement=302227314921 buy_residual=0 sell_residual=561310
S3_MATCH slot=172 active=1 buy_rank=177 sell_rank=144 price=216828 quantity=31467 settlement=6822926676 buy_residual=0 sell_residual=36113
S3_MATCH slot=173 active=1 buy_rank=181 sell_rank=144 price=258373 quantity=36113 settlement=9330624149 buy_residual=187827 sell_residual=0
S3_MATCH slot=174 active=1 buy_rank=181 sell_rank=184 price=317410 quantity=187827 settlement=59618168070 buy_residual=0 sell_residual=296914
S3_MATCH slot=175 active=0 buy_rank=0 sell_rank=0 price=0 quantity=0 settlement=0 buy_residual=0 sell_residual=0
S3_MATCH slot=176 active=0 buy_rank=0 sell_rank=0 price=0 quantity=0 settlement=0 buy_residual=0 sell_residual=0
S3_MATCH slot=177 active=0 buy_rank=0 sell_rank=0 price=0 quantity=0 settlement=0 buy_residual=0 sell_residual=0
S3_MATCH slot=178 active=0 buy_rank=0 sell_rank=0 price=0 quantity=0 settlement=0 buy_residual=0 sell_residual=0
S3_MATCH slot=179 active=0 buy_rank=0 sell_rank=0 price=0 quantity=0 settlement=0 buy_residual=0 sell_residual=0
S3_MATCH slot=180 active=0 buy_rank=0 sell_rank=0 price=0 quantity=0 settlement=0 buy_residual=0 sell_residual=0
S3_MATCH slot=181 active=0 buy_rank=0 sell_rank=0 price=0 quantity=0 settlement=0 buy_residual=0 sell_residual=0
S3_MATCH slot=182 active=0 buy_rank=0 sell_rank=0 price=0 quantity=0 settlement=0 buy_residual=0 sell_residual=0
S3_MATCH slot=183 active=0 buy_rank=0 sell_rank=0 price=0 quantity=0 settlement=0 buy_residual=0 sell_residual=0
S3_MATCH slot=184 active=0 buy_rank=0 sell_rank=0 price=0 quantity=0 settlement=0 buy_residual=0 sell_residual=0
S3_MATCH slot=185 active=0 buy_rank=0 sell_rank=0 price=0 quantity=0 settlement=0 buy_residual=0 sell_residual=0
S3_MATCH slot=186 active=0 buy_rank=0 sell_rank=0 price=0 quantity=0 settlement=0 buy_residual=0 sell_residual=0
S3_MATCH slot=187 active=0 buy_rank=0 sell_rank=0 price=0 quantity=0 settlement=0 buy_residual=0 sell_residual=0
S3_MATCH slot=188 active=0 buy_rank=0 sell_rank=0 price=0 quantity=0 settlement=0 buy_residual=0 sell_residual=0
S3_MATCH slot=189 active=0 buy_rank=0 sell_rank=0 price=0 quantity=0 settlement=0 buy_residual=0 sell_residual=0
S3_MATCH slot=190 active=0 buy_rank=0 sell_rank=0 price=0 quantity=0 settlement=0 buy_residual=0 sell_residual=0
S3_MATCH slot=191 active=0 buy_rank=0 sell_rank=0 price=0 quantity=0 settlement=0 buy_residual=0 sell_residual=0
S3_MATCH slot=192 active=0 buy_rank=0 sell_rank=0 price=0 quantity=0 settlement=0 buy_residual=0 sell_residual=0
S3_MATCH slot=193 active=0 buy_rank=0 sell_rank=0 price=0 quantity=0 settlement=0 buy_residual=0 sell_residual=0
S3_MATCH slot=194 active=0 buy_rank=0 sell_rank=0 price=0 quantity=0 settlement=0 buy_residual=0 sell_residual=0
S3_MATCH slot=195 active=0 buy_rank=0 sell_rank=0 price=0 quantity=0 settlement=0 buy_residual=0 sell_residual=0
S3_MATCH slot=196 active=0 buy_rank=0 sell_rank=0 price=0 quantity=0 settlement=0 buy_residual=0 sell_residual=0
S3_MATCH slot=197 active=0 buy_rank=0 sell_rank=0 price=0 quantity=0 settlement=0 buy_residual=0 sell_residual=0
S3_MATCH slot=198 active=0 buy_rank=0 sell_rank=0 price=0 quantity=0 settlement=0 buy_residual=0 sell_residual=0
S3_MATCH slot=199 active=0 buy_rank=0 sell_rank=0 price=0 quantity=0 settlement=0 buy_residual=0 sell_residual=0
S3_MATCH slot=200 active=0 buy_rank=0 sell_rank=0 price=0 quantity=0 settlement=0 buy_residual=0 sell_residual=0
S3_MATCH slot=201 active=0 buy_rank=0 sell_rank=0 price=0 quantity=0 settlement=0 buy_residual=0 sell_residual=0
S3_MATCH slot=202 active=0 buy_rank=0 sell_rank=0 price=0 quantity=0 settlement=0 buy_residual=0 sell_residual=0
S3_MATCH slot=203 active=0 buy_rank=0 sell_rank=0 price=0 quantity=0 settlement=0 buy_residual=0 sell_residual=0
S3_MATCH slot=204 active=0 buy_rank=0 sell_rank=0 price=0 quantity=0 settlement=0 buy_residual=0 sell_residual=0
S3_MATCH slot=205 active=0 buy_rank=0 sell_rank=0 price=0 quantity=0 settlement=0 buy_residual=0 sell_residual=0
S3_MATCH slot=206 active=0 buy_rank=0 sell_rank=0 price=0 quantity=0 settlement=0 buy_residual=0 sell_residual=0
S3_MATCH slot=207 active=0 buy_rank=0 sell_rank=0 price=0 quantity=0 settlement=0 buy_residual=0 sell_residual=0
S3_MATCH slot=208 active=0 buy_rank=0 sell_rank=0 price=0 quantity=0 settlement=0 buy_residual=0 sell_residual=0
S3_MATCH slot=209 active=0 buy_rank=0 sell_rank=0 price=0 quantity=0 settlement=0 buy_residual=0 sell_residual=0
S3_MATCH slot=210 active=0 buy_rank=0 sell_rank=0 price=0 quantity=0 settlement=0 buy_residual=0 sell_residual=0
S3_MATCH slot=211 active=0 buy_rank=0 sell_rank=0 price=0 quantity=0 settlement=0 buy_residual=0 sell_residual=0
S3_MATCH slot=212 active=0 buy_rank=0 sell_rank=0 price=0 quantity=0 settlement=0 buy_residual=0 sell_residual=0
S3_MATCH slot=213 active=0 buy_rank=0 sell_rank=0 price=0 quantity=0 settlement=0 buy_residual=0 sell_residual=0
S3_MATCH slot=214 active=0 buy_rank=0 sell_rank=0 price=0 quantity=0 settlement=0 buy_residual=0 sell_residual=0
S3_MATCH slot=215 active=0 buy_rank=0 sell_rank=0 price=0 quantity=0 settlement=0 buy_residual=0 sell_residual=0
S3_MATCH slot=216 active=0 buy_rank=0 sell_rank=0 price=0 quantity=0 settlement=0 buy_residual=0 sell_residual=0
S3_MATCH slot=217 active=0 buy_rank=0 sell_rank=0 price=0 quantity=0 settlement=0 buy_residual=0 sell_residual=0
S3_MATCH slot=218 active=0 buy_rank=0 sell_rank=0 price=0 quantity=0 settlement=0 buy_residual=0 sell_residual=0
S3_MATCH slot=219 active=0 buy_rank=0 sell_rank=0 price=0 quantity=0 settlement=0 buy_residual=0 sell_residual=0
S3_MATCH slot=220 active=0 buy_rank=0 sell_rank=0 price=0 quantity=0 settlement=0 buy_residual=0 sell_residual=0
S3_MATCH slot=221 active=0 buy_rank=0 sell_rank=0 price=0 quantity=0 settlement=0 buy_residual=0 sell_residual=0
S3_MATCH slot=222 active=0 buy_rank=0 sell_rank=0 price=0 quantity=0 settlement=0 buy_residual=0 sell_residual=0
S3_MATCH slot=223 active=0 buy_rank=0 sell_rank=0 price=0 quantity=0 settlement=0 buy_residual=0 sell_residual=0
S3_MATCH slot=224 active=0 buy_rank=0 sell_rank=0 price=0 quantity=0 settlement=0 buy_residual=0 sell_residual=0
S3_MATCH slot=225 active=0 buy_rank=0 sell_rank=0 price=0 quantity=0 settlement=0 buy_residual=0 sell_residual=0
S3_MATCH slot=226 active=0 buy_rank=0 sell_rank=0 price=0 quantity=0 settlement=0 buy_residual=0 sell_residual=0
S3_MATCH slot=227 active=0 buy_rank=0 sell_rank=0 price=0 quantity=0 settlement=0 buy_residual=0 sell_residual=0
S3_MATCH slot=228 active=0 buy_rank=0 sell_rank=0 price=0 quantity=0 settlement=0 buy_residual=0 sell_residual=0
S3_MATCH slot=229 active=0 buy_rank=0 sell_rank=0 price=0 quantity=0 settlement=0 buy_residual=0 sell_residual=0
S3_MATCH slot=230 active=0 buy_rank=0 sell_rank=0 price=0 quantity=0 settlement=0 buy_residual=0 sell_residual=0
S3_MATCH slot=231 active=0 buy_rank=0 sell_rank=0 price=0 quantity=0 settlement=0 buy_residual=0 sell_residual=0
S3_MATCH slot=232 active=0 buy_rank=0 sell_rank=0 price=0 quantity=0 settlement=0 buy_residual=0 sell_residual=0
S3_MATCH slot=233 active=0 buy_rank=0 sell_rank=0 price=0 quantity=0 settlement=0 buy_residual=0 sell_residual=0
S3_MATCH slot=234 active=0 buy_rank=0 sell_rank=0 price=0 quantity=0 settlement=0 buy_residual=0 sell_residual=0
S3_MATCH slot=235 active=0 buy_rank=0 sell_rank=0 price=0 quantity=0 settlement=0 buy_residual=0 sell_residual=0
S3_MATCH slot=236 active=0 buy_rank=0 sell_rank=0 price=0 quantity=0 settlement=0 buy_residual=0 sell_residual=0
S3_MATCH slot=237 active=0 buy_rank=0 sell_rank=0 price=0 quantity=0 settlement=0 buy_residual=0 sell_residual=0
S3_MATCH slot=238 active=0 buy_rank=0 sell_rank=0 price=0 quantity=0 settlement=0 buy_residual=0 sell_residual=0
S3_MATCH slot=239 active=0 buy_rank=0 sell_rank=0 price=0 quantity=0 settlement=0 buy_residual=0 sell_residual=0
S3_MATCH slot=240 active=0 buy_rank=0 sell_rank=0 price=0 quantity=0 settlement=0 buy_residual=0 sell_residual=0
S3_MATCH slot=241 active=0 buy_rank=0 sell_rank=0 price=0 quantity=0 settlement=0 buy_residual=0 sell_residual=0
S3_MATCH slot=242 active=0 buy_rank=0 sell_rank=0 price=0 quantity=0 settlement=0 buy_residual=0 sell_residual=0
S3_MATCH slot=243 active=0 buy_rank=0 sell_rank=0 price=0 quantity=0 settlement=0 buy_residual=0 sell_residual=0
S3_MATCH slot=244 active=0 buy_rank=0 sell_rank=0 price=0 quantity=0 settlement=0 buy_residual=0 sell_residual=0
S3_MATCH slot=245 active=0 buy_rank=0 sell_rank=0 price=0 quantity=0 settlement=0 buy_residual=0 sell_residual=0
S3_MATCH slot=246 active=0 buy_rank=0 sell_rank=0 price=0 quantity=0 settlement=0 buy_residual=0 sell_residual=0
S3_MATCH slot=247 active=0 buy_rank=0 sell_rank=0 price=0 quantity=0 settlement=0 buy_residual=0 sell_residual=0
S3_MATCH slot=248 active=0 buy_rank=0 sell_rank=0 price=0 quantity=0 settlement=0 buy_residual=0 sell_residual=0
S3_MATCH slot=249 active=0 buy_rank=0 sell_rank=0 price=0 quantity=0 settlement=0 buy_residual=0 sell_residual=0
S3_MATCH slot=250 active=0 buy_rank=0 sell_rank=0 price=0 quantity=0 settlement=0 buy_residual=0 sell_residual=0
S3_MATCH slot=251 active=0 buy_rank=0 sell_rank=0 price=0 quantity=0 settlement=0 buy_residual=0 sell_residual=0
S3_MATCH slot=252 active=0 buy_rank=0 sell_rank=0 price=0 quantity=0 settlement=0 buy_residual=0 sell_residual=0
S3_MATCH slot=253 active=0 buy_rank=0 sell_rank=0 price=0 quantity=0 settlement=0 buy_residual=0 sell_residual=0
S3_MATCH slot=254 active=0 buy_rank=0 sell_rank=0 price=0 quantity=0 settlement=0 buy_residual=0 sell_residual=0
S3_MATCH slot=255 active=0 buy_rank=0 sell_rank=0 price=0 quantity=0 settlement=0 buy_residual=0 sell_residual=0
S3_MATCH slot=256 active=0 buy_rank=0 sell_rank=0 price=0 quantity=0 settlement=0 buy_residual=0 sell_residual=0
S3_MATCH slot=257 active=0 buy_rank=0 sell_rank=0 price=0 quantity=0 settlement=0 buy_residual=0 sell_residual=0
S3_MATCH slot=258 active=0 buy_rank=0 sell_rank=0 price=0 quantity=0 settlement=0 buy_residual=0 sell_residual=0
S3_MATCH slot=259 active=0 buy_rank=0 sell_rank=0 price=0 quantity=0 settlement=0 buy_residual=0 sell_residual=0
S3_MATCH slot=260 active=0 buy_rank=0 sell_rank=0 price=0 quantity=0 settlement=0 buy_residual=0 sell_residual=0
S3_MATCH slot=261 active=0 buy_rank=0 sell_rank=0 price=0 quantity=0 settlement=0 buy_residual=0 sell_residual=0
S3_MATCH slot=262 active=0 buy_rank=0 sell_rank=0 price=0 quantity=0 settlement=0 buy_residual=0 sell_residual=0
S3_MATCH slot=263 active=0 buy_rank=0 sell_rank=0 price=0 quantity=0 settlement=0 buy_residual=0 sell_residual=0
S3_MATCH slot=264 active=0 buy_rank=0 sell_rank=0 price=0 quantity=0 settlement=0 buy_residual=0 sell_residual=0
S3_MATCH slot=265 active=0 buy_rank=0 sell_rank=0 price=0 quantity=0 settlement=0 buy_residual=0 sell_residual=0
S3_MATCH slot=266 active=0 buy_rank=0 sell_rank=0 price=0 quantity=0 settlement=0 buy_residual=0 sell_residual=0
S3_MATCH slot=267 active=0 buy_rank=0 sell_rank=0 price=0 quantity=0 settlement=0 buy_residual=0 sell_residual=0
S3_MATCH slot=268 active=0 buy_rank=0 sell_rank=0 price=0 quantity=0 settlement=0 buy_residual=0 sell_residual=0
S3_MATCH slot=269 active=0 buy_rank=0 sell_rank=0 price=0 quantity=0 settlement=0 buy_residual=0 sell_residual=0
S3_MATCH slot=270 active=0 buy_rank=0 sell_rank=0 price=0 quantity=0 settlement=0 buy_residual=0 sell_residual=0
S3_MATCH slot=271 active=0 buy_rank=0 sell_rank=0 price=0 quantity=0 settlement=0 buy_residual=0 sell_residual=0
S3_MATCH slot=272 active=0 buy_rank=0 sell_rank=0 price=0 quantity=0 settlement=0 buy_residual=0 sell_residual=0
S3_MATCH slot=273 active=0 buy_rank=0 sell_rank=0 price=0 quantity=0 settlement=0 buy_residual=0 sell_residual=0
S3_MATCH slot=274 active=0 buy_rank=0 sell_rank=0 price=0 quantity=0 settlement=0 buy_residual=0 sell_residual=0
S3_MATCH slot=275 active=0 buy_rank=0 sell_rank=0 price=0 quantity=0 settlement=0 buy_residual=0 sell_residual=0
S3_MATCH slot=276 active=0 buy_rank=0 sell_rank=0 price=0 quantity=0 settlement=0 buy_residual=0 sell_residual=0
S3_MATCH slot=277 active=0 buy_rank=0 sell_rank=0 price=0 quantity=0 settlement=0 buy_residual=0 sell_residual=0
S3_MATCH slot=278 active=0 buy_rank=0 sell_rank=0 price=0 quantity=0 settlement=0 buy_residual=0 sell_residual=0
S3_MATCH slot=279 active=0 buy_rank=0 sell_rank=0 price=0 quantity=0 settlement=0 buy_residual=0 sell_residual=0
S3_MATCH slot=280 active=0 buy_rank=0 sell_rank=0 price=0 quantity=0 settlement=0 buy_residual=0 sell_residual=0
S3_MATCH slot=281 active=0 buy_rank=0 sell_rank=0 price=0 quantity=0 settlement=0 buy_residual=0 sell_residual=0
S3_MATCH slot=282 active=0 buy_rank=0 sell_rank=0 price=0 quantity=0 settlement=0 buy_residual=0 sell_residual=0
S3_MATCH slot=283 active=0 buy_rank=0 sell_rank=0 price=0 quantity=0 settlement=0 buy_residual=0 sell_residual=0
S3_MATCH slot=284 active=0 buy_rank=0 sell_rank=0 price=0 quantity=0 settlement=0 buy_residual=0 sell_residual=0
S3_MATCH slot=285 active=0 buy_rank=0 sell_rank=0 price=0 quantity=0 settlement=0 buy_residual=0 sell_residual=0
S3_MATCH slot=286 active=0 buy_rank=0 sell_rank=0 price=0 quantity=0 settlement=0 buy_residual=0 sell_residual=0
S3_MATCH slot=287 active=0 buy_rank=0 sell_rank=0 price=0 quantity=0 settlement=0 buy_residual=0 sell_residual=0
S3_MATCH slot=288 active=0 buy_rank=0 sell_rank=0 price=0 quantity=0 settlement=0 buy_residual=0 sell_residual=0
S3_MATCH slot=289 active=0 buy_rank=0 sell_rank=0 price=0 quantity=0 settlement=0 buy_residual=0 sell_residual=0
S3_MATCH slot=290 active=0 buy_rank=0 sell_rank=0 price=0 quantity=0 settlement=0 buy_residual=0 sell_residual=0
S3_MATCH slot=291 active=0 buy_rank=0 sell_rank=0 price=0 quantity=0 settlement=0 buy_residual=0 sell_residual=0
S3_MATCH slot=292 active=0 buy_rank=0 sell_rank=0 price=0 quantity=0 settlement=0 buy_residual=0 sell_residual=0
S3_MATCH slot=293 active=0 buy_rank=0 sell_rank=0 price=0 quantity=0 settlement=0 buy_residual=0 sell_residual=0
S3_MATCH slot=294 active=0 buy_rank=0 sell_rank=0 price=0 quantity=0 settlement=0 buy_residual=0 sell_residual=0
S3_MATCH slot=295 active=0 buy_rank=0 sell_rank=0 price=0 quantity=0 settlement=0 buy_residual=0 sell_residual=0
S3_MATCH slot=296 active=0 buy_rank=0 sell_rank=0 price=0 quantity=0 settlement=0 buy_residual=0 sell_residual=0
S3_MATCH slot=297 active=0 buy_rank=0 sell_rank=0 price=0 quantity=0 settlement=0 buy_residual=0 sell_residual=0
S3_MATCH slot=298 active=0 buy_rank=0 sell_rank=0 price=0 quantity=0 settlement=0 buy_residual=0 sell_residual=0
S3_MATCH slot=299 active=0 buy_rank=0 sell_rank=0 price=0 quantity=0 settlement=0 buy_residual=0 sell_residual=0
S3_MATCH slot=300 active=0 buy_rank=0 sell_rank=0 price=0 quantity=0 settlement=0 buy_residual=0 sell_residual=0
S3_MATCH slot=301 active=0 buy_rank=0 sell_rank=0 price=0 quantity=0 settlement=0 buy_residual=0 sell_residual=0
S3_MATCH slot=302 active=0 buy_rank=0 sell_rank=0 price=0 quantity=0 settlement=0 buy_residual=0 sell_residual=0
S3_MATCH slot=303 active=0 buy_rank=0 sell_rank=0 price=0 quantity=0 settlement=0 buy_residual=0 sell_residual=0
S3_MATCH slot=304 active=0 buy_rank=0 sell_rank=0 price=0 quantity=0 settlement=0 buy_residual=0 sell_residual=0
S3_MATCH slot=305 active=0 buy_rank=0 sell_rank=0 price=0 quantity=0 settlement=0 buy_residual=0 sell_residual=0
S3_MATCH slot=306 active=0 buy_rank=0 sell_rank=0 price=0 quantity=0 settlement=0 buy_residual=0 sell_residual=0
S3_MATCH slot=307 active=0 buy_rank=0 sell_rank=0 price=0 quantity=0 settlement=0 buy_residual=0 sell_residual=0
S3_MATCH slot=308 active=0 buy_rank=0 sell_rank=0 price=0 quantity=0 settlement=0 buy_residual=0 sell_residual=0
S3_MATCH slot=309 active=0 buy_rank=0 sell_rank=0 price=0 quantity=0 settlement=0 buy_residual=0 sell_residual=0
S3_MATCH slot=310 active=0 buy_rank=0 sell_rank=0 price=0 quantity=0 settlement=0 buy_residual=0 sell_residual=0
S3_MATCH slot=311 active=0 buy_rank=0 sell_rank=0 price=0 quantity=0 settlement=0 buy_residual=0 sell_residual=0
S3_MATCH slot=312 active=0 buy_rank=0 sell_rank=0 price=0 quantity=0 settlement=0 buy_residual=0 sell_residual=0
S3_MATCH slot=313 active=0 buy_rank=0 sell_rank=0 price=0 quantity=0 settlement=0 buy_residual=0 sell_residual=0
S3_MATCH slot=314 active=0 buy_rank=0 sell_rank=0 price=0 quantity=0 settlement=0 buy_residual=0 sell_residual=0
S3_MATCH slot=315 active=0 buy_rank=0 sell_rank=0 price=0 quantity=0 settlement=0 buy_residual=0 sell_residual=0
S3_MATCH slot=316 active=0 buy_rank=0 sell_rank=0 price=0 quantity=0 settlement=0 buy_residual=0 sell_residual=0
S3_MATCH slot=317 active=0 buy_rank=0 sell_rank=0 price=0 quantity=0 settlement=0 buy_residual=0 sell_residual=0
S3_MATCH slot=318 active=0 buy_rank=0 sell_rank=0 price=0 quantity=0 settlement=0 buy_residual=0 sell_residual=0
S3_MATCH slot=319 active=0 buy_rank=0 sell_rank=0 price=0 quantity=0 settlement=0 buy_residual=0 sell_residual=0
S3_MATCH slot=320 active=0 buy_rank=0 sell_rank=0 price=0 quantity=0 settlement=0 buy_residual=0 sell_residual=0
S3_MATCH slot=321 active=0 buy_rank=0 sell_rank=0 price=0 quantity=0 settlement=0 buy_residual=0 sell_residual=0
S3_MATCH slot=322 active=0 buy_rank=0 sell_rank=0 price=0 quantity=0 settlement=0 buy_residual=0 sell_residual=0
S3_MATCH slot=323 active=0 buy_rank=0 sell_rank=0 price=0 quantity=0 settlement=0 buy_residual=0 sell_residual=0
S3_MATCH slot=324 active=0 buy_rank=0 sell_rank=0 price=0 quantity=0 settlement=0 buy_residual=0 sell_residual=0
S3_MATCH slot=325 active=0 buy_rank=0 sell_rank=0 price=0 quantity=0 settlement=0 buy_residual=0 sell_residual=0
S3_MATCH slot=326 active=0 buy_rank=0 sell_rank=0 price=0 quantity=0 settlement=0 buy_residual=0 sell_residual=0
S3_MATCH slot=327 active=0 buy_rank=0 sell_rank=0 price=0 quantity=0 settlement=0 buy_residual=0 sell_residual=0
S3_MATCH slot=328 active=0 buy_rank=0 sell_rank=0 price=0 quantity=0 settlement=0 buy_residual=0 sell_residual=0
S3_MATCH slot=329 active=0 buy_rank=0 sell_rank=0 price=0 quantity=0 settlement=0 buy_residual=0 sell_residual=0
S3_MATCH slot=330 active=0 buy_rank=0 sell_rank=0 price=0 quantity=0 settlement=0 buy_residual=0 sell_residual=0
S3_MATCH slot=331 active=0 buy_rank=0 sell_rank=0 price=0 quantity=0 settlement=0 buy_residual=0 sell_residual=0
S3_MATCH slot=332 active=0 buy_rank=0 sell_rank=0 price=0 quantity=0 settlement=0 buy_residual=0 sell_residual=0
S3_MATCH slot=333 active=0 buy_rank=0 sell_rank=0 price=0 quantity=0 settlement=0 buy_residual=0 sell_residual=0
S3_MATCH slot=334 active=0 buy_rank=0 sell_rank=0 price=0 quantity=0 settlement=0 buy_residual=0 sell_residual=0
S3_MATCH slot=335 active=0 buy_rank=0 sell_rank=0 price=0 quantity=0 settlement=0 buy_residual=0 sell_residual=0
S3_MATCH slot=336 active=0 buy_rank=0 sell_rank=0 price=0 quantity=0 settlement=0 buy_residual=0 sell_residual=0
S3_MATCH slot=337 active=0 buy_rank=0 sell_rank=0 price=0 quantity=0 settlement=0 buy_residual=0 sell_residual=0
S3_MATCH slot=338 active=0 buy_rank=0 sell_rank=0 price=0 quantity=0 settlement=0 buy_residual=0 sell_residual=0
S3_MATCH slot=339 active=0 buy_rank=0 sell_rank=0 price=0 quantity=0 settlement=0 buy_residual=0 sell_residual=0
S3_MATCH slot=340 active=0 buy_rank=0 sell_rank=0 price=0 quantity=0 settlement=0 buy_residual=0 sell_residual=0
S3_MATCH slot=341 active=0 buy_rank=0 sell_rank=0 price=0 quantity=0 settlement=0 buy_residual=0 sell_residual=0
S3_MATCH slot=342 active=0 buy_rank=0 sell_rank=0 price=0 quantity=0 settlement=0 buy_residual=0 sell_residual=0
S3_MATCH slot=343 active=0 buy_rank=0 sell_rank=0 price=0 quantity=0 settlement=0 buy_residual=0 sell_residual=0
S3_MATCH slot=344 active=0 buy_rank=0 sell_rank=0 price=0 quantity=0 settlement=0 buy_residual=0 sell_residual=0
S3_MATCH slot=345 active=0 buy_rank=0 sell_rank=0 price=0 quantity=0 settlement=0 buy_residual=0 sell_residual=0
S3_MATCH slot=346 active=0 buy_rank=0 sell_rank=0 price=0 quantity=0 settlement=0 buy_residual=0 sell_residual=0
S3_MATCH slot=347 active=0 buy_rank=0 sell_rank=0 price=0 quantity=0 settlement=0 buy_residual=0 sell_residual=0
S3_MATCH slot=348 active=0 buy_rank=0 sell_rank=0 price=0 quantity=0 settlement=0 buy_residual=0 sell_residual=0
S3_MATCH slot=349 active=0 buy_rank=0 sell_rank=0 price=0 quantity=0 settlement=0 buy_residual=0 sell_residual=0
S3_MATCH slot=350 active=0 buy_rank=0 sell_rank=0 price=0 quantity=0 settlement=0 buy_residual=0 sell_residual=0
S3_MATCH slot=351 active=0 buy_rank=0 sell_rank=0 price=0 quantity=0 settlement=0 buy_residual=0 sell_residual=0
S3_MATCH slot=352 active=0 buy_rank=0 sell_rank=0 price=0 quantity=0 settlement=0 buy_residual=0 sell_residual=0
S3_MATCH slot=353 active=0 buy_rank=0 sell_rank=0 price=0 quantity=0 settlement=0 buy_residual=0 sell_residual=0
S3_MATCH slot=354 active=0 buy_rank=0 sell_rank=0 price=0 quantity=0 settlement=0 buy_residual=0 sell_residual=0
S3_MATCH slot=355 active=0 buy_rank=0 sell_rank=0 price=0 quantity=0 settlement=0 buy_residual=0 sell_residual=0
S3_MATCH slot=356 active=0 buy_rank=0 sell_rank=0 price=0 quantity=0 settlement=0 buy_residual=0 sell_residual=0
S3_MATCH slot=357 active=0 buy_rank=0 sell_rank=0 price=0 quantity=0 settlement=0 buy_residual=0 sell_residual=0
S3_MATCH slot=358 active=0 buy_rank=0 sell_rank=0 price=0 quantity=0 settlement=0 buy_residual=0 sell_residual=0
S3_MATCH slot=359 active=0 buy_rank=0 sell_rank=0 price=0 quantity=0 settlement=0 buy_residual=0 sell_residual=0
S3_MATCH slot=360 active=0 buy_rank=0 sell_rank=0 price=0 quantity=0 settlement=0 buy_residual=0 sell_residual=0
S3_MATCH slot=361 active=0 buy_rank=0 sell_rank=0 price=0 quantity=0 settlement=0 buy_residual=0 sell_residual=0
S3_MATCH slot=362 active=0 buy_rank=0 sell_rank=0 price=0 quantity=0 settlement=0 buy_residual=0 sell_residual=0
S3_MATCH slot=363 active=0 buy_rank=0 sell_rank=0 price=0 quantity=0 settlement=0 buy_residual=0 sell_residual=0
S3_MATCH slot=364 active=0 buy_rank=0 sell_rank=0 price=0 quantity=0 settlement=0 buy_residual=0 sell_residual=0
S3_MATCH slot=365 active=0 buy_rank=0 sell_rank=0 price=0 quantity=0 settlement=0 buy_residual=0 sell_residual=0
S3_MATCH slot=366 active=0 buy_rank=0 sell_rank=0 price=0 quantity=0 settlement=0 buy_residual=0 sell_residual=0
S3_MATCH slot=367 active=0 buy_rank=0 sell_rank=0 price=0 quantity=0 settlement=0 buy_residual=0 sell_residual=0
S3_MATCH slot=368 active=0 buy_rank=0 sell_rank=0 price=0 quantity=0 settlement=0 buy_residual=0 sell_residual=0
S3_MATCH slot=369 active=0 buy_rank=0 sell_rank=0 price=0 quantity=0 settlement=0 buy_residual=0 sell_residual=0
S3_MATCH slot=370 active=0 buy_rank=0 sell_rank=0 price=0 quantity=0 settlement=0 buy_residual=0 sell_residual=0
S3_MATCH slot=371 active=0 buy_rank=0 sell_rank=0 price=0 quantity=0 settlement=0 buy_residual=0 sell_residual=0
S3_MATCH slot=372 active=0 buy_rank=0 sell_rank=0 price=0 quantity=0 settlement=0 buy_residual=0 sell_residual=0
S3_MATCH slot=373 active=0 buy_rank=0 sell_rank=0 price=0 quantity=0 settlement=0 buy_residual=0 sell_residual=0
S3_MATCH slot=374 active=0 buy_rank=0 sell_rank=0 price=0 quantity=0 settlement=0 buy_residual=0 sell_residual=0
S3_MATCH slot=375 active=0 buy_rank=0 sell_rank=0 price=0 quantity=0 settlement=0 buy_residual=0 sell_residual=0
S3_MATCH slot=376 active=0 buy_rank=0 sell_rank=0 price=0 quantity=0 settlement=0 buy_residual=0 sell_residual=0
S3_MATCH slot=377 active=0 buy_rank=0 sell_rank=0 price=0 quantity=0 settlement=0 buy_residual=0 sell_residual=0
S3_MATCH slot=378 active=0 buy_rank=0 sell_rank=0 price=0 quantity=0 settlement=0 buy_residual=0 sell_residual=0
S3_MATCH slot=379 active=0 buy_rank=0 sell_rank=0 price=0 quantity=0 settlement=0 buy_residual=0 sell_residual=0
S3_MATCH slot=380 active=0 buy_rank=0 sell_rank=0 price=0 quantity=0 settlement=0 buy_residual=0 sell_residual=0
S3_MATCH slot=381 active=0 buy_rank=0 sell_rank=0 price=0 quantity=0 settlement=0 buy_residual=0 sell_residual=0
S3_MATCH slot=382 active=0 buy_rank=0 sell_rank=0 price=0 quantity=0 settlement=0 buy_residual=0 sell_residual=0
S3_MATCH slot=383 active=0 buy_rank=0 sell_rank=0 price=0 quantity=0 settlement=0 buy_residual=0 sell_residual=0
S3_MATCH slot=384 active=0 buy_rank=0 sell_rank=0 price=0 quantity=0 settlement=0 buy_residual=0 sell_residual=0
S3_MATCH slot=385 active=0 buy_rank=0 sell_rank=0 price=0 quantity=0 settlement=0 buy_residual=0 sell_residual=0
S3_MATCH slot=386 active=0 buy_rank=0 sell_rank=0 price=0 quantity=0 settlement=0 buy_residual=0 sell_residual=0
S3_MATCH slot=387 active=0 buy_rank=0 sell_rank=0 price=0 quantity=0 settlement=0 buy_residual=0 sell_residual=0
S3_MATCH slot=388 active=0 buy_rank=0 sell_rank=0 price=0 quantity=0 settlement=0 buy_residual=0 sell_residual=0
S3_MATCH slot=389 active=0 buy_rank=0 sell_rank=0 price=0 quantity=0 settlement=0 buy_residual=0 sell_residual=0
S3_MATCH slot=390 active=0 buy_rank=0 sell_rank=0 price=0 quantity=0 settlement=0 buy_residual=0 sell_residual=0
S3_MATCH slot=391 active=0 buy_rank=0 sell_rank=0 price=0 quantity=0 settlement=0 buy_residual=0 sell_residual=0
S3_MATCH slot=392 active=0 buy_rank=0 sell_rank=0 price=0 quantity=0 settlement=0 buy_residual=0 sell_residual=0
S3_MATCH slot=393 active=0 buy_rank=0 sell_rank=0 price=0 quantity=0 settlement=0 buy_residual=0 sell_residual=0
S3_MATCH slot=394 active=0 buy_rank=0 sell_rank=0 price=0 quantity=0 settlement=0 buy_residual=0 sell_residual=0
S3_MATCH slot=395 active=0 buy_rank=0 sell_rank=0 price=0 quantity=0 settlement=0 buy_residual=0 sell_residual=0
S3_MATCH slot=396 active=0 buy_rank=0 sell_rank=0 price=0 quantity=0 settlement=0 buy_residual=0 sell_residual=0
S3_MATCH slot=397 active=0 buy_rank=0 sell_rank=0 price=0 quantity=0 settlement=0 buy_residual=0 sell_residual=0
S3_MATCH slot=398 active=0 buy_rank=0 sell_rank=0 price=0 quantity=0 settlement=0 buy_residual=0 sell_residual=0
S3_MATCH slot=399 active=0 buy_rank=0 sell_rank=0 price=0 quantity=0 settlement=0 buy_residual=0 sell_residual=0
S3_MATCH slot=400 active=0 buy_rank=0 sell_rank=0 price=0 quantity=0 settlement=0 buy_residual=0 sell_residual=0
S3_MATCH slot=401 active=0 buy_rank=0 sell_rank=0 price=0 quantity=0 settlement=0 buy_residual=0 sell_residual=0
S3_MATCH slot=402 active=0 buy_rank=0 sell_rank=0 price=0 quantity=0 settlement=0 buy_residual=0 sell_residual=0
S3_MATCH slot=403 active=0 buy_rank=0 sell_rank=0 price=0 quantity=0 settlement=0 buy_residual=0 sell_residual=0
S3_MATCH slot=404 active=0 buy_rank=0 sell_rank=0 price=0 quantity=0 settlement=0 buy_residual=0 sell_residual=0
S3_MATCH slot=405 active=0 buy_rank=0 sell_rank=0 price=0 quantity=0 settlement=0 buy_residual=0 sell_residual=0
S3_MATCH slot=406 active=0 buy_rank=0 sell_rank=0 price=0 quantity=0 settlement=0 buy_residual=0 sell_residual=0
S3_MATCH slot=407 active=0 buy_rank=0 sell_rank=0 price=0 quantity=0 settlement=0 buy_residual=0 sell_residual=0
S3_MATCH slot=408 active=0 buy_rank=0 sell_rank=0 price=0 quantity=0 settlement=0 buy_residual=0 sell_residual=0
S3_MATCH slot=409 active=0 buy_rank=0 sell_rank=0 price=0 quantity=0 settlement=0 buy_residual=0 sell_residual=0
S3_MATCH slot=410 active=0 buy_rank=0 sell_rank=0 price=0 quantity=0 settlement=0 buy_residual=0 sell_residual=0
S3_MATCH slot=411 active=0 buy_rank=0 sell_rank=0 price=0 quantity=0 settlement=0 buy_residual=0 sell_residual=0
S3_MATCH slot=412 active=0 buy_rank=0 sell_rank=0 price=0 quantity=0 settlement=0 buy_residual=0 sell_residual=0
S3_MATCH slot=413 active=0 buy_rank=0 sell_rank=0 price=0 quantity=0 settlement=0 buy_residual=0 sell_residual=0
S3_MATCH slot=414 active=0 buy_rank=0 sell_rank=0 price=0 quantity=0 settlement=0 buy_residual=0 sell_residual=0
S3_MATCH slot=415 active=0 buy_rank=0 sell_rank=0 price=0 quantity=0 settlement=0 buy_residual=0 sell_residual=0
S3_MATCH slot=416 active=0 buy_rank=0 sell_rank=0 price=0 quantity=0 settlement=0 buy_residual=0 sell_residual=0
S3_MATCH slot=417 active=0 buy_rank=0 sell_rank=0 price=0 quantity=0 settlement=0 buy_residual=0 sell_residual=0
S3_MATCH slot=418 active=0 buy_rank=0 sell_rank=0 price=0 quantity=0 settlement=0 buy_residual=0 sell_residual=0
S3_MATCH slot=419 active=0 buy_rank=0 sell_rank=0 price=0 quantity=0 settlement=0 buy_residual=0 sell_residual=0
S3_MATCH slot=420 active=0 buy_rank=0 sell_rank=0 price=0 quantity=0 settlement=0 buy_residual=0 sell_residual=0
S3_MATCH slot=421 active=0 buy_rank=0 sell_rank=0 price=0 quantity=0 settlement=0 buy_residual=0 sell_residual=0
S3_MATCH slot=422 active=0 buy_rank=0 sell_rank=0 price=0 quantity=0 settlement=0 buy_residual=0 sell_residual=0
S3_MATCH slot=423 active=0 buy_rank=0 sell_rank=0 price=0 quantity=0 settlement=0 buy_residual=0 sell_residual=0
S3_MATCH slot=424 active=0 buy_rank=0 sell_rank=0 price=0 quantity=0 settlement=0 buy_residual=0 sell_residual=0
S3_MATCH slot=425 active=0 buy_rank=0 sell_rank=0 price=0 quantity=0 settlement=0 buy_residual=0 sell_residual=0
S3_MATCH slot=426 active=0 buy_rank=0 sell_rank=0 price=0 quantity=0 settlement=0 buy_residual=0 sell_residual=0
S3_MATCH slot=427 active=0 buy_rank=0 sell_rank=0 price=0 quantity=0 settlement=0 buy_residual=0 sell_residual=0
S3_MATCH slot=428 active=0 buy_rank=0 sell_rank=0 price=0 quantity=0 settlement=0 buy_residual=0 sell_residual=0
S3_MATCH slot=429 active=0 buy_rank=0 sell_rank=0 price=0 quantity=0 settlement=0 buy_residual=0 sell_residual=0
S3_MATCH slot=430 active=0 buy_rank=0 sell_rank=0 price=0 quantity=0 settlement=0 buy_residual=0 sell_residual=0
S3_MATCH slot=431 active=0 buy_rank=0 sell_rank=0 price=0 quantity=0 settlement=0 buy_residual=0 sell_residual=0
S3_MATCH slot=432 active=0 buy_rank=0 sell_rank=0 price=0 quantity=0 settlement=0 buy_residual=0 sell_residual=0
S3_MATCH slot=433 active=0 buy_rank=0 sell_rank=0 price=0 quantity=0 settlement=0 buy_residual=0 sell_residual=0
S3_MATCH slot=434 active=0 buy_rank=0 sell_rank=0 price=0 quantity=0 settlement=0 buy_residual=0 sell_residual=0
S3_MATCH slot=435 active=0 buy_rank=0 sell_rank=0 price=0 quantity=0 settlement=0 buy_residual=0 sell_residual=0
S3_MATCH slot=436 active=0 buy_rank=0 sell_rank=0 price=0 quantity=0 settlement=0 buy_residual=0 sell_residual=0
S3_MATCH slot=437 active=0 buy_rank=0 sell_rank=0 price=0 quantity=0 settlement=0 buy_residual=0 sell_residual=0
S3_MATCH slot=438 active=0 buy_rank=0 sell_rank=0 price=0 quantity=0 settlement=0 buy_residual=0 sell_residual=0
S3_MATCH slot=439 active=0 buy_rank=0 sell_rank=0 price=0 quantity=0 settlement=0 buy_residual=0 sell_residual=0
S3_MATCH slot=440 active=0 buy_rank=0 sell_rank=0 price=0 quantity=0 settlement=0 buy_residual=0 sell_residual=0
S3_MATCH slot=441 active=0 buy_rank=0 sell_rank=0 price=0 quantity=0 settlement=0 buy_residual=0 sell_residual=0
S3_MATCH slot=442 active=0 buy_rank=0 sell_rank=0 price=0 quantity=0 settlement=0 buy_residual=0 sell_residual=0
S3_MATCH slot=443 active=0 buy_rank=0 sell_rank=0 price=0 quantity=0 settlement=0 buy_residual=0 sell_residual=0
S3_MATCH slot=444 active=0 buy_rank=0 sell_rank=0 price=0 quantity=0 settlement=0 buy_residual=0 sell_residual=0
S3_MATCH slot=445 active=0 buy_rank=0 sell_rank=0 price=0 quantity=0 settlement=0 buy_residual=0 sell_residual=0
S3_MATCH slot=446 active=0 buy_rank=0 sell_rank=0 price=0 quantity=0 settlement=0 buy_residual=0 sell_residual=0
S3_MATCH slot=447 active=0 buy_rank=0 sell_rank=0 price=0 quantity=0 settlement=0 buy_residual=0 sell_residual=0
S3_MATCH slot=448 active=0 buy_rank=0 sell_rank=0 price=0 quantity=0 settlement=0 buy_residual=0 sell_residual=0
S3_MATCH slot=449 active=0 buy_rank=0 sell_rank=0 price=0 quantity=0 settlement=0 buy_residual=0 sell_residual=0
S3_MATCH slot=450 active=0 buy_rank=0 sell_rank=0 price=0 quantity=0 settlement=0 buy_residual=0 sell_residual=0
S3_MATCH slot=451 active=0 buy_rank=0 sell_rank=0 price=0 quantity=0 settlement=0 buy_residual=0 sell_residual=0
S3_MATCH slot=452 active=0 buy_rank=0 sell_rank=0 price=0 quantity=0 settlement=0 buy_residual=0 sell_residual=0
S3_MATCH slot=453 active=0 buy_rank=0 sell_rank=0 price=0 quantity=0 settlement=0 buy_residual=0 sell_residual=0
S3_MATCH slot=454 active=0 buy_rank=0 sell_rank=0 price=0 quantity=0 settlement=0 buy_residual=0 sell_residual=0
S3_MATCH slot=455 active=0 buy_rank=0 sell_rank=0 price=0 quantity=0 settlement=0 buy_residual=0 sell_residual=0
S3_MATCH slot=456 active=0 buy_rank=0 sell_rank=0 price=0 quantity=0 settlement=0 buy_residual=0 sell_residual=0
S3_MATCH slot=457 active=0 buy_rank=0 sell_rank=0 price=0 quantity=0 settlement=0 buy_residual=0 sell_residual=0
S3_MATCH slot=458 active=0 buy_rank=0 sell_rank=0 price=0 quantity=0 settlement=0 buy_residual=0 sell_residual=0
S3_MATCH slot=459 active=0 buy_rank=0 sell_rank=0 price=0 quantity=0 settlement=0 buy_residual=0 sell_residual=0
S3_MATCH slot=460 active=0 buy_rank=0 sell_rank=0 price=0 quantity=0 settlement=0 buy_residual=0 sell_residual=0
S3_MATCH slot=461 active=0 buy_rank=0 sell_rank=0 price=0 quantity=0 settlement=0 buy_residual=0 sell_residual=0
S3_MATCH slot=462 active=0 buy_rank=0 sell_rank=0 price=0 quantity=0 settlement=0 buy_residual=0 sell_residual=0
S3_MATCH slot=463 active=0 buy_rank=0 sell_rank=0 price=0 quantity=0 settlement=0 buy_residual=0 sell_residual=0
S3_MATCH slot=464 active=0 buy_rank=0 sell_rank=0 price=0 quantity=0 settlement=0 buy_residual=0 sell_residual=0
S3_MATCH slot=465 active=0 buy_rank=0 sell_rank=0 price=0 quantity=0 settlement=0 buy_residual=0 sell_residual=0
S3_MATCH slot=466 active=0 buy_rank=0 sell_rank=0 price=0 quantity=0 settlement=0 buy_residual=0 sell_residual=0
S3_MATCH slot=467 active=0 buy_rank=0 sell_rank=0 price=0 quantity=0 settlement=0 buy_residual=0 sell_residual=0
S3_MATCH slot=468 active=0 buy_rank=0 sell_rank=0 price=0 quantity=0 settlement=0 buy_residual=0 sell_residual=0
S3_MATCH slot=469 active=0 buy_rank=0 sell_rank=0 price=0 quantity=0 settlement=0 buy_residual=0 sell_residual=0
S3_MATCH slot=470 active=0 buy_rank=0 sell_rank=0 price=0 quantity=0 settlement=0 buy_residual=0 sell_residual=0
S3_MATCH slot=471 active=0 buy_rank=0 sell_rank=0 price=0 quantity=0 settlement=0 buy_residual=0 sell_residual=0
S3_MATCH slot=472 active=0 buy_rank=0 sell_rank=0 price=0 quantity=0 settlement=0 buy_residual=0 sell_residual=0
S3_MATCH slot=473 active=0 buy_rank=0 sell_rank=0 price=0 quantity=0 settlement=0 buy_residual=0 sell_residual=0
S3_MATCH slot=474 active=0 buy_rank=0 sell_rank=0 price=0 quantity=0 settlement=0 buy_residual=0 sell_residual=0
S3_MATCH slot=475 active=0 buy_rank=0 sell_rank=0 price=0 quantity=0 settlement=0 buy_residual=0 sell_residual=0
S3_MATCH slot=476 active=0 buy_rank=0 sell_rank=0 price=0 quantity=0 settlement=0 buy_residual=0 sell_residual=0
S3_MATCH slot=477 active=0 buy_rank=0 sell_rank=0 price=0 quantity=0 settlement=0 buy_residual=0 sell_residual=0
S3_MATCH slot=478 active=0 buy_rank=0 sell_rank=0 price=0 quantity=0 settlement=0 buy_residual=0 sell_residual=0
S3_MATCH slot=479 active=0 buy_rank=0 sell_rank=0 price=0 quantity=0 settlement=0 buy_residual=0 sell_residual=0
S3_MATCH slot=480 active=0 buy_rank=0 sell_rank=0 price=0 quantity=0 settlement=0 buy_residual=0 sell_residual=0
S3_MATCH slot=481 active=0 buy_rank=0 sell_rank=0 price=0 quantity=0 settlement=0 buy_residual=0 sell_residual=0
S3_MATCH slot=482 active=0 buy_rank=0 sell_rank=0 price=0 quantity=0 settlement=0 buy_residual=0 sell_residual=0
S3_MATCH slot=483 active=0 buy_rank=0 sell_rank=0 price=0 quantity=0 settlement=0 buy_residual=0 sell_residual=0
S3_MATCH slot=484 active=0 buy_rank=0 sell_rank=0 price=0 quantity=0 settlement=0 buy_residual=0 sell_residual=0
S3_MATCH slot=485 active=0 buy_rank=0 sell_rank=0 price=0 quantity=0 settlement=0 buy_residual=0 sell_residual=0
S3_MATCH slot=486 active=0 buy_rank=0 sell_rank=0 price=0 quantity=0 settlement=0 buy_residual=0 sell_residual=0
S3_MATCH slot=487 active=0 buy_rank=0 sell_rank=0 price=0 quantity=0 settlement=0 buy_residual=0 sell_residual=0
S3_MATCH slot=488 active=0 buy_rank=0 sell_rank=0 price=0 quantity=0 settlement=0 buy_residual=0 sell_residual=0
S3_MATCH slot=489 active=0 buy_rank=0 sell_rank=0 price=0 quantity=0 settlement=0 buy_residual=0 sell_residual=0
S3_MATCH slot=490 active=0 buy_rank=0 sell_rank=0 price=0 quantity=0 settlement=0 buy_residual=0 sell_residual=0
S3_MATCH slot=491 active=0 buy_rank=0 sell_rank=0 price=0 quantity=0 settlement=0 buy_residual=0 sell_residual=0
S3_MATCH slot=492 active=0 buy_rank=0 sell_rank=0 price=0 quantity=0 settlement=0 buy_residual=0 sell_residual=0
S3_MATCH slot=493 active=0 buy_rank=0 sell_rank=0 price=0 quantity=0 settlement=0 buy_residual=0 sell_residual=0
S3_MATCH slot=494 active=0 buy_rank=0 sell_rank=0 price=0 quantity=0 settlement=0 buy_residual=0 sell_residual=0
S3_MATCH slot=495 active=0 buy_rank=0 sell_rank=0 price=0 quantity=0 settlement=0 buy_residual=0 sell_residual=0
S3_MATCH slot=496 active=0 buy_rank=0 sell_rank=0 price=0 quantity=0 settlement=0 buy_residual=0 sell_residual=0
S3_MATCH slot=497 active=0 buy_rank=0 sell_rank=0 price=0 quantity=0 settlement=0 buy_residual=0 sell_residual=0
S3_MATCH slot=498 active=0 buy_rank=0 sell_rank=0 price=0 quantity=0 settlement=0 buy_residual=0 sell_residual=0
S3_MATCH slot=499 active=0 buy_rank=0 sell_rank=0 price=0 quantity=0 settlement=0 buy_residual=0 sell_residual=0
S3_MATCH slot=500 active=0 buy_rank=0 sell_rank=0 price=0 quantity=0 settlement=0 buy_residual=0 sell_residual=0
S3_MATCH slot=501 active=0 buy_rank=0 sell_rank=0 price=0 quantity=0 settlement=0 buy_residual=0 sell_residual=0
S3_MATCH slot=502 active=0 buy_rank=0 sell_rank=0 price=0 quantity=0 settlement=0 buy_residual=0 sell_residual=0
S3_MATCH slot=503 active=0 buy_rank=0 sell_rank=0 price=0 quantity=0 settlement=0 buy_residual=0 sell_residual=0
S3_MATCH slot=504 active=0 buy_rank=0 sell_rank=0 price=0 quantity=0 settlement=0 buy_residual=0 sell_residual=0
S3_MATCH slot=505 active=0 buy_rank=0 sell_rank=0 price=0 quantity=0 settlement=0 buy_residual=0 sell_residual=0
S3_MATCH slot=506 active=0 buy_rank=0 sell_rank=0 price=0 quantity=0 settlement=0 buy_residual=0 sell_residual=0
S3_MATCH slot=507 active=0 buy_rank=0 sell_rank=0 price=0 quantity=0 settlement=0 buy_residual=0 sell_residual=0
S3_MATCH slot=508 active=0 buy_rank=0 sell_rank=0 price=0 quantity=0 settlement=0 buy_residual=0 sell_residual=0
S3_MATCH slot=509 active=0 buy_rank=0 sell_rank=0 price=0 quantity=0 settlement=0 buy_residual=0 sell_residual=0
S3_MATCH slot=510 active=0 buy_rank=0 sell_rank=0 price=0 quantity=0 settlement=0 buy_residual=0 sell_residual=0
S3_RESIDUAL side=buy rank=117 quantity=0
S3_RESIDUAL side=buy rank=81 quantity=0
S3_RESIDUAL side=buy rank=85 quantity=0
S3_RESIDUAL side=buy rank=21 quantity=0
S3_RESIDUAL side=buy rank=91 quantity=0
S3_RESIDUAL side=buy rank=124 quantity=0
S3_RESIDUAL side=buy rank=167 quantity=0
S3_RESIDUAL side=buy rank=128 quantity=0
S3_RESIDUAL side=buy rank=103 quantity=0
S3_RESIDUAL side=buy rank=198 quantity=0
S3_RESIDUAL side=buy rank=199 quantity=0
S3_RESIDUAL side=buy rank=11 quantity=0
S3_RESIDUAL side=buy rank=153 quantity=0
S3_RESIDUAL side=buy rank=51 quantity=0
S3_RESIDUAL side=buy rank=146 quantity=0
S3_RESIDUAL side=buy rank=176 quantity=0
S3_RESIDUAL side=buy rank=62 quantity=0
S3_RESIDUAL side=buy rank=132 quantity=0
S3_RESIDUAL side=buy rank=126 quantity=0
S3_RESIDUAL side=buy rank=197 quantity=0
S3_RESIDUAL side=buy rank=12 quantity=0
S3_RESIDUAL side=buy rank=188 quantity=0
S3_RESIDUAL side=buy rank=200 quantity=0
S3_RESIDUAL side=buy rank=121 quantity=0
S3_RESIDUAL side=buy rank=75 quantity=0
S3_RESIDUAL side=buy rank=133 quantity=0
S3_RESIDUAL side=buy rank=106 quantity=0
S3_RESIDUAL side=buy rank=208 quantity=0
S3_RESIDUAL side=buy rank=66 quantity=0
S3_RESIDUAL side=buy rank=112 quantity=0
S3_RESIDUAL side=buy rank=59 quantity=0
S3_RESIDUAL side=buy rank=72 quantity=0
S3_RESIDUAL side=buy rank=161 quantity=0
S3_RESIDUAL side=buy rank=28 quantity=0
S3_RESIDUAL side=buy rank=45 quantity=0
S3_RESIDUAL side=buy rank=206 quantity=0
S3_RESIDUAL side=buy rank=71 quantity=0
S3_RESIDUAL side=buy rank=92 quantity=0
S3_RESIDUAL side=buy rank=101 quantity=0
S3_RESIDUAL side=buy rank=141 quantity=0
S3_RESIDUAL side=buy rank=173 quantity=0
S3_RESIDUAL side=buy rank=145 quantity=0
S3_RESIDUAL side=buy rank=162 quantity=0
S3_RESIDUAL side=buy rank=151 quantity=0
S3_RESIDUAL side=buy rank=182 quantity=0
S3_RESIDUAL side=buy rank=32 quantity=0
S3_RESIDUAL side=buy rank=1 quantity=0
S3_RESIDUAL side=buy rank=169 quantity=0
S3_RESIDUAL side=buy rank=195 quantity=0
S3_RESIDUAL side=buy rank=15 quantity=0
S3_RESIDUAL side=buy rank=155 quantity=0
S3_RESIDUAL side=buy rank=79 quantity=0
S3_RESIDUAL side=buy rank=16 quantity=0
S3_RESIDUAL side=buy rank=140 quantity=0
S3_RESIDUAL side=buy rank=144 quantity=0
S3_RESIDUAL side=buy rank=0 quantity=0
S3_RESIDUAL side=buy rank=125 quantity=0
S3_RESIDUAL side=buy rank=43 quantity=0
S3_RESIDUAL side=buy rank=174 quantity=0
S3_RESIDUAL side=buy rank=96 quantity=0
S3_RESIDUAL side=buy rank=148 quantity=0
S3_RESIDUAL side=buy rank=170 quantity=0
S3_RESIDUAL side=buy rank=64 quantity=0
S3_RESIDUAL side=buy rank=201 quantity=0
S3_RESIDUAL side=buy rank=160 quantity=0
S3_RESIDUAL side=buy rank=50 quantity=0
S3_RESIDUAL side=buy rank=184 quantity=0
S3_RESIDUAL side=buy rank=39 quantity=0
S3_RESIDUAL side=buy rank=98 quantity=0
S3_RESIDUAL side=buy rank=73 quantity=0
S3_RESIDUAL side=buy rank=76 quantity=0
S3_RESIDUAL side=buy rank=42 quantity=0
S3_RESIDUAL side=buy rank=18 quantity=0
S3_RESIDUAL side=buy rank=203 quantity=0
S3_RESIDUAL side=buy rank=135 quantity=0
S3_RESIDUAL side=buy rank=165 quantity=0
S3_RESIDUAL side=buy rank=163 quantity=0
S3_RESIDUAL side=buy rank=156 quantity=0
S3_RESIDUAL side=buy rank=154 quantity=0
S3_RESIDUAL side=buy rank=10 quantity=0
S3_RESIDUAL side=buy rank=119 quantity=0
S3_RESIDUAL side=buy rank=46 quantity=0
S3_RESIDUAL side=buy rank=177 quantity=0
S3_RESIDUAL side=buy rank=181 quantity=0
S3_RESIDUAL side=buy rank=80 quantity=633936
S3_RESIDUAL side=buy rank=183 quantity=272168
S3_RESIDUAL side=buy rank=108 quantity=747346
S3_RESIDUAL side=buy rank=65 quantity=829305
S3_RESIDUAL side=buy rank=19 quantity=653612
S3_RESIDUAL side=buy rank=4 quantity=51522
S3_RESIDUAL side=buy rank=54 quantity=510150
S3_RESIDUAL side=buy rank=53 quantity=440856
S3_RESIDUAL side=buy rank=26 quantity=747963
S3_RESIDUAL side=buy rank=9 quantity=559167
S3_RESIDUAL side=buy rank=86 quantity=313382
S3_RESIDUAL side=buy rank=35 quantity=740176
S3_RESIDUAL side=buy rank=192 quantity=479748
S3_RESIDUAL side=buy rank=2 quantity=216482
S3_RESIDUAL side=buy rank=48 quantity=463252
S3_RESIDUAL side=buy rank=94 quantity=547998
S3_RESIDUAL side=buy rank=40 quantity=503820
S3_RESIDUAL side=buy rank=84 quantity=144600
S3_RESIDUAL side=buy rank=44 quantity=522568
S3_RESIDUAL side=buy rank=191 quantity=590234
S3_RESIDUAL side=buy rank=100 quantity=613746
S3_RESIDUAL side=buy rank=60 quantity=96239
S3_RESIDUAL side=buy rank=149 quantity=582917
S3_RESIDUAL side=buy rank=166 quantity=436295
S3_RESIDUAL side=buy rank=36 quantity=683241
S3_RESIDUAL side=buy rank=171 quantity=305580
S3_RESIDUAL side=buy rank=204 quantity=938719
S3_RESIDUAL side=buy rank=134 quantity=504864
S3_RESIDUAL side=buy rank=78 quantity=223426
S3_RESIDUAL side=buy rank=105 quantity=492748
S3_RESIDUAL side=buy rank=87 quantity=28606
S3_RESIDUAL side=buy rank=88 quantity=713343
S3_RESIDUAL side=buy rank=175 quantity=143598
S3_RESIDUAL side=buy rank=90 quantity=427378
S3_RESIDUAL side=buy rank=7 quantity=220274
S3_RESIDUAL side=buy rank=68 quantity=598097
S3_RESIDUAL side=buy rank=33 quantity=582623
S3_RESIDUAL side=buy rank=164 quantity=112604
S3_RESIDUAL side=buy rank=57 quantity=993220
S3_RESIDUAL side=buy rank=25 quantity=969362
S3_RESIDUAL side=buy rank=55 quantity=942586
S3_RESIDUAL side=buy rank=194 quantity=651961
S3_RESIDUAL side=buy rank=47 quantity=269383
S3_RESIDUAL side=buy rank=6 quantity=342496
S3_RESIDUAL side=buy rank=23 quantity=329346
S3_RESIDUAL side=buy rank=127 quantity=796051
S3_RESIDUAL side=buy rank=93 quantity=187414
S3_RESIDUAL side=buy rank=150 quantity=324675
S3_RESIDUAL side=buy rank=147 quantity=27603
S3_RESIDUAL side=buy rank=178 quantity=195161
S3_RESIDUAL side=buy rank=27 quantity=88044
S3_RESIDUAL side=buy rank=138 quantity=627331
S3_RESIDUAL side=buy rank=120 quantity=376103
S3_RESIDUAL side=buy rank=95 quantity=470938
S3_RESIDUAL side=buy rank=131 quantity=261968
S3_RESIDUAL side=buy rank=56 quantity=310536
S3_RESIDUAL side=buy rank=69 quantity=184480
S3_RESIDUAL side=buy rank=77 quantity=639765
S3_RESIDUAL side=buy rank=180 quantity=635112
S3_RESIDUAL side=buy rank=187 quantity=406761
S3_RESIDUAL side=buy rank=61 quantity=782936
S3_RESIDUAL side=buy rank=189 quantity=533282
S3_RESIDUAL side=buy rank=41 quantity=227559
S3_RESIDUAL side=buy rank=58 quantity=538496
S3_RESIDUAL side=buy rank=136 quantity=514380
S3_RESIDUAL side=buy rank=205 quantity=419799
S3_RESIDUAL side=buy rank=20 quantity=129945
S3_RESIDUAL side=buy rank=123 quantity=62109
S3_RESIDUAL side=buy rank=14 quantity=274213
S3_RESIDUAL side=buy rank=157 quantity=917553
S3_RESIDUAL side=buy rank=22 quantity=73122
S3_RESIDUAL side=buy rank=107 quantity=891796
S3_RESIDUAL side=buy rank=159 quantity=949933
S3_RESIDUAL side=buy rank=118 quantity=847247
S3_RESIDUAL side=buy rank=3 quantity=946019
S3_RESIDUAL side=buy rank=190 quantity=172632
S3_RESIDUAL side=buy rank=113 quantity=214670
S3_RESIDUAL side=buy rank=52 quantity=748956
S3_RESIDUAL side=buy rank=111 quantity=820691
S3_RESIDUAL side=buy rank=37 quantity=42592
S3_RESIDUAL side=buy rank=207 quantity=999319
S3_RESIDUAL side=buy rank=83 quantity=526783
S3_RESIDUAL side=buy rank=8 quantity=513768
S3_RESIDUAL side=buy rank=49 quantity=500843
S3_RESIDUAL side=buy rank=142 quantity=661318
S3_RESIDUAL side=buy rank=196 quantity=803267
S3_RESIDUAL side=buy rank=13 quantity=978421
S3_RESIDUAL side=buy rank=130 quantity=209409
S3_RESIDUAL side=buy rank=114 quantity=135022
S3_RESIDUAL side=buy rank=97 quantity=959257
S3_RESIDUAL side=buy rank=24 quantity=397299
S3_RESIDUAL side=buy rank=38 quantity=479143
S3_RESIDUAL side=buy rank=209 quantity=102073
S3_RESIDUAL side=buy rank=186 quantity=845618
S3_RESIDUAL side=buy rank=70 quantity=179924
S3_RESIDUAL side=buy rank=116 quantity=816962
S3_RESIDUAL side=buy rank=110 quantity=839195
S3_RESIDUAL side=buy rank=185 quantity=818316
S3_RESIDUAL side=buy rank=168 quantity=720530
S3_RESIDUAL side=buy rank=172 quantity=657777
S3_RESIDUAL side=buy rank=158 quantity=788002
S3_RESIDUAL side=buy rank=137 quantity=971031
S3_RESIDUAL side=buy rank=82 quantity=824067
S3_RESIDUAL side=buy rank=179 quantity=396735
S3_RESIDUAL side=buy rank=202 quantity=100757
S3_RESIDUAL side=buy rank=99 quantity=48555
S3_RESIDUAL side=buy rank=67 quantity=829867
S3_RESIDUAL side=buy rank=122 quantity=52325
S3_RESIDUAL side=buy rank=109 quantity=557017
S3_RESIDUAL side=buy rank=89 quantity=393825
S3_RESIDUAL side=buy rank=30 quantity=133225
S3_RESIDUAL side=buy rank=34 quantity=620756
S3_RESIDUAL side=buy rank=115 quantity=639021
S3_RESIDUAL side=buy rank=152 quantity=699453
S3_RESIDUAL side=buy rank=143 quantity=226144
S3_RESIDUAL side=buy rank=139 quantity=826245
S3_RESIDUAL side=buy rank=104 quantity=120901
S3_RESIDUAL side=buy rank=74 quantity=877460
S3_RESIDUAL side=buy rank=63 quantity=341006
S3_RESIDUAL side=buy rank=193 quantity=577476
S3_RESIDUAL side=buy rank=17 quantity=936991
S3_RESIDUAL side=buy rank=129 quantity=329230
S3_RESIDUAL side=buy rank=102 quantity=237399
S3_RESIDUAL side=buy rank=29 quantity=100225
S3_RESIDUAL side=buy rank=5 quantity=313522
S3_RESIDUAL side=buy rank=31 quantity=80927
S3_RESIDUAL side=buy rank=210 quantity=0
S3_RESIDUAL side=buy rank=211 quantity=0
S3_RESIDUAL side=buy rank=212 quantity=0
S3_RESIDUAL side=buy rank=213 quantity=0
S3_RESIDUAL side=buy rank=214 quantity=0
S3_RESIDUAL side=buy rank=215 quantity=0
S3_RESIDUAL side=buy rank=216 quantity=0
S3_RESIDUAL side=buy rank=217 quantity=0
S3_RESIDUAL side=buy rank=218 quantity=0
S3_RESIDUAL side=buy rank=219 quantity=0
S3_RESIDUAL side=buy rank=220 quantity=0
S3_RESIDUAL side=buy rank=221 quantity=0
S3_RESIDUAL side=buy rank=222 quantity=0
S3_RESIDUAL side=buy rank=223 quantity=0
S3_RESIDUAL side=buy rank=224 quantity=0
S3_RESIDUAL side=buy rank=225 quantity=0
S3_RESIDUAL side=buy rank=226 quantity=0
S3_RESIDUAL side=buy rank=227 quantity=0
S3_RESIDUAL side=buy rank=228 quantity=0
S3_RESIDUAL side=buy rank=229 quantity=0
S3_RESIDUAL side=buy rank=230 quantity=0
S3_RESIDUAL side=buy rank=231 quantity=0
S3_RESIDUAL side=buy rank=232 quantity=0
S3_RESIDUAL side=buy rank=233 quantity=0
S3_RESIDUAL side=buy rank=234 quantity=0
S3_RESIDUAL side=buy rank=235 quantity=0
S3_RESIDUAL side=buy rank=236 quantity=0
S3_RESIDUAL side=buy rank=237 quantity=0
S3_RESIDUAL side=buy rank=238 quantity=0
S3_RESIDUAL side=buy rank=239 quantity=0
S3_RESIDUAL side=buy rank=240 quantity=0
S3_RESIDUAL side=buy rank=241 quantity=0
S3_RESIDUAL side=buy rank=242 quantity=0
S3_RESIDUAL side=buy rank=243 quantity=0
S3_RESIDUAL side=buy rank=244 quantity=0
S3_RESIDUAL side=buy rank=245 quantity=0
S3_RESIDUAL side=buy rank=246 quantity=0
S3_RESIDUAL side=buy rank=247 quantity=0
S3_RESIDUAL side=buy rank=248 quantity=0
S3_RESIDUAL side=buy rank=249 quantity=0
S3_RESIDUAL side=buy rank=250 quantity=0
S3_RESIDUAL side=buy rank=251 quantity=0
S3_RESIDUAL side=buy rank=252 quantity=0
S3_RESIDUAL side=buy rank=253 quantity=0
S3_RESIDUAL side=buy rank=254 quantity=0
S3_RESIDUAL side=buy rank=255 quantity=0
S3_RESIDUAL side=sell rank=102 quantity=0
S3_RESIDUAL side=sell rank=131 quantity=0
S3_RESIDUAL side=sell rank=93 quantity=0
S3_RESIDUAL side=sell rank=71 quantity=0
S3_RESIDUAL side=sell rank=58 quantity=0
S3_RESIDUAL side=sell rank=99 quantity=0
S3_RESIDUAL side=sell rank=126 quantity=0
S3_RESIDUAL side=sell rank=151 quantity=0
S3_RESIDUAL side=sell rank=160 quantity=0
S3_RESIDUAL side=sell rank=128 quantity=0
S3_RESIDUAL side=sell rank=173 quantity=0
S3_RESIDUAL side=sell rank=80 quantity=0
S3_RESIDUAL side=sell rank=135 quantity=0
S3_RESIDUAL side=sell rank=5 quantity=0
S3_RESIDUAL side=sell rank=21 quantity=0
S3_RESIDUAL side=sell rank=94 quantity=0
S3_RESIDUAL side=sell rank=101 quantity=0
S3_RESIDUAL side=sell rank=175 quantity=0
S3_RESIDUAL side=sell rank=26 quantity=0
S3_RESIDUAL side=sell rank=37 quantity=0
S3_RESIDUAL side=sell rank=107 quantity=0
S3_RESIDUAL side=sell rank=157 quantity=0
S3_RESIDUAL side=sell rank=133 quantity=0
S3_RESIDUAL side=sell rank=79 quantity=0
S3_RESIDUAL side=sell rank=16 quantity=0
S3_RESIDUAL side=sell rank=170 quantity=0
S3_RESIDUAL side=sell rank=64 quantity=0
S3_RESIDUAL side=sell rank=152 quantity=0
S3_RESIDUAL side=sell rank=90 quantity=0
S3_RESIDUAL side=sell rank=153 quantity=0
S3_RESIDUAL side=sell rank=31 quantity=0
S3_RESIDUAL side=sell rank=67 quantity=0
S3_RESIDUAL side=sell rank=88 quantity=0
S3_RESIDUAL side=sell rank=42 quantity=0
S3_RESIDUAL side=sell rank=87 quantity=0
S3_RESIDUAL side=sell rank=3 quantity=704441
S3_RESIDUAL side=sell rank=125 quantity=0
S3_RESIDUAL side=sell rank=169 quantity=0
S3_RESIDUAL side=sell rank=187 quantity=0
S3_RESIDUAL side=sell rank=97 quantity=0
S3_RESIDUAL side=sell rank=120 quantity=635683
S3_RESIDUAL side=sell rank=23 quantity=0
S3_RESIDUAL side=sell rank=0 quantity=0
S3_RESIDUAL side=sell rank=15 quantity=0
S3_RESIDUAL side=sell rank=177 quantity=0
S3_RESIDUAL side=sell rank=25 quantity=0
S3_RESIDUAL side=sell rank=24 quantity=283098
S3_RESIDUAL side=sell rank=158 quantity=137393
S3_RESIDUAL side=sell rank=2 quantity=0
S3_RESIDUAL side=sell rank=55 quantity=0
S3_RESIDUAL side=sell rank=92 quantity=0
S3_RESIDUAL side=sell rank=45 quantity=0
S3_RESIDUAL side=sell rank=141 quantity=0
S3_RESIDUAL side=sell rank=63 quantity=0
S3_RESIDUAL side=sell rank=54 quantity=617580
S3_RESIDUAL side=sell rank=70 quantity=0
S3_RESIDUAL side=sell rank=82 quantity=0
S3_RESIDUAL side=sell rank=127 quantity=0
S3_RESIDUAL side=sell rank=168 quantity=0
S3_RESIDUAL side=sell rank=138 quantity=368750
S3_RESIDUAL side=sell rank=10 quantity=833873
S3_RESIDUAL side=sell rank=66 quantity=963359
S3_RESIDUAL side=sell rank=95 quantity=824037
S3_RESIDUAL side=sell rank=98 quantity=0
S3_RESIDUAL side=sell rank=52 quantity=0
S3_RESIDUAL side=sell rank=11 quantity=0
S3_RESIDUAL side=sell rank=150 quantity=0
S3_RESIDUAL side=sell rank=104 quantity=0
S3_RESIDUAL side=sell rank=17 quantity=0
S3_RESIDUAL side=sell rank=33 quantity=0
S3_RESIDUAL side=sell rank=176 quantity=846500
S3_RESIDUAL side=sell rank=166 quantity=0
S3_RESIDUAL side=sell rank=28 quantity=192974
S3_RESIDUAL side=sell rank=41 quantity=0
S3_RESIDUAL side=sell rank=83 quantity=846600
S3_RESIDUAL side=sell rank=124 quantity=108621
S3_RESIDUAL side=sell rank=40 quantity=0
S3_RESIDUAL side=sell rank=59 quantity=0
S3_RESIDUAL side=sell rank=8 quantity=0
S3_RESIDUAL side=sell rank=182 quantity=937868
S3_RESIDUAL side=sell rank=13 quantity=0
S3_RESIDUAL side=sell rank=163 quantity=0
S3_RESIDUAL side=sell rank=164 quantity=756402
S3_RESIDUAL side=sell rank=190 quantity=0
S3_RESIDUAL side=sell rank=35 quantity=0
S3_RESIDUAL side=sell rank=165 quantity=281989
S3_RESIDUAL side=sell rank=113 quantity=0
S3_RESIDUAL side=sell rank=76 quantity=796183
S3_RESIDUAL side=sell rank=123 quantity=0
S3_RESIDUAL side=sell rank=61 quantity=879561
S3_RESIDUAL side=sell rank=183 quantity=79838
S3_RESIDUAL side=sell rank=84 quantity=0
S3_RESIDUAL side=sell rank=78 quantity=0
S3_RESIDUAL side=sell rank=116 quantity=0
S3_RESIDUAL side=sell rank=137 quantity=160858
S3_RESIDUAL side=sell rank=185 quantity=46760
S3_RESIDUAL side=sell rank=105 quantity=745200
S3_RESIDUAL side=sell rank=117 quantity=0
S3_RESIDUAL side=sell rank=30 quantity=632823
S3_RESIDUAL side=sell rank=148 quantity=0
S3_RESIDUAL side=sell rank=140 quantity=316212
S3_RESIDUAL side=sell rank=72 quantity=0
S3_RESIDUAL side=sell rank=178 quantity=257130
S3_RESIDUAL side=sell rank=110 quantity=0
S3_RESIDUAL side=sell rank=68 quantity=503302
S3_RESIDUAL side=sell rank=50 quantity=600505
S3_RESIDUAL side=sell rank=57 quantity=0
S3_RESIDUAL side=sell rank=106 quantity=823134
S3_RESIDUAL side=sell rank=69 quantity=496129
S3_RESIDUAL side=sell rank=36 quantity=431088
S3_RESIDUAL side=sell rank=162 quantity=0
S3_RESIDUAL side=sell rank=108 quantity=575327
S3_RESIDUAL side=sell rank=139 quantity=267881
S3_RESIDUAL side=sell rank=180 quantity=951379
S3_RESIDUAL side=sell rank=51 quantity=0
S3_RESIDUAL side=sell rank=53 quantity=291366
S3_RESIDUAL side=sell rank=174 quantity=0
S3_RESIDUAL side=sell rank=112 quantity=0
S3_RESIDUAL side=sell rank=132 quantity=167407
S3_RESIDUAL side=sell rank=119 quantity=988377
S3_RESIDUAL side=sell rank=34 quantity=5053
S3_RESIDUAL side=sell rank=46 quantity=0
S3_RESIDUAL side=sell rank=109 quantity=0
S3_RESIDUAL side=sell rank=143 quantity=0
S3_RESIDUAL side=sell rank=38 quantity=630923
S3_RESIDUAL side=sell rank=6 quantity=0
S3_RESIDUAL side=sell rank=4 quantity=62322
S3_RESIDUAL side=sell rank=114 quantity=284424
S3_RESIDUAL side=sell rank=43 quantity=86051
S3_RESIDUAL side=sell rank=155 quantity=0
S3_RESIDUAL side=sell rank=48 quantity=0
S3_RESIDUAL side=sell rank=118 quantity=561310
S3_RESIDUAL side=sell rank=145 quantity=325651
S3_RESIDUAL side=sell rank=115 quantity=907681
S3_RESIDUAL side=sell rank=134 quantity=378780
S3_RESIDUAL side=sell rank=156 quantity=102303
S3_RESIDUAL side=sell rank=39 quantity=921884
S3_RESIDUAL side=sell rank=171 quantity=105068
S3_RESIDUAL side=sell rank=60 quantity=471578
S3_RESIDUAL side=sell rank=144 quantity=0
S3_RESIDUAL side=sell rank=184 quantity=296914
S3_RESIDUAL side=sell rank=181 quantity=999631
S3_RESIDUAL side=sell rank=74 quantity=275064
S3_RESIDUAL side=sell rank=189 quantity=304517
S3_RESIDUAL side=sell rank=12 quantity=935271
S3_RESIDUAL side=sell rank=130 quantity=379184
S3_RESIDUAL side=sell rank=20 quantity=644043
S3_RESIDUAL side=sell rank=122 quantity=19252
S3_RESIDUAL side=sell rank=172 quantity=130727
S3_RESIDUAL side=sell rank=91 quantity=719130
S3_RESIDUAL side=sell rank=147 quantity=510730
S3_RESIDUAL side=sell rank=111 quantity=511055
S3_RESIDUAL side=sell rank=167 quantity=629011
S3_RESIDUAL side=sell rank=49 quantity=907048
S3_RESIDUAL side=sell rank=9 quantity=828062
S3_RESIDUAL side=sell rank=27 quantity=323990
S3_RESIDUAL side=sell rank=7 quantity=914683
S3_RESIDUAL side=sell rank=14 quantity=669071
S3_RESIDUAL side=sell rank=86 quantity=779096
S3_RESIDUAL side=sell rank=75 quantity=12995
S3_RESIDUAL side=sell rank=100 quantity=330351
S3_RESIDUAL side=sell rank=96 quantity=556903
S3_RESIDUAL side=sell rank=65 quantity=481899
S3_RESIDUAL side=sell rank=146 quantity=714550
S3_RESIDUAL side=sell rank=154 quantity=504101
S3_RESIDUAL side=sell rank=1 quantity=156602
S3_RESIDUAL side=sell rank=129 quantity=107687
S3_RESIDUAL side=sell rank=73 quantity=862583
S3_RESIDUAL side=sell rank=44 quantity=456324
S3_RESIDUAL side=sell rank=29 quantity=234980
S3_RESIDUAL side=sell rank=142 quantity=690982
S3_RESIDUAL side=sell rank=89 quantity=837457
S3_RESIDUAL side=sell rank=22 quantity=239948
S3_RESIDUAL side=sell rank=47 quantity=324173
S3_RESIDUAL side=sell rank=161 quantity=484498
S3_RESIDUAL side=sell rank=188 quantity=528152
S3_RESIDUAL side=sell rank=19 quantity=907584
S3_RESIDUAL side=sell rank=56 quantity=410860
S3_RESIDUAL side=sell rank=18 quantity=549413
S3_RESIDUAL side=sell rank=149 quantity=556861
S3_RESIDUAL side=sell rank=103 quantity=880307
S3_RESIDUAL side=sell rank=121 quantity=659037
S3_RESIDUAL side=sell rank=62 quantity=551606
S3_RESIDUAL side=sell rank=186 quantity=654182
S3_RESIDUAL side=sell rank=85 quantity=693094
S3_RESIDUAL side=sell rank=77 quantity=319214
S3_RESIDUAL side=sell rank=81 quantity=999812
S3_RESIDUAL side=sell rank=179 quantity=428043
S3_RESIDUAL side=sell rank=136 quantity=770604
S3_RESIDUAL side=sell rank=32 quantity=251486
S3_RESIDUAL side=sell rank=159 quantity=596289
S3_RESIDUAL side=sell rank=191 quantity=0
S3_RESIDUAL side=sell rank=192 quantity=0
S3_RESIDUAL side=sell rank=193 quantity=0
S3_RESIDUAL side=sell rank=194 quantity=0
S3_RESIDUAL side=sell rank=195 quantity=0
S3_RESIDUAL side=sell rank=196 quantity=0
S3_RESIDUAL side=sell rank=197 quantity=0
S3_RESIDUAL side=sell rank=198 quantity=0
S3_RESIDUAL side=sell rank=199 quantity=0
S3_RESIDUAL side=sell rank=200 quantity=0
S3_RESIDUAL side=sell rank=201 quantity=0
S3_RESIDUAL side=sell rank=202 quantity=0
S3_RESIDUAL side=sell rank=203 quantity=0
S3_RESIDUAL side=sell rank=204 quantity=0
S3_RESIDUAL side=sell rank=205 quantity=0
S3_RESIDUAL side=sell rank=206 quantity=0
S3_RESIDUAL side=sell rank=207 quantity=0
S3_RESIDUAL side=sell rank=208 quantity=0
S3_RESIDUAL side=sell rank=209 quantity=0
S3_RESIDUAL side=sell rank=210 quantity=0
S3_RESIDUAL side=sell rank=211 quantity=0
S3_RESIDUAL side=sell rank=212 quantity=0
S3_RESIDUAL side=sell rank=213 quantity=0
S3_RESIDUAL side=sell rank=214 quantity=0
S3_RESIDUAL side=sell rank=215 quantity=0
S3_RESIDUAL side=sell rank=216 quantity=0
S3_RESIDUAL side=sell rank=217 quantity=0
S3_RESIDUAL side=sell rank=218 quantity=0
S3_RESIDUAL side=sell rank=219 quantity=0
S3_RESIDUAL side=sell rank=220 quantity=0
S3_RESIDUAL side=sell rank=221 quantity=0
S3_RESIDUAL side=sell rank=222 quantity=0
S3_RESIDUAL side=sell rank=223 quantity=0
S3_RESIDUAL side=sell rank=224 quantity=0
S3_RESIDUAL side=sell rank=225 quantity=0
S3_RESIDUAL side=sell rank=226 quantity=0
S3_RESIDUAL side=sell rank=227 quantity=0
S3_RESIDUAL side=sell rank=228 quantity=0
S3_RESIDUAL side=sell rank=229 quantity=0
S3_RESIDUAL side=sell rank=230 quantity=0
S3_RESIDUAL side=sell rank=231 quantity=0
S3_RESIDUAL side=sell rank=232 quantity=0
S3_RESIDUAL side=sell rank=233 quantity=0
S3_RESIDUAL side=sell rank=234 quantity=0
S3_RESIDUAL side=sell rank=235 quantity=0
S3_RESIDUAL side=sell rank=236 quantity=0
S3_RESIDUAL side=sell rank=237 quantity=0
S3_RESIDUAL side=sell rank=238 quantity=0
S3_RESIDUAL side=sell rank=239 quantity=0
S3_RESIDUAL side=sell rank=240 quantity=0
S3_RESIDUAL side=sell rank=241 quantity=0
S3_RESIDUAL side=sell rank=242 quantity=0
S3_RESIDUAL side=sell rank=243 quantity=0
S3_RESIDUAL side=sell rank=244 quantity=0
S3_RESIDUAL side=sell rank=245 quantity=0
S3_RESIDUAL side=sell rank=246 quantity=0
S3_RESIDUAL side=sell rank=247 quantity=0
S3_RESIDUAL side=sell rank=248 quantity=0
S3_RESIDUAL side=sell rank=249 quantity=0
S3_RESIDUAL side=sell rank=250 quantity=0
S3_RESIDUAL side=sell rank=251 quantity=0
S3_RESIDUAL side=sell rank=252 quantity=0
S3_RESIDUAL side=sell rank=253 quantity=0
S3_RESIDUAL side=sell rank=254 quantity=0
S3_RESIDUAL side=sell rank=255 quantity=0
The following benchmarks are including preprocessing (offline phase).
Time = 76.9229 seconds 
Data sent = 1611.9 MB in ~499247 rounds (party 0 only; use '-v' for more details)
Global data sent = 4835.37 MB (all parties)
This program might benefit from some protocol options.
Consider adding the following at the beginning of your code:
	program.use_edabit(True)
