mode: set
github.com/retf/source/v2/mpc/inputbinding/binding.go:115.87,125.2 9 0
github.com/retf/source/v2/mpc/inputbinding/binding.go:131.9,139.77 1 0
github.com/retf/source/v2/mpc/inputbinding/binding.go:139.77,141.3 1 0
github.com/retf/source/v2/mpc/inputbinding/binding.go:142.2,144.60 1 0
github.com/retf/source/v2/mpc/inputbinding/binding.go:144.60,146.3 1 0
github.com/retf/source/v2/mpc/inputbinding/binding.go:147.2,156.94 4 0
github.com/retf/source/v2/mpc/inputbinding/binding.go:156.94,158.3 1 0
github.com/retf/source/v2/mpc/inputbinding/binding.go:159.2,159.12 1 0
github.com/retf/source/v2/mpc/inputbinding/binding.go:281.89,309.2 1 0
github.com/retf/source/v2/mpc/inputbinding/binding.go:314.72,315.99 1 0
github.com/retf/source/v2/mpc/inputbinding/binding.go:315.99,317.3 1 0
github.com/retf/source/v2/mpc/inputbinding/binding.go:318.2,325.4 1 0
github.com/retf/source/v2/mpc/inputbinding/binding.go:325.4,326.37 1 0
github.com/retf/source/v2/mpc/inputbinding/binding.go:326.37,328.4 1 0
github.com/retf/source/v2/mpc/inputbinding/binding.go:330.2,344.4 1 0
github.com/retf/source/v2/mpc/inputbinding/binding.go:344.4,345.56 1 0
github.com/retf/source/v2/mpc/inputbinding/binding.go:345.56,347.4 1 0
github.com/retf/source/v2/mpc/inputbinding/binding.go:349.2,349.61 1 0
github.com/retf/source/v2/mpc/inputbinding/binding.go:349.61,351.3 1 0
github.com/retf/source/v2/mpc/inputbinding/binding.go:352.2,353.75 1 0
github.com/retf/source/v2/mpc/inputbinding/binding.go:353.75,355.3 1 0
github.com/retf/source/v2/mpc/inputbinding/binding.go:356.2,356.121 1 0
github.com/retf/source/v2/mpc/inputbinding/binding.go:356.121,358.3 1 0
github.com/retf/source/v2/mpc/inputbinding/binding.go:359.2,359.31 1 0
github.com/retf/source/v2/mpc/inputbinding/binding.go:359.31,360.76 1 0
github.com/retf/source/v2/mpc/inputbinding/binding.go:360.76,362.4 1 0
github.com/retf/source/v2/mpc/inputbinding/binding.go:363.3,363.93 1 0
github.com/retf/source/v2/mpc/inputbinding/binding.go:363.93,365.4 1 0
github.com/retf/source/v2/mpc/inputbinding/binding.go:367.2,367.54 1 0
github.com/retf/source/v2/mpc/inputbinding/binding.go:370.71,372.16 2 0
github.com/retf/source/v2/mpc/inputbinding/binding.go:372.16,374.3 1 0
github.com/retf/source/v2/mpc/inputbinding/binding.go:375.2,376.42 2 0
github.com/retf/source/v2/mpc/inputbinding/binding.go:379.62,381.16 2 0
github.com/retf/source/v2/mpc/inputbinding/binding.go:381.16,383.3 1 0
github.com/retf/source/v2/mpc/inputbinding/binding.go:384.2,384.78 1 0
github.com/retf/source/v2/mpc/inputbinding/binding.go:384.78,386.3 1 0
github.com/retf/source/v2/mpc/inputbinding/binding.go:387.2,387.12 1 0
github.com/retf/source/v2/mpc/inputbinding/binding.go:416.48,418.2 1 0
github.com/retf/source/v2/mpc/inputbinding/binding.go:420.100,423.75 3 0
github.com/retf/source/v2/mpc/inputbinding/binding.go:423.75,425.3 1 0
github.com/retf/source/v2/mpc/inputbinding/binding.go:426.2,426.59 1 0
github.com/retf/source/v2/mpc/inputbinding/binding.go:426.59,428.3 1 0
github.com/retf/source/v2/mpc/inputbinding/binding.go:429.2,429.59 1 0
github.com/retf/source/v2/mpc/inputbinding/binding.go:429.59,431.3 1 0
github.com/retf/source/v2/mpc/inputbinding/binding.go:432.2,435.18 4 0
github.com/retf/source/v2/mpc/inputbinding/binding.go:506.54,507.90 1 0
github.com/retf/source/v2/mpc/inputbinding/binding.go:507.90,509.3 1 0
github.com/retf/source/v2/mpc/inputbinding/binding.go:510.2,522.4 1 0
github.com/retf/source/v2/mpc/inputbinding/binding.go:522.4,523.37 1 0
github.com/retf/source/v2/mpc/inputbinding/binding.go:523.37,525.4 1 0
github.com/retf/source/v2/mpc/inputbinding/binding.go:527.2,529.35 1 0
github.com/retf/source/v2/mpc/inputbinding/binding.go:529.35,531.3 1 0
github.com/retf/source/v2/mpc/inputbinding/binding.go:532.2,548.4 1 0
github.com/retf/source/v2/mpc/inputbinding/binding.go:548.4,549.56 1 0
github.com/retf/source/v2/mpc/inputbinding/binding.go:549.56,551.4 1 0
github.com/retf/source/v2/mpc/inputbinding/binding.go:553.2,553.62 1 0
github.com/retf/source/v2/mpc/inputbinding/binding.go:553.62,555.3 1 0
github.com/retf/source/v2/mpc/inputbinding/binding.go:556.2,556.80 1 0
github.com/retf/source/v2/mpc/inputbinding/binding.go:556.80,558.3 1 0
github.com/retf/source/v2/mpc/inputbinding/binding.go:559.2,559.136 1 0
github.com/retf/source/v2/mpc/inputbinding/binding.go:559.136,561.3 1 0
github.com/retf/source/v2/mpc/inputbinding/binding.go:562.2,562.37 1 0
github.com/retf/source/v2/mpc/inputbinding/binding.go:562.37,563.84 1 0
github.com/retf/source/v2/mpc/inputbinding/binding.go:563.84,565.4 1 0
github.com/retf/source/v2/mpc/inputbinding/binding.go:566.3,566.94 1 0
github.com/retf/source/v2/mpc/inputbinding/binding.go:566.94,568.4 1 0
github.com/retf/source/v2/mpc/inputbinding/binding.go:570.2,570.12 1 0
github.com/retf/source/v2/mpc/inputbinding/binding.go:573.65,574.48 1 0
github.com/retf/source/v2/mpc/inputbinding/binding.go:574.48,576.3 1 0
github.com/retf/source/v2/mpc/inputbinding/binding.go:577.2,577.35 1 0
github.com/retf/source/v2/mpc/inputbinding/binding.go:580.57,582.16 2 0
github.com/retf/source/v2/mpc/inputbinding/binding.go:582.16,584.3 1 0
github.com/retf/source/v2/mpc/inputbinding/binding.go:585.2,586.43 2 0
github.com/retf/source/v2/mpc/inputbinding/binding.go:589.67,591.16 2 0
github.com/retf/source/v2/mpc/inputbinding/binding.go:591.16,593.3 1 0
github.com/retf/source/v2/mpc/inputbinding/binding.go:594.2,595.23 2 0
github.com/retf/source/v2/mpc/inputbinding/binding.go:599.39,603.16 4 0
github.com/retf/source/v2/mpc/inputbinding/binding.go:603.16,605.3 1 0
github.com/retf/source/v2/mpc/inputbinding/binding.go:606.2,607.12 2 0
github.com/retf/source/v2/mpc/inputbinding/binding.go:610.77,612.2 1 0
github.com/retf/source/v2/mpc/inputbinding/binding.go:614.79,616.2 1 0
github.com/retf/source/v2/mpc/inputbinding/binding.go:618.81,625.16 2 0
github.com/retf/source/v2/mpc/inputbinding/binding.go:625.16,626.13 1 0
github.com/retf/source/v2/mpc/inputbinding/binding.go:628.2,628.58 1 0
github.com/retf/source/v2/mpc/inputbinding/binding.go:631.50,637.2 5 0
github.com/retf/source/v2/mpc/inputbinding/binding.go:639.85,640.102 1 0
github.com/retf/source/v2/mpc/inputbinding/binding.go:640.102,642.3 1 0
github.com/retf/source/v2/mpc/inputbinding/binding.go:643.2,644.55 2 0
github.com/retf/source/v2/mpc/inputbinding/binding.go:644.55,645.39 1 0
github.com/retf/source/v2/mpc/inputbinding/binding.go:645.39,647.4 1 0
github.com/retf/source/v2/mpc/inputbinding/binding.go:648.3,650.33 3 0
github.com/retf/source/v2/mpc/inputbinding/binding.go:650.33,652.4 1 0
github.com/retf/source/v2/mpc/inputbinding/binding.go:652.9,654.4 1 0
github.com/retf/source/v2/mpc/inputbinding/binding.go:656.2,657.105 2 0
github.com/retf/source/v2/mpc/inputbinding/binding.go:657.105,659.3 1 0
github.com/retf/source/v2/mpc/inputbinding/binding.go:660.2,660.12 1 0
github.com/retf/source/v2/mpc/inputbinding/binding.go:663.79,664.91 1 0
github.com/retf/source/v2/mpc/inputbinding/binding.go:664.91,666.3 1 0
github.com/retf/source/v2/mpc/inputbinding/binding.go:667.2,667.57 1 0
github.com/retf/source/v2/mpc/inputbinding/binding.go:667.57,669.3 1 0
github.com/retf/source/v2/mpc/inputbinding/binding.go:670.2,671.76 2 0
github.com/retf/source/v2/mpc/inputbinding/binding.go:671.76,673.3 1 0
github.com/retf/source/v2/mpc/inputbinding/binding.go:674.2,676.100 1 0
github.com/retf/source/v2/mpc/inputbinding/binding.go:676.100,678.3 1 0
github.com/retf/source/v2/mpc/inputbinding/binding.go:679.2,681.53 1 0
github.com/retf/source/v2/mpc/inputbinding/binding.go:681.53,683.3 1 0
github.com/retf/source/v2/mpc/inputbinding/binding.go:684.2,686.24 3 0
github.com/retf/source/v2/mpc/inputbinding/binding.go:686.24,688.3 1 0
github.com/retf/source/v2/mpc/inputbinding/binding.go:689.2,689.97 1 0
github.com/retf/source/v2/mpc/inputbinding/binding.go:689.97,691.3 1 0
github.com/retf/source/v2/mpc/inputbinding/binding.go:692.2,697.31 2 0
github.com/retf/source/v2/mpc/inputbinding/binding.go:697.31,699.3 1 0
github.com/retf/source/v2/mpc/inputbinding/binding.go:700.2,736.90 2 0
github.com/retf/source/v2/mpc/inputbinding/binding.go:736.90,738.3 1 0
github.com/retf/source/v2/mpc/inputbinding/binding.go:739.2,744.56 2 0
github.com/retf/source/v2/mpc/inputbinding/binding.go:744.56,746.3 1 0
github.com/retf/source/v2/mpc/inputbinding/binding.go:747.2,748.79 1 0
github.com/retf/source/v2/mpc/inputbinding/binding.go:748.79,750.3 1 0
github.com/retf/source/v2/mpc/inputbinding/binding.go:751.2,752.67 1 0
github.com/retf/source/v2/mpc/inputbinding/binding.go:752.67,754.3 1 0
github.com/retf/source/v2/mpc/inputbinding/binding.go:755.2,756.63 1 0
github.com/retf/source/v2/mpc/inputbinding/binding.go:756.63,758.3 1 0
github.com/retf/source/v2/mpc/inputbinding/binding.go:759.2,760.67 1 0
github.com/retf/source/v2/mpc/inputbinding/binding.go:760.67,762.3 1 0
github.com/retf/source/v2/mpc/inputbinding/binding.go:763.2,765.54 2 0
github.com/retf/source/v2/mpc/inputbinding/binding.go:765.54,767.3 1 0
github.com/retf/source/v2/mpc/inputbinding/binding.go:768.2,770.63 2 0
github.com/retf/source/v2/mpc/inputbinding/binding.go:770.63,772.3 1 0
github.com/retf/source/v2/mpc/inputbinding/binding.go:773.2,773.89 1 0
github.com/retf/source/v2/mpc/inputbinding/binding.go:773.89,775.3 1 0
github.com/retf/source/v2/mpc/inputbinding/binding.go:776.2,778.16 2 0
github.com/retf/source/v2/mpc/inputbinding/binding.go:778.16,780.3 1 0
github.com/retf/source/v2/mpc/inputbinding/binding.go:781.2,789.35 1 0
github.com/retf/source/v2/mpc/inputbinding/binding.go:789.35,791.3 1 0
github.com/retf/source/v2/mpc/inputbinding/binding.go:792.2,792.112 1 0
github.com/retf/source/v2/mpc/inputbinding/binding.go:792.112,794.3 1 0
github.com/retf/source/v2/mpc/inputbinding/binding.go:795.2,796.16 2 0
github.com/retf/source/v2/mpc/inputbinding/binding.go:796.16,798.3 1 0
github.com/retf/source/v2/mpc/inputbinding/binding.go:799.2,805.16 5 0
github.com/retf/source/v2/mpc/inputbinding/binding.go:805.16,807.3 1 0
github.com/retf/source/v2/mpc/inputbinding/binding.go:808.2,808.15 1 0
github.com/retf/source/v2/mpc/inputbinding/binding.go:808.15,810.3 1 0
github.com/retf/source/v2/mpc/inputbinding/binding.go:811.2,813.32 1 0
github.com/retf/source/v2/mpc/inputbinding/binding.go:816.61,820.2 1 0
github.com/retf/source/v2/mpc/inputbinding/binding.go:822.87,832.2 9 0
github.com/retf/source/v2/mpc/inputbinding/binding.go:834.56,836.48 2 0
github.com/retf/source/v2/mpc/inputbinding/binding.go:836.48,838.3 1 0
github.com/retf/source/v2/mpc/inputbinding/binding.go:839.2,840.61 2 0
github.com/retf/source/v2/mpc/inputbinding/binding.go:843.49,845.77 2 1
github.com/retf/source/v2/mpc/inputbinding/binding.go:845.77,847.3 1 0
github.com/retf/source/v2/mpc/inputbinding/binding.go:848.2,848.12 1 1
github.com/retf/source/v2/mpc/inputbinding/input_record_state.go:18.81,30.43 2 0
github.com/retf/source/v2/mpc/inputbinding/input_record_state.go:30.43,32.3 1 0
github.com/retf/source/v2/mpc/inputbinding/input_record_state.go:33.2,33.43 1 0
github.com/retf/source/v2/mpc/inputbinding/input_record_state.go:33.43,35.3 1 0
github.com/retf/source/v2/mpc/inputbinding/input_record_state.go:36.2,38.22 3 0
github.com/retf/source/v2/mpc/inputbinding/input_record_state.go:38.22,40.3 1 0
github.com/retf/source/v2/mpc/inputbinding/input_record_state.go:41.2,41.12 1 0
github.com/retf/source/v2/mpc/inputbinding/persistent_replay.go:37.103,38.64 1 0
github.com/retf/source/v2/mpc/inputbinding/persistent_replay.go:38.64,40.3 1 0
github.com/retf/source/v2/mpc/inputbinding/persistent_replay.go:41.2,41.22 1 0
github.com/retf/source/v2/mpc/inputbinding/persistent_replay.go:41.22,43.3 1 0
github.com/retf/source/v2/mpc/inputbinding/persistent_replay.go:44.2,45.18 2 0
github.com/retf/source/v2/mpc/inputbinding/persistent_replay.go:45.18,47.3 1 0
github.com/retf/source/v2/mpc/inputbinding/persistent_replay.go:48.2,48.69 1 0
github.com/retf/source/v2/mpc/inputbinding/persistent_replay.go:48.69,50.3 1 0
github.com/retf/source/v2/mpc/inputbinding/persistent_replay.go:51.2,52.16 2 0
github.com/retf/source/v2/mpc/inputbinding/persistent_replay.go:52.16,54.3 1 0
github.com/retf/source/v2/mpc/inputbinding/persistent_replay.go:55.2,59.34 4 0
github.com/retf/source/v2/mpc/inputbinding/persistent_replay.go:59.34,61.3 1 0
github.com/retf/source/v2/mpc/inputbinding/persistent_replay.go:62.2,63.16 2 0
github.com/retf/source/v2/mpc/inputbinding/persistent_replay.go:63.16,65.3 1 0
github.com/retf/source/v2/mpc/inputbinding/persistent_replay.go:66.2,67.52 2 0
github.com/retf/source/v2/mpc/inputbinding/persistent_replay.go:67.52,69.3 1 0
github.com/retf/source/v2/mpc/inputbinding/persistent_replay.go:70.2,70.15 1 0
github.com/retf/source/v2/mpc/inputbinding/persistent_replay.go:70.15,71.40 1 0
github.com/retf/source/v2/mpc/inputbinding/persistent_replay.go:71.40,73.4 1 0
github.com/retf/source/v2/mpc/inputbinding/persistent_replay.go:74.3,74.71 1 0
github.com/retf/source/v2/mpc/inputbinding/persistent_replay.go:74.71,76.4 1 0
github.com/retf/source/v2/mpc/inputbinding/persistent_replay.go:79.2,83.16 5 0
github.com/retf/source/v2/mpc/inputbinding/persistent_replay.go:83.16,85.3 1 0
github.com/retf/source/v2/mpc/inputbinding/persistent_replay.go:86.2,86.58 1 0
github.com/retf/source/v2/mpc/inputbinding/persistent_replay.go:86.58,88.3 1 0
github.com/retf/source/v2/mpc/inputbinding/persistent_replay.go:89.2,89.42 1 0
github.com/retf/source/v2/mpc/inputbinding/persistent_replay.go:89.42,91.3 1 0
github.com/retf/source/v2/mpc/inputbinding/persistent_replay.go:92.2,92.42 1 0
github.com/retf/source/v2/mpc/inputbinding/persistent_replay.go:92.42,94.3 1 0
github.com/retf/source/v2/mpc/inputbinding/persistent_replay.go:96.2,97.22 2 0
github.com/retf/source/v2/mpc/inputbinding/persistent_replay.go:97.22,99.3 1 0
github.com/retf/source/v2/mpc/inputbinding/persistent_replay.go:100.2,105.16 3 0
github.com/retf/source/v2/mpc/inputbinding/persistent_replay.go:105.16,107.3 1 0
github.com/retf/source/v2/mpc/inputbinding/persistent_replay.go:108.2,109.55 2 0
github.com/retf/source/v2/mpc/inputbinding/persistent_replay.go:109.55,111.3 1 0
github.com/retf/source/v2/mpc/inputbinding/persistent_replay.go:112.2,113.43 2 0
github.com/retf/source/v2/mpc/inputbinding/persistent_replay.go:113.43,116.3 1 0
github.com/retf/source/v2/mpc/inputbinding/persistent_replay.go:117.2,117.39 1 0
github.com/retf/source/v2/mpc/inputbinding/persistent_replay.go:117.39,119.3 1 0
github.com/retf/source/v2/mpc/inputbinding/persistent_replay.go:120.2,120.18 1 0
github.com/retf/source/v2/mpc/inputbinding/persistent_replay.go:123.113,124.57 1 0
github.com/retf/source/v2/mpc/inputbinding/persistent_replay.go:124.57,126.3 1 0
github.com/retf/source/v2/mpc/inputbinding/persistent_replay.go:127.2,128.16 2 0
github.com/retf/source/v2/mpc/inputbinding/persistent_replay.go:128.16,130.3 1 0
github.com/retf/source/v2/mpc/inputbinding/persistent_replay.go:131.2,131.27 1 0
github.com/retf/source/v2/mpc/inputbinding/persistent_replay.go:131.27,133.3 1 0
github.com/retf/source/v2/mpc/inputbinding/persistent_replay.go:134.2,135.16 2 0
github.com/retf/source/v2/mpc/inputbinding/persistent_replay.go:135.16,137.3 1 0
github.com/retf/source/v2/mpc/inputbinding/persistent_replay.go:138.2,138.57 1 0
github.com/retf/source/v2/mpc/inputbinding/persistent_replay.go:138.57,140.3 1 0
github.com/retf/source/v2/mpc/inputbinding/persistent_replay.go:141.2,147.21 7 0
github.com/retf/source/v2/mpc/inputbinding/persistent_replay.go:147.21,152.49 5 0
github.com/retf/source/v2/mpc/inputbinding/persistent_replay.go:152.49,154.4 1 0
github.com/retf/source/v2/mpc/inputbinding/persistent_replay.go:155.3,156.64 2 0
github.com/retf/source/v2/mpc/inputbinding/persistent_replay.go:156.64,157.18 1 0
github.com/retf/source/v2/mpc/inputbinding/persistent_replay.go:157.18,159.5 1 0
github.com/retf/source/v2/mpc/inputbinding/persistent_replay.go:160.4,160.95 1 0
github.com/retf/source/v2/mpc/inputbinding/persistent_replay.go:162.3,165.58 1 0
github.com/retf/source/v2/mpc/inputbinding/persistent_replay.go:165.58,167.4 1 0
github.com/retf/source/v2/mpc/inputbinding/persistent_replay.go:168.3,168.79 1 0
github.com/retf/source/v2/mpc/inputbinding/persistent_replay.go:168.79,170.4 1 0
github.com/retf/source/v2/mpc/inputbinding/persistent_replay.go:171.3,171.63 1 0
github.com/retf/source/v2/mpc/inputbinding/persistent_replay.go:171.63,173.4 1 0
github.com/retf/source/v2/mpc/inputbinding/persistent_replay.go:174.3,174.63 1 0
github.com/retf/source/v2/mpc/inputbinding/persistent_replay.go:174.63,176.4 1 0
github.com/retf/source/v2/mpc/inputbinding/persistent_replay.go:177.3,179.45 3 0
github.com/retf/source/v2/mpc/inputbinding/persistent_replay.go:181.2,181.38 1 0
github.com/retf/source/v2/mpc/inputbinding/persistent_replay.go:181.38,183.3 1 0
github.com/retf/source/v2/mpc/inputbinding/persistent_replay.go:184.2,184.44 1 0
github.com/retf/source/v2/mpc/inputbinding/persistent_replay.go:187.49,190.2 2 0
github.com/retf/source/v2/mpc/inputbinding/persistent_replay_lock_unix.go:16.89,18.16 2 0
github.com/retf/source/v2/mpc/inputbinding/persistent_replay_lock_unix.go:18.16,20.3 1 0
github.com/retf/source/v2/mpc/inputbinding/persistent_replay_lock_unix.go:21.2,22.6 2 0
github.com/retf/source/v2/mpc/inputbinding/persistent_replay_lock_unix.go:22.6,24.17 2 0
github.com/retf/source/v2/mpc/inputbinding/persistent_replay_lock_unix.go:24.17,26.4 1 0
github.com/retf/source/v2/mpc/inputbinding/persistent_replay_lock_unix.go:27.3,27.78 1 0
github.com/retf/source/v2/mpc/inputbinding/persistent_replay_lock_unix.go:27.78,30.4 2 0
github.com/retf/source/v2/mpc/inputbinding/persistent_replay_lock_unix.go:31.3,31.33 1 0
github.com/retf/source/v2/mpc/inputbinding/persistent_replay_lock_unix.go:31.33,34.4 2 0
github.com/retf/source/v2/mpc/inputbinding/persistent_replay_lock_unix.go:35.3,35.36 1 0
github.com/retf/source/v2/mpc/inputbinding/persistent_replay_lock_unix.go:39.39,42.2 2 0
github.com/retf/source/v2/mpc/inputbinding/persistent_replay_lock_unix.go:44.45,46.16 2 0
github.com/retf/source/v2/mpc/inputbinding/persistent_replay_lock_unix.go:46.16,48.3 1 0
github.com/retf/source/v2/mpc/inputbinding/persistent_replay_lock_unix.go:49.2,50.25 2 0
github.com/retf/source/v2/mpc/inputbinding/process_consistency.go:72.109,73.59 1 1
github.com/retf/source/v2/mpc/inputbinding/process_consistency.go:73.59,75.3 1 0
github.com/retf/source/v2/mpc/inputbinding/process_consistency.go:76.2,76.95 1 1
github.com/retf/source/v2/mpc/inputbinding/process_consistency.go:76.95,78.3 1 0
github.com/retf/source/v2/mpc/inputbinding/process_consistency.go:79.2,80.16 2 1
github.com/retf/source/v2/mpc/inputbinding/process_consistency.go:80.16,82.3 1 0
github.com/retf/source/v2/mpc/inputbinding/process_consistency.go:83.2,95.72 1 1
github.com/retf/source/v2/mpc/inputbinding/process_consistency.go:95.72,97.3 1 0
github.com/retf/source/v2/mpc/inputbinding/process_consistency.go:98.2,99.66 1 1
github.com/retf/source/v2/mpc/inputbinding/process_consistency.go:99.66,101.3 1 0
github.com/retf/source/v2/mpc/inputbinding/process_consistency.go:102.2,114.16 3 1
github.com/retf/source/v2/mpc/inputbinding/process_consistency.go:114.16,116.3 1 0
github.com/retf/source/v2/mpc/inputbinding/process_consistency.go:117.2,118.18 2 1
github.com/retf/source/v2/mpc/inputbinding/process_consistency.go:118.18,120.3 1 0
github.com/retf/source/v2/mpc/inputbinding/process_consistency.go:121.2,130.38 10 1
github.com/retf/source/v2/mpc/inputbinding/process_consistency.go:130.38,131.61 1 1
github.com/retf/source/v2/mpc/inputbinding/process_consistency.go:131.61,133.4 1 0
github.com/retf/source/v2/mpc/inputbinding/process_consistency.go:134.3,134.125 1 1
github.com/retf/source/v2/mpc/inputbinding/process_consistency.go:136.2,154.50 4 1
github.com/retf/source/v2/mpc/inputbinding/process_consistency.go:154.50,156.3 1 0
github.com/retf/source/v2/mpc/inputbinding/process_consistency.go:157.2,158.63 2 1
github.com/retf/source/v2/mpc/inputbinding/process_consistency.go:158.63,160.3 1 0
github.com/retf/source/v2/mpc/inputbinding/process_consistency.go:161.2,161.52 1 1
github.com/retf/source/v2/mpc/inputbinding/process_consistency.go:161.52,163.3 1 0
github.com/retf/source/v2/mpc/inputbinding/process_consistency.go:164.2,165.42 2 1
github.com/retf/source/v2/mpc/inputbinding/process_consistency.go:165.42,167.3 1 0
github.com/retf/source/v2/mpc/inputbinding/process_consistency.go:168.2,179.8 1 1
github.com/retf/source/v2/mpc/inputbinding/process_consistency.go:182.58,183.46 1 1
github.com/retf/source/v2/mpc/inputbinding/process_consistency.go:183.46,185.3 1 0
github.com/retf/source/v2/mpc/inputbinding/process_consistency.go:186.2,187.44 2 1
github.com/retf/source/v2/mpc/inputbinding/process_consistency.go:187.44,189.3 1 0
github.com/retf/source/v2/mpc/inputbinding/process_consistency.go:190.2,191.16 2 1
github.com/retf/source/v2/mpc/inputbinding/process_consistency.go:191.16,193.3 1 0
github.com/retf/source/v2/mpc/inputbinding/process_consistency.go:194.2,196.49 3 1
github.com/retf/source/v2/mpc/inputbinding/process_consistency.go:196.49,198.3 1 0
github.com/retf/source/v2/mpc/inputbinding/process_consistency.go:199.2,199.53 1 1
github.com/retf/source/v2/mpc/inputbinding/process_consistency.go:199.53,201.3 1 0
github.com/retf/source/v2/mpc/inputbinding/process_consistency.go:202.2,202.12 1 1
github.com/retf/source/v2/mpc/inputbinding/process_consistency.go:210.63,211.44 1 0
github.com/retf/source/v2/mpc/inputbinding/process_consistency.go:211.44,213.3 1 0
github.com/retf/source/v2/mpc/inputbinding/process_consistency.go:214.2,214.35 1 0
github.com/retf/source/v2/mpc/inputbinding/verified_launcher.go:19.101,23.66 1 0
github.com/retf/source/v2/mpc/inputbinding/verified_launcher.go:23.66,25.3 1 0
github.com/retf/source/v2/mpc/inputbinding/verified_launcher.go:26.2,27.96 2 0
