Using statistical security parameter 40
Trying to run 255-bit computation (256-bit representation)
S3_FMATCH_TEST valid=1 commitment=17735864282401881812746123443507725453527373912514152379555615506383471083588 aggregate_quantity=2843381 aggregate_settlement=1262465924373
S3_MATCH slot=0 active=1 buy_rank=1 sell_rank=13 price=601884 quantity=177864 settlement=107053495776 buy_residual=0 sell_residual=637716
S3_MATCH slot=1 active=1 buy_rank=0 sell_rank=13 price=617736 quantity=637716 settlement=393940130976 buy_residual=235493 sell_residual=0
S3_MATCH slot=2 active=1 buy_rank=0 sell_rank=4 price=615826 quantity=235493 settlement=145022712218 buy_residual=0 sell_residual=180967
S3_MATCH slot=3 active=1 buy_rank=2 sell_rank=4 price=599071 quantity=2158 settlement=1292795218 buy_residual=0 sell_residual=178809
S3_MATCH slot=4 active=1 buy_rank=3 sell_rank=4 price=603368 quantity=178809 settlement=107887628712 buy_residual=457180 sell_residual=0
S3_MATCH slot=5 active=1 buy_rank=3 sell_rank=6 price=610016 quantity=4472 settlement=2727991552 buy_residual=452708 sell_residual=0
S3_MATCH slot=6 active=1 buy_rank=3 sell_rank=11 price=868975 quantity=452708 settlement=393391934300 buy_residual=0 sell_residual=297159
S3_MATCH slot=7 active=1 buy_rank=6 sell_rank=9 price=90072 quantity=799189 settlement=71984551608 buy_residual=170973 sell_residual=0
S3_MATCH slot=8 active=1 buy_rank=6 sell_rank=3 price=68626 quantity=170973 settlement=11733193098 buy_residual=0 sell_residual=183999
S3_MATCH slot=9 active=1 buy_rank=4 sell_rank=3 price=149085 quantity=183999 settlement=27431490915 buy_residual=551309 sell_residual=0
S3_MATCH slot=10 active=0 buy_rank=0 sell_rank=0 price=0 quantity=0 settlement=0 buy_residual=0 sell_residual=0
S3_MATCH slot=11 active=0 buy_rank=0 sell_rank=0 price=0 quantity=0 settlement=0 buy_residual=0 sell_residual=0
S3_MATCH slot=12 active=0 buy_rank=0 sell_rank=0 price=0 quantity=0 settlement=0 buy_residual=0 sell_residual=0
S3_MATCH slot=13 active=0 buy_rank=0 sell_rank=0 price=0 quantity=0 settlement=0 buy_residual=0 sell_residual=0
S3_MATCH slot=14 active=0 buy_rank=0 sell_rank=0 price=0 quantity=0 settlement=0 buy_residual=0 sell_residual=0
S3_MATCH slot=15 active=0 buy_rank=0 sell_rank=0 price=0 quantity=0 settlement=0 buy_residual=0 sell_residual=0
S3_MATCH slot=16 active=0 buy_rank=0 sell_rank=0 price=0 quantity=0 settlement=0 buy_residual=0 sell_residual=0
S3_MATCH slot=17 active=0 buy_rank=0 sell_rank=0 price=0 quantity=0 settlement=0 buy_residual=0 sell_residual=0
S3_MATCH slot=18 active=0 buy_rank=0 sell_rank=0 price=0 quantity=0 settlement=0 buy_residual=0 sell_residual=0
S3_MATCH slot=19 active=0 buy_rank=0 sell_rank=0 price=0 quantity=0 settlement=0 buy_residual=0 sell_residual=0
S3_MATCH slot=20 active=0 buy_rank=0 sell_rank=0 price=0 quantity=0 settlement=0 buy_residual=0 sell_residual=0
S3_MATCH slot=21 active=0 buy_rank=0 sell_rank=0 price=0 quantity=0 settlement=0 buy_residual=0 sell_residual=0
S3_MATCH slot=22 active=0 buy_rank=0 sell_rank=0 price=0 quantity=0 settlement=0 buy_residual=0 sell_residual=0
S3_MATCH slot=23 active=0 buy_rank=0 sell_rank=0 price=0 quantity=0 settlement=0 buy_residual=0 sell_residual=0
S3_MATCH slot=24 active=0 buy_rank=0 sell_rank=0 price=0 quantity=0 settlement=0 buy_residual=0 sell_residual=0
S3_MATCH slot=25 active=0 buy_rank=0 sell_rank=0 price=0 quantity=0 settlement=0 buy_residual=0 sell_residual=0
S3_MATCH slot=26 active=0 buy_rank=0 sell_rank=0 price=0 quantity=0 settlement=0 buy_residual=0 sell_residual=0
S3_MATCH slot=27 active=0 buy_rank=0 sell_rank=0 price=0 quantity=0 settlement=0 buy_residual=0 sell_residual=0
S3_MATCH slot=28 active=0 buy_rank=0 sell_rank=0 price=0 quantity=0 settlement=0 buy_residual=0 sell_residual=0
S3_MATCH slot=29 active=0 buy_rank=0 sell_rank=0 price=0 quantity=0 settlement=0 buy_residual=0 sell_residual=0
S3_MATCH slot=30 active=0 buy_rank=0 sell_rank=0 price=0 quantity=0 settlement=0 buy_residual=0 sell_residual=0
S3_RESIDUAL side=buy rank=1 quantity=0
S3_RESIDUAL side=buy rank=0 quantity=0
S3_RESIDUAL side=buy rank=2 quantity=0
S3_RESIDUAL side=buy rank=3 quantity=0
S3_RESIDUAL side=buy rank=6 quantity=0
S3_RESIDUAL side=buy rank=4 quantity=551309
S3_RESIDUAL side=buy rank=5 quantity=691967
S3_RESIDUAL side=buy rank=7 quantity=0
S3_RESIDUAL side=buy rank=8 quantity=0
S3_RESIDUAL side=buy rank=9 quantity=0
S3_RESIDUAL side=buy rank=10 quantity=0
S3_RESIDUAL side=buy rank=11 quantity=0
S3_RESIDUAL side=buy rank=12 quantity=0
S3_RESIDUAL side=buy rank=13 quantity=0
S3_RESIDUAL side=buy rank=14 quantity=0
S3_RESIDUAL side=buy rank=15 quantity=0
S3_RESIDUAL side=sell rank=13 quantity=0
S3_RESIDUAL side=sell rank=4 quantity=0
S3_RESIDUAL side=sell rank=6 quantity=0
S3_RESIDUAL side=sell rank=11 quantity=297159
S3_RESIDUAL side=sell rank=9 quantity=0
S3_RESIDUAL side=sell rank=2 quantity=148508
S3_RESIDUAL side=sell rank=10 quantity=496747
S3_RESIDUAL side=sell rank=3 quantity=0
S3_RESIDUAL side=sell rank=14 quantity=781006
S3_RESIDUAL side=sell rank=7 quantity=100123
S3_RESIDUAL side=sell rank=12 quantity=180169
S3_RESIDUAL side=sell rank=1 quantity=544199
S3_RESIDUAL side=sell rank=0 quantity=531994
S3_RESIDUAL side=sell rank=8 quantity=413726
S3_RESIDUAL side=sell rank=5 quantity=696319
S3_RESIDUAL side=sell rank=15 quantity=0
The following benchmarks are including preprocessing (offline phase).
Time = 2.49076 seconds 
Data sent = 56.5948 MB in ~14142 rounds (party 0 only; use '-v' for more details)
Global data sent = 169.464 MB (all parties)
This program might benefit from some protocol options.
Consider adding the following at the beginning of your code:
	program.use_edabit(True)
