Using statistical security parameter 40
Trying to run 255-bit computation (256-bit representation)
S3_FMATCH_TEST valid=1 commitment=-13631149216810475493517143027538731367311163888549542537069024524227924666011 aggregate_quantity=3396779 aggregate_settlement=2571652213480
S3_MATCH slot=0 active=1 buy_rank=7 sell_rank=8 price=349126 quantity=235938 settlement=82372090188 buy_residual=0 sell_residual=256386
S3_MATCH slot=1 active=1 buy_rank=9 sell_rank=8 price=419962 quantity=210641 settlement=88461215642 buy_residual=0 sell_residual=45745
S3_MATCH slot=2 active=1 buy_rank=2 sell_rank=8 price=701844 quantity=45745 settlement=32105853780 buy_residual=706149 sell_residual=0
S3_MATCH slot=3 active=1 buy_rank=2 sell_rank=2 price=788025 quantity=672269 settlement=529764778725 buy_residual=33880 sell_residual=0
S3_MATCH slot=4 active=1 buy_rank=2 sell_rank=7 price=1011764 quantity=33368 settlement=33760541152 buy_residual=512 sell_residual=0
S3_MATCH slot=5 active=1 buy_rank=2 sell_rank=0 price=803244 quantity=512 settlement=411260928 buy_residual=0 sell_residual=423098
S3_MATCH slot=6 active=1 buy_rank=1 sell_rank=0 price=564850 quantity=47543 settlement=26854663550 buy_residual=0 sell_residual=375555
S3_MATCH slot=7 active=1 buy_rank=0 sell_rank=0 price=757270 quantity=375555 settlement=284396534850 buy_residual=556529 sell_residual=0
S3_MATCH slot=8 active=1 buy_rank=0 sell_rank=6 price=934048 quantity=65587 settlement=61261406176 buy_residual=490942 sell_residual=0
S3_MATCH slot=9 active=1 buy_rank=0 sell_rank=10 price=742548 quantity=490942 settlement=364548000216 buy_residual=0 sell_residual=277447
S3_MATCH slot=10 active=1 buy_rank=3 sell_rank=10 price=662462 quantity=277447 settlement=183798094514 buy_residual=222075 sell_residual=0
S3_MATCH slot=11 active=1 buy_rank=3 sell_rank=3 price=742050 quantity=222075 settlement=164790753750 buy_residual=0 sell_residual=389539
S3_MATCH slot=12 active=1 buy_rank=10 sell_rank=3 price=916783 quantity=389539 settlement=357122733037 buy_residual=329618 sell_residual=0
S3_MATCH slot=13 active=1 buy_rank=10 sell_rank=9 price=1098254 quantity=329618 settlement=362004286972 buy_residual=0 sell_residual=357332
S3_MATCH slot=14 active=0 buy_rank=0 sell_rank=0 price=0 quantity=0 settlement=0 buy_residual=0 sell_residual=0
S3_MATCH slot=15 active=0 buy_rank=0 sell_rank=0 price=0 quantity=0 settlement=0 buy_residual=0 sell_residual=0
S3_MATCH slot=16 active=0 buy_rank=0 sell_rank=0 price=0 quantity=0 settlement=0 buy_residual=0 sell_residual=0
S3_MATCH slot=17 active=0 buy_rank=0 sell_rank=0 price=0 quantity=0 settlement=0 buy_residual=0 sell_residual=0
S3_MATCH slot=18 active=0 buy_rank=0 sell_rank=0 price=0 quantity=0 settlement=0 buy_residual=0 sell_residual=0
S3_MATCH slot=19 active=0 buy_rank=0 sell_rank=0 price=0 quantity=0 settlement=0 buy_residual=0 sell_residual=0
S3_MATCH slot=20 active=0 buy_rank=0 sell_rank=0 price=0 quantity=0 settlement=0 buy_residual=0 sell_residual=0
S3_MATCH slot=21 active=0 buy_rank=0 sell_rank=0 price=0 quantity=0 settlement=0 buy_residual=0 sell_residual=0
S3_MATCH slot=22 active=0 buy_rank=0 sell_rank=0 price=0 quantity=0 settlement=0 buy_residual=0 sell_residual=0
S3_MATCH slot=23 active=0 buy_rank=0 sell_rank=0 price=0 quantity=0 settlement=0 buy_residual=0 sell_residual=0
S3_MATCH slot=24 active=0 buy_rank=0 sell_rank=0 price=0 quantity=0 settlement=0 buy_residual=0 sell_residual=0
S3_MATCH slot=25 active=0 buy_rank=0 sell_rank=0 price=0 quantity=0 settlement=0 buy_residual=0 sell_residual=0
S3_MATCH slot=26 active=0 buy_rank=0 sell_rank=0 price=0 quantity=0 settlement=0 buy_residual=0 sell_residual=0
S3_MATCH slot=27 active=0 buy_rank=0 sell_rank=0 price=0 quantity=0 settlement=0 buy_residual=0 sell_residual=0
S3_MATCH slot=28 active=0 buy_rank=0 sell_rank=0 price=0 quantity=0 settlement=0 buy_residual=0 sell_residual=0
S3_MATCH slot=29 active=0 buy_rank=0 sell_rank=0 price=0 quantity=0 settlement=0 buy_residual=0 sell_residual=0
S3_MATCH slot=30 active=0 buy_rank=0 sell_rank=0 price=0 quantity=0 settlement=0 buy_residual=0 sell_residual=0
S3_RESIDUAL side=buy rank=7 quantity=0
S3_RESIDUAL side=buy rank=9 quantity=0
S3_RESIDUAL side=buy rank=2 quantity=0
S3_RESIDUAL side=buy rank=1 quantity=0
S3_RESIDUAL side=buy rank=0 quantity=0
S3_RESIDUAL side=buy rank=3 quantity=0
S3_RESIDUAL side=buy rank=10 quantity=0
S3_RESIDUAL side=buy rank=11 quantity=100529
S3_RESIDUAL side=buy rank=5 quantity=761920
S3_RESIDUAL side=buy rank=4 quantity=409173
S3_RESIDUAL side=buy rank=6 quantity=177311
S3_RESIDUAL side=buy rank=8 quantity=770917
S3_RESIDUAL side=buy rank=12 quantity=0
S3_RESIDUAL side=buy rank=13 quantity=0
S3_RESIDUAL side=buy rank=14 quantity=0
S3_RESIDUAL side=buy rank=15 quantity=0
S3_RESIDUAL side=sell rank=8 quantity=0
S3_RESIDUAL side=sell rank=2 quantity=0
S3_RESIDUAL side=sell rank=7 quantity=0
S3_RESIDUAL side=sell rank=0 quantity=0
S3_RESIDUAL side=sell rank=6 quantity=0
S3_RESIDUAL side=sell rank=10 quantity=0
S3_RESIDUAL side=sell rank=3 quantity=0
S3_RESIDUAL side=sell rank=4 quantity=750914
S3_RESIDUAL side=sell rank=11 quantity=444867
S3_RESIDUAL side=sell rank=9 quantity=357332
S3_RESIDUAL side=sell rank=12 quantity=722257
S3_RESIDUAL side=sell rank=1 quantity=454887
S3_RESIDUAL side=sell rank=5 quantity=27226
S3_RESIDUAL side=sell rank=13 quantity=0
S3_RESIDUAL side=sell rank=14 quantity=0
S3_RESIDUAL side=sell rank=15 quantity=0
The following benchmarks are including preprocessing (offline phase).
Time = 2.47433 seconds 
Data sent = 56.5948 MB in ~14142 rounds (party 0 only; use '-v' for more details)
Global data sent = 169.464 MB (all parties)
This program might benefit from some protocol options.
Consider adding the following at the beginning of your code:
	program.use_edabit(True)
