Using statistical security parameter 40
Trying to run 255-bit computation (256-bit representation)
S3_FMATCH_TEST valid=1 commitment=-16774315385692305968409764921357302471487324716897209168941979985031271058926 aggregate_quantity=2114003 aggregate_settlement=640552804009
S3_MATCH slot=0 active=1 buy_rank=8 sell_rank=2 price=587776 quantity=345731 settlement=203212384256 buy_residual=0 sell_residual=445831
S3_MATCH slot=1 active=1 buy_rank=9 sell_rank=2 price=424680 quantity=60820 settlement=25829037600 buy_residual=0 sell_residual=385011
S3_MATCH slot=2 active=1 buy_rank=10 sell_rank=2 price=376838 quantity=385011 settlement=145086775218 buy_residual=66045 sell_residual=0
S3_MATCH slot=3 active=1 buy_rank=10 sell_rank=15 price=416376 quantity=66045 settlement=27499552920 buy_residual=0 sell_residual=360264
S3_MATCH slot=4 active=1 buy_rank=0 sell_rank=15 price=309616 quantity=75159 settlement=23270428944 buy_residual=0 sell_residual=285105
S3_MATCH slot=5 active=1 buy_rank=4 sell_rank=15 price=368366 quantity=42561 settlement=15678025326 buy_residual=0 sell_residual=242544
S3_MATCH slot=6 active=1 buy_rank=11 sell_rank=15 price=342208 quantity=242544 settlement=83000497152 buy_residual=48643 sell_residual=0
S3_MATCH slot=7 active=1 buy_rank=11 sell_rank=5 price=401561 quantity=48643 settlement=19533131723 buy_residual=0 sell_residual=420254
S3_MATCH slot=8 active=1 buy_rank=5 sell_rank=3 price=87372 quantity=582254 settlement=50872696488 buy_residual=0 sell_residual=235484
S3_MATCH slot=9 active=1 buy_rank=3 sell_rank=3 price=174678 quantity=235484 settlement=41133874152 buy_residual=514863 sell_residual=0
S3_MATCH slot=10 active=1 buy_rank=3 sell_rank=10 price=182730 quantity=29751 settlement=5436400230 buy_residual=485112 sell_residual=0
S3_MATCH slot=11 active=0 buy_rank=0 sell_rank=0 price=0 quantity=0 settlement=0 buy_residual=0 sell_residual=0
S3_MATCH slot=12 active=0 buy_rank=0 sell_rank=0 price=0 quantity=0 settlement=0 buy_residual=0 sell_residual=0
S3_MATCH slot=13 active=0 buy_rank=0 sell_rank=0 price=0 quantity=0 settlement=0 buy_residual=0 sell_residual=0
S3_MATCH slot=14 active=0 buy_rank=0 sell_rank=0 price=0 quantity=0 settlement=0 buy_residual=0 sell_residual=0
S3_MATCH slot=15 active=0 buy_rank=0 sell_rank=0 price=0 quantity=0 settlement=0 buy_residual=0 sell_residual=0
S3_MATCH slot=16 active=0 buy_rank=0 sell_rank=0 price=0 quantity=0 settlement=0 buy_residual=0 sell_residual=0
S3_MATCH slot=17 active=0 buy_rank=0 sell_rank=0 price=0 quantity=0 settlement=0 buy_residual=0 sell_residual=0
S3_MATCH slot=18 active=0 buy_rank=0 sell_rank=0 price=0 quantity=0 settlement=0 buy_residual=0 sell_residual=0
S3_MATCH slot=19 active=0 buy_rank=0 sell_rank=0 price=0 quantity=0 settlement=0 buy_residual=0 sell_residual=0
S3_MATCH slot=20 active=0 buy_rank=0 sell_rank=0 price=0 quantity=0 settlement=0 buy_residual=0 sell_residual=0
S3_MATCH slot=21 active=0 buy_rank=0 sell_rank=0 price=0 quantity=0 settlement=0 buy_residual=0 sell_residual=0
S3_MATCH slot=22 active=0 buy_rank=0 sell_rank=0 price=0 quantity=0 settlement=0 buy_residual=0 sell_residual=0
S3_MATCH slot=23 active=0 buy_rank=0 sell_rank=0 price=0 quantity=0 settlement=0 buy_residual=0 sell_residual=0
S3_MATCH slot=24 active=0 buy_rank=0 sell_rank=0 price=0 quantity=0 settlement=0 buy_residual=0 sell_residual=0
S3_MATCH slot=25 active=0 buy_rank=0 sell_rank=0 price=0 quantity=0 settlement=0 buy_residual=0 sell_residual=0
S3_MATCH slot=26 active=0 buy_rank=0 sell_rank=0 price=0 quantity=0 settlement=0 buy_residual=0 sell_residual=0
S3_MATCH slot=27 active=0 buy_rank=0 sell_rank=0 price=0 quantity=0 settlement=0 buy_residual=0 sell_residual=0
S3_MATCH slot=28 active=0 buy_rank=0 sell_rank=0 price=0 quantity=0 settlement=0 buy_residual=0 sell_residual=0
S3_MATCH slot=29 active=0 buy_rank=0 sell_rank=0 price=0 quantity=0 settlement=0 buy_residual=0 sell_residual=0
S3_MATCH slot=30 active=0 buy_rank=0 sell_rank=0 price=0 quantity=0 settlement=0 buy_residual=0 sell_residual=0
S3_RESIDUAL side=buy rank=8 quantity=0
S3_RESIDUAL side=buy rank=9 quantity=0
S3_RESIDUAL side=buy rank=10 quantity=0
S3_RESIDUAL side=buy rank=0 quantity=0
S3_RESIDUAL side=buy rank=4 quantity=0
S3_RESIDUAL side=buy rank=11 quantity=0
S3_RESIDUAL side=buy rank=5 quantity=0
S3_RESIDUAL side=buy rank=3 quantity=485112
S3_RESIDUAL side=buy rank=1 quantity=439878
S3_RESIDUAL side=buy rank=7 quantity=448185
S3_RESIDUAL side=buy rank=2 quantity=659896
S3_RESIDUAL side=buy rank=6 quantity=459907
S3_RESIDUAL side=buy rank=12 quantity=0
S3_RESIDUAL side=buy rank=13 quantity=0
S3_RESIDUAL side=buy rank=14 quantity=0
S3_RESIDUAL side=buy rank=15 quantity=0
S3_RESIDUAL side=sell rank=2 quantity=0
S3_RESIDUAL side=sell rank=15 quantity=0
S3_RESIDUAL side=sell rank=5 quantity=420254
S3_RESIDUAL side=sell rank=12 quantity=472185
S3_RESIDUAL side=sell rank=7 quantity=367754
S3_RESIDUAL side=sell rank=0 quantity=762063
S3_RESIDUAL side=sell rank=14 quantity=103810
S3_RESIDUAL side=sell rank=1 quantity=751866
S3_RESIDUAL side=sell rank=9 quantity=297664
S3_RESIDUAL side=sell rank=3 quantity=0
S3_RESIDUAL side=sell rank=10 quantity=0
S3_RESIDUAL side=sell rank=6 quantity=591708
S3_RESIDUAL side=sell rank=8 quantity=850808
S3_RESIDUAL side=sell rank=13 quantity=327150
S3_RESIDUAL side=sell rank=4 quantity=539790
S3_RESIDUAL side=sell rank=11 quantity=997018
The following benchmarks are including preprocessing (offline phase).
Time = 2.79551 seconds 
Data sent = 56.5948 MB in ~14142 rounds (party 0 only; use '-v' for more details)
Global data sent = 169.464 MB (all parties)
This program might benefit from some protocol options.
Consider adding the following at the beginning of your code:
	program.use_edabit(True)
