Using statistical security parameter 40
Trying to run 255-bit computation (256-bit representation)
S3_FMATCH_TEST valid=1 commitment=-20900004557281102540082716589531494528670020726090403261005452204189103884264 aggregate_quantity=2373883 aggregate_settlement=1068478997577
S3_MATCH slot=0 active=1 buy_rank=7 sell_rank=10 price=508135 quantity=319084 settlement=162137748340 buy_residual=385516 sell_residual=0
S3_MATCH slot=1 active=1 buy_rank=7 sell_rank=9 price=571705 quantity=385516 settlement=220401424780 buy_residual=0 sell_residual=145187
S3_MATCH slot=2 active=1 buy_rank=1 sell_rank=9 price=457765 quantity=17055 settlement=7807182075 buy_residual=0 sell_residual=128132
S3_MATCH slot=3 active=1 buy_rank=2 sell_rank=9 price=489619 quantity=128132 settlement=62735861708 buy_residual=471385 sell_residual=0
S3_MATCH slot=4 active=1 buy_rank=2 sell_rank=1 price=537406 quantity=471385 settlement=253325127310 buy_residual=0 sell_residual=189922
S3_MATCH slot=5 active=1 buy_rank=6 sell_rank=1 price=701150 quantity=122234 settlement=85704369100 buy_residual=0 sell_residual=67688
S3_MATCH slot=6 active=1 buy_rank=10 sell_rank=1 price=634993 quantity=67688 settlement=42981406184 buy_residual=76306 sell_residual=0
S3_MATCH slot=7 active=1 buy_rank=10 sell_rank=11 price=906019 quantity=76306 settlement=69134685814 buy_residual=0 sell_residual=316779
S3_MATCH slot=8 active=1 buy_rank=4 sell_rank=7 price=200732 quantity=728530 settlement=146239283960 buy_residual=57953 sell_residual=0
S3_MATCH slot=9 active=1 buy_rank=4 sell_rank=5 price=310802 quantity=57953 settlement=18011908306 buy_residual=0 sell_residual=859926
S3_MATCH slot=10 active=0 buy_rank=0 sell_rank=0 price=0 quantity=0 settlement=0 buy_residual=0 sell_residual=0
S3_MATCH slot=11 active=0 buy_rank=0 sell_rank=0 price=0 quantity=0 settlement=0 buy_residual=0 sell_residual=0
S3_MATCH slot=12 active=0 buy_rank=0 sell_rank=0 price=0 quantity=0 settlement=0 buy_residual=0 sell_residual=0
S3_MATCH slot=13 active=0 buy_rank=0 sell_rank=0 price=0 quantity=0 settlement=0 buy_residual=0 sell_residual=0
S3_MATCH slot=14 active=0 buy_rank=0 sell_rank=0 price=0 quantity=0 settlement=0 buy_residual=0 sell_residual=0
S3_MATCH slot=15 active=0 buy_rank=0 sell_rank=0 price=0 quantity=0 settlement=0 buy_residual=0 sell_residual=0
S3_MATCH slot=16 active=0 buy_rank=0 sell_rank=0 price=0 quantity=0 settlement=0 buy_residual=0 sell_residual=0
S3_MATCH slot=17 active=0 buy_rank=0 sell_rank=0 price=0 quantity=0 settlement=0 buy_residual=0 sell_residual=0
S3_MATCH slot=18 active=0 buy_rank=0 sell_rank=0 price=0 quantity=0 settlement=0 buy_residual=0 sell_residual=0
S3_MATCH slot=19 active=0 buy_rank=0 sell_rank=0 price=0 quantity=0 settlement=0 buy_residual=0 sell_residual=0
S3_MATCH slot=20 active=0 buy_rank=0 sell_rank=0 price=0 quantity=0 settlement=0 buy_residual=0 sell_residual=0
S3_MATCH slot=21 active=0 buy_rank=0 sell_rank=0 price=0 quantity=0 settlement=0 buy_residual=0 sell_residual=0
S3_MATCH slot=22 active=0 buy_rank=0 sell_rank=0 price=0 quantity=0 settlement=0 buy_residual=0 sell_residual=0
S3_MATCH slot=23 active=0 buy_rank=0 sell_rank=0 price=0 quantity=0 settlement=0 buy_residual=0 sell_residual=0
S3_MATCH slot=24 active=0 buy_rank=0 sell_rank=0 price=0 quantity=0 settlement=0 buy_residual=0 sell_residual=0
S3_MATCH slot=25 active=0 buy_rank=0 sell_rank=0 price=0 quantity=0 settlement=0 buy_residual=0 sell_residual=0
S3_MATCH slot=26 active=0 buy_rank=0 sell_rank=0 price=0 quantity=0 settlement=0 buy_residual=0 sell_residual=0
S3_MATCH slot=27 active=0 buy_rank=0 sell_rank=0 price=0 quantity=0 settlement=0 buy_residual=0 sell_residual=0
S3_MATCH slot=28 active=0 buy_rank=0 sell_rank=0 price=0 quantity=0 settlement=0 buy_residual=0 sell_residual=0
S3_MATCH slot=29 active=0 buy_rank=0 sell_rank=0 price=0 quantity=0 settlement=0 buy_residual=0 sell_residual=0
S3_MATCH slot=30 active=0 buy_rank=0 sell_rank=0 price=0 quantity=0 settlement=0 buy_residual=0 sell_residual=0
S3_RESIDUAL side=buy rank=7 quantity=0
S3_RESIDUAL side=buy rank=1 quantity=0
S3_RESIDUAL side=buy rank=2 quantity=0
S3_RESIDUAL side=buy rank=6 quantity=0
S3_RESIDUAL side=buy rank=10 quantity=0
S3_RESIDUAL side=buy rank=4 quantity=0
S3_RESIDUAL side=buy rank=11 quantity=897388
S3_RESIDUAL side=buy rank=9 quantity=466538
S3_RESIDUAL side=buy rank=8 quantity=796884
S3_RESIDUAL side=buy rank=5 quantity=336077
S3_RESIDUAL side=buy rank=0 quantity=271686
S3_RESIDUAL side=buy rank=3 quantity=354264
S3_RESIDUAL side=buy rank=12 quantity=0
S3_RESIDUAL side=buy rank=13 quantity=0
S3_RESIDUAL side=buy rank=14 quantity=0
S3_RESIDUAL side=buy rank=15 quantity=0
S3_RESIDUAL side=sell rank=10 quantity=0
S3_RESIDUAL side=sell rank=9 quantity=0
S3_RESIDUAL side=sell rank=1 quantity=0
S3_RESIDUAL side=sell rank=11 quantity=316779
S3_RESIDUAL side=sell rank=7 quantity=0
S3_RESIDUAL side=sell rank=6 quantity=861026
S3_RESIDUAL side=sell rank=5 quantity=859926
S3_RESIDUAL side=sell rank=2 quantity=28712
S3_RESIDUAL side=sell rank=0 quantity=644948
S3_RESIDUAL side=sell rank=8 quantity=33894
S3_RESIDUAL side=sell rank=4 quantity=106137
S3_RESIDUAL side=sell rank=3 quantity=720065
S3_RESIDUAL side=sell rank=12 quantity=0
S3_RESIDUAL side=sell rank=13 quantity=0
S3_RESIDUAL side=sell rank=14 quantity=0
S3_RESIDUAL side=sell rank=15 quantity=0
The following benchmarks are including preprocessing (offline phase).
Time = 2.46899 seconds 
Data sent = 56.5948 MB in ~14142 rounds (party 0 only; use '-v' for more details)
Global data sent = 169.464 MB (all parties)
This program might benefit from some protocol options.
Consider adding the following at the beginning of your code:
	program.use_edabit(True)
