Using statistical security parameter 40
Trying to run 255-bit computation (256-bit representation)
This program might benefit from some protocol options.
Consider adding the following at the beginning of your code:
	program.use_edabit(True)
Setup took 0.0946046 seconds.
S3_FMATCH valid=1 commitment_bits=100001100100000101110001110110011010101011100010010101110101010001110011001111110010001110101110010111011000011000111101000100010010110010110110001111011101010001101100011011010111101111010011001010101001001111001011100100001011100101011000100001110001111
Compiler: ./compile.py -F 255 saib_fmatch 32
	7555 triples of malicious replicated gfp left
	2034 bits of malicious replicated gfp left
Detailed costs:
           906 integer inputs
        431084 integer multiplications
        869005 integer openings
Spent 4.13792 seconds (28.202 MB, 29961 rounds, 6.06599 CPU seconds) on the online phase and 1.24749 seconds (96.338 MB, 542 rounds, 6.06641 CPU seconds) on the preprocessing/offline phase.
Communication details:
Broadcasting 0.191432 MB in 5971 rounds, taking 1.00639 seconds
Passing around 119.357 MB in 24502 rounds, taking 2.93145 seconds
Receiving directly 4.8 MB in 15 rounds, taking 0.0096546 seconds
Sending directly 4.8 MB in 15 rounds, taking 0.00566306 seconds
CPU time = 6.06868
The following benchmarks are including preprocessing (offline phase).
Time = 5.41347 seconds 
Data sent = 124.54 MB in ~30503 rounds (party 0 only)
Global data sent = 373.3 MB (all parties)
Actual preprocessing cost of program:
  Type int
        432445        Triples
        457966           Bits
This program might benefit from some protocol options.
Consider adding the following at the beginning of your code:
	program.use_edabit(True)
Command line: /mnt/g/paperexper/retf/third_party/MP-SPDZ-s3.1.1-patched/malicious-rep-field-party.x 0 saib_fmatch-32 -pn 27200 -h localhost -P 52435875175126190479447740508185965837690552500527637822603658699938581184513 -v
