Using statistical security parameter 40
Trying to run 255-bit computation (256-bit representation)
S3_FMATCH_TEST valid=1 commitment=7813474571977973976960965687880125375989137701843937712027699322081626973844 aggregate_quantity=2599652 aggregate_settlement=1162940998497
S3_MATCH slot=0 active=1 buy_rank=7 sell_rank=10 price=617100 quantity=379977 settlement=234483806700 buy_residual=240802 sell_residual=0
S3_MATCH slot=1 active=1 buy_rank=7 sell_rank=12 price=512103 quantity=240802 settlement=123315426606 buy_residual=0 sell_residual=566037
S3_MATCH slot=2 active=1 buy_rank=2 sell_rank=12 price=495586 quantity=566037 settlement=280520012682 buy_residual=81807 sell_residual=0
S3_MATCH slot=3 active=1 buy_rank=2 sell_rank=1 price=611393 quantity=81807 settlement=50016227151 buy_residual=0 sell_residual=735641
S3_MATCH slot=4 active=1 buy_rank=6 sell_rank=4 price=316245 quantity=180006 settlement=56925997470 buy_residual=23634 sell_residual=0
S3_MATCH slot=5 active=1 buy_rank=6 sell_rank=9 price=283908 quantity=23634 settlement=6709881672 buy_residual=0 sell_residual=373060
S3_MATCH slot=6 active=1 buy_rank=8 sell_rank=9 price=471201 quantity=99781 settlement=47016906981 buy_residual=0 sell_residual=273279
S3_MATCH slot=7 active=1 buy_rank=14 sell_rank=9 price=371881 quantity=273279 settlement=101627267799 buy_residual=565869 sell_residual=0
S3_MATCH slot=8 active=1 buy_rank=14 sell_rank=11 price=398739 quantity=49332 settlement=19670592348 buy_residual=516537 sell_residual=0
S3_MATCH slot=9 active=1 buy_rank=14 sell_rank=6 price=349544 quantity=516537 settlement=180552409128 buy_residual=0 sell_residual=188460
S3_MATCH slot=10 active=1 buy_rank=11 sell_rank=6 price=329526 quantity=188460 settlement=62102469960 buy_residual=788800 sell_residual=0
S3_MATCH slot=11 active=0 buy_rank=0 sell_rank=0 price=0 quantity=0 settlement=0 buy_residual=0 sell_residual=0
S3_MATCH slot=12 active=0 buy_rank=0 sell_rank=0 price=0 quantity=0 settlement=0 buy_residual=0 sell_residual=0
S3_MATCH slot=13 active=0 buy_rank=0 sell_rank=0 price=0 quantity=0 settlement=0 buy_residual=0 sell_residual=0
S3_MATCH slot=14 active=0 buy_rank=0 sell_rank=0 price=0 quantity=0 settlement=0 buy_residual=0 sell_residual=0
S3_MATCH slot=15 active=0 buy_rank=0 sell_rank=0 price=0 quantity=0 settlement=0 buy_residual=0 sell_residual=0
S3_MATCH slot=16 active=0 buy_rank=0 sell_rank=0 price=0 quantity=0 settlement=0 buy_residual=0 sell_residual=0
S3_MATCH slot=17 active=0 buy_rank=0 sell_rank=0 price=0 quantity=0 settlement=0 buy_residual=0 sell_residual=0
S3_MATCH slot=18 active=0 buy_rank=0 sell_rank=0 price=0 quantity=0 settlement=0 buy_residual=0 sell_residual=0
S3_MATCH slot=19 active=0 buy_rank=0 sell_rank=0 price=0 quantity=0 settlement=0 buy_residual=0 sell_residual=0
S3_MATCH slot=20 active=0 buy_rank=0 sell_rank=0 price=0 quantity=0 settlement=0 buy_residual=0 sell_residual=0
S3_MATCH slot=21 active=0 buy_rank=0 sell_rank=0 price=0 quantity=0 settlement=0 buy_residual=0 sell_residual=0
S3_MATCH slot=22 active=0 buy_rank=0 sell_rank=0 price=0 quantity=0 settlement=0 buy_residual=0 sell_residual=0
S3_MATCH slot=23 active=0 buy_rank=0 sell_rank=0 price=0 quantity=0 settlement=0 buy_residual=0 sell_residual=0
S3_MATCH slot=24 active=0 buy_rank=0 sell_rank=0 price=0 quantity=0 settlement=0 buy_residual=0 sell_residual=0
S3_MATCH slot=25 active=0 buy_rank=0 sell_rank=0 price=0 quantity=0 settlement=0 buy_residual=0 sell_residual=0
S3_MATCH slot=26 active=0 buy_rank=0 sell_rank=0 price=0 quantity=0 settlement=0 buy_residual=0 sell_residual=0
S3_MATCH slot=27 active=0 buy_rank=0 sell_rank=0 price=0 quantity=0 settlement=0 buy_residual=0 sell_residual=0
S3_MATCH slot=28 active=0 buy_rank=0 sell_rank=0 price=0 quantity=0 settlement=0 buy_residual=0 sell_residual=0
S3_MATCH slot=29 active=0 buy_rank=0 sell_rank=0 price=0 quantity=0 settlement=0 buy_residual=0 sell_residual=0
S3_MATCH slot=30 active=0 buy_rank=0 sell_rank=0 price=0 quantity=0 settlement=0 buy_residual=0 sell_residual=0
S3_RESIDUAL side=buy rank=7 quantity=0
S3_RESIDUAL side=buy rank=2 quantity=0
S3_RESIDUAL side=buy rank=6 quantity=0
S3_RESIDUAL side=buy rank=8 quantity=0
S3_RESIDUAL side=buy rank=14 quantity=0
S3_RESIDUAL side=buy rank=11 quantity=788800
S3_RESIDUAL side=buy rank=1 quantity=561629
S3_RESIDUAL side=buy rank=3 quantity=599549
S3_RESIDUAL side=buy rank=10 quantity=898537
S3_RESIDUAL side=buy rank=13 quantity=234821
S3_RESIDUAL side=buy rank=12 quantity=113981
S3_RESIDUAL side=buy rank=15 quantity=549747
S3_RESIDUAL side=buy rank=4 quantity=778906
S3_RESIDUAL side=buy rank=5 quantity=233535
S3_RESIDUAL side=buy rank=9 quantity=945840
S3_RESIDUAL side=buy rank=0 quantity=124943
S3_RESIDUAL side=sell rank=10 quantity=0
S3_RESIDUAL side=sell rank=12 quantity=0
S3_RESIDUAL side=sell rank=1 quantity=735641
S3_RESIDUAL side=sell rank=3 quantity=600379
S3_RESIDUAL side=sell rank=4 quantity=0
S3_RESIDUAL side=sell rank=9 quantity=0
S3_RESIDUAL side=sell rank=11 quantity=0
S3_RESIDUAL side=sell rank=6 quantity=0
S3_RESIDUAL side=sell rank=2 quantity=875685
S3_RESIDUAL side=sell rank=0 quantity=280368
S3_RESIDUAL side=sell rank=15 quantity=663277
S3_RESIDUAL side=sell rank=14 quantity=777357
S3_RESIDUAL side=sell rank=5 quantity=273045
S3_RESIDUAL side=sell rank=8 quantity=776121
S3_RESIDUAL side=sell rank=7 quantity=556954
S3_RESIDUAL side=sell rank=13 quantity=938250
The following benchmarks are including preprocessing (offline phase).
Time = 2.88502 seconds 
Data sent = 56.5948 MB in ~14142 rounds (party 0 only; use '-v' for more details)
Global data sent = 169.464 MB (all parties)
This program might benefit from some protocol options.
Consider adding the following at the beginning of your code:
	program.use_edabit(True)
