Using statistical security parameter 40
Trying to run 255-bit computation (256-bit representation)
S3_FMATCH_TEST valid=1 commitment=-22871692482992160606809315746208667083672344790514304697721000303430037942564 aggregate_quantity=5681032 aggregate_settlement=3155775884511
S3_MATCH slot=0 active=1 buy_rank=18 sell_rank=6 price=675565 quantity=659357 settlement=445438511705 buy_residual=0 sell_residual=151986
S3_MATCH slot=1 active=1 buy_rank=4 sell_rank=6 price=707366 quantity=151986 settlement=107509728876 buy_residual=755903 sell_residual=0
S3_MATCH slot=2 active=1 buy_rank=4 sell_rank=10 price=677543 quantity=314073 settlement=212797962639 buy_residual=441830 sell_residual=0
S3_MATCH slot=3 active=1 buy_rank=4 sell_rank=2 price=734415 quantity=245655 settlement=180412716825 buy_residual=196175 sell_residual=0
S3_MATCH slot=4 active=1 buy_rank=4 sell_rank=5 price=442533 quantity=196175 settlement=86813911275 buy_residual=0 sell_residual=442823
S3_MATCH slot=5 active=1 buy_rank=1 sell_rank=5 price=216939 quantity=442823 settlement=96065578797 buy_residual=288520 sell_residual=0
S3_MATCH slot=6 active=1 buy_rank=1 sell_rank=14 price=363359 quantity=288520 settlement=104836338680 buy_residual=0 sell_residual=409629
S3_MATCH slot=7 active=1 buy_rank=27 sell_rank=14 price=415344 quantity=409629 settlement=170136947376 buy_residual=2587 sell_residual=0
S3_MATCH slot=8 active=1 buy_rank=27 sell_rank=0 price=670727 quantity=2587 settlement=1735170749 buy_residual=0 sell_residual=888189
S3_MATCH slot=9 active=1 buy_rank=21 sell_rank=0 price=745450 quantity=761962 settlement=568004572900 buy_residual=0 sell_residual=126227
S3_MATCH slot=10 active=1 buy_rank=12 sell_rank=0 price=889689 quantity=126227 settlement=112302773403 buy_residual=171390 sell_residual=0
S3_MATCH slot=11 active=1 buy_rank=12 sell_rank=9 price=683585 quantity=171390 settlement=117159633150 buy_residual=0 sell_residual=297038
S3_MATCH slot=12 active=1 buy_rank=24 sell_rank=9 price=674113 quantity=297038 settlement=200237177294 buy_residual=685665 sell_residual=0
S3_MATCH slot=13 active=1 buy_rank=24 sell_rank=8 price=926885 quantity=333966 settlement=309548075910 buy_residual=351699 sell_residual=0
S3_MATCH slot=14 active=1 buy_rank=24 sell_rank=13 price=485463 quantity=351699 settlement=170736851637 buy_residual=0 sell_residual=178416
S3_MATCH slot=15 active=1 buy_rank=26 sell_rank=13 price=382751 quantity=178416 settlement=68288902416 buy_residual=658900 sell_residual=0
S3_MATCH slot=16 active=1 buy_rank=26 sell_rank=4 price=285853 quantity=658900 settlement=188348541700 buy_residual=0 sell_residual=90629
S3_MATCH slot=17 active=1 buy_rank=20 sell_rank=4 price=169951 quantity=90629 settlement=15402489179 buy_residual=414571 sell_residual=0
S3_MATCH slot=18 active=0 buy_rank=0 sell_rank=0 price=0 quantity=0 settlement=0 buy_residual=0 sell_residual=0
S3_MATCH slot=19 active=0 buy_rank=0 sell_rank=0 price=0 quantity=0 settlement=0 buy_residual=0 sell_residual=0
S3_MATCH slot=20 active=0 buy_rank=0 sell_rank=0 price=0 quantity=0 settlement=0 buy_residual=0 sell_residual=0
S3_MATCH slot=21 active=0 buy_rank=0 sell_rank=0 price=0 quantity=0 settlement=0 buy_residual=0 sell_residual=0
S3_MATCH slot=22 active=0 buy_rank=0 sell_rank=0 price=0 quantity=0 settlement=0 buy_residual=0 sell_residual=0
S3_MATCH slot=23 active=0 buy_rank=0 sell_rank=0 price=0 quantity=0 settlement=0 buy_residual=0 sell_residual=0
S3_MATCH slot=24 active=0 buy_rank=0 sell_rank=0 price=0 quantity=0 settlement=0 buy_residual=0 sell_residual=0
S3_MATCH slot=25 active=0 buy_rank=0 sell_rank=0 price=0 quantity=0 settlement=0 buy_residual=0 sell_residual=0
S3_MATCH slot=26 active=0 buy_rank=0 sell_rank=0 price=0 quantity=0 settlement=0 buy_residual=0 sell_residual=0
S3_MATCH slot=27 active=0 buy_rank=0 sell_rank=0 price=0 quantity=0 settlement=0 buy_residual=0 sell_residual=0
S3_MATCH slot=28 active=0 buy_rank=0 sell_rank=0 price=0 quantity=0 settlement=0 buy_residual=0 sell_residual=0
S3_MATCH slot=29 active=0 buy_rank=0 sell_rank=0 price=0 quantity=0 settlement=0 buy_residual=0 sell_residual=0
S3_MATCH slot=30 active=0 buy_rank=0 sell_rank=0 price=0 quantity=0 settlement=0 buy_residual=0 sell_residual=0
S3_MATCH slot=31 active=0 buy_rank=0 sell_rank=0 price=0 quantity=0 settlement=0 buy_residual=0 sell_residual=0
S3_MATCH slot=32 active=0 buy_rank=0 sell_rank=0 price=0 quantity=0 settlement=0 buy_residual=0 sell_residual=0
S3_MATCH slot=33 active=0 buy_rank=0 sell_rank=0 price=0 quantity=0 settlement=0 buy_residual=0 sell_residual=0
S3_MATCH slot=34 active=0 buy_rank=0 sell_rank=0 price=0 quantity=0 settlement=0 buy_residual=0 sell_residual=0
S3_MATCH slot=35 active=0 buy_rank=0 sell_rank=0 price=0 quantity=0 settlement=0 buy_residual=0 sell_residual=0
S3_MATCH slot=36 active=0 buy_rank=0 sell_rank=0 price=0 quantity=0 settlement=0 buy_residual=0 sell_residual=0
S3_MATCH slot=37 active=0 buy_rank=0 sell_rank=0 price=0 quantity=0 settlement=0 buy_residual=0 sell_residual=0
S3_MATCH slot=38 active=0 buy_rank=0 sell_rank=0 price=0 quantity=0 settlement=0 buy_residual=0 sell_residual=0
S3_MATCH slot=39 active=0 buy_rank=0 sell_rank=0 price=0 quantity=0 settlement=0 buy_residual=0 sell_residual=0
S3_MATCH slot=40 active=0 buy_rank=0 sell_rank=0 price=0 quantity=0 settlement=0 buy_residual=0 sell_residual=0
S3_MATCH slot=41 active=0 buy_rank=0 sell_rank=0 price=0 quantity=0 settlement=0 buy_residual=0 sell_residual=0
S3_MATCH slot=42 active=0 buy_rank=0 sell_rank=0 price=0 quantity=0 settlement=0 buy_residual=0 sell_residual=0
S3_MATCH slot=43 active=0 buy_rank=0 sell_rank=0 price=0 quantity=0 settlement=0 buy_residual=0 sell_residual=0
S3_MATCH slot=44 active=0 buy_rank=0 sell_rank=0 price=0 quantity=0 settlement=0 buy_residual=0 sell_residual=0
S3_MATCH slot=45 active=0 buy_rank=0 sell_rank=0 price=0 quantity=0 settlement=0 buy_residual=0 sell_residual=0
S3_MATCH slot=46 active=0 buy_rank=0 sell_rank=0 price=0 quantity=0 settlement=0 buy_residual=0 sell_residual=0
S3_MATCH slot=47 active=0 buy_rank=0 sell_rank=0 price=0 quantity=0 settlement=0 buy_residual=0 sell_residual=0
S3_MATCH slot=48 active=0 buy_rank=0 sell_rank=0 price=0 quantity=0 settlement=0 buy_residual=0 sell_residual=0
S3_MATCH slot=49 active=0 buy_rank=0 sell_rank=0 price=0 quantity=0 settlement=0 buy_residual=0 sell_residual=0
S3_MATCH slot=50 active=0 buy_rank=0 sell_rank=0 price=0 quantity=0 settlement=0 buy_residual=0 sell_residual=0
S3_MATCH slot=51 active=0 buy_rank=0 sell_rank=0 price=0 quantity=0 settlement=0 buy_residual=0 sell_residual=0
S3_MATCH slot=52 active=0 buy_rank=0 sell_rank=0 price=0 quantity=0 settlement=0 buy_residual=0 sell_residual=0
S3_MATCH slot=53 active=0 buy_rank=0 sell_rank=0 price=0 quantity=0 settlement=0 buy_residual=0 sell_residual=0
S3_MATCH slot=54 active=0 buy_rank=0 sell_rank=0 price=0 quantity=0 settlement=0 buy_residual=0 sell_residual=0
S3_MATCH slot=55 active=0 buy_rank=0 sell_rank=0 price=0 quantity=0 settlement=0 buy_residual=0 sell_residual=0
S3_MATCH slot=56 active=0 buy_rank=0 sell_rank=0 price=0 quantity=0 settlement=0 buy_residual=0 sell_residual=0
S3_MATCH slot=57 active=0 buy_rank=0 sell_rank=0 price=0 quantity=0 settlement=0 buy_residual=0 sell_residual=0
S3_MATCH slot=58 active=0 buy_rank=0 sell_rank=0 price=0 quantity=0 settlement=0 buy_residual=0 sell_residual=0
S3_MATCH slot=59 active=0 buy_rank=0 sell_rank=0 price=0 quantity=0 settlement=0 buy_residual=0 sell_residual=0
S3_MATCH slot=60 active=0 buy_rank=0 sell_rank=0 price=0 quantity=0 settlement=0 buy_residual=0 sell_residual=0
S3_MATCH slot=61 active=0 buy_rank=0 sell_rank=0 price=0 quantity=0 settlement=0 buy_residual=0 sell_residual=0
S3_MATCH slot=62 active=0 buy_rank=0 sell_rank=0 price=0 quantity=0 settlement=0 buy_residual=0 sell_residual=0
S3_RESIDUAL side=buy rank=18 quantity=0
S3_RESIDUAL side=buy rank=4 quantity=0
S3_RESIDUAL side=buy rank=1 quantity=0
S3_RESIDUAL side=buy rank=27 quantity=0
S3_RESIDUAL side=buy rank=21 quantity=0
S3_RESIDUAL side=buy rank=12 quantity=0
S3_RESIDUAL side=buy rank=24 quantity=0
S3_RESIDUAL side=buy rank=26 quantity=0
S3_RESIDUAL side=buy rank=20 quantity=414571
S3_RESIDUAL side=buy rank=19 quantity=134528
S3_RESIDUAL side=buy rank=10 quantity=443155
S3_RESIDUAL side=buy rank=6 quantity=255622
S3_RESIDUAL side=buy rank=5 quantity=618759
S3_RESIDUAL side=buy rank=16 quantity=21828
S3_RESIDUAL side=buy rank=13 quantity=850485
S3_RESIDUAL side=buy rank=23 quantity=592514
S3_RESIDUAL side=buy rank=11 quantity=578544
S3_RESIDUAL side=buy rank=3 quantity=100586
S3_RESIDUAL side=buy rank=17 quantity=160828
S3_RESIDUAL side=buy rank=0 quantity=871021
S3_RESIDUAL side=buy rank=2 quantity=196157
S3_RESIDUAL side=buy rank=8 quantity=703321
S3_RESIDUAL side=buy rank=25 quantity=732122
S3_RESIDUAL side=buy rank=7 quantity=988442
S3_RESIDUAL side=buy rank=29 quantity=572812
S3_RESIDUAL side=buy rank=9 quantity=472366
S3_RESIDUAL side=buy rank=14 quantity=790800
S3_RESIDUAL side=buy rank=22 quantity=826553
S3_RESIDUAL side=buy rank=28 quantity=917754
S3_RESIDUAL side=buy rank=15 quantity=42663
S3_RESIDUAL side=buy rank=30 quantity=0
S3_RESIDUAL side=buy rank=31 quantity=0
S3_RESIDUAL side=sell rank=6 quantity=0
S3_RESIDUAL side=sell rank=10 quantity=0
S3_RESIDUAL side=sell rank=2 quantity=0
S3_RESIDUAL side=sell rank=5 quantity=0
S3_RESIDUAL side=sell rank=14 quantity=0
S3_RESIDUAL side=sell rank=0 quantity=0
S3_RESIDUAL side=sell rank=9 quantity=0
S3_RESIDUAL side=sell rank=7 quantity=594641
S3_RESIDUAL side=sell rank=8 quantity=0
S3_RESIDUAL side=sell rank=13 quantity=0
S3_RESIDUAL side=sell rank=4 quantity=0
S3_RESIDUAL side=sell rank=11 quantity=778662
S3_RESIDUAL side=sell rank=1 quantity=198612
S3_RESIDUAL side=sell rank=3 quantity=228402
S3_RESIDUAL side=sell rank=12 quantity=832354
S3_RESIDUAL side=sell rank=15 quantity=0
S3_RESIDUAL side=sell rank=16 quantity=0
S3_RESIDUAL side=sell rank=17 quantity=0
S3_RESIDUAL side=sell rank=18 quantity=0
S3_RESIDUAL side=sell rank=19 quantity=0
S3_RESIDUAL side=sell rank=20 quantity=0
S3_RESIDUAL side=sell rank=21 quantity=0
S3_RESIDUAL side=sell rank=22 quantity=0
S3_RESIDUAL side=sell rank=23 quantity=0
S3_RESIDUAL side=sell rank=24 quantity=0
S3_RESIDUAL side=sell rank=25 quantity=0
S3_RESIDUAL side=sell rank=26 quantity=0
S3_RESIDUAL side=sell rank=27 quantity=0
S3_RESIDUAL side=sell rank=28 quantity=0
S3_RESIDUAL side=sell rank=29 quantity=0
S3_RESIDUAL side=sell rank=30 quantity=0
S3_RESIDUAL side=sell rank=31 quantity=0
The following benchmarks are including preprocessing (offline phase).
Time = 5.35873 seconds 
Data sent = 124.617 MB in ~31011 rounds (party 0 only; use '-v' for more details)
Global data sent = 373.531 MB (all parties)
This program might benefit from some protocol options.
Consider adding the following at the beginning of your code:
	program.use_edabit(True)
