Using statistical security parameter 40
Trying to run 255-bit computation (256-bit representation)
S3_FMATCH_TEST valid=1 commitment=-15690421238215423949185487272432945980479825673157079076047418218153029150171 aggregate_quantity=3289151 aggregate_settlement=1889434317497
S3_MATCH slot=0 active=1 buy_rank=0 sell_rank=7 price=628995 quantity=7479 settlement=4704253605 buy_residual=943067 sell_residual=0
S3_MATCH slot=1 active=1 buy_rank=0 sell_rank=10 price=582473 quantity=938691 settlement=546762162843 buy_residual=4376 sell_residual=0
S3_MATCH slot=2 active=1 buy_rank=0 sell_rank=12 price=439156 quantity=4376 settlement=1921746656 buy_residual=0 sell_residual=170481
S3_MATCH slot=3 active=1 buy_rank=5 sell_rank=12 price=479270 quantity=170481 settlement=81706428870 buy_residual=209421 sell_residual=0
S3_MATCH slot=4 active=1 buy_rank=5 sell_rank=6 price=814324 quantity=209421 settlement=170536546404 buy_residual=0 sell_residual=391415
S3_MATCH slot=5 active=1 buy_rank=15 sell_rank=1 price=526491 quantity=699012 settlement=368023526892 buy_residual=45499 sell_residual=0
S3_MATCH slot=6 active=1 buy_rank=15 sell_rank=4 price=350937 quantity=45499 settlement=15967282563 buy_residual=0 sell_residual=690550
S3_MATCH slot=7 active=1 buy_rank=3 sell_rank=4 price=644488 quantity=690550 settlement=445051188400 buy_residual=239044 sell_residual=0
S3_MATCH slot=8 active=1 buy_rank=3 sell_rank=14 price=935033 quantity=239044 settlement=223514028452 buy_residual=0 sell_residual=356298
S3_MATCH slot=9 active=1 buy_rank=1 sell_rank=3 price=109794 quantity=284598 settlement=31247152812 buy_residual=656962 sell_residual=0
S3_MATCH slot=10 active=0 buy_rank=0 sell_rank=0 price=0 quantity=0 settlement=0 buy_residual=0 sell_residual=0
S3_MATCH slot=11 active=0 buy_rank=0 sell_rank=0 price=0 quantity=0 settlement=0 buy_residual=0 sell_residual=0
S3_MATCH slot=12 active=0 buy_rank=0 sell_rank=0 price=0 quantity=0 settlement=0 buy_residual=0 sell_residual=0
S3_MATCH slot=13 active=0 buy_rank=0 sell_rank=0 price=0 quantity=0 settlement=0 buy_residual=0 sell_residual=0
S3_MATCH slot=14 active=0 buy_rank=0 sell_rank=0 price=0 quantity=0 settlement=0 buy_residual=0 sell_residual=0
S3_MATCH slot=15 active=0 buy_rank=0 sell_rank=0 price=0 quantity=0 settlement=0 buy_residual=0 sell_residual=0
S3_MATCH slot=16 active=0 buy_rank=0 sell_rank=0 price=0 quantity=0 settlement=0 buy_residual=0 sell_residual=0
S3_MATCH slot=17 active=0 buy_rank=0 sell_rank=0 price=0 quantity=0 settlement=0 buy_residual=0 sell_residual=0
S3_MATCH slot=18 active=0 buy_rank=0 sell_rank=0 price=0 quantity=0 settlement=0 buy_residual=0 sell_residual=0
S3_MATCH slot=19 active=0 buy_rank=0 sell_rank=0 price=0 quantity=0 settlement=0 buy_residual=0 sell_residual=0
S3_MATCH slot=20 active=0 buy_rank=0 sell_rank=0 price=0 quantity=0 settlement=0 buy_residual=0 sell_residual=0
S3_MATCH slot=21 active=0 buy_rank=0 sell_rank=0 price=0 quantity=0 settlement=0 buy_residual=0 sell_residual=0
S3_MATCH slot=22 active=0 buy_rank=0 sell_rank=0 price=0 quantity=0 settlement=0 buy_residual=0 sell_residual=0
S3_MATCH slot=23 active=0 buy_rank=0 sell_rank=0 price=0 quantity=0 settlement=0 buy_residual=0 sell_residual=0
S3_MATCH slot=24 active=0 buy_rank=0 sell_rank=0 price=0 quantity=0 settlement=0 buy_residual=0 sell_residual=0
S3_MATCH slot=25 active=0 buy_rank=0 sell_rank=0 price=0 quantity=0 settlement=0 buy_residual=0 sell_residual=0
S3_MATCH slot=26 active=0 buy_rank=0 sell_rank=0 price=0 quantity=0 settlement=0 buy_residual=0 sell_residual=0
S3_MATCH slot=27 active=0 buy_rank=0 sell_rank=0 price=0 quantity=0 settlement=0 buy_residual=0 sell_residual=0
S3_MATCH slot=28 active=0 buy_rank=0 sell_rank=0 price=0 quantity=0 settlement=0 buy_residual=0 sell_residual=0
S3_MATCH slot=29 active=0 buy_rank=0 sell_rank=0 price=0 quantity=0 settlement=0 buy_residual=0 sell_residual=0
S3_MATCH slot=30 active=0 buy_rank=0 sell_rank=0 price=0 quantity=0 settlement=0 buy_residual=0 sell_residual=0
S3_RESIDUAL side=buy rank=0 quantity=0
S3_RESIDUAL side=buy rank=5 quantity=0
S3_RESIDUAL side=buy rank=15 quantity=0
S3_RESIDUAL side=buy rank=3 quantity=0
S3_RESIDUAL side=buy rank=1 quantity=656962
S3_RESIDUAL side=buy rank=6 quantity=16439
S3_RESIDUAL side=buy rank=13 quantity=828649
S3_RESIDUAL side=buy rank=12 quantity=52046
S3_RESIDUAL side=buy rank=4 quantity=764505
S3_RESIDUAL side=buy rank=2 quantity=921229
S3_RESIDUAL side=buy rank=7 quantity=774010
S3_RESIDUAL side=buy rank=10 quantity=636931
S3_RESIDUAL side=buy rank=9 quantity=117575
S3_RESIDUAL side=buy rank=14 quantity=7539
S3_RESIDUAL side=buy rank=8 quantity=915438
S3_RESIDUAL side=buy rank=11 quantity=743429
S3_RESIDUAL side=sell rank=7 quantity=0
S3_RESIDUAL side=sell rank=10 quantity=0
S3_RESIDUAL side=sell rank=12 quantity=0
S3_RESIDUAL side=sell rank=6 quantity=391415
S3_RESIDUAL side=sell rank=1 quantity=0
S3_RESIDUAL side=sell rank=13 quantity=713826
S3_RESIDUAL side=sell rank=4 quantity=0
S3_RESIDUAL side=sell rank=14 quantity=356298
S3_RESIDUAL side=sell rank=9 quantity=58495
S3_RESIDUAL side=sell rank=3 quantity=0
S3_RESIDUAL side=sell rank=2 quantity=558579
S3_RESIDUAL side=sell rank=11 quantity=254535
S3_RESIDUAL side=sell rank=5 quantity=454505
S3_RESIDUAL side=sell rank=0 quantity=527389
S3_RESIDUAL side=sell rank=8 quantity=336318
S3_RESIDUAL side=sell rank=15 quantity=0
The following benchmarks are including preprocessing (offline phase).
Time = 2.47693 seconds 
Data sent = 56.5948 MB in ~14142 rounds (party 0 only; use '-v' for more details)
Global data sent = 169.464 MB (all parties)
This program might benefit from some protocol options.
Consider adding the following at the beginning of your code:
	program.use_edabit(True)
