Using statistical security parameter 40
Trying to run 255-bit computation (256-bit representation)
This program might benefit from some protocol options.
Consider adding the following at the beginning of your code:
	program.use_edabit(True)
Setup took 0.137368 seconds.
S3_FMATCH valid=1 commitment_bits=010111100000100111111001000111100101111100100010111111110100000011011011001010001101101010111011111011100100001101100010000011010101100001010100101110000010110101100111100100110010100011011010000011111000000111000101110110110011101101010000100111000000000
Compiler: ./compile.py -F 255 saib_fmatch 256
	6915 triples of malicious replicated gfp left
	9394 bits of malicious replicated gfp left
Detailed costs:
          7178 integer inputs
       6562316 integer multiplications
      13189165 integer openings
Spent 65.8325 seconds (425.45 MB, 488561 rounds, 88.3526 CPU seconds) on the online phase and 15.5652 seconds (1185.83 MB, 6594 rounds, 88.3529 CPU seconds) on the preprocessing/offline phase.
Communication details:
Broadcasting 1.69652 MB in 52875 rounds, taking 9.33103 seconds
Passing around 1557.64 MB in 441966 rounds, taking 52.333 seconds
Receiving directly 50.24 MB in 157 rounds, taking 0.1103 seconds
Sending directly 50.24 MB in 157 rounds, taking 0.058251 seconds
CPU time = 88.3546
The following benchmarks are including preprocessing (offline phase).
Time = 81.4241 seconds 
Data sent = 1611.28 MB in ~495155 rounds (party 0 only)
Global data sent = 4833.51 MB (all parties)
Actual preprocessing cost of program:
  Type int
       6573085        Triples
       4710606           Bits
This program might benefit from some protocol options.
Consider adding the following at the beginning of your code:
	program.use_edabit(True)
Command line: /mnt/g/paperexper/retf/third_party/MP-SPDZ-s3.1.1-patched/malicious-rep-field-party.x 0 saib_fmatch-256 -pn 27500 -h localhost -P 52435875175126190479447740508185965837690552500527637822603658699938581184513 -v
