Using statistical security parameter 40
Trying to run 255-bit computation (256-bit representation)
S3_FMATCH_TEST valid=1 commitment=-20005824252607790102293118510796850553295805055596724746484019688918526299525 aggregate_quantity=2591772 aggregate_settlement=1663772028752
S3_MATCH slot=0 active=1 buy_rank=12 sell_rank=2 price=366909 quantity=524884 settlement=192584663556 buy_residual=159882 sell_residual=0
S3_MATCH slot=1 active=1 buy_rank=12 sell_rank=6 price=628446 quantity=159882 settlement=100477203372 buy_residual=0 sell_residual=30478
S3_MATCH slot=2 active=1 buy_rank=8 sell_rank=6 price=670881 quantity=30478 settlement=20447111118 buy_residual=668173 sell_residual=0
S3_MATCH slot=3 active=1 buy_rank=8 sell_rank=3 price=780008 quantity=361789 settlement=282198314312 buy_residual=306384 sell_residual=0
S3_MATCH slot=4 active=1 buy_rank=8 sell_rank=1 price=720047 quantity=110492 settlement=79559433124 buy_residual=195892 sell_residual=0
S3_MATCH slot=5 active=1 buy_rank=8 sell_rank=5 price=900210 quantity=195892 settlement=176343937320 buy_residual=0 sell_residual=130874
S3_MATCH slot=6 active=1 buy_rank=9 sell_rank=5 price=967879 quantity=130874 settlement=126670196246 buy_residual=601391 sell_residual=0
S3_MATCH slot=7 active=1 buy_rank=9 sell_rank=0 price=492392 quantity=601391 settlement=296120117272 buy_residual=0 sell_residual=55627
S3_MATCH slot=8 active=1 buy_rank=13 sell_rank=0 price=616266 quantity=55627 settlement=34281028782 buy_residual=420463 sell_residual=0
S3_MATCH slot=9 active=1 buy_rank=13 sell_rank=7 price=875086 quantity=254807 settlement=222978038402 buy_residual=165656 sell_residual=0
S3_MATCH slot=10 active=1 buy_rank=13 sell_rank=4 price=797508 quantity=165656 settlement=132111985248 buy_residual=0 sell_residual=692502
S3_MATCH slot=11 active=0 buy_rank=0 sell_rank=0 price=0 quantity=0 settlement=0 buy_residual=0 sell_residual=0
S3_MATCH slot=12 active=0 buy_rank=0 sell_rank=0 price=0 quantity=0 settlement=0 buy_residual=0 sell_residual=0
S3_MATCH slot=13 active=0 buy_rank=0 sell_rank=0 price=0 quantity=0 settlement=0 buy_residual=0 sell_residual=0
S3_MATCH slot=14 active=0 buy_rank=0 sell_rank=0 price=0 quantity=0 settlement=0 buy_residual=0 sell_residual=0
S3_MATCH slot=15 active=0 buy_rank=0 sell_rank=0 price=0 quantity=0 settlement=0 buy_residual=0 sell_residual=0
S3_MATCH slot=16 active=0 buy_rank=0 sell_rank=0 price=0 quantity=0 settlement=0 buy_residual=0 sell_residual=0
S3_MATCH slot=17 active=0 buy_rank=0 sell_rank=0 price=0 quantity=0 settlement=0 buy_residual=0 sell_residual=0
S3_MATCH slot=18 active=0 buy_rank=0 sell_rank=0 price=0 quantity=0 settlement=0 buy_residual=0 sell_residual=0
S3_MATCH slot=19 active=0 buy_rank=0 sell_rank=0 price=0 quantity=0 settlement=0 buy_residual=0 sell_residual=0
S3_MATCH slot=20 active=0 buy_rank=0 sell_rank=0 price=0 quantity=0 settlement=0 buy_residual=0 sell_residual=0
S3_MATCH slot=21 active=0 buy_rank=0 sell_rank=0 price=0 quantity=0 settlement=0 buy_residual=0 sell_residual=0
S3_MATCH slot=22 active=0 buy_rank=0 sell_rank=0 price=0 quantity=0 settlement=0 buy_residual=0 sell_residual=0
S3_MATCH slot=23 active=0 buy_rank=0 sell_rank=0 price=0 quantity=0 settlement=0 buy_residual=0 sell_residual=0
S3_MATCH slot=24 active=0 buy_rank=0 sell_rank=0 price=0 quantity=0 settlement=0 buy_residual=0 sell_residual=0
S3_MATCH slot=25 active=0 buy_rank=0 sell_rank=0 price=0 quantity=0 settlement=0 buy_residual=0 sell_residual=0
S3_MATCH slot=26 active=0 buy_rank=0 sell_rank=0 price=0 quantity=0 settlement=0 buy_residual=0 sell_residual=0
S3_MATCH slot=27 active=0 buy_rank=0 sell_rank=0 price=0 quantity=0 settlement=0 buy_residual=0 sell_residual=0
S3_MATCH slot=28 active=0 buy_rank=0 sell_rank=0 price=0 quantity=0 settlement=0 buy_residual=0 sell_residual=0
S3_MATCH slot=29 active=0 buy_rank=0 sell_rank=0 price=0 quantity=0 settlement=0 buy_residual=0 sell_residual=0
S3_MATCH slot=30 active=0 buy_rank=0 sell_rank=0 price=0 quantity=0 settlement=0 buy_residual=0 sell_residual=0
S3_RESIDUAL side=buy rank=12 quantity=0
S3_RESIDUAL side=buy rank=8 quantity=0
S3_RESIDUAL side=buy rank=9 quantity=0
S3_RESIDUAL side=buy rank=13 quantity=0
S3_RESIDUAL side=buy rank=14 quantity=733141
S3_RESIDUAL side=buy rank=7 quantity=257696
S3_RESIDUAL side=buy rank=6 quantity=176900
S3_RESIDUAL side=buy rank=0 quantity=830162
S3_RESIDUAL side=buy rank=1 quantity=945482
S3_RESIDUAL side=buy rank=11 quantity=577903
S3_RESIDUAL side=buy rank=4 quantity=897520
S3_RESIDUAL side=buy rank=10 quantity=605570
S3_RESIDUAL side=buy rank=15 quantity=574105
S3_RESIDUAL side=buy rank=5 quantity=280219
S3_RESIDUAL side=buy rank=2 quantity=557561
S3_RESIDUAL side=buy rank=3 quantity=102630
S3_RESIDUAL side=sell rank=2 quantity=0
S3_RESIDUAL side=sell rank=6 quantity=0
S3_RESIDUAL side=sell rank=3 quantity=0
S3_RESIDUAL side=sell rank=1 quantity=0
S3_RESIDUAL side=sell rank=5 quantity=0
S3_RESIDUAL side=sell rank=0 quantity=0
S3_RESIDUAL side=sell rank=7 quantity=0
S3_RESIDUAL side=sell rank=4 quantity=692502
S3_RESIDUAL side=sell rank=8 quantity=0
S3_RESIDUAL side=sell rank=9 quantity=0
S3_RESIDUAL side=sell rank=10 quantity=0
S3_RESIDUAL side=sell rank=11 quantity=0
S3_RESIDUAL side=sell rank=12 quantity=0
S3_RESIDUAL side=sell rank=13 quantity=0
S3_RESIDUAL side=sell rank=14 quantity=0
S3_RESIDUAL side=sell rank=15 quantity=0
The following benchmarks are including preprocessing (offline phase).
Time = 2.71765 seconds 
Data sent = 56.5948 MB in ~14142 rounds (party 0 only; use '-v' for more details)
Global data sent = 169.464 MB (all parties)
This program might benefit from some protocol options.
Consider adding the following at the beginning of your code:
	program.use_edabit(True)
