Using statistical security parameter 40
Trying to run 255-bit computation (256-bit representation)
S3_FMATCH_TEST valid=1 commitment=25124523586052273884913882307144377639250121791879752072171726454316469925340 aggregate_quantity=2678365 aggregate_settlement=979401145362
S3_MATCH slot=0 active=1 buy_rank=2 sell_rank=9 price=402665 quantity=310361 settlement=124971512065 buy_residual=406651 sell_residual=0
S3_MATCH slot=1 active=1 buy_rank=2 sell_rank=1 price=399852 quantity=219711 settlement=87851882772 buy_residual=186940 sell_residual=0
S3_MATCH slot=2 active=1 buy_rank=2 sell_rank=6 price=657070 quantity=186940 settlement=122832665800 buy_residual=0 sell_residual=623575
S3_MATCH slot=3 active=1 buy_rank=7 sell_rank=6 price=793945 quantity=350639 settlement=278388080855 buy_residual=0 sell_residual=272936
S3_MATCH slot=4 active=1 buy_rank=0 sell_rank=4 price=191799 quantity=252092 settlement=48350993508 buy_residual=0 sell_residual=638956
S3_MATCH slot=5 active=1 buy_rank=5 sell_rank=4 price=229092 quantity=299907 settlement=68706294444 buy_residual=0 sell_residual=339049
S3_MATCH slot=6 active=1 buy_rank=8 sell_rank=4 price=344566 quantity=339049 settlement=116824757734 buy_residual=249058 sell_residual=0
S3_MATCH slot=7 active=1 buy_rank=8 sell_rank=8 price=419450 quantity=226244 settlement=94898045800 buy_residual=22814 sell_residual=0
S3_MATCH slot=8 active=1 buy_rank=8 sell_rank=7 price=223168 quantity=22814 settlement=5091354752 buy_residual=0 sell_residual=470608
S3_MATCH slot=9 active=1 buy_rank=4 sell_rank=7 price=66904 quantity=470608 settlement=31485557632 buy_residual=183603 sell_residual=0
S3_MATCH slot=10 active=0 buy_rank=0 sell_rank=0 price=0 quantity=0 settlement=0 buy_residual=0 sell_residual=0
S3_MATCH slot=11 active=0 buy_rank=0 sell_rank=0 price=0 quantity=0 settlement=0 buy_residual=0 sell_residual=0
S3_MATCH slot=12 active=0 buy_rank=0 sell_rank=0 price=0 quantity=0 settlement=0 buy_residual=0 sell_residual=0
S3_MATCH slot=13 active=0 buy_rank=0 sell_rank=0 price=0 quantity=0 settlement=0 buy_residual=0 sell_residual=0
S3_MATCH slot=14 active=0 buy_rank=0 sell_rank=0 price=0 quantity=0 settlement=0 buy_residual=0 sell_residual=0
S3_MATCH slot=15 active=0 buy_rank=0 sell_rank=0 price=0 quantity=0 settlement=0 buy_residual=0 sell_residual=0
S3_MATCH slot=16 active=0 buy_rank=0 sell_rank=0 price=0 quantity=0 settlement=0 buy_residual=0 sell_residual=0
S3_MATCH slot=17 active=0 buy_rank=0 sell_rank=0 price=0 quantity=0 settlement=0 buy_residual=0 sell_residual=0
S3_MATCH slot=18 active=0 buy_rank=0 sell_rank=0 price=0 quantity=0 settlement=0 buy_residual=0 sell_residual=0
S3_MATCH slot=19 active=0 buy_rank=0 sell_rank=0 price=0 quantity=0 settlement=0 buy_residual=0 sell_residual=0
S3_MATCH slot=20 active=0 buy_rank=0 sell_rank=0 price=0 quantity=0 settlement=0 buy_residual=0 sell_residual=0
S3_MATCH slot=21 active=0 buy_rank=0 sell_rank=0 price=0 quantity=0 settlement=0 buy_residual=0 sell_residual=0
S3_MATCH slot=22 active=0 buy_rank=0 sell_rank=0 price=0 quantity=0 settlement=0 buy_residual=0 sell_residual=0
S3_MATCH slot=23 active=0 buy_rank=0 sell_rank=0 price=0 quantity=0 settlement=0 buy_residual=0 sell_residual=0
S3_MATCH slot=24 active=0 buy_rank=0 sell_rank=0 price=0 quantity=0 settlement=0 buy_residual=0 sell_residual=0
S3_MATCH slot=25 active=0 buy_rank=0 sell_rank=0 price=0 quantity=0 settlement=0 buy_residual=0 sell_residual=0
S3_MATCH slot=26 active=0 buy_rank=0 sell_rank=0 price=0 quantity=0 settlement=0 buy_residual=0 sell_residual=0
S3_MATCH slot=27 active=0 buy_rank=0 sell_rank=0 price=0 quantity=0 settlement=0 buy_residual=0 sell_residual=0
S3_MATCH slot=28 active=0 buy_rank=0 sell_rank=0 price=0 quantity=0 settlement=0 buy_residual=0 sell_residual=0
S3_MATCH slot=29 active=0 buy_rank=0 sell_rank=0 price=0 quantity=0 settlement=0 buy_residual=0 sell_residual=0
S3_MATCH slot=30 active=0 buy_rank=0 sell_rank=0 price=0 quantity=0 settlement=0 buy_residual=0 sell_residual=0
S3_RESIDUAL side=buy rank=2 quantity=0
S3_RESIDUAL side=buy rank=7 quantity=0
S3_RESIDUAL side=buy rank=0 quantity=0
S3_RESIDUAL side=buy rank=5 quantity=0
S3_RESIDUAL side=buy rank=8 quantity=0
S3_RESIDUAL side=buy rank=4 quantity=183603
S3_RESIDUAL side=buy rank=9 quantity=68221
S3_RESIDUAL side=buy rank=1 quantity=491630
S3_RESIDUAL side=buy rank=3 quantity=470809
S3_RESIDUAL side=buy rank=10 quantity=979529
S3_RESIDUAL side=buy rank=6 quantity=18529
S3_RESIDUAL side=buy rank=11 quantity=0
S3_RESIDUAL side=buy rank=12 quantity=0
S3_RESIDUAL side=buy rank=13 quantity=0
S3_RESIDUAL side=buy rank=14 quantity=0
S3_RESIDUAL side=buy rank=15 quantity=0
S3_RESIDUAL side=sell rank=9 quantity=0
S3_RESIDUAL side=sell rank=1 quantity=0
S3_RESIDUAL side=sell rank=6 quantity=272936
S3_RESIDUAL side=sell rank=4 quantity=0
S3_RESIDUAL side=sell rank=8 quantity=0
S3_RESIDUAL side=sell rank=7 quantity=0
S3_RESIDUAL side=sell rank=5 quantity=541052
S3_RESIDUAL side=sell rank=2 quantity=120110
S3_RESIDUAL side=sell rank=11 quantity=648039
S3_RESIDUAL side=sell rank=0 quantity=599081
S3_RESIDUAL side=sell rank=3 quantity=693425
S3_RESIDUAL side=sell rank=10 quantity=881101
S3_RESIDUAL side=sell rank=12 quantity=0
S3_RESIDUAL side=sell rank=13 quantity=0
S3_RESIDUAL side=sell rank=14 quantity=0
S3_RESIDUAL side=sell rank=15 quantity=0
The following benchmarks are including preprocessing (offline phase).
Time = 3.0457 seconds 
Data sent = 56.5948 MB in ~14142 rounds (party 0 only; use '-v' for more details)
Global data sent = 169.464 MB (all parties)
This program might benefit from some protocol options.
Consider adding the following at the beginning of your code:
	program.use_edabit(True)
