Using statistical security parameter 40
Trying to run 255-bit computation (256-bit representation)
S3_FMATCH_TEST valid=1 commitment=3000266644660692179104711074707225361003559680594156710048854571182837792986 aggregate_quantity=4350141 aggregate_settlement=1835747220317
S3_MATCH slot=0 active=1 buy_rank=5 sell_rank=5 price=508361 quantity=557328 settlement=283323819408 buy_residual=0 sell_residual=421488
S3_MATCH slot=1 active=1 buy_rank=3 sell_rank=5 price=359536 quantity=421488 settlement=151540109568 buy_residual=407153 sell_residual=0
S3_MATCH slot=2 active=1 buy_rank=3 sell_rank=0 price=483447 quantity=407153 settlement=196836896391 buy_residual=0 sell_residual=166079
S3_MATCH slot=3 active=1 buy_rank=2 sell_rank=0 price=394674 quantity=166079 settlement=65547063246 buy_residual=436218 sell_residual=0
S3_MATCH slot=4 active=1 buy_rank=2 sell_rank=6 price=207643 quantity=62896 settlement=13059914128 buy_residual=373322 sell_residual=0
S3_MATCH slot=5 active=1 buy_rank=2 sell_rank=4 price=254200 quantity=373322 settlement=94898452400 buy_residual=0 sell_residual=362045
S3_MATCH slot=6 active=1 buy_rank=1 sell_rank=4 price=480062 quantity=362045 settlement=173804046790 buy_residual=392349 sell_residual=0
S3_MATCH slot=7 active=1 buy_rank=1 sell_rank=2 price=626507 quantity=392349 settlement=245809394943 buy_residual=0 sell_residual=21194
S3_MATCH slot=8 active=1 buy_rank=9 sell_rank=2 price=416552 quantity=21194 settlement=8828403088 buy_residual=437856 sell_residual=0
S3_MATCH slot=9 active=1 buy_rank=9 sell_rank=7 price=265209 quantity=437856 settlement=116123351904 buy_residual=0 sell_residual=542106
S3_MATCH slot=10 active=1 buy_rank=7 sell_rank=7 price=221200 quantity=299285 settlement=66201842000 buy_residual=0 sell_residual=242821
S3_MATCH slot=11 active=1 buy_rank=4 sell_rank=7 price=236095 quantity=40158 settlement=9481103010 buy_residual=0 sell_residual=202663
S3_MATCH slot=12 active=1 buy_rank=6 sell_rank=7 price=411332 quantity=202663 settlement=83361777116 buy_residual=606325 sell_residual=0
S3_MATCH slot=13 active=1 buy_rank=6 sell_rank=1 price=539201 quantity=606325 settlement=326931046325 buy_residual=0 sell_residual=65735
S3_MATCH slot=14 active=0 buy_rank=0 sell_rank=0 price=0 quantity=0 settlement=0 buy_residual=0 sell_residual=0
S3_MATCH slot=15 active=0 buy_rank=0 sell_rank=0 price=0 quantity=0 settlement=0 buy_residual=0 sell_residual=0
S3_MATCH slot=16 active=0 buy_rank=0 sell_rank=0 price=0 quantity=0 settlement=0 buy_residual=0 sell_residual=0
S3_MATCH slot=17 active=0 buy_rank=0 sell_rank=0 price=0 quantity=0 settlement=0 buy_residual=0 sell_residual=0
S3_MATCH slot=18 active=0 buy_rank=0 sell_rank=0 price=0 quantity=0 settlement=0 buy_residual=0 sell_residual=0
S3_MATCH slot=19 active=0 buy_rank=0 sell_rank=0 price=0 quantity=0 settlement=0 buy_residual=0 sell_residual=0
S3_MATCH slot=20 active=0 buy_rank=0 sell_rank=0 price=0 quantity=0 settlement=0 buy_residual=0 sell_residual=0
S3_MATCH slot=21 active=0 buy_rank=0 sell_rank=0 price=0 quantity=0 settlement=0 buy_residual=0 sell_residual=0
S3_MATCH slot=22 active=0 buy_rank=0 sell_rank=0 price=0 quantity=0 settlement=0 buy_residual=0 sell_residual=0
S3_MATCH slot=23 active=0 buy_rank=0 sell_rank=0 price=0 quantity=0 settlement=0 buy_residual=0 sell_residual=0
S3_MATCH slot=24 active=0 buy_rank=0 sell_rank=0 price=0 quantity=0 settlement=0 buy_residual=0 sell_residual=0
S3_MATCH slot=25 active=0 buy_rank=0 sell_rank=0 price=0 quantity=0 settlement=0 buy_residual=0 sell_residual=0
S3_MATCH slot=26 active=0 buy_rank=0 sell_rank=0 price=0 quantity=0 settlement=0 buy_residual=0 sell_residual=0
S3_MATCH slot=27 active=0 buy_rank=0 sell_rank=0 price=0 quantity=0 settlement=0 buy_residual=0 sell_residual=0
S3_MATCH slot=28 active=0 buy_rank=0 sell_rank=0 price=0 quantity=0 settlement=0 buy_residual=0 sell_residual=0
S3_MATCH slot=29 active=0 buy_rank=0 sell_rank=0 price=0 quantity=0 settlement=0 buy_residual=0 sell_residual=0
S3_MATCH slot=30 active=0 buy_rank=0 sell_rank=0 price=0 quantity=0 settlement=0 buy_residual=0 sell_residual=0
S3_RESIDUAL side=buy rank=5 quantity=0
S3_RESIDUAL side=buy rank=3 quantity=0
S3_RESIDUAL side=buy rank=2 quantity=0
S3_RESIDUAL side=buy rank=1 quantity=0
S3_RESIDUAL side=buy rank=9 quantity=0
S3_RESIDUAL side=buy rank=7 quantity=0
S3_RESIDUAL side=buy rank=4 quantity=0
S3_RESIDUAL side=buy rank=6 quantity=0
S3_RESIDUAL side=buy rank=8 quantity=690527
S3_RESIDUAL side=buy rank=10 quantity=49918
S3_RESIDUAL side=buy rank=0 quantity=830865
S3_RESIDUAL side=buy rank=11 quantity=0
S3_RESIDUAL side=buy rank=12 quantity=0
S3_RESIDUAL side=buy rank=13 quantity=0
S3_RESIDUAL side=buy rank=14 quantity=0
S3_RESIDUAL side=buy rank=15 quantity=0
S3_RESIDUAL side=sell rank=5 quantity=0
S3_RESIDUAL side=sell rank=0 quantity=0
S3_RESIDUAL side=sell rank=6 quantity=0
S3_RESIDUAL side=sell rank=4 quantity=0
S3_RESIDUAL side=sell rank=2 quantity=0
S3_RESIDUAL side=sell rank=3 quantity=622255
S3_RESIDUAL side=sell rank=10 quantity=459851
S3_RESIDUAL side=sell rank=7 quantity=0
S3_RESIDUAL side=sell rank=9 quantity=123882
S3_RESIDUAL side=sell rank=1 quantity=65735
S3_RESIDUAL side=sell rank=8 quantity=974012
S3_RESIDUAL side=sell rank=11 quantity=0
S3_RESIDUAL side=sell rank=12 quantity=0
S3_RESIDUAL side=sell rank=13 quantity=0
S3_RESIDUAL side=sell rank=14 quantity=0
S3_RESIDUAL side=sell rank=15 quantity=0
The following benchmarks are including preprocessing (offline phase).
Time = 2.52258 seconds 
Data sent = 56.5948 MB in ~14142 rounds (party 0 only; use '-v' for more details)
Global data sent = 169.464 MB (all parties)
This program might benefit from some protocol options.
Consider adding the following at the beginning of your code:
	program.use_edabit(True)
