Using statistical security parameter 40
Trying to run 255-bit computation (256-bit representation)
S3_FMATCH_TEST valid=1 commitment=-5249010067919771464476427793210144747835752190930517825876748388867546361855 aggregate_quantity=4123367 aggregate_settlement=1502540780969
S3_MATCH slot=0 active=1 buy_rank=13 sell_rank=20 price=441750 quantity=79768 settlement=35237514000 buy_residual=568015 sell_residual=0
S3_MATCH slot=1 active=1 buy_rank=13 sell_rank=26 price=733285 quantity=3205 settlement=2350178425 buy_residual=564810 sell_residual=0
S3_MATCH slot=2 active=1 buy_rank=13 sell_rank=23 price=617312 quantity=19218 settlement=11863502016 buy_residual=545592 sell_residual=0
S3_MATCH slot=3 active=1 buy_rank=13 sell_rank=6 price=461091 quantity=158041 settlement=72871282731 buy_residual=387551 sell_residual=0
S3_MATCH slot=4 active=1 buy_rank=13 sell_rank=10 price=884153 quantity=96537 settlement=85353478161 buy_residual=291014 sell_residual=0
S3_MATCH slot=5 active=1 buy_rank=13 sell_rank=12 price=646744 quantity=291014 settlement=188211558416 buy_residual=0 sell_residual=574181
S3_MATCH slot=6 active=1 buy_rank=5 sell_rank=12 price=442068 quantity=574181 settlement=253827046308 buy_residual=143950 sell_residual=0
S3_MATCH slot=7 active=1 buy_rank=5 sell_rank=17 price=320139 quantity=143950 settlement=46084009050 buy_residual=0 sell_residual=84025
S3_MATCH slot=8 active=1 buy_rank=1 sell_rank=17 price=441913 quantity=84025 settlement=37131739825 buy_residual=149513 sell_residual=0
S3_MATCH slot=9 active=1 buy_rank=1 sell_rank=15 price=517749 quantity=149513 settlement=77410206237 buy_residual=0 sell_residual=94031
S3_MATCH slot=10 active=1 buy_rank=7 sell_rank=15 price=310444 quantity=94031 settlement=29191359764 buy_residual=521165 sell_residual=0
S3_MATCH slot=11 active=1 buy_rank=7 sell_rank=25 price=165606 quantity=252978 settlement=41894674668 buy_residual=268187 sell_residual=0
S3_MATCH slot=12 active=1 buy_rank=7 sell_rank=3 price=353441 quantity=268187 settlement=94788281467 buy_residual=0 sell_residual=9291
S3_MATCH slot=13 active=1 buy_rank=6 sell_rank=27 price=282000 quantity=743839 settlement=209762598000 buy_residual=242526 sell_residual=0
S3_MATCH slot=14 active=1 buy_rank=6 sell_rank=14 price=214339 quantity=242526 settlement=51982780314 buy_residual=0 sell_residual=438523
S3_MATCH slot=15 active=1 buy_rank=10 sell_rank=14 price=336204 quantity=398541 settlement=133991078364 buy_residual=0 sell_residual=39982
S3_MATCH slot=16 active=1 buy_rank=8 sell_rank=14 price=278081 quantity=39982 settlement=11118234542 buy_residual=662270 sell_residual=0
S3_MATCH slot=17 active=1 buy_rank=8 sell_rank=19 price=302343 quantity=105668 settlement=31947980124 buy_residual=556602 sell_residual=0
S3_MATCH slot=18 active=1 buy_rank=8 sell_rank=1 price=225056 quantity=288580 settlement=64946660480 buy_residual=268022 sell_residual=0
S3_MATCH slot=19 active=1 buy_rank=8 sell_rank=8 price=252019 quantity=89583 settlement=22576618077 buy_residual=178439 sell_residual=0
S3_MATCH slot=20 active=0 buy_rank=0 sell_rank=0 price=0 quantity=0 settlement=0 buy_residual=0 sell_residual=0
S3_MATCH slot=21 active=0 buy_rank=0 sell_rank=0 price=0 quantity=0 settlement=0 buy_residual=0 sell_residual=0
S3_MATCH slot=22 active=0 buy_rank=0 sell_rank=0 price=0 quantity=0 settlement=0 buy_residual=0 sell_residual=0
S3_MATCH slot=23 active=0 buy_rank=0 sell_rank=0 price=0 quantity=0 settlement=0 buy_residual=0 sell_residual=0
S3_MATCH slot=24 active=0 buy_rank=0 sell_rank=0 price=0 quantity=0 settlement=0 buy_residual=0 sell_residual=0
S3_MATCH slot=25 active=0 buy_rank=0 sell_rank=0 price=0 quantity=0 settlement=0 buy_residual=0 sell_residual=0
S3_MATCH slot=26 active=0 buy_rank=0 sell_rank=0 price=0 quantity=0 settlement=0 buy_residual=0 sell_residual=0
S3_MATCH slot=27 active=0 buy_rank=0 sell_rank=0 price=0 quantity=0 settlement=0 buy_residual=0 sell_residual=0
S3_MATCH slot=28 active=0 buy_rank=0 sell_rank=0 price=0 quantity=0 settlement=0 buy_residual=0 sell_residual=0
S3_MATCH slot=29 active=0 buy_rank=0 sell_rank=0 price=0 quantity=0 settlement=0 buy_residual=0 sell_residual=0
S3_MATCH slot=30 active=0 buy_rank=0 sell_rank=0 price=0 quantity=0 settlement=0 buy_residual=0 sell_residual=0
S3_MATCH slot=31 active=0 buy_rank=0 sell_rank=0 price=0 quantity=0 settlement=0 buy_residual=0 sell_residual=0
S3_MATCH slot=32 active=0 buy_rank=0 sell_rank=0 price=0 quantity=0 settlement=0 buy_residual=0 sell_residual=0
S3_MATCH slot=33 active=0 buy_rank=0 sell_rank=0 price=0 quantity=0 settlement=0 buy_residual=0 sell_residual=0
S3_MATCH slot=34 active=0 buy_rank=0 sell_rank=0 price=0 quantity=0 settlement=0 buy_residual=0 sell_residual=0
S3_MATCH slot=35 active=0 buy_rank=0 sell_rank=0 price=0 quantity=0 settlement=0 buy_residual=0 sell_residual=0
S3_MATCH slot=36 active=0 buy_rank=0 sell_rank=0 price=0 quantity=0 settlement=0 buy_residual=0 sell_residual=0
S3_MATCH slot=37 active=0 buy_rank=0 sell_rank=0 price=0 quantity=0 settlement=0 buy_residual=0 sell_residual=0
S3_MATCH slot=38 active=0 buy_rank=0 sell_rank=0 price=0 quantity=0 settlement=0 buy_residual=0 sell_residual=0
S3_MATCH slot=39 active=0 buy_rank=0 sell_rank=0 price=0 quantity=0 settlement=0 buy_residual=0 sell_residual=0
S3_MATCH slot=40 active=0 buy_rank=0 sell_rank=0 price=0 quantity=0 settlement=0 buy_residual=0 sell_residual=0
S3_MATCH slot=41 active=0 buy_rank=0 sell_rank=0 price=0 quantity=0 settlement=0 buy_residual=0 sell_residual=0
S3_MATCH slot=42 active=0 buy_rank=0 sell_rank=0 price=0 quantity=0 settlement=0 buy_residual=0 sell_residual=0
S3_MATCH slot=43 active=0 buy_rank=0 sell_rank=0 price=0 quantity=0 settlement=0 buy_residual=0 sell_residual=0
S3_MATCH slot=44 active=0 buy_rank=0 sell_rank=0 price=0 quantity=0 settlement=0 buy_residual=0 sell_residual=0
S3_MATCH slot=45 active=0 buy_rank=0 sell_rank=0 price=0 quantity=0 settlement=0 buy_residual=0 sell_residual=0
S3_MATCH slot=46 active=0 buy_rank=0 sell_rank=0 price=0 quantity=0 settlement=0 buy_residual=0 sell_residual=0
S3_MATCH slot=47 active=0 buy_rank=0 sell_rank=0 price=0 quantity=0 settlement=0 buy_residual=0 sell_residual=0
S3_MATCH slot=48 active=0 buy_rank=0 sell_rank=0 price=0 quantity=0 settlement=0 buy_residual=0 sell_residual=0
S3_MATCH slot=49 active=0 buy_rank=0 sell_rank=0 price=0 quantity=0 settlement=0 buy_residual=0 sell_residual=0
S3_MATCH slot=50 active=0 buy_rank=0 sell_rank=0 price=0 quantity=0 settlement=0 buy_residual=0 sell_residual=0
S3_MATCH slot=51 active=0 buy_rank=0 sell_rank=0 price=0 quantity=0 settlement=0 buy_residual=0 sell_residual=0
S3_MATCH slot=52 active=0 buy_rank=0 sell_rank=0 price=0 quantity=0 settlement=0 buy_residual=0 sell_residual=0
S3_MATCH slot=53 active=0 buy_rank=0 sell_rank=0 price=0 quantity=0 settlement=0 buy_residual=0 sell_residual=0
S3_MATCH slot=54 active=0 buy_rank=0 sell_rank=0 price=0 quantity=0 settlement=0 buy_residual=0 sell_residual=0
S3_MATCH slot=55 active=0 buy_rank=0 sell_rank=0 price=0 quantity=0 settlement=0 buy_residual=0 sell_residual=0
S3_MATCH slot=56 active=0 buy_rank=0 sell_rank=0 price=0 quantity=0 settlement=0 buy_residual=0 sell_residual=0
S3_MATCH slot=57 active=0 buy_rank=0 sell_rank=0 price=0 quantity=0 settlement=0 buy_residual=0 sell_residual=0
S3_MATCH slot=58 active=0 buy_rank=0 sell_rank=0 price=0 quantity=0 settlement=0 buy_residual=0 sell_residual=0
S3_MATCH slot=59 active=0 buy_rank=0 sell_rank=0 price=0 quantity=0 settlement=0 buy_residual=0 sell_residual=0
S3_MATCH slot=60 active=0 buy_rank=0 sell_rank=0 price=0 quantity=0 settlement=0 buy_residual=0 sell_residual=0
S3_MATCH slot=61 active=0 buy_rank=0 sell_rank=0 price=0 quantity=0 settlement=0 buy_residual=0 sell_residual=0
S3_MATCH slot=62 active=0 buy_rank=0 sell_rank=0 price=0 quantity=0 settlement=0 buy_residual=0 sell_residual=0
S3_RESIDUAL side=buy rank=13 quantity=0
S3_RESIDUAL side=buy rank=5 quantity=0
S3_RESIDUAL side=buy rank=1 quantity=0
S3_RESIDUAL side=buy rank=7 quantity=0
S3_RESIDUAL side=buy rank=6 quantity=0
S3_RESIDUAL side=buy rank=10 quantity=0
S3_RESIDUAL side=buy rank=8 quantity=178439
S3_RESIDUAL side=buy rank=11 quantity=416690
S3_RESIDUAL side=buy rank=4 quantity=469461
S3_RESIDUAL side=buy rank=12 quantity=831819
S3_RESIDUAL side=buy rank=2 quantity=568097
S3_RESIDUAL side=buy rank=9 quantity=433149
S3_RESIDUAL side=buy rank=3 quantity=100181
S3_RESIDUAL side=buy rank=0 quantity=571661
S3_RESIDUAL side=buy rank=14 quantity=0
S3_RESIDUAL side=buy rank=15 quantity=0
S3_RESIDUAL side=buy rank=16 quantity=0
S3_RESIDUAL side=buy rank=17 quantity=0
S3_RESIDUAL side=buy rank=18 quantity=0
S3_RESIDUAL side=buy rank=19 quantity=0
S3_RESIDUAL side=buy rank=20 quantity=0
S3_RESIDUAL side=buy rank=21 quantity=0
S3_RESIDUAL side=buy rank=22 quantity=0
S3_RESIDUAL side=buy rank=23 quantity=0
S3_RESIDUAL side=buy rank=24 quantity=0
S3_RESIDUAL side=buy rank=25 quantity=0
S3_RESIDUAL side=buy rank=26 quantity=0
S3_RESIDUAL side=buy rank=27 quantity=0
S3_RESIDUAL side=buy rank=28 quantity=0
S3_RESIDUAL side=buy rank=29 quantity=0
S3_RESIDUAL side=buy rank=30 quantity=0
S3_RESIDUAL side=buy rank=31 quantity=0
S3_RESIDUAL side=sell rank=20 quantity=0
S3_RESIDUAL side=sell rank=26 quantity=0
S3_RESIDUAL side=sell rank=23 quantity=0
S3_RESIDUAL side=sell rank=6 quantity=0
S3_RESIDUAL side=sell rank=10 quantity=0
S3_RESIDUAL side=sell rank=12 quantity=0
S3_RESIDUAL side=sell rank=17 quantity=0
S3_RESIDUAL side=sell rank=15 quantity=0
S3_RESIDUAL side=sell rank=24 quantity=220970
S3_RESIDUAL side=sell rank=25 quantity=0
S3_RESIDUAL side=sell rank=3 quantity=9291
S3_RESIDUAL side=sell rank=4 quantity=299114
S3_RESIDUAL side=sell rank=9 quantity=359637
S3_RESIDUAL side=sell rank=27 quantity=0
S3_RESIDUAL side=sell rank=14 quantity=0
S3_RESIDUAL side=sell rank=19 quantity=0
S3_RESIDUAL side=sell rank=16 quantity=844788
S3_RESIDUAL side=sell rank=0 quantity=335
S3_RESIDUAL side=sell rank=7 quantity=553641
S3_RESIDUAL side=sell rank=1 quantity=0
S3_RESIDUAL side=sell rank=8 quantity=0
S3_RESIDUAL side=sell rank=13 quantity=680813
S3_RESIDUAL side=sell rank=21 quantity=69096
S3_RESIDUAL side=sell rank=18 quantity=389805
S3_RESIDUAL side=sell rank=5 quantity=54537
S3_RESIDUAL side=sell rank=22 quantity=356246
S3_RESIDUAL side=sell rank=28 quantity=622380
S3_RESIDUAL side=sell rank=11 quantity=708027
S3_RESIDUAL side=sell rank=2 quantity=518409
S3_RESIDUAL side=sell rank=29 quantity=0
S3_RESIDUAL side=sell rank=30 quantity=0
S3_RESIDUAL side=sell rank=31 quantity=0
The following benchmarks are including preprocessing (offline phase).
Time = 5.50058 seconds 
Data sent = 124.617 MB in ~31011 rounds (party 0 only; use '-v' for more details)
Global data sent = 373.531 MB (all parties)
This program might benefit from some protocol options.
Consider adding the following at the beginning of your code:
	program.use_edabit(True)
