mode: set
github.com/retf/source/v2/mpc/inputbinding/binding.go:120.48,122.2 1 1
github.com/retf/source/v2/mpc/inputbinding/binding.go:124.58,127.42 3 1
github.com/retf/source/v2/mpc/inputbinding/binding.go:127.42,129.3 1 1
github.com/retf/source/v2/mpc/inputbinding/binding.go:130.2,131.13 2 1
github.com/retf/source/v2/mpc/inputbinding/binding.go:161.54,162.90 1 1
github.com/retf/source/v2/mpc/inputbinding/binding.go:162.90,164.3 1 1
github.com/retf/source/v2/mpc/inputbinding/binding.go:165.2,171.4 1 1
github.com/retf/source/v2/mpc/inputbinding/binding.go:171.4,172.37 1 1
github.com/retf/source/v2/mpc/inputbinding/binding.go:172.37,174.4 1 1
github.com/retf/source/v2/mpc/inputbinding/binding.go:176.2,176.93 1 1
github.com/retf/source/v2/mpc/inputbinding/binding.go:176.93,178.3 1 1
github.com/retf/source/v2/mpc/inputbinding/binding.go:179.2,187.4 1 1
github.com/retf/source/v2/mpc/inputbinding/binding.go:187.4,188.56 1 1
github.com/retf/source/v2/mpc/inputbinding/binding.go:188.56,190.4 1 1
github.com/retf/source/v2/mpc/inputbinding/binding.go:192.2,192.62 1 1
github.com/retf/source/v2/mpc/inputbinding/binding.go:192.62,194.3 1 1
github.com/retf/source/v2/mpc/inputbinding/binding.go:195.2,195.80 1 1
github.com/retf/source/v2/mpc/inputbinding/binding.go:195.80,197.3 1 1
github.com/retf/source/v2/mpc/inputbinding/binding.go:198.2,198.12 1 1
github.com/retf/source/v2/mpc/inputbinding/binding.go:201.65,202.48 1 1
github.com/retf/source/v2/mpc/inputbinding/binding.go:202.48,204.3 1 0
github.com/retf/source/v2/mpc/inputbinding/binding.go:205.2,205.35 1 1
github.com/retf/source/v2/mpc/inputbinding/binding.go:208.57,210.16 2 1
github.com/retf/source/v2/mpc/inputbinding/binding.go:210.16,212.3 1 0
github.com/retf/source/v2/mpc/inputbinding/binding.go:213.2,214.43 2 1
github.com/retf/source/v2/mpc/inputbinding/binding.go:217.67,219.16 2 1
github.com/retf/source/v2/mpc/inputbinding/binding.go:219.16,221.3 1 0
github.com/retf/source/v2/mpc/inputbinding/binding.go:222.2,223.23 2 1
github.com/retf/source/v2/mpc/inputbinding/binding.go:226.93,228.16 2 1
github.com/retf/source/v2/mpc/inputbinding/binding.go:228.16,230.3 1 0
github.com/retf/source/v2/mpc/inputbinding/binding.go:231.2,233.12 3 1
github.com/retf/source/v2/mpc/inputbinding/binding.go:236.77,238.2 1 1
github.com/retf/source/v2/mpc/inputbinding/binding.go:240.79,242.2 1 1
github.com/retf/source/v2/mpc/inputbinding/binding.go:244.81,251.16 2 1
github.com/retf/source/v2/mpc/inputbinding/binding.go:251.16,252.13 1 0
github.com/retf/source/v2/mpc/inputbinding/binding.go:254.2,254.58 1 1
github.com/retf/source/v2/mpc/inputbinding/binding.go:257.50,263.2 5 1
github.com/retf/source/v2/mpc/inputbinding/binding.go:265.85,266.102 1 1
github.com/retf/source/v2/mpc/inputbinding/binding.go:266.102,268.3 1 1
github.com/retf/source/v2/mpc/inputbinding/binding.go:269.2,270.55 2 1
github.com/retf/source/v2/mpc/inputbinding/binding.go:270.55,271.39 1 1
github.com/retf/source/v2/mpc/inputbinding/binding.go:271.39,273.4 1 1
github.com/retf/source/v2/mpc/inputbinding/binding.go:274.3,276.33 3 1
github.com/retf/source/v2/mpc/inputbinding/binding.go:276.33,278.4 1 0
github.com/retf/source/v2/mpc/inputbinding/binding.go:278.9,280.4 1 1
github.com/retf/source/v2/mpc/inputbinding/binding.go:282.2,283.105 2 1
github.com/retf/source/v2/mpc/inputbinding/binding.go:283.105,285.3 1 1
github.com/retf/source/v2/mpc/inputbinding/binding.go:286.2,286.12 1 1
github.com/retf/source/v2/mpc/inputbinding/binding.go:289.79,290.64 1 1
github.com/retf/source/v2/mpc/inputbinding/binding.go:290.64,292.3 1 1
github.com/retf/source/v2/mpc/inputbinding/binding.go:293.2,293.57 1 1
github.com/retf/source/v2/mpc/inputbinding/binding.go:293.57,295.3 1 0
github.com/retf/source/v2/mpc/inputbinding/binding.go:296.2,297.76 2 1
github.com/retf/source/v2/mpc/inputbinding/binding.go:297.76,299.3 1 1
github.com/retf/source/v2/mpc/inputbinding/binding.go:300.2,302.100 1 1
github.com/retf/source/v2/mpc/inputbinding/binding.go:302.100,304.3 1 1
github.com/retf/source/v2/mpc/inputbinding/binding.go:305.2,307.53 1 1
github.com/retf/source/v2/mpc/inputbinding/binding.go:307.53,309.3 1 1
github.com/retf/source/v2/mpc/inputbinding/binding.go:310.2,312.24 3 1
github.com/retf/source/v2/mpc/inputbinding/binding.go:312.24,314.3 1 0
github.com/retf/source/v2/mpc/inputbinding/binding.go:315.2,315.97 1 1
github.com/retf/source/v2/mpc/inputbinding/binding.go:315.97,317.3 1 1
github.com/retf/source/v2/mpc/inputbinding/binding.go:318.2,323.102 2 1
github.com/retf/source/v2/mpc/inputbinding/binding.go:323.102,325.3 1 1
github.com/retf/source/v2/mpc/inputbinding/binding.go:326.2,331.56 2 1
github.com/retf/source/v2/mpc/inputbinding/binding.go:331.56,333.3 1 1
github.com/retf/source/v2/mpc/inputbinding/binding.go:334.2,335.79 1 1
github.com/retf/source/v2/mpc/inputbinding/binding.go:335.79,337.3 1 1
github.com/retf/source/v2/mpc/inputbinding/binding.go:338.2,339.67 1 1
github.com/retf/source/v2/mpc/inputbinding/binding.go:339.67,341.3 1 1
github.com/retf/source/v2/mpc/inputbinding/binding.go:342.2,343.63 1 1
github.com/retf/source/v2/mpc/inputbinding/binding.go:343.63,345.3 1 1
github.com/retf/source/v2/mpc/inputbinding/binding.go:346.2,347.67 1 1
github.com/retf/source/v2/mpc/inputbinding/binding.go:347.67,349.3 1 1
github.com/retf/source/v2/mpc/inputbinding/binding.go:350.2,351.9 2 1
github.com/retf/source/v2/mpc/inputbinding/binding.go:351.9,353.3 1 1
github.com/retf/source/v2/mpc/inputbinding/binding.go:354.2,356.59 2 1
github.com/retf/source/v2/mpc/inputbinding/binding.go:356.59,358.3 1 1
github.com/retf/source/v2/mpc/inputbinding/binding.go:359.2,361.37 2 1
github.com/retf/source/v2/mpc/inputbinding/binding.go:361.37,363.3 1 1
github.com/retf/source/v2/mpc/inputbinding/binding.go:364.2,365.16 2 1
github.com/retf/source/v2/mpc/inputbinding/binding.go:365.16,367.3 1 0
github.com/retf/source/v2/mpc/inputbinding/binding.go:368.2,369.84 1 1
github.com/retf/source/v2/mpc/inputbinding/binding.go:372.56,374.48 2 1
github.com/retf/source/v2/mpc/inputbinding/binding.go:374.48,376.3 1 0
github.com/retf/source/v2/mpc/inputbinding/binding.go:377.2,378.61 2 1
github.com/retf/source/v2/mpc/inputbinding/binding.go:381.49,383.77 2 1
github.com/retf/source/v2/mpc/inputbinding/binding.go:383.77,385.3 1 1
github.com/retf/source/v2/mpc/inputbinding/binding.go:386.2,386.12 1 1
