Using statistical security parameter 40
Trying to run 255-bit computation (256-bit representation)
S3_FMATCH_TEST valid=1 commitment=-7709798143651050794817541355065280629433338103358279237217031665874151836116 aggregate_quantity=3054625 aggregate_settlement=1376363294376
S3_MATCH slot=0 active=1 buy_rank=6 sell_rank=7 price=544873 quantity=339382 settlement=184920088486 buy_residual=551643 sell_residual=0
S3_MATCH slot=1 active=1 buy_rank=6 sell_rank=4 price=572321 quantity=551643 settlement=315716873403 buy_residual=0 sell_residual=154795
S3_MATCH slot=2 active=1 buy_rank=5 sell_rank=4 price=613975 quantity=154795 settlement=95040260125 buy_residual=318477 sell_residual=0
S3_MATCH slot=3 active=1 buy_rank=5 sell_rank=2 price=716246 quantity=318477 settlement=228107877342 buy_residual=0 sell_residual=614701
S3_MATCH slot=4 active=1 buy_rank=1 sell_rank=2 price=427093 quantity=614701 settlement=262534494193 buy_residual=273646 sell_residual=0
S3_MATCH slot=5 active=1 buy_rank=1 sell_rank=11 price=174278 quantity=273646 settlement=47690477588 buy_residual=0 sell_residual=3290
S3_MATCH slot=6 active=1 buy_rank=0 sell_rank=11 price=330744 quantity=3290 settlement=1088147760 buy_residual=7048 sell_residual=0
S3_MATCH slot=7 active=1 buy_rank=0 sell_rank=5 price=801201 quantity=7048 settlement=5646864648 buy_residual=0 sell_residual=100935
S3_MATCH slot=8 active=1 buy_rank=2 sell_rank=1 price=345700 quantity=196275 settlement=67852267500 buy_residual=0 sell_residual=365427
S3_MATCH slot=9 active=1 buy_rank=4 sell_rank=1 price=252949 quantity=365427 settlement=92434394223 buy_residual=214453 sell_residual=0
S3_MATCH slot=10 active=1 buy_rank=4 sell_rank=0 price=330212 quantity=214453 settlement=70814954036 buy_residual=0 sell_residual=15488
S3_MATCH slot=11 active=1 buy_rank=3 sell_rank=0 price=291619 quantity=15488 settlement=4516595072 buy_residual=516103 sell_residual=0
S3_MATCH slot=12 active=0 buy_rank=0 sell_rank=0 price=0 quantity=0 settlement=0 buy_residual=0 sell_residual=0
S3_MATCH slot=13 active=0 buy_rank=0 sell_rank=0 price=0 quantity=0 settlement=0 buy_residual=0 sell_residual=0
S3_MATCH slot=14 active=0 buy_rank=0 sell_rank=0 price=0 quantity=0 settlement=0 buy_residual=0 sell_residual=0
S3_MATCH slot=15 active=0 buy_rank=0 sell_rank=0 price=0 quantity=0 settlement=0 buy_residual=0 sell_residual=0
S3_MATCH slot=16 active=0 buy_rank=0 sell_rank=0 price=0 quantity=0 settlement=0 buy_residual=0 sell_residual=0
S3_MATCH slot=17 active=0 buy_rank=0 sell_rank=0 price=0 quantity=0 settlement=0 buy_residual=0 sell_residual=0
S3_MATCH slot=18 active=0 buy_rank=0 sell_rank=0 price=0 quantity=0 settlement=0 buy_residual=0 sell_residual=0
S3_MATCH slot=19 active=0 buy_rank=0 sell_rank=0 price=0 quantity=0 settlement=0 buy_residual=0 sell_residual=0
S3_MATCH slot=20 active=0 buy_rank=0 sell_rank=0 price=0 quantity=0 settlement=0 buy_residual=0 sell_residual=0
S3_MATCH slot=21 active=0 buy_rank=0 sell_rank=0 price=0 quantity=0 settlement=0 buy_residual=0 sell_residual=0
S3_MATCH slot=22 active=0 buy_rank=0 sell_rank=0 price=0 quantity=0 settlement=0 buy_residual=0 sell_residual=0
S3_MATCH slot=23 active=0 buy_rank=0 sell_rank=0 price=0 quantity=0 settlement=0 buy_residual=0 sell_residual=0
S3_MATCH slot=24 active=0 buy_rank=0 sell_rank=0 price=0 quantity=0 settlement=0 buy_residual=0 sell_residual=0
S3_MATCH slot=25 active=0 buy_rank=0 sell_rank=0 price=0 quantity=0 settlement=0 buy_residual=0 sell_residual=0
S3_MATCH slot=26 active=0 buy_rank=0 sell_rank=0 price=0 quantity=0 settlement=0 buy_residual=0 sell_residual=0
S3_MATCH slot=27 active=0 buy_rank=0 sell_rank=0 price=0 quantity=0 settlement=0 buy_residual=0 sell_residual=0
S3_MATCH slot=28 active=0 buy_rank=0 sell_rank=0 price=0 quantity=0 settlement=0 buy_residual=0 sell_residual=0
S3_MATCH slot=29 active=0 buy_rank=0 sell_rank=0 price=0 quantity=0 settlement=0 buy_residual=0 sell_residual=0
S3_MATCH slot=30 active=0 buy_rank=0 sell_rank=0 price=0 quantity=0 settlement=0 buy_residual=0 sell_residual=0
S3_RESIDUAL side=buy rank=6 quantity=0
S3_RESIDUAL side=buy rank=5 quantity=0
S3_RESIDUAL side=buy rank=1 quantity=0
S3_RESIDUAL side=buy rank=0 quantity=0
S3_RESIDUAL side=buy rank=2 quantity=0
S3_RESIDUAL side=buy rank=4 quantity=0
S3_RESIDUAL side=buy rank=3 quantity=516103
S3_RESIDUAL side=buy rank=7 quantity=0
S3_RESIDUAL side=buy rank=8 quantity=0
S3_RESIDUAL side=buy rank=9 quantity=0
S3_RESIDUAL side=buy rank=10 quantity=0
S3_RESIDUAL side=buy rank=11 quantity=0
S3_RESIDUAL side=buy rank=12 quantity=0
S3_RESIDUAL side=buy rank=13 quantity=0
S3_RESIDUAL side=buy rank=14 quantity=0
S3_RESIDUAL side=buy rank=15 quantity=0
S3_RESIDUAL side=sell rank=7 quantity=0
S3_RESIDUAL side=sell rank=4 quantity=0
S3_RESIDUAL side=sell rank=2 quantity=0
S3_RESIDUAL side=sell rank=11 quantity=0
S3_RESIDUAL side=sell rank=5 quantity=100935
S3_RESIDUAL side=sell rank=1 quantity=0
S3_RESIDUAL side=sell rank=0 quantity=0
S3_RESIDUAL side=sell rank=9 quantity=613078
S3_RESIDUAL side=sell rank=10 quantity=811037
S3_RESIDUAL side=sell rank=3 quantity=4700
S3_RESIDUAL side=sell rank=12 quantity=788223
S3_RESIDUAL side=sell rank=8 quantity=467152
S3_RESIDUAL side=sell rank=6 quantity=84049
S3_RESIDUAL side=sell rank=13 quantity=0
S3_RESIDUAL side=sell rank=14 quantity=0
S3_RESIDUAL side=sell rank=15 quantity=0
The following benchmarks are including preprocessing (offline phase).
Time = 2.73381 seconds 
Data sent = 56.5948 MB in ~14142 rounds (party 0 only; use '-v' for more details)
Global data sent = 169.464 MB (all parties)
This program might benefit from some protocol options.
Consider adding the following at the beginning of your code:
	program.use_edabit(True)
