Using statistical security parameter 40
Trying to run 255-bit computation (256-bit representation)
S3_FMATCH_TEST valid=1 commitment=21560696524580479027672866964045372742968279422416416522247335633249585342601 aggregate_quantity=1558698 aggregate_settlement=970102070842
S3_MATCH slot=0 active=1 buy_rank=8 sell_rank=8 price=454541 quantity=451239 settlement=205106626299 buy_residual=0 sell_residual=226680
S3_MATCH slot=1 active=1 buy_rank=7 sell_rank=8 price=715607 quantity=226680 settlement=162213794760 buy_residual=282748 sell_residual=0
S3_MATCH slot=2 active=1 buy_rank=7 sell_rank=2 price=715751 quantity=215516 settlement=154255792516 buy_residual=67232 sell_residual=0
S3_MATCH slot=3 active=1 buy_rank=7 sell_rank=10 price=1130927 quantity=67232 settlement=76034484064 buy_residual=0 sell_residual=400096
S3_MATCH slot=4 active=1 buy_rank=3 sell_rank=0 price=386285 quantity=72394 settlement=27964716290 buy_residual=0 sell_residual=113975
S3_MATCH slot=5 active=1 buy_rank=5 sell_rank=0 price=293005 quantity=59796 settlement=17520526980 buy_residual=0 sell_residual=54179
S3_MATCH slot=6 active=1 buy_rank=2 sell_rank=0 price=616305 quantity=54179 settlement=33390788595 buy_residual=315176 sell_residual=0
S3_MATCH slot=7 active=1 buy_rank=2 sell_rank=11 price=813360 quantity=315176 settlement=256351551360 buy_residual=0 sell_residual=294439
S3_MATCH slot=8 active=1 buy_rank=4 sell_rank=7 price=346633 quantity=1355 settlement=469687715 buy_residual=0 sell_residual=212006
S3_MATCH slot=9 active=1 buy_rank=1 sell_rank=7 price=386773 quantity=95131 settlement=36794102263 buy_residual=0 sell_residual=116875
S3_MATCH slot=10 active=0 buy_rank=0 sell_rank=0 price=0 quantity=0 settlement=0 buy_residual=0 sell_residual=0
S3_MATCH slot=11 active=0 buy_rank=0 sell_rank=0 price=0 quantity=0 settlement=0 buy_residual=0 sell_residual=0
S3_MATCH slot=12 active=0 buy_rank=0 sell_rank=0 price=0 quantity=0 settlement=0 buy_residual=0 sell_residual=0
S3_MATCH slot=13 active=0 buy_rank=0 sell_rank=0 price=0 quantity=0 settlement=0 buy_residual=0 sell_residual=0
S3_MATCH slot=14 active=0 buy_rank=0 sell_rank=0 price=0 quantity=0 settlement=0 buy_residual=0 sell_residual=0
S3_MATCH slot=15 active=0 buy_rank=0 sell_rank=0 price=0 quantity=0 settlement=0 buy_residual=0 sell_residual=0
S3_MATCH slot=16 active=0 buy_rank=0 sell_rank=0 price=0 quantity=0 settlement=0 buy_residual=0 sell_residual=0
S3_MATCH slot=17 active=0 buy_rank=0 sell_rank=0 price=0 quantity=0 settlement=0 buy_residual=0 sell_residual=0
S3_MATCH slot=18 active=0 buy_rank=0 sell_rank=0 price=0 quantity=0 settlement=0 buy_residual=0 sell_residual=0
S3_MATCH slot=19 active=0 buy_rank=0 sell_rank=0 price=0 quantity=0 settlement=0 buy_residual=0 sell_residual=0
S3_MATCH slot=20 active=0 buy_rank=0 sell_rank=0 price=0 quantity=0 settlement=0 buy_residual=0 sell_residual=0
S3_MATCH slot=21 active=0 buy_rank=0 sell_rank=0 price=0 quantity=0 settlement=0 buy_residual=0 sell_residual=0
S3_MATCH slot=22 active=0 buy_rank=0 sell_rank=0 price=0 quantity=0 settlement=0 buy_residual=0 sell_residual=0
S3_MATCH slot=23 active=0 buy_rank=0 sell_rank=0 price=0 quantity=0 settlement=0 buy_residual=0 sell_residual=0
S3_MATCH slot=24 active=0 buy_rank=0 sell_rank=0 price=0 quantity=0 settlement=0 buy_residual=0 sell_residual=0
S3_MATCH slot=25 active=0 buy_rank=0 sell_rank=0 price=0 quantity=0 settlement=0 buy_residual=0 sell_residual=0
S3_MATCH slot=26 active=0 buy_rank=0 sell_rank=0 price=0 quantity=0 settlement=0 buy_residual=0 sell_residual=0
S3_MATCH slot=27 active=0 buy_rank=0 sell_rank=0 price=0 quantity=0 settlement=0 buy_residual=0 sell_residual=0
S3_MATCH slot=28 active=0 buy_rank=0 sell_rank=0 price=0 quantity=0 settlement=0 buy_residual=0 sell_residual=0
S3_MATCH slot=29 active=0 buy_rank=0 sell_rank=0 price=0 quantity=0 settlement=0 buy_residual=0 sell_residual=0
S3_MATCH slot=30 active=0 buy_rank=0 sell_rank=0 price=0 quantity=0 settlement=0 buy_residual=0 sell_residual=0
S3_RESIDUAL side=buy rank=8 quantity=0
S3_RESIDUAL side=buy rank=7 quantity=0
S3_RESIDUAL side=buy rank=3 quantity=0
S3_RESIDUAL side=buy rank=5 quantity=0
S3_RESIDUAL side=buy rank=2 quantity=0
S3_RESIDUAL side=buy rank=4 quantity=0
S3_RESIDUAL side=buy rank=1 quantity=0
S3_RESIDUAL side=buy rank=0 quantity=390431
S3_RESIDUAL side=buy rank=6 quantity=969440
S3_RESIDUAL side=buy rank=9 quantity=284345
S3_RESIDUAL side=buy rank=10 quantity=0
S3_RESIDUAL side=buy rank=11 quantity=0
S3_RESIDUAL side=buy rank=12 quantity=0
S3_RESIDUAL side=buy rank=13 quantity=0
S3_RESIDUAL side=buy rank=14 quantity=0
S3_RESIDUAL side=buy rank=15 quantity=0
S3_RESIDUAL side=sell rank=8 quantity=0
S3_RESIDUAL side=sell rank=2 quantity=0
S3_RESIDUAL side=sell rank=10 quantity=400096
S3_RESIDUAL side=sell rank=3 quantity=999369
S3_RESIDUAL side=sell rank=0 quantity=0
S3_RESIDUAL side=sell rank=11 quantity=294439
S3_RESIDUAL side=sell rank=7 quantity=116875
S3_RESIDUAL side=sell rank=6 quantity=302162
S3_RESIDUAL side=sell rank=9 quantity=210322
S3_RESIDUAL side=sell rank=4 quantity=371068
S3_RESIDUAL side=sell rank=5 quantity=256128
S3_RESIDUAL side=sell rank=1 quantity=378841
S3_RESIDUAL side=sell rank=12 quantity=0
S3_RESIDUAL side=sell rank=13 quantity=0
S3_RESIDUAL side=sell rank=14 quantity=0
S3_RESIDUAL side=sell rank=15 quantity=0
The following benchmarks are including preprocessing (offline phase).
Time = 2.69272 seconds 
Data sent = 56.5948 MB in ~14142 rounds (party 0 only; use '-v' for more details)
Global data sent = 169.464 MB (all parties)
This program might benefit from some protocol options.
Consider adding the following at the beginning of your code:
	program.use_edabit(True)
