Using statistical security parameter 40
Trying to run 255-bit computation (256-bit representation)
S3_FMATCH_TEST valid=1 commitment=24930289405570022765992538858798893882165257187642882755521476898433826555056 aggregate_quantity=3702500 aggregate_settlement=1708682654980
S3_MATCH slot=0 active=1 buy_rank=3 sell_rank=0 price=372846 quantity=108837 settlement=40579440102 buy_residual=0 sell_residual=466026
S3_MATCH slot=1 active=1 buy_rank=7 sell_rank=0 price=429162 quantity=335038 settlement=143785578156 buy_residual=0 sell_residual=130988
S3_MATCH slot=2 active=1 buy_rank=14 sell_rank=0 price=377323 quantity=130988 settlement=49424785124 buy_residual=693021 sell_residual=0
S3_MATCH slot=3 active=1 buy_rank=14 sell_rank=8 price=382718 quantity=392499 settlement=150216432282 buy_residual=300522 sell_residual=0
S3_MATCH slot=4 active=1 buy_rank=14 sell_rank=12 price=757579 quantity=230861 settlement=174895445519 buy_residual=69661 sell_residual=0
S3_MATCH slot=5 active=1 buy_rank=14 sell_rank=7 price=630674 quantity=69661 settlement=43933381514 buy_residual=0 sell_residual=619883
S3_MATCH slot=6 active=1 buy_rank=1 sell_rank=7 price=770707 quantity=619883 settlement=477748167281 buy_residual=82540 sell_residual=0
S3_MATCH slot=7 active=1 buy_rank=1 sell_rank=1 price=940078 quantity=82540 settlement=77594038120 buy_residual=0 sell_residual=569441
S3_MATCH slot=8 active=1 buy_rank=11 sell_rank=2 price=96946 quantity=324276 settlement=31437261096 buy_residual=0 sell_residual=411501
S3_MATCH slot=9 active=1 buy_rank=10 sell_rank=2 price=97998 quantity=411501 settlement=40326274998 buy_residual=58449 sell_residual=0
S3_MATCH slot=10 active=1 buy_rank=10 sell_rank=9 price=200745 quantity=58449 settlement=11733344505 buy_residual=0 sell_residual=380107
S3_MATCH slot=11 active=1 buy_rank=6 sell_rank=9 price=431769 quantity=380107 settlement=164118419283 buy_residual=557860 sell_residual=0
S3_MATCH slot=12 active=1 buy_rank=6 sell_rank=15 price=542950 quantity=557860 settlement=302890087000 buy_residual=0 sell_residual=35433
S3_MATCH slot=13 active=0 buy_rank=0 sell_rank=0 price=0 quantity=0 settlement=0 buy_residual=0 sell_residual=0
S3_MATCH slot=14 active=0 buy_rank=0 sell_rank=0 price=0 quantity=0 settlement=0 buy_residual=0 sell_residual=0
S3_MATCH slot=15 active=0 buy_rank=0 sell_rank=0 price=0 quantity=0 settlement=0 buy_residual=0 sell_residual=0
S3_MATCH slot=16 active=0 buy_rank=0 sell_rank=0 price=0 quantity=0 settlement=0 buy_residual=0 sell_residual=0
S3_MATCH slot=17 active=0 buy_rank=0 sell_rank=0 price=0 quantity=0 settlement=0 buy_residual=0 sell_residual=0
S3_MATCH slot=18 active=0 buy_rank=0 sell_rank=0 price=0 quantity=0 settlement=0 buy_residual=0 sell_residual=0
S3_MATCH slot=19 active=0 buy_rank=0 sell_rank=0 price=0 quantity=0 settlement=0 buy_residual=0 sell_residual=0
S3_MATCH slot=20 active=0 buy_rank=0 sell_rank=0 price=0 quantity=0 settlement=0 buy_residual=0 sell_residual=0
S3_MATCH slot=21 active=0 buy_rank=0 sell_rank=0 price=0 quantity=0 settlement=0 buy_residual=0 sell_residual=0
S3_MATCH slot=22 active=0 buy_rank=0 sell_rank=0 price=0 quantity=0 settlement=0 buy_residual=0 sell_residual=0
S3_MATCH slot=23 active=0 buy_rank=0 sell_rank=0 price=0 quantity=0 settlement=0 buy_residual=0 sell_residual=0
S3_MATCH slot=24 active=0 buy_rank=0 sell_rank=0 price=0 quantity=0 settlement=0 buy_residual=0 sell_residual=0
S3_MATCH slot=25 active=0 buy_rank=0 sell_rank=0 price=0 quantity=0 settlement=0 buy_residual=0 sell_residual=0
S3_MATCH slot=26 active=0 buy_rank=0 sell_rank=0 price=0 quantity=0 settlement=0 buy_residual=0 sell_residual=0
S3_MATCH slot=27 active=0 buy_rank=0 sell_rank=0 price=0 quantity=0 settlement=0 buy_residual=0 sell_residual=0
S3_MATCH slot=28 active=0 buy_rank=0 sell_rank=0 price=0 quantity=0 settlement=0 buy_residual=0 sell_residual=0
S3_MATCH slot=29 active=0 buy_rank=0 sell_rank=0 price=0 quantity=0 settlement=0 buy_residual=0 sell_residual=0
S3_MATCH slot=30 active=0 buy_rank=0 sell_rank=0 price=0 quantity=0 settlement=0 buy_residual=0 sell_residual=0
S3_RESIDUAL side=buy rank=3 quantity=0
S3_RESIDUAL side=buy rank=7 quantity=0
S3_RESIDUAL side=buy rank=14 quantity=0
S3_RESIDUAL side=buy rank=1 quantity=0
S3_RESIDUAL side=buy rank=11 quantity=0
S3_RESIDUAL side=buy rank=10 quantity=0
S3_RESIDUAL side=buy rank=6 quantity=0
S3_RESIDUAL side=buy rank=0 quantity=956281
S3_RESIDUAL side=buy rank=5 quantity=247048
S3_RESIDUAL side=buy rank=13 quantity=368244
S3_RESIDUAL side=buy rank=2 quantity=950800
S3_RESIDUAL side=buy rank=8 quantity=929533
S3_RESIDUAL side=buy rank=4 quantity=83413
S3_RESIDUAL side=buy rank=12 quantity=557945
S3_RESIDUAL side=buy rank=9 quantity=803861
S3_RESIDUAL side=buy rank=15 quantity=0
S3_RESIDUAL side=sell rank=0 quantity=0
S3_RESIDUAL side=sell rank=8 quantity=0
S3_RESIDUAL side=sell rank=12 quantity=0
S3_RESIDUAL side=sell rank=7 quantity=0
S3_RESIDUAL side=sell rank=1 quantity=569441
S3_RESIDUAL side=sell rank=3 quantity=106365
S3_RESIDUAL side=sell rank=2 quantity=0
S3_RESIDUAL side=sell rank=4 quantity=798015
S3_RESIDUAL side=sell rank=10 quantity=736368
S3_RESIDUAL side=sell rank=5 quantity=197761
S3_RESIDUAL side=sell rank=9 quantity=0
S3_RESIDUAL side=sell rank=15 quantity=35433
S3_RESIDUAL side=sell rank=13 quantity=845981
S3_RESIDUAL side=sell rank=14 quantity=24252
S3_RESIDUAL side=sell rank=11 quantity=802679
S3_RESIDUAL side=sell rank=6 quantity=798729
The following benchmarks are including preprocessing (offline phase).
Time = 2.54164 seconds 
Data sent = 56.5948 MB in ~14142 rounds (party 0 only; use '-v' for more details)
Global data sent = 169.464 MB (all parties)
This program might benefit from some protocol options.
Consider adding the following at the beginning of your code:
	program.use_edabit(True)
