Using statistical security parameter 40
Trying to run 255-bit computation (256-bit representation)
S3_FMATCH_TEST valid=1 commitment=-3498442644897664747990214615691685991466894987132254942990450673968440418322 aggregate_quantity=10307854 aggregate_settlement=5880408998347
S3_MATCH slot=0 active=1 buy_rank=45 sell_rank=24 price=543034 quantity=350216 settlement=190179195344 buy_residual=0 sell_residual=459479
S3_MATCH slot=1 active=1 buy_rank=31 sell_rank=24 price=566752 quantity=459479 settlement=260410642208 buy_residual=476911 sell_residual=0
S3_MATCH slot=2 active=1 buy_rank=31 sell_rank=21 price=666172 quantity=191612 settlement=127646549264 buy_residual=285299 sell_residual=0
S3_MATCH slot=3 active=1 buy_rank=31 sell_rank=23 price=695094 quantity=285299 settlement=198309623106 buy_residual=0 sell_residual=439468
S3_MATCH slot=4 active=1 buy_rank=65 sell_rank=23 price=754449 quantity=132408 settlement=99895083192 buy_residual=0 sell_residual=307060
S3_MATCH slot=5 active=1 buy_rank=30 sell_rank=23 price=693460 quantity=29104 settlement=20182459840 buy_residual=0 sell_residual=277956
S3_MATCH slot=6 active=1 buy_rank=21 sell_rank=23 price=707490 quantity=277956 settlement=196651090440 buy_residual=155665 sell_residual=0
S3_MATCH slot=7 active=1 buy_rank=21 sell_rank=7 price=439922 quantity=155665 settlement=68480458130 buy_residual=0 sell_residual=277167
S3_MATCH slot=8 active=1 buy_rank=39 sell_rank=7 price=379579 quantity=277167 settlement=105206772693 buy_residual=186880 sell_residual=0
S3_MATCH slot=9 active=1 buy_rank=39 sell_rank=0 price=327786 quantity=186880 settlement=61256647680 buy_residual=0 sell_residual=258234
S3_MATCH slot=10 active=1 buy_rank=52 sell_rank=0 price=245132 quantity=258234 settlement=63301416888 buy_residual=687800 sell_residual=0
S3_MATCH slot=11 active=1 buy_rank=52 sell_rank=25 price=411074 quantity=180786 settlement=74316424164 buy_residual=507014 sell_residual=0
S3_MATCH slot=12 active=1 buy_rank=52 sell_rank=18 price=230621 quantity=458495 settlement=105738575395 buy_residual=48519 sell_residual=0
S3_MATCH slot=13 active=1 buy_rank=52 sell_rank=4 price=331714 quantity=48519 settlement=16094431566 buy_residual=0 sell_residual=809267
S3_MATCH slot=14 active=1 buy_rank=69 sell_rank=4 price=314124 quantity=276953 settlement=86997584172 buy_residual=0 sell_residual=532314
S3_MATCH slot=15 active=1 buy_rank=40 sell_rank=4 price=550298 quantity=120156 settlement=66121606488 buy_residual=0 sell_residual=412158
S3_MATCH slot=16 active=1 buy_rank=74 sell_rank=4 price=525119 quantity=146076 settlement=76707283044 buy_residual=0 sell_residual=266082
S3_MATCH slot=17 active=1 buy_rank=32 sell_rank=4 price=623470 quantity=266082 settlement=165894144540 buy_residual=452413 sell_residual=0
S3_MATCH slot=18 active=1 buy_rank=32 sell_rank=3 price=722029 quantity=452413 settlement=326655305977 buy_residual=0 sell_residual=353743
S3_MATCH slot=19 active=1 buy_rank=10 sell_rank=3 price=474290 quantity=353743 settlement=167776767470 buy_residual=539905 sell_residual=0
S3_MATCH slot=20 active=1 buy_rank=10 sell_rank=29 price=480382 quantity=171879 settlement=82567577778 buy_residual=368026 sell_residual=0
S3_MATCH slot=21 active=1 buy_rank=10 sell_rank=13 price=674546 quantity=129938 settlement=87649158148 buy_residual=238088 sell_residual=0
S3_MATCH slot=22 active=1 buy_rank=10 sell_rank=31 price=441767 quantity=238088 settlement=105179421496 buy_residual=0 sell_residual=445105
S3_MATCH slot=23 active=1 buy_rank=20 sell_rank=31 price=429409 quantity=445105 settlement=191132092945 buy_residual=112776 sell_residual=0
S3_MATCH slot=24 active=1 buy_rank=20 sell_rank=10 price=216568 quantity=112776 settlement=24423672768 buy_residual=0 sell_residual=557950
S3_MATCH slot=25 active=1 buy_rank=7 sell_rank=10 price=368442 quantity=540590 settlement=199176060780 buy_residual=0 sell_residual=17360
S3_MATCH slot=26 active=1 buy_rank=44 sell_rank=10 price=381936 quantity=17360 settlement=6630408960 buy_residual=148023 sell_residual=0
S3_MATCH slot=27 active=1 buy_rank=44 sell_rank=5 price=874260 quantity=148023 settlement=129410587980 buy_residual=0 sell_residual=807502
S3_MATCH slot=28 active=1 buy_rank=71 sell_rank=5 price=933794 quantity=282751 settlement=264031187294 buy_residual=0 sell_residual=524751
S3_MATCH slot=29 active=1 buy_rank=13 sell_rank=5 price=800475 quantity=100434 settlement=80394906150 buy_residual=0 sell_residual=424317
S3_MATCH slot=30 active=1 buy_rank=5 sell_rank=5 price=866072 quantity=424317 settlement=367489072824 buy_residual=244582 sell_residual=0
S3_MATCH slot=31 active=1 buy_rank=5 sell_rank=12 price=831301 quantity=244582 settlement=203321261182 buy_residual=0 sell_residual=334368
S3_MATCH slot=32 active=1 buy_rank=60 sell_rank=1 price=353194 quantity=409756 settlement=144723360664 buy_residual=0 sell_residual=490790
S3_MATCH slot=33 active=1 buy_rank=56 sell_rank=1 price=499226 quantity=351586 settlement=175520872436 buy_residual=0 sell_residual=139204
S3_MATCH slot=34 active=1 buy_rank=27 sell_rank=1 price=654389 quantity=139204 settlement=91093566356 buy_residual=735069 sell_residual=0
S3_MATCH slot=35 active=1 buy_rank=27 sell_rank=15 price=1082046 quantity=207024 settlement=224009491104 buy_residual=528045 sell_residual=0
S3_MATCH slot=36 active=1 buy_rank=27 sell_rank=9 price=702432 quantity=528045 settlement=370915705440 buy_residual=0 sell_residual=386249
S3_MATCH slot=37 active=1 buy_rank=6 sell_rank=9 price=682534 quantity=386249 settlement=263628074966 buy_residual=522904 sell_residual=0
S3_MATCH slot=38 active=1 buy_rank=6 sell_rank=33 price=518335 quantity=222894 settlement=115533761490 buy_residual=300010 sell_residual=0
S3_MATCH slot=39 active=1 buy_rank=6 sell_rank=34 price=937725 quantity=186599 settlement=174978547275 buy_residual=113411 sell_residual=0
S3_MATCH slot=40 active=1 buy_rank=6 sell_rank=11 price=888610 quantity=113411 settlement=100778148710 buy_residual=0 sell_residual=124976
S3_MATCH slot=41 active=0 buy_rank=0 sell_rank=0 price=0 quantity=0 settlement=0 buy_residual=0 sell_residual=0
S3_MATCH slot=42 active=0 buy_rank=0 sell_rank=0 price=0 quantity=0 settlement=0 buy_residual=0 sell_residual=0
S3_MATCH slot=43 active=0 buy_rank=0 sell_rank=0 price=0 quantity=0 settlement=0 buy_residual=0 sell_residual=0
S3_MATCH slot=44 active=0 buy_rank=0 sell_rank=0 price=0 quantity=0 settlement=0 buy_residual=0 sell_residual=0
S3_MATCH slot=45 active=0 buy_rank=0 sell_rank=0 price=0 quantity=0 settlement=0 buy_residual=0 sell_residual=0
S3_MATCH slot=46 active=0 buy_rank=0 sell_rank=0 price=0 quantity=0 settlement=0 buy_residual=0 sell_residual=0
S3_MATCH slot=47 active=0 buy_rank=0 sell_rank=0 price=0 quantity=0 settlement=0 buy_residual=0 sell_residual=0
S3_MATCH slot=48 active=0 buy_rank=0 sell_rank=0 price=0 quantity=0 settlement=0 buy_residual=0 sell_residual=0
S3_MATCH slot=49 active=0 buy_rank=0 sell_rank=0 price=0 quantity=0 settlement=0 buy_residual=0 sell_residual=0
S3_MATCH slot=50 active=0 buy_rank=0 sell_rank=0 price=0 quantity=0 settlement=0 buy_residual=0 sell_residual=0
S3_MATCH slot=51 active=0 buy_rank=0 sell_rank=0 price=0 quantity=0 settlement=0 buy_residual=0 sell_residual=0
S3_MATCH slot=52 active=0 buy_rank=0 sell_rank=0 price=0 quantity=0 settlement=0 buy_residual=0 sell_residual=0
S3_MATCH slot=53 active=0 buy_rank=0 sell_rank=0 price=0 quantity=0 settlement=0 buy_residual=0 sell_residual=0
S3_MATCH slot=54 active=0 buy_rank=0 sell_rank=0 price=0 quantity=0 settlement=0 buy_residual=0 sell_residual=0
S3_MATCH slot=55 active=0 buy_rank=0 sell_rank=0 price=0 quantity=0 settlement=0 buy_residual=0 sell_residual=0
S3_MATCH slot=56 active=0 buy_rank=0 sell_rank=0 price=0 quantity=0 settlement=0 buy_residual=0 sell_residual=0
S3_MATCH slot=57 active=0 buy_rank=0 sell_rank=0 price=0 quantity=0 settlement=0 buy_residual=0 sell_residual=0
S3_MATCH slot=58 active=0 buy_rank=0 sell_rank=0 price=0 quantity=0 settlement=0 buy_residual=0 sell_residual=0
S3_MATCH slot=59 active=0 buy_rank=0 sell_rank=0 price=0 quantity=0 settlement=0 buy_residual=0 sell_residual=0
S3_MATCH slot=60 active=0 buy_rank=0 sell_rank=0 price=0 quantity=0 settlement=0 buy_residual=0 sell_residual=0
S3_MATCH slot=61 active=0 buy_rank=0 sell_rank=0 price=0 quantity=0 settlement=0 buy_residual=0 sell_residual=0
S3_MATCH slot=62 active=0 buy_rank=0 sell_rank=0 price=0 quantity=0 settlement=0 buy_residual=0 sell_residual=0
S3_MATCH slot=63 active=0 buy_rank=0 sell_rank=0 price=0 quantity=0 settlement=0 buy_residual=0 sell_residual=0
S3_MATCH slot=64 active=0 buy_rank=0 sell_rank=0 price=0 quantity=0 settlement=0 buy_residual=0 sell_residual=0
S3_MATCH slot=65 active=0 buy_rank=0 sell_rank=0 price=0 quantity=0 settlement=0 buy_residual=0 sell_residual=0
S3_MATCH slot=66 active=0 buy_rank=0 sell_rank=0 price=0 quantity=0 settlement=0 buy_residual=0 sell_residual=0
S3_MATCH slot=67 active=0 buy_rank=0 sell_rank=0 price=0 quantity=0 settlement=0 buy_residual=0 sell_residual=0
S3_MATCH slot=68 active=0 buy_rank=0 sell_rank=0 price=0 quantity=0 settlement=0 buy_residual=0 sell_residual=0
S3_MATCH slot=69 active=0 buy_rank=0 sell_rank=0 price=0 quantity=0 settlement=0 buy_residual=0 sell_residual=0
S3_MATCH slot=70 active=0 buy_rank=0 sell_rank=0 price=0 quantity=0 settlement=0 buy_residual=0 sell_residual=0
S3_MATCH slot=71 active=0 buy_rank=0 sell_rank=0 price=0 quantity=0 settlement=0 buy_residual=0 sell_residual=0
S3_MATCH slot=72 active=0 buy_rank=0 sell_rank=0 price=0 quantity=0 settlement=0 buy_residual=0 sell_residual=0
S3_MATCH slot=73 active=0 buy_rank=0 sell_rank=0 price=0 quantity=0 settlement=0 buy_residual=0 sell_residual=0
S3_MATCH slot=74 active=0 buy_rank=0 sell_rank=0 price=0 quantity=0 settlement=0 buy_residual=0 sell_residual=0
S3_MATCH slot=75 active=0 buy_rank=0 sell_rank=0 price=0 quantity=0 settlement=0 buy_residual=0 sell_residual=0
S3_MATCH slot=76 active=0 buy_rank=0 sell_rank=0 price=0 quantity=0 settlement=0 buy_residual=0 sell_residual=0
S3_MATCH slot=77 active=0 buy_rank=0 sell_rank=0 price=0 quantity=0 settlement=0 buy_residual=0 sell_residual=0
S3_MATCH slot=78 active=0 buy_rank=0 sell_rank=0 price=0 quantity=0 settlement=0 buy_residual=0 sell_residual=0
S3_MATCH slot=79 active=0 buy_rank=0 sell_rank=0 price=0 quantity=0 settlement=0 buy_residual=0 sell_residual=0
S3_MATCH slot=80 active=0 buy_rank=0 sell_rank=0 price=0 quantity=0 settlement=0 buy_residual=0 sell_residual=0
S3_MATCH slot=81 active=0 buy_rank=0 sell_rank=0 price=0 quantity=0 settlement=0 buy_residual=0 sell_residual=0
S3_MATCH slot=82 active=0 buy_rank=0 sell_rank=0 price=0 quantity=0 settlement=0 buy_residual=0 sell_residual=0
S3_MATCH slot=83 active=0 buy_rank=0 sell_rank=0 price=0 quantity=0 settlement=0 buy_residual=0 sell_residual=0
S3_MATCH slot=84 active=0 buy_rank=0 sell_rank=0 price=0 quantity=0 settlement=0 buy_residual=0 sell_residual=0
S3_MATCH slot=85 active=0 buy_rank=0 sell_rank=0 price=0 quantity=0 settlement=0 buy_residual=0 sell_residual=0
S3_MATCH slot=86 active=0 buy_rank=0 sell_rank=0 price=0 quantity=0 settlement=0 buy_residual=0 sell_residual=0
S3_MATCH slot=87 active=0 buy_rank=0 sell_rank=0 price=0 quantity=0 settlement=0 buy_residual=0 sell_residual=0
S3_MATCH slot=88 active=0 buy_rank=0 sell_rank=0 price=0 quantity=0 settlement=0 buy_residual=0 sell_residual=0
S3_MATCH slot=89 active=0 buy_rank=0 sell_rank=0 price=0 quantity=0 settlement=0 buy_residual=0 sell_residual=0
S3_MATCH slot=90 active=0 buy_rank=0 sell_rank=0 price=0 quantity=0 settlement=0 buy_residual=0 sell_residual=0
S3_MATCH slot=91 active=0 buy_rank=0 sell_rank=0 price=0 quantity=0 settlement=0 buy_residual=0 sell_residual=0
S3_MATCH slot=92 active=0 buy_rank=0 sell_rank=0 price=0 quantity=0 settlement=0 buy_residual=0 sell_residual=0
S3_MATCH slot=93 active=0 buy_rank=0 sell_rank=0 price=0 quantity=0 settlement=0 buy_residual=0 sell_residual=0
S3_MATCH slot=94 active=0 buy_rank=0 sell_rank=0 price=0 quantity=0 settlement=0 buy_residual=0 sell_residual=0
S3_MATCH slot=95 active=0 buy_rank=0 sell_rank=0 price=0 quantity=0 settlement=0 buy_residual=0 sell_residual=0
S3_MATCH slot=96 active=0 buy_rank=0 sell_rank=0 price=0 quantity=0 settlement=0 buy_residual=0 sell_residual=0
S3_MATCH slot=97 active=0 buy_rank=0 sell_rank=0 price=0 quantity=0 settlement=0 buy_residual=0 sell_residual=0
S3_MATCH slot=98 active=0 buy_rank=0 sell_rank=0 price=0 quantity=0 settlement=0 buy_residual=0 sell_residual=0
S3_MATCH slot=99 active=0 buy_rank=0 sell_rank=0 price=0 quantity=0 settlement=0 buy_residual=0 sell_residual=0
S3_MATCH slot=100 active=0 buy_rank=0 sell_rank=0 price=0 quantity=0 settlement=0 buy_residual=0 sell_residual=0
S3_MATCH slot=101 active=0 buy_rank=0 sell_rank=0 price=0 quantity=0 settlement=0 buy_residual=0 sell_residual=0
S3_MATCH slot=102 active=0 buy_rank=0 sell_rank=0 price=0 quantity=0 settlement=0 buy_residual=0 sell_residual=0
S3_MATCH slot=103 active=0 buy_rank=0 sell_rank=0 price=0 quantity=0 settlement=0 buy_residual=0 sell_residual=0
S3_MATCH slot=104 active=0 buy_rank=0 sell_rank=0 price=0 quantity=0 settlement=0 buy_residual=0 sell_residual=0
S3_MATCH slot=105 active=0 buy_rank=0 sell_rank=0 price=0 quantity=0 settlement=0 buy_residual=0 sell_residual=0
S3_MATCH slot=106 active=0 buy_rank=0 sell_rank=0 price=0 quantity=0 settlement=0 buy_residual=0 sell_residual=0
S3_MATCH slot=107 active=0 buy_rank=0 sell_rank=0 price=0 quantity=0 settlement=0 buy_residual=0 sell_residual=0
S3_MATCH slot=108 active=0 buy_rank=0 sell_rank=0 price=0 quantity=0 settlement=0 buy_residual=0 sell_residual=0
S3_MATCH slot=109 active=0 buy_rank=0 sell_rank=0 price=0 quantity=0 settlement=0 buy_residual=0 sell_residual=0
S3_MATCH slot=110 active=0 buy_rank=0 sell_rank=0 price=0 quantity=0 settlement=0 buy_residual=0 sell_residual=0
S3_MATCH slot=111 active=0 buy_rank=0 sell_rank=0 price=0 quantity=0 settlement=0 buy_residual=0 sell_residual=0
S3_MATCH slot=112 active=0 buy_rank=0 sell_rank=0 price=0 quantity=0 settlement=0 buy_residual=0 sell_residual=0
S3_MATCH slot=113 active=0 buy_rank=0 sell_rank=0 price=0 quantity=0 settlement=0 buy_residual=0 sell_residual=0
S3_MATCH slot=114 active=0 buy_rank=0 sell_rank=0 price=0 quantity=0 settlement=0 buy_residual=0 sell_residual=0
S3_MATCH slot=115 active=0 buy_rank=0 sell_rank=0 price=0 quantity=0 settlement=0 buy_residual=0 sell_residual=0
S3_MATCH slot=116 active=0 buy_rank=0 sell_rank=0 price=0 quantity=0 settlement=0 buy_residual=0 sell_residual=0
S3_MATCH slot=117 active=0 buy_rank=0 sell_rank=0 price=0 quantity=0 settlement=0 buy_residual=0 sell_residual=0
S3_MATCH slot=118 active=0 buy_rank=0 sell_rank=0 price=0 quantity=0 settlement=0 buy_residual=0 sell_residual=0
S3_MATCH slot=119 active=0 buy_rank=0 sell_rank=0 price=0 quantity=0 settlement=0 buy_residual=0 sell_residual=0
S3_MATCH slot=120 active=0 buy_rank=0 sell_rank=0 price=0 quantity=0 settlement=0 buy_residual=0 sell_residual=0
S3_MATCH slot=121 active=0 buy_rank=0 sell_rank=0 price=0 quantity=0 settlement=0 buy_residual=0 sell_residual=0
S3_MATCH slot=122 active=0 buy_rank=0 sell_rank=0 price=0 quantity=0 settlement=0 buy_residual=0 sell_residual=0
S3_MATCH slot=123 active=0 buy_rank=0 sell_rank=0 price=0 quantity=0 settlement=0 buy_residual=0 sell_residual=0
S3_MATCH slot=124 active=0 buy_rank=0 sell_rank=0 price=0 quantity=0 settlement=0 buy_residual=0 sell_residual=0
S3_MATCH slot=125 active=0 buy_rank=0 sell_rank=0 price=0 quantity=0 settlement=0 buy_residual=0 sell_residual=0
S3_MATCH slot=126 active=0 buy_rank=0 sell_rank=0 price=0 quantity=0 settlement=0 buy_residual=0 sell_residual=0
S3_MATCH slot=127 active=0 buy_rank=0 sell_rank=0 price=0 quantity=0 settlement=0 buy_residual=0 sell_residual=0
S3_MATCH slot=128 active=0 buy_rank=0 sell_rank=0 price=0 quantity=0 settlement=0 buy_residual=0 sell_residual=0
S3_MATCH slot=129 active=0 buy_rank=0 sell_rank=0 price=0 quantity=0 settlement=0 buy_residual=0 sell_residual=0
S3_MATCH slot=130 active=0 buy_rank=0 sell_rank=0 price=0 quantity=0 settlement=0 buy_residual=0 sell_residual=0
S3_MATCH slot=131 active=0 buy_rank=0 sell_rank=0 price=0 quantity=0 settlement=0 buy_residual=0 sell_residual=0
S3_MATCH slot=132 active=0 buy_rank=0 sell_rank=0 price=0 quantity=0 settlement=0 buy_residual=0 sell_residual=0
S3_MATCH slot=133 active=0 buy_rank=0 sell_rank=0 price=0 quantity=0 settlement=0 buy_residual=0 sell_residual=0
S3_MATCH slot=134 active=0 buy_rank=0 sell_rank=0 price=0 quantity=0 settlement=0 buy_residual=0 sell_residual=0
S3_MATCH slot=135 active=0 buy_rank=0 sell_rank=0 price=0 quantity=0 settlement=0 buy_residual=0 sell_residual=0
S3_MATCH slot=136 active=0 buy_rank=0 sell_rank=0 price=0 quantity=0 settlement=0 buy_residual=0 sell_residual=0
S3_MATCH slot=137 active=0 buy_rank=0 sell_rank=0 price=0 quantity=0 settlement=0 buy_residual=0 sell_residual=0
S3_MATCH slot=138 active=0 buy_rank=0 sell_rank=0 price=0 quantity=0 settlement=0 buy_residual=0 sell_residual=0
S3_MATCH slot=139 active=0 buy_rank=0 sell_rank=0 price=0 quantity=0 settlement=0 buy_residual=0 sell_residual=0
S3_MATCH slot=140 active=0 buy_rank=0 sell_rank=0 price=0 quantity=0 settlement=0 buy_residual=0 sell_residual=0
S3_MATCH slot=141 active=0 buy_rank=0 sell_rank=0 price=0 quantity=0 settlement=0 buy_residual=0 sell_residual=0
S3_MATCH slot=142 active=0 buy_rank=0 sell_rank=0 price=0 quantity=0 settlement=0 buy_residual=0 sell_residual=0
S3_MATCH slot=143 active=0 buy_rank=0 sell_rank=0 price=0 quantity=0 settlement=0 buy_residual=0 sell_residual=0
S3_MATCH slot=144 active=0 buy_rank=0 sell_rank=0 price=0 quantity=0 settlement=0 buy_residual=0 sell_residual=0
S3_MATCH slot=145 active=0 buy_rank=0 sell_rank=0 price=0 quantity=0 settlement=0 buy_residual=0 sell_residual=0
S3_MATCH slot=146 active=0 buy_rank=0 sell_rank=0 price=0 quantity=0 settlement=0 buy_residual=0 sell_residual=0
S3_MATCH slot=147 active=0 buy_rank=0 sell_rank=0 price=0 quantity=0 settlement=0 buy_residual=0 sell_residual=0
S3_MATCH slot=148 active=0 buy_rank=0 sell_rank=0 price=0 quantity=0 settlement=0 buy_residual=0 sell_residual=0
S3_MATCH slot=149 active=0 buy_rank=0 sell_rank=0 price=0 quantity=0 settlement=0 buy_residual=0 sell_residual=0
S3_MATCH slot=150 active=0 buy_rank=0 sell_rank=0 price=0 quantity=0 settlement=0 buy_residual=0 sell_residual=0
S3_MATCH slot=151 active=0 buy_rank=0 sell_rank=0 price=0 quantity=0 settlement=0 buy_residual=0 sell_residual=0
S3_MATCH slot=152 active=0 buy_rank=0 sell_rank=0 price=0 quantity=0 settlement=0 buy_residual=0 sell_residual=0
S3_MATCH slot=153 active=0 buy_rank=0 sell_rank=0 price=0 quantity=0 settlement=0 buy_residual=0 sell_residual=0
S3_MATCH slot=154 active=0 buy_rank=0 sell_rank=0 price=0 quantity=0 settlement=0 buy_residual=0 sell_residual=0
S3_MATCH slot=155 active=0 buy_rank=0 sell_rank=0 price=0 quantity=0 settlement=0 buy_residual=0 sell_residual=0
S3_MATCH slot=156 active=0 buy_rank=0 sell_rank=0 price=0 quantity=0 settlement=0 buy_residual=0 sell_residual=0
S3_MATCH slot=157 active=0 buy_rank=0 sell_rank=0 price=0 quantity=0 settlement=0 buy_residual=0 sell_residual=0
S3_MATCH slot=158 active=0 buy_rank=0 sell_rank=0 price=0 quantity=0 settlement=0 buy_residual=0 sell_residual=0
S3_MATCH slot=159 active=0 buy_rank=0 sell_rank=0 price=0 quantity=0 settlement=0 buy_residual=0 sell_residual=0
S3_MATCH slot=160 active=0 buy_rank=0 sell_rank=0 price=0 quantity=0 settlement=0 buy_residual=0 sell_residual=0
S3_MATCH slot=161 active=0 buy_rank=0 sell_rank=0 price=0 quantity=0 settlement=0 buy_residual=0 sell_residual=0
S3_MATCH slot=162 active=0 buy_rank=0 sell_rank=0 price=0 quantity=0 settlement=0 buy_residual=0 sell_residual=0
S3_MATCH slot=163 active=0 buy_rank=0 sell_rank=0 price=0 quantity=0 settlement=0 buy_residual=0 sell_residual=0
S3_MATCH slot=164 active=0 buy_rank=0 sell_rank=0 price=0 quantity=0 settlement=0 buy_residual=0 sell_residual=0
S3_MATCH slot=165 active=0 buy_rank=0 sell_rank=0 price=0 quantity=0 settlement=0 buy_residual=0 sell_residual=0
S3_MATCH slot=166 active=0 buy_rank=0 sell_rank=0 price=0 quantity=0 settlement=0 buy_residual=0 sell_residual=0
S3_MATCH slot=167 active=0 buy_rank=0 sell_rank=0 price=0 quantity=0 settlement=0 buy_residual=0 sell_residual=0
S3_MATCH slot=168 active=0 buy_rank=0 sell_rank=0 price=0 quantity=0 settlement=0 buy_residual=0 sell_residual=0
S3_MATCH slot=169 active=0 buy_rank=0 sell_rank=0 price=0 quantity=0 settlement=0 buy_residual=0 sell_residual=0
S3_MATCH slot=170 active=0 buy_rank=0 sell_rank=0 price=0 quantity=0 settlement=0 buy_residual=0 sell_residual=0
S3_MATCH slot=171 active=0 buy_rank=0 sell_rank=0 price=0 quantity=0 settlement=0 buy_residual=0 sell_residual=0
S3_MATCH slot=172 active=0 buy_rank=0 sell_rank=0 price=0 quantity=0 settlement=0 buy_residual=0 sell_residual=0
S3_MATCH slot=173 active=0 buy_rank=0 sell_rank=0 price=0 quantity=0 settlement=0 buy_residual=0 sell_residual=0
S3_MATCH slot=174 active=0 buy_rank=0 sell_rank=0 price=0 quantity=0 settlement=0 buy_residual=0 sell_residual=0
S3_MATCH slot=175 active=0 buy_rank=0 sell_rank=0 price=0 quantity=0 settlement=0 buy_residual=0 sell_residual=0
S3_MATCH slot=176 active=0 buy_rank=0 sell_rank=0 price=0 quantity=0 settlement=0 buy_residual=0 sell_residual=0
S3_MATCH slot=177 active=0 buy_rank=0 sell_rank=0 price=0 quantity=0 settlement=0 buy_residual=0 sell_residual=0
S3_MATCH slot=178 active=0 buy_rank=0 sell_rank=0 price=0 quantity=0 settlement=0 buy_residual=0 sell_residual=0
S3_MATCH slot=179 active=0 buy_rank=0 sell_rank=0 price=0 quantity=0 settlement=0 buy_residual=0 sell_residual=0
S3_MATCH slot=180 active=0 buy_rank=0 sell_rank=0 price=0 quantity=0 settlement=0 buy_residual=0 sell_residual=0
S3_MATCH slot=181 active=0 buy_rank=0 sell_rank=0 price=0 quantity=0 settlement=0 buy_residual=0 sell_residual=0
S3_MATCH slot=182 active=0 buy_rank=0 sell_rank=0 price=0 quantity=0 settlement=0 buy_residual=0 sell_residual=0
S3_MATCH slot=183 active=0 buy_rank=0 sell_rank=0 price=0 quantity=0 settlement=0 buy_residual=0 sell_residual=0
S3_MATCH slot=184 active=0 buy_rank=0 sell_rank=0 price=0 quantity=0 settlement=0 buy_residual=0 sell_residual=0
S3_MATCH slot=185 active=0 buy_rank=0 sell_rank=0 price=0 quantity=0 settlement=0 buy_residual=0 sell_residual=0
S3_MATCH slot=186 active=0 buy_rank=0 sell_rank=0 price=0 quantity=0 settlement=0 buy_residual=0 sell_residual=0
S3_MATCH slot=187 active=0 buy_rank=0 sell_rank=0 price=0 quantity=0 settlement=0 buy_residual=0 sell_residual=0
S3_MATCH slot=188 active=0 buy_rank=0 sell_rank=0 price=0 quantity=0 settlement=0 buy_residual=0 sell_residual=0
S3_MATCH slot=189 active=0 buy_rank=0 sell_rank=0 price=0 quantity=0 settlement=0 buy_residual=0 sell_residual=0
S3_MATCH slot=190 active=0 buy_rank=0 sell_rank=0 price=0 quantity=0 settlement=0 buy_residual=0 sell_residual=0
S3_MATCH slot=191 active=0 buy_rank=0 sell_rank=0 price=0 quantity=0 settlement=0 buy_residual=0 sell_residual=0
S3_MATCH slot=192 active=0 buy_rank=0 sell_rank=0 price=0 quantity=0 settlement=0 buy_residual=0 sell_residual=0
S3_MATCH slot=193 active=0 buy_rank=0 sell_rank=0 price=0 quantity=0 settlement=0 buy_residual=0 sell_residual=0
S3_MATCH slot=194 active=0 buy_rank=0 sell_rank=0 price=0 quantity=0 settlement=0 buy_residual=0 sell_residual=0
S3_MATCH slot=195 active=0 buy_rank=0 sell_rank=0 price=0 quantity=0 settlement=0 buy_residual=0 sell_residual=0
S3_MATCH slot=196 active=0 buy_rank=0 sell_rank=0 price=0 quantity=0 settlement=0 buy_residual=0 sell_residual=0
S3_MATCH slot=197 active=0 buy_rank=0 sell_rank=0 price=0 quantity=0 settlement=0 buy_residual=0 sell_residual=0
S3_MATCH slot=198 active=0 buy_rank=0 sell_rank=0 price=0 quantity=0 settlement=0 buy_residual=0 sell_residual=0
S3_MATCH slot=199 active=0 buy_rank=0 sell_rank=0 price=0 quantity=0 settlement=0 buy_residual=0 sell_residual=0
S3_MATCH slot=200 active=0 buy_rank=0 sell_rank=0 price=0 quantity=0 settlement=0 buy_residual=0 sell_residual=0
S3_MATCH slot=201 active=0 buy_rank=0 sell_rank=0 price=0 quantity=0 settlement=0 buy_residual=0 sell_residual=0
S3_MATCH slot=202 active=0 buy_rank=0 sell_rank=0 price=0 quantity=0 settlement=0 buy_residual=0 sell_residual=0
S3_MATCH slot=203 active=0 buy_rank=0 sell_rank=0 price=0 quantity=0 settlement=0 buy_residual=0 sell_residual=0
S3_MATCH slot=204 active=0 buy_rank=0 sell_rank=0 price=0 quantity=0 settlement=0 buy_residual=0 sell_residual=0
S3_MATCH slot=205 active=0 buy_rank=0 sell_rank=0 price=0 quantity=0 settlement=0 buy_residual=0 sell_residual=0
S3_MATCH slot=206 active=0 buy_rank=0 sell_rank=0 price=0 quantity=0 settlement=0 buy_residual=0 sell_residual=0
S3_MATCH slot=207 active=0 buy_rank=0 sell_rank=0 price=0 quantity=0 settlement=0 buy_residual=0 sell_residual=0
S3_MATCH slot=208 active=0 buy_rank=0 sell_rank=0 price=0 quantity=0 settlement=0 buy_residual=0 sell_residual=0
S3_MATCH slot=209 active=0 buy_rank=0 sell_rank=0 price=0 quantity=0 settlement=0 buy_residual=0 sell_residual=0
S3_MATCH slot=210 active=0 buy_rank=0 sell_rank=0 price=0 quantity=0 settlement=0 buy_residual=0 sell_residual=0
S3_MATCH slot=211 active=0 buy_rank=0 sell_rank=0 price=0 quantity=0 settlement=0 buy_residual=0 sell_residual=0
S3_MATCH slot=212 active=0 buy_rank=0 sell_rank=0 price=0 quantity=0 settlement=0 buy_residual=0 sell_residual=0
S3_MATCH slot=213 active=0 buy_rank=0 sell_rank=0 price=0 quantity=0 settlement=0 buy_residual=0 sell_residual=0
S3_MATCH slot=214 active=0 buy_rank=0 sell_rank=0 price=0 quantity=0 settlement=0 buy_residual=0 sell_residual=0
S3_MATCH slot=215 active=0 buy_rank=0 sell_rank=0 price=0 quantity=0 settlement=0 buy_residual=0 sell_residual=0
S3_MATCH slot=216 active=0 buy_rank=0 sell_rank=0 price=0 quantity=0 settlement=0 buy_residual=0 sell_residual=0
S3_MATCH slot=217 active=0 buy_rank=0 sell_rank=0 price=0 quantity=0 settlement=0 buy_residual=0 sell_residual=0
S3_MATCH slot=218 active=0 buy_rank=0 sell_rank=0 price=0 quantity=0 settlement=0 buy_residual=0 sell_residual=0
S3_MATCH slot=219 active=0 buy_rank=0 sell_rank=0 price=0 quantity=0 settlement=0 buy_residual=0 sell_residual=0
S3_MATCH slot=220 active=0 buy_rank=0 sell_rank=0 price=0 quantity=0 settlement=0 buy_residual=0 sell_residual=0
S3_MATCH slot=221 active=0 buy_rank=0 sell_rank=0 price=0 quantity=0 settlement=0 buy_residual=0 sell_residual=0
S3_MATCH slot=222 active=0 buy_rank=0 sell_rank=0 price=0 quantity=0 settlement=0 buy_residual=0 sell_residual=0
S3_MATCH slot=223 active=0 buy_rank=0 sell_rank=0 price=0 quantity=0 settlement=0 buy_residual=0 sell_residual=0
S3_MATCH slot=224 active=0 buy_rank=0 sell_rank=0 price=0 quantity=0 settlement=0 buy_residual=0 sell_residual=0
S3_MATCH slot=225 active=0 buy_rank=0 sell_rank=0 price=0 quantity=0 settlement=0 buy_residual=0 sell_residual=0
S3_MATCH slot=226 active=0 buy_rank=0 sell_rank=0 price=0 quantity=0 settlement=0 buy_residual=0 sell_residual=0
S3_MATCH slot=227 active=0 buy_rank=0 sell_rank=0 price=0 quantity=0 settlement=0 buy_residual=0 sell_residual=0
S3_MATCH slot=228 active=0 buy_rank=0 sell_rank=0 price=0 quantity=0 settlement=0 buy_residual=0 sell_residual=0
S3_MATCH slot=229 active=0 buy_rank=0 sell_rank=0 price=0 quantity=0 settlement=0 buy_residual=0 sell_residual=0
S3_MATCH slot=230 active=0 buy_rank=0 sell_rank=0 price=0 quantity=0 settlement=0 buy_residual=0 sell_residual=0
S3_MATCH slot=231 active=0 buy_rank=0 sell_rank=0 price=0 quantity=0 settlement=0 buy_residual=0 sell_residual=0
S3_MATCH slot=232 active=0 buy_rank=0 sell_rank=0 price=0 quantity=0 settlement=0 buy_residual=0 sell_residual=0
S3_MATCH slot=233 active=0 buy_rank=0 sell_rank=0 price=0 quantity=0 settlement=0 buy_residual=0 sell_residual=0
S3_MATCH slot=234 active=0 buy_rank=0 sell_rank=0 price=0 quantity=0 settlement=0 buy_residual=0 sell_residual=0
S3_MATCH slot=235 active=0 buy_rank=0 sell_rank=0 price=0 quantity=0 settlement=0 buy_residual=0 sell_residual=0
S3_MATCH slot=236 active=0 buy_rank=0 sell_rank=0 price=0 quantity=0 settlement=0 buy_residual=0 sell_residual=0
S3_MATCH slot=237 active=0 buy_rank=0 sell_rank=0 price=0 quantity=0 settlement=0 buy_residual=0 sell_residual=0
S3_MATCH slot=238 active=0 buy_rank=0 sell_rank=0 price=0 quantity=0 settlement=0 buy_residual=0 sell_residual=0
S3_MATCH slot=239 active=0 buy_rank=0 sell_rank=0 price=0 quantity=0 settlement=0 buy_residual=0 sell_residual=0
S3_MATCH slot=240 active=0 buy_rank=0 sell_rank=0 price=0 quantity=0 settlement=0 buy_residual=0 sell_residual=0
S3_MATCH slot=241 active=0 buy_rank=0 sell_rank=0 price=0 quantity=0 settlement=0 buy_residual=0 sell_residual=0
S3_MATCH slot=242 active=0 buy_rank=0 sell_rank=0 price=0 quantity=0 settlement=0 buy_residual=0 sell_residual=0
S3_MATCH slot=243 active=0 buy_rank=0 sell_rank=0 price=0 quantity=0 settlement=0 buy_residual=0 sell_residual=0
S3_MATCH slot=244 active=0 buy_rank=0 sell_rank=0 price=0 quantity=0 settlement=0 buy_residual=0 sell_residual=0
S3_MATCH slot=245 active=0 buy_rank=0 sell_rank=0 price=0 quantity=0 settlement=0 buy_residual=0 sell_residual=0
S3_MATCH slot=246 active=0 buy_rank=0 sell_rank=0 price=0 quantity=0 settlement=0 buy_residual=0 sell_residual=0
S3_MATCH slot=247 active=0 buy_rank=0 sell_rank=0 price=0 quantity=0 settlement=0 buy_residual=0 sell_residual=0
S3_MATCH slot=248 active=0 buy_rank=0 sell_rank=0 price=0 quantity=0 settlement=0 buy_residual=0 sell_residual=0
S3_MATCH slot=249 active=0 buy_rank=0 sell_rank=0 price=0 quantity=0 settlement=0 buy_residual=0 sell_residual=0
S3_MATCH slot=250 active=0 buy_rank=0 sell_rank=0 price=0 quantity=0 settlement=0 buy_residual=0 sell_residual=0
S3_MATCH slot=251 active=0 buy_rank=0 sell_rank=0 price=0 quantity=0 settlement=0 buy_residual=0 sell_residual=0
S3_MATCH slot=252 active=0 buy_rank=0 sell_rank=0 price=0 quantity=0 settlement=0 buy_residual=0 sell_residual=0
S3_MATCH slot=253 active=0 buy_rank=0 sell_rank=0 price=0 quantity=0 settlement=0 buy_residual=0 sell_residual=0
S3_MATCH slot=254 active=0 buy_rank=0 sell_rank=0 price=0 quantity=0 settlement=0 buy_residual=0 sell_residual=0
S3_RESIDUAL side=buy rank=45 quantity=0
S3_RESIDUAL side=buy rank=31 quantity=0
S3_RESIDUAL side=buy rank=65 quantity=0
S3_RESIDUAL side=buy rank=30 quantity=0
S3_RESIDUAL side=buy rank=21 quantity=0
S3_RESIDUAL side=buy rank=39 quantity=0
S3_RESIDUAL side=buy rank=52 quantity=0
S3_RESIDUAL side=buy rank=69 quantity=0
S3_RESIDUAL side=buy rank=40 quantity=0
S3_RESIDUAL side=buy rank=74 quantity=0
S3_RESIDUAL side=buy rank=32 quantity=0
S3_RESIDUAL side=buy rank=10 quantity=0
S3_RESIDUAL side=buy rank=20 quantity=0
S3_RESIDUAL side=buy rank=7 quantity=0
S3_RESIDUAL side=buy rank=44 quantity=0
S3_RESIDUAL side=buy rank=71 quantity=0
S3_RESIDUAL side=buy rank=13 quantity=0
S3_RESIDUAL side=buy rank=5 quantity=0
S3_RESIDUAL side=buy rank=60 quantity=0
S3_RESIDUAL side=buy rank=56 quantity=0
S3_RESIDUAL side=buy rank=27 quantity=0
S3_RESIDUAL side=buy rank=6 quantity=0
S3_RESIDUAL side=buy rank=4 quantity=118280
S3_RESIDUAL side=buy rank=9 quantity=552085
S3_RESIDUAL side=buy rank=47 quantity=589370
S3_RESIDUAL side=buy rank=68 quantity=951304
S3_RESIDUAL side=buy rank=37 quantity=180543
S3_RESIDUAL side=buy rank=28 quantity=374984
S3_RESIDUAL side=buy rank=25 quantity=706021
S3_RESIDUAL side=buy rank=26 quantity=810017
S3_RESIDUAL side=buy rank=34 quantity=801651
S3_RESIDUAL side=buy rank=23 quantity=10677
S3_RESIDUAL side=buy rank=41 quantity=392410
S3_RESIDUAL side=buy rank=51 quantity=147647
S3_RESIDUAL side=buy rank=19 quantity=238546
S3_RESIDUAL side=buy rank=66 quantity=668875
S3_RESIDUAL side=buy rank=78 quantity=283512
S3_RESIDUAL side=buy rank=50 quantity=565478
S3_RESIDUAL side=buy rank=35 quantity=42756
S3_RESIDUAL side=buy rank=62 quantity=430263
S3_RESIDUAL side=buy rank=24 quantity=992388
S3_RESIDUAL side=buy rank=54 quantity=344817
S3_RESIDUAL side=buy rank=33 quantity=798340
S3_RESIDUAL side=buy rank=8 quantity=359144
S3_RESIDUAL side=buy rank=12 quantity=515073
S3_RESIDUAL side=buy rank=16 quantity=251425
S3_RESIDUAL side=buy rank=42 quantity=708351
S3_RESIDUAL side=buy rank=61 quantity=656595
S3_RESIDUAL side=buy rank=63 quantity=896989
S3_RESIDUAL side=buy rank=64 quantity=855572
S3_RESIDUAL side=buy rank=46 quantity=650240
S3_RESIDUAL side=buy rank=14 quantity=431000
S3_RESIDUAL side=buy rank=58 quantity=802057
S3_RESIDUAL side=buy rank=38 quantity=854609
S3_RESIDUAL side=buy rank=77 quantity=707333
S3_RESIDUAL side=buy rank=75 quantity=670557
S3_RESIDUAL side=buy rank=3 quantity=934911
S3_RESIDUAL side=buy rank=18 quantity=981423
S3_RESIDUAL side=buy rank=57 quantity=885885
S3_RESIDUAL side=buy rank=1 quantity=436481
S3_RESIDUAL side=buy rank=70 quantity=277624
S3_RESIDUAL side=buy rank=22 quantity=840989
S3_RESIDUAL side=buy rank=79 quantity=528902
S3_RESIDUAL side=buy rank=59 quantity=220199
S3_RESIDUAL side=buy rank=17 quantity=949970
S3_RESIDUAL side=buy rank=67 quantity=176340
S3_RESIDUAL side=buy rank=72 quantity=316023
S3_RESIDUAL side=buy rank=73 quantity=882076
S3_RESIDUAL side=buy rank=76 quantity=861878
S3_RESIDUAL side=buy rank=43 quantity=151932
S3_RESIDUAL side=buy rank=48 quantity=511490
S3_RESIDUAL side=buy rank=15 quantity=332538
S3_RESIDUAL side=buy rank=53 quantity=725910
S3_RESIDUAL side=buy rank=36 quantity=271882
S3_RESIDUAL side=buy rank=29 quantity=159654
S3_RESIDUAL side=buy rank=55 quantity=943467
S3_RESIDUAL side=buy rank=2 quantity=26259
S3_RESIDUAL side=buy rank=49 quantity=84895
S3_RESIDUAL side=buy rank=11 quantity=526952
S3_RESIDUAL side=buy rank=0 quantity=614896
S3_RESIDUAL side=buy rank=80 quantity=0
S3_RESIDUAL side=buy rank=81 quantity=0
S3_RESIDUAL side=buy rank=82 quantity=0
S3_RESIDUAL side=buy rank=83 quantity=0
S3_RESIDUAL side=buy rank=84 quantity=0
S3_RESIDUAL side=buy rank=85 quantity=0
S3_RESIDUAL side=buy rank=86 quantity=0
S3_RESIDUAL side=buy rank=87 quantity=0
S3_RESIDUAL side=buy rank=88 quantity=0
S3_RESIDUAL side=buy rank=89 quantity=0
S3_RESIDUAL side=buy rank=90 quantity=0
S3_RESIDUAL side=buy rank=91 quantity=0
S3_RESIDUAL side=buy rank=92 quantity=0
S3_RESIDUAL side=buy rank=93 quantity=0
S3_RESIDUAL side=buy rank=94 quantity=0
S3_RESIDUAL side=buy rank=95 quantity=0
S3_RESIDUAL side=buy rank=96 quantity=0
S3_RESIDUAL side=buy rank=97 quantity=0
S3_RESIDUAL side=buy rank=98 quantity=0
S3_RESIDUAL side=buy rank=99 quantity=0
S3_RESIDUAL side=buy rank=100 quantity=0
S3_RESIDUAL side=buy rank=101 quantity=0
S3_RESIDUAL side=buy rank=102 quantity=0
S3_RESIDUAL side=buy rank=103 quantity=0
S3_RESIDUAL side=buy rank=104 quantity=0
S3_RESIDUAL side=buy rank=105 quantity=0
S3_RESIDUAL side=buy rank=106 quantity=0
S3_RESIDUAL side=buy rank=107 quantity=0
S3_RESIDUAL side=buy rank=108 quantity=0
S3_RESIDUAL side=buy rank=109 quantity=0
S3_RESIDUAL side=buy rank=110 quantity=0
S3_RESIDUAL side=buy rank=111 quantity=0
S3_RESIDUAL side=buy rank=112 quantity=0
S3_RESIDUAL side=buy rank=113 quantity=0
S3_RESIDUAL side=buy rank=114 quantity=0
S3_RESIDUAL side=buy rank=115 quantity=0
S3_RESIDUAL side=buy rank=116 quantity=0
S3_RESIDUAL side=buy rank=117 quantity=0
S3_RESIDUAL side=buy rank=118 quantity=0
S3_RESIDUAL side=buy rank=119 quantity=0
S3_RESIDUAL side=buy rank=120 quantity=0
S3_RESIDUAL side=buy rank=121 quantity=0
S3_RESIDUAL side=buy rank=122 quantity=0
S3_RESIDUAL side=buy rank=123 quantity=0
S3_RESIDUAL side=buy rank=124 quantity=0
S3_RESIDUAL side=buy rank=125 quantity=0
S3_RESIDUAL side=buy rank=126 quantity=0
S3_RESIDUAL side=buy rank=127 quantity=0
S3_RESIDUAL side=sell rank=24 quantity=0
S3_RESIDUAL side=sell rank=21 quantity=0
S3_RESIDUAL side=sell rank=23 quantity=0
S3_RESIDUAL side=sell rank=7 quantity=0
S3_RESIDUAL side=sell rank=0 quantity=0
S3_RESIDUAL side=sell rank=25 quantity=0
S3_RESIDUAL side=sell rank=18 quantity=0
S3_RESIDUAL side=sell rank=4 quantity=0
S3_RESIDUAL side=sell rank=3 quantity=0
S3_RESIDUAL side=sell rank=29 quantity=0
S3_RESIDUAL side=sell rank=27 quantity=403134
S3_RESIDUAL side=sell rank=13 quantity=0
S3_RESIDUAL side=sell rank=31 quantity=0
S3_RESIDUAL side=sell rank=10 quantity=0
S3_RESIDUAL side=sell rank=5 quantity=0
S3_RESIDUAL side=sell rank=12 quantity=334368
S3_RESIDUAL side=sell rank=26 quantity=790112
S3_RESIDUAL side=sell rank=1 quantity=0
S3_RESIDUAL side=sell rank=15 quantity=0
S3_RESIDUAL side=sell rank=9 quantity=0
S3_RESIDUAL side=sell rank=33 quantity=0
S3_RESIDUAL side=sell rank=34 quantity=0
S3_RESIDUAL side=sell rank=11 quantity=124976
S3_RESIDUAL side=sell rank=2 quantity=975242
S3_RESIDUAL side=sell rank=22 quantity=762107
S3_RESIDUAL side=sell rank=32 quantity=463595
S3_RESIDUAL side=sell rank=14 quantity=629391
S3_RESIDUAL side=sell rank=20 quantity=530281
S3_RESIDUAL side=sell rank=30 quantity=39529
S3_RESIDUAL side=sell rank=17 quantity=970119
S3_RESIDUAL side=sell rank=28 quantity=796003
S3_RESIDUAL side=sell rank=19 quantity=505102
S3_RESIDUAL side=sell rank=16 quantity=431853
S3_RESIDUAL side=sell rank=6 quantity=557098
S3_RESIDUAL side=sell rank=8 quantity=214886
S3_RESIDUAL side=sell rank=35 quantity=0
S3_RESIDUAL side=sell rank=36 quantity=0
S3_RESIDUAL side=sell rank=37 quantity=0
S3_RESIDUAL side=sell rank=38 quantity=0
S3_RESIDUAL side=sell rank=39 quantity=0
S3_RESIDUAL side=sell rank=40 quantity=0
S3_RESIDUAL side=sell rank=41 quantity=0
S3_RESIDUAL side=sell rank=42 quantity=0
S3_RESIDUAL side=sell rank=43 quantity=0
S3_RESIDUAL side=sell rank=44 quantity=0
S3_RESIDUAL side=sell rank=45 quantity=0
S3_RESIDUAL side=sell rank=46 quantity=0
S3_RESIDUAL side=sell rank=47 quantity=0
S3_RESIDUAL side=sell rank=48 quantity=0
S3_RESIDUAL side=sell rank=49 quantity=0
S3_RESIDUAL side=sell rank=50 quantity=0
S3_RESIDUAL side=sell rank=51 quantity=0
S3_RESIDUAL side=sell rank=52 quantity=0
S3_RESIDUAL side=sell rank=53 quantity=0
S3_RESIDUAL side=sell rank=54 quantity=0
S3_RESIDUAL side=sell rank=55 quantity=0
S3_RESIDUAL side=sell rank=56 quantity=0
S3_RESIDUAL side=sell rank=57 quantity=0
S3_RESIDUAL side=sell rank=58 quantity=0
S3_RESIDUAL side=sell rank=59 quantity=0
S3_RESIDUAL side=sell rank=60 quantity=0
S3_RESIDUAL side=sell rank=61 quantity=0
S3_RESIDUAL side=sell rank=62 quantity=0
S3_RESIDUAL side=sell rank=63 quantity=0
S3_RESIDUAL side=sell rank=64 quantity=0
S3_RESIDUAL side=sell rank=65 quantity=0
S3_RESIDUAL side=sell rank=66 quantity=0
S3_RESIDUAL side=sell rank=67 quantity=0
S3_RESIDUAL side=sell rank=68 quantity=0
S3_RESIDUAL side=sell rank=69 quantity=0
S3_RESIDUAL side=sell rank=70 quantity=0
S3_RESIDUAL side=sell rank=71 quantity=0
S3_RESIDUAL side=sell rank=72 quantity=0
S3_RESIDUAL side=sell rank=73 quantity=0
S3_RESIDUAL side=sell rank=74 quantity=0
S3_RESIDUAL side=sell rank=75 quantity=0
S3_RESIDUAL side=sell rank=76 quantity=0
S3_RESIDUAL side=sell rank=77 quantity=0
S3_RESIDUAL side=sell rank=78 quantity=0
S3_RESIDUAL side=sell rank=79 quantity=0
S3_RESIDUAL side=sell rank=80 quantity=0
S3_RESIDUAL side=sell rank=81 quantity=0
S3_RESIDUAL side=sell rank=82 quantity=0
S3_RESIDUAL side=sell rank=83 quantity=0
S3_RESIDUAL side=sell rank=84 quantity=0
S3_RESIDUAL side=sell rank=85 quantity=0
S3_RESIDUAL side=sell rank=86 quantity=0
S3_RESIDUAL side=sell rank=87 quantity=0
S3_RESIDUAL side=sell rank=88 quantity=0
S3_RESIDUAL side=sell rank=89 quantity=0
S3_RESIDUAL side=sell rank=90 quantity=0
S3_RESIDUAL side=sell rank=91 quantity=0
S3_RESIDUAL side=sell rank=92 quantity=0
S3_RESIDUAL side=sell rank=93 quantity=0
S3_RESIDUAL side=sell rank=94 quantity=0
S3_RESIDUAL side=sell rank=95 quantity=0
S3_RESIDUAL side=sell rank=96 quantity=0
S3_RESIDUAL side=sell rank=97 quantity=0
S3_RESIDUAL side=sell rank=98 quantity=0
S3_RESIDUAL side=sell rank=99 quantity=0
S3_RESIDUAL side=sell rank=100 quantity=0
S3_RESIDUAL side=sell rank=101 quantity=0
S3_RESIDUAL side=sell rank=102 quantity=0
S3_RESIDUAL side=sell rank=103 quantity=0
S3_RESIDUAL side=sell rank=104 quantity=0
S3_RESIDUAL side=sell rank=105 quantity=0
S3_RESIDUAL side=sell rank=106 quantity=0
S3_RESIDUAL side=sell rank=107 quantity=0
S3_RESIDUAL side=sell rank=108 quantity=0
S3_RESIDUAL side=sell rank=109 quantity=0
S3_RESIDUAL side=sell rank=110 quantity=0
S3_RESIDUAL side=sell rank=111 quantity=0
S3_RESIDUAL side=sell rank=112 quantity=0
S3_RESIDUAL side=sell rank=113 quantity=0
S3_RESIDUAL side=sell rank=114 quantity=0
S3_RESIDUAL side=sell rank=115 quantity=0
S3_RESIDUAL side=sell rank=116 quantity=0
S3_RESIDUAL side=sell rank=117 quantity=0
S3_RESIDUAL side=sell rank=118 quantity=0
S3_RESIDUAL side=sell rank=119 quantity=0
S3_RESIDUAL side=sell rank=120 quantity=0
S3_RESIDUAL side=sell rank=121 quantity=0
S3_RESIDUAL side=sell rank=122 quantity=0
S3_RESIDUAL side=sell rank=123 quantity=0
S3_RESIDUAL side=sell rank=124 quantity=0
S3_RESIDUAL side=sell rank=125 quantity=0
S3_RESIDUAL side=sell rank=126 quantity=0
S3_RESIDUAL side=sell rank=127 quantity=0
The following benchmarks are including preprocessing (offline phase).
Time = 29.2849 seconds 
Data sent = 659.089 MB in ~179795 rounds (party 0 only; use '-v' for more details)
Global data sent = 1977.27 MB (all parties)
This program might benefit from some protocol options.
Consider adding the following at the beginning of your code:
	program.use_edabit(True)
