Using statistical security parameter 40
Trying to run 255-bit computation (256-bit representation)
S3_FMATCH_TEST valid=1 commitment=-1321424415352400126872410996756733976768617140710879835722546375628068731558 aggregate_quantity=4723368 aggregate_settlement=2333115267855
S3_MATCH slot=0 active=1 buy_rank=10 sell_rank=11 price=400111 quantity=21828 settlement=8733622908 buy_residual=709515 sell_residual=0
S3_MATCH slot=1 active=1 buy_rank=10 sell_rank=2 price=345928 quantity=709515 settlement=245441104920 buy_residual=0 sell_residual=22607
S3_MATCH slot=2 active=1 buy_rank=0 sell_rank=2 price=397475 quantity=22607 settlement=8985717325 buy_residual=389609 sell_residual=0
S3_MATCH slot=3 active=1 buy_rank=0 sell_rank=1 price=562221 quantity=389609 settlement=219046361589 buy_residual=0 sell_residual=115591
S3_MATCH slot=4 active=1 buy_rank=8 sell_rank=1 price=631341 quantity=115591 settlement=72977337531 buy_residual=646371 sell_residual=0
S3_MATCH slot=5 active=1 buy_rank=8 sell_rank=8 price=446673 quantity=472366 settlement=210993138318 buy_residual=174005 sell_residual=0
S3_MATCH slot=6 active=1 buy_rank=8 sell_rank=4 price=283970 quantity=42663 settlement=12115012110 buy_residual=131342 sell_residual=0
S3_MATCH slot=7 active=1 buy_rank=8 sell_rank=9 price=647087 quantity=131342 settlement=84989700754 buy_residual=0 sell_residual=124280
S3_MATCH slot=8 active=1 buy_rank=11 sell_rank=9 price=772864 quantity=124280 settlement=96051537920 buy_residual=858423 sell_residual=0
S3_MATCH slot=9 active=1 buy_rank=11 sell_rank=6 price=795476 quantity=134528 settlement=107013795328 buy_residual=723895 sell_residual=0
S3_MATCH slot=10 active=1 buy_rank=11 sell_rank=13 price=455060 quantity=723895 settlement=329415658700 buy_residual=0 sell_residual=193859
S3_MATCH slot=11 active=1 buy_rank=13 sell_rank=13 price=356657 quantity=193859 settlement=69141169363 buy_residual=643457 sell_residual=0
S3_MATCH slot=12 active=1 buy_rank=13 sell_rank=3 price=596167 quantity=643457 settlement=383607829319 buy_residual=0 sell_residual=207028
S3_MATCH slot=13 active=1 buy_rank=1 sell_rank=3 price=812039 quantity=207028 settlement=168114810092 buy_residual=236127 sell_residual=0
S3_MATCH slot=14 active=1 buy_rank=1 sell_rank=14 price=585184 quantity=236127 settlement=138177742368 buy_residual=0 sell_residual=554673
S3_MATCH slot=15 active=1 buy_rank=6 sell_rank=14 price=321470 quantity=554673 settlement=178310729310 buy_residual=64086 sell_residual=0
S3_MATCH slot=16 active=0 buy_rank=0 sell_rank=0 price=0 quantity=0 settlement=0 buy_residual=0 sell_residual=0
S3_MATCH slot=17 active=0 buy_rank=0 sell_rank=0 price=0 quantity=0 settlement=0 buy_residual=0 sell_residual=0
S3_MATCH slot=18 active=0 buy_rank=0 sell_rank=0 price=0 quantity=0 settlement=0 buy_residual=0 sell_residual=0
S3_MATCH slot=19 active=0 buy_rank=0 sell_rank=0 price=0 quantity=0 settlement=0 buy_residual=0 sell_residual=0
S3_MATCH slot=20 active=0 buy_rank=0 sell_rank=0 price=0 quantity=0 settlement=0 buy_residual=0 sell_residual=0
S3_MATCH slot=21 active=0 buy_rank=0 sell_rank=0 price=0 quantity=0 settlement=0 buy_residual=0 sell_residual=0
S3_MATCH slot=22 active=0 buy_rank=0 sell_rank=0 price=0 quantity=0 settlement=0 buy_residual=0 sell_residual=0
S3_MATCH slot=23 active=0 buy_rank=0 sell_rank=0 price=0 quantity=0 settlement=0 buy_residual=0 sell_residual=0
S3_MATCH slot=24 active=0 buy_rank=0 sell_rank=0 price=0 quantity=0 settlement=0 buy_residual=0 sell_residual=0
S3_MATCH slot=25 active=0 buy_rank=0 sell_rank=0 price=0 quantity=0 settlement=0 buy_residual=0 sell_residual=0
S3_MATCH slot=26 active=0 buy_rank=0 sell_rank=0 price=0 quantity=0 settlement=0 buy_residual=0 sell_residual=0
S3_MATCH slot=27 active=0 buy_rank=0 sell_rank=0 price=0 quantity=0 settlement=0 buy_residual=0 sell_residual=0
S3_MATCH slot=28 active=0 buy_rank=0 sell_rank=0 price=0 quantity=0 settlement=0 buy_residual=0 sell_residual=0
S3_MATCH slot=29 active=0 buy_rank=0 sell_rank=0 price=0 quantity=0 settlement=0 buy_residual=0 sell_residual=0
S3_MATCH slot=30 active=0 buy_rank=0 sell_rank=0 price=0 quantity=0 settlement=0 buy_residual=0 sell_residual=0
S3_RESIDUAL side=buy rank=10 quantity=0
S3_RESIDUAL side=buy rank=0 quantity=0
S3_RESIDUAL side=buy rank=8 quantity=0
S3_RESIDUAL side=buy rank=11 quantity=0
S3_RESIDUAL side=buy rank=13 quantity=0
S3_RESIDUAL side=buy rank=1 quantity=0
S3_RESIDUAL side=buy rank=6 quantity=64086
S3_RESIDUAL side=buy rank=3 quantity=592514
S3_RESIDUAL side=buy rank=4 quantity=100586
S3_RESIDUAL side=buy rank=7 quantity=578544
S3_RESIDUAL side=buy rank=5 quantity=160828
S3_RESIDUAL side=buy rank=9 quantity=703321
S3_RESIDUAL side=buy rank=2 quantity=572812
S3_RESIDUAL side=buy rank=12 quantity=826553
S3_RESIDUAL side=buy rank=14 quantity=0
S3_RESIDUAL side=buy rank=15 quantity=0
S3_RESIDUAL side=sell rank=11 quantity=0
S3_RESIDUAL side=sell rank=2 quantity=0
S3_RESIDUAL side=sell rank=1 quantity=0
S3_RESIDUAL side=sell rank=8 quantity=0
S3_RESIDUAL side=sell rank=4 quantity=0
S3_RESIDUAL side=sell rank=9 quantity=0
S3_RESIDUAL side=sell rank=6 quantity=0
S3_RESIDUAL side=sell rank=13 quantity=0
S3_RESIDUAL side=sell rank=3 quantity=0
S3_RESIDUAL side=sell rank=0 quantity=659357
S3_RESIDUAL side=sell rank=14 quantity=0
S3_RESIDUAL side=sell rank=7 quantity=297617
S3_RESIDUAL side=sell rank=10 quantity=907889
S3_RESIDUAL side=sell rank=12 quantity=988442
S3_RESIDUAL side=sell rank=5 quantity=871021
S3_RESIDUAL side=sell rank=15 quantity=0
The following benchmarks are including preprocessing (offline phase).
Time = 2.7589 seconds 
Data sent = 56.5948 MB in ~14142 rounds (party 0 only; use '-v' for more details)
Global data sent = 169.464 MB (all parties)
This program might benefit from some protocol options.
Consider adding the following at the beginning of your code:
	program.use_edabit(True)
