Using statistical security parameter 40
Trying to run 255-bit computation (256-bit representation)
S3_FMATCH_TEST valid=1 commitment=6641487172710144468355590672485068344185814756240850749494800278720758518151 aggregate_quantity=1770247 aggregate_settlement=628845330016
S3_MATCH slot=0 active=1 buy_rank=2 sell_rank=4 price=352642 quantity=83506 settlement=29447722852 buy_residual=0 sell_residual=865869
S3_MATCH slot=1 active=1 buy_rank=0 sell_rank=4 price=359086 quantity=806806 settlement=289712739316 buy_residual=0 sell_residual=59063
S3_MATCH slot=2 active=1 buy_rank=1 sell_rank=4 price=405119 quantity=59063 settlement=23927543497 buy_residual=490145 sell_residual=0
S3_MATCH slot=3 active=1 buy_rank=1 sell_rank=12 price=394905 quantity=24050 settlement=9497465250 buy_residual=466095 sell_residual=0
S3_MATCH slot=4 active=1 buy_rank=1 sell_rank=5 price=398823 quantity=153150 settlement=61079742450 buy_residual=312945 sell_residual=0
S3_MATCH slot=5 active=1 buy_rank=1 sell_rank=6 price=262187 quantity=160814 settlement=42163340218 buy_residual=152131 sell_residual=0
S3_MATCH slot=6 active=1 buy_rank=1 sell_rank=11 price=296423 quantity=152131 settlement=45095127413 buy_residual=0 sell_residual=330727
S3_MATCH slot=7 active=1 buy_rank=6 sell_rank=11 price=419578 quantity=289936 settlement=121650767008 buy_residual=0 sell_residual=40791
S3_MATCH slot=8 active=1 buy_rank=3 sell_rank=11 price=153732 quantity=40791 settlement=6270882012 buy_residual=631347 sell_residual=0
S3_MATCH slot=9 active=0 buy_rank=0 sell_rank=0 price=0 quantity=0 settlement=0 buy_residual=0 sell_residual=0
S3_MATCH slot=10 active=0 buy_rank=0 sell_rank=0 price=0 quantity=0 settlement=0 buy_residual=0 sell_residual=0
S3_MATCH slot=11 active=0 buy_rank=0 sell_rank=0 price=0 quantity=0 settlement=0 buy_residual=0 sell_residual=0
S3_MATCH slot=12 active=0 buy_rank=0 sell_rank=0 price=0 quantity=0 settlement=0 buy_residual=0 sell_residual=0
S3_MATCH slot=13 active=0 buy_rank=0 sell_rank=0 price=0 quantity=0 settlement=0 buy_residual=0 sell_residual=0
S3_MATCH slot=14 active=0 buy_rank=0 sell_rank=0 price=0 quantity=0 settlement=0 buy_residual=0 sell_residual=0
S3_MATCH slot=15 active=0 buy_rank=0 sell_rank=0 price=0 quantity=0 settlement=0 buy_residual=0 sell_residual=0
S3_MATCH slot=16 active=0 buy_rank=0 sell_rank=0 price=0 quantity=0 settlement=0 buy_residual=0 sell_residual=0
S3_MATCH slot=17 active=0 buy_rank=0 sell_rank=0 price=0 quantity=0 settlement=0 buy_residual=0 sell_residual=0
S3_MATCH slot=18 active=0 buy_rank=0 sell_rank=0 price=0 quantity=0 settlement=0 buy_residual=0 sell_residual=0
S3_MATCH slot=19 active=0 buy_rank=0 sell_rank=0 price=0 quantity=0 settlement=0 buy_residual=0 sell_residual=0
S3_MATCH slot=20 active=0 buy_rank=0 sell_rank=0 price=0 quantity=0 settlement=0 buy_residual=0 sell_residual=0
S3_MATCH slot=21 active=0 buy_rank=0 sell_rank=0 price=0 quantity=0 settlement=0 buy_residual=0 sell_residual=0
S3_MATCH slot=22 active=0 buy_rank=0 sell_rank=0 price=0 quantity=0 settlement=0 buy_residual=0 sell_residual=0
S3_MATCH slot=23 active=0 buy_rank=0 sell_rank=0 price=0 quantity=0 settlement=0 buy_residual=0 sell_residual=0
S3_MATCH slot=24 active=0 buy_rank=0 sell_rank=0 price=0 quantity=0 settlement=0 buy_residual=0 sell_residual=0
S3_MATCH slot=25 active=0 buy_rank=0 sell_rank=0 price=0 quantity=0 settlement=0 buy_residual=0 sell_residual=0
S3_MATCH slot=26 active=0 buy_rank=0 sell_rank=0 price=0 quantity=0 settlement=0 buy_residual=0 sell_residual=0
S3_MATCH slot=27 active=0 buy_rank=0 sell_rank=0 price=0 quantity=0 settlement=0 buy_residual=0 sell_residual=0
S3_MATCH slot=28 active=0 buy_rank=0 sell_rank=0 price=0 quantity=0 settlement=0 buy_residual=0 sell_residual=0
S3_MATCH slot=29 active=0 buy_rank=0 sell_rank=0 price=0 quantity=0 settlement=0 buy_residual=0 sell_residual=0
S3_MATCH slot=30 active=0 buy_rank=0 sell_rank=0 price=0 quantity=0 settlement=0 buy_residual=0 sell_residual=0
S3_RESIDUAL side=buy rank=2 quantity=0
S3_RESIDUAL side=buy rank=0 quantity=0
S3_RESIDUAL side=buy rank=1 quantity=0
S3_RESIDUAL side=buy rank=6 quantity=0
S3_RESIDUAL side=buy rank=3 quantity=631347
S3_RESIDUAL side=buy rank=4 quantity=317370
S3_RESIDUAL side=buy rank=5 quantity=850352
S3_RESIDUAL side=buy rank=7 quantity=0
S3_RESIDUAL side=buy rank=8 quantity=0
S3_RESIDUAL side=buy rank=9 quantity=0
S3_RESIDUAL side=buy rank=10 quantity=0
S3_RESIDUAL side=buy rank=11 quantity=0
S3_RESIDUAL side=buy rank=12 quantity=0
S3_RESIDUAL side=buy rank=13 quantity=0
S3_RESIDUAL side=buy rank=14 quantity=0
S3_RESIDUAL side=buy rank=15 quantity=0
S3_RESIDUAL side=sell rank=4 quantity=0
S3_RESIDUAL side=sell rank=12 quantity=0
S3_RESIDUAL side=sell rank=3 quantity=156941
S3_RESIDUAL side=sell rank=5 quantity=0
S3_RESIDUAL side=sell rank=6 quantity=0
S3_RESIDUAL side=sell rank=11 quantity=0
S3_RESIDUAL side=sell rank=0 quantity=158430
S3_RESIDUAL side=sell rank=10 quantity=833224
S3_RESIDUAL side=sell rank=2 quantity=655706
S3_RESIDUAL side=sell rank=1 quantity=550123
S3_RESIDUAL side=sell rank=8 quantity=794026
S3_RESIDUAL side=sell rank=7 quantity=81203
S3_RESIDUAL side=sell rank=13 quantity=661720
S3_RESIDUAL side=sell rank=9 quantity=954912
S3_RESIDUAL side=sell rank=14 quantity=0
S3_RESIDUAL side=sell rank=15 quantity=0
The following benchmarks are including preprocessing (offline phase).
Time = 2.64066 seconds 
Data sent = 56.5948 MB in ~14142 rounds (party 0 only; use '-v' for more details)
Global data sent = 169.464 MB (all parties)
This program might benefit from some protocol options.
Consider adding the following at the beginning of your code:
	program.use_edabit(True)
