Using statistical security parameter 40
Trying to run 255-bit computation (256-bit representation)
This program might benefit from some protocol options.
Consider adding the following at the beginning of your code:
	program.use_edabit(True)
Setup took 0.0969026 seconds.
S3_FMATCH valid=1 commitment_bits=001111001100110001100100011001000010000011001110010001001111010001101010111100010101111001110011010110000101011000100101011101000111110001000111001111000111100110100110000100011100010101010000101101001110010110111010101000110100011001010111010100110001111
Compiler: ./compile.py -F 255 saib_fmatch 64
	9427 triples of malicious replicated gfp left
	354 bits of malicious replicated gfp left
Detailed costs:
          1802 integer inputs
       1017868 integer multiplications
       2050093 integer openings
Spent 9.7244 seconds (66.4087 MB, 69565 rounds, 13.9873 CPU seconds) on the online phase and 2.77646 seconds (215.08 MB, 1208 rounds, 13.9876 CPU seconds) on the preprocessing/offline phase.
Communication details:
Broadcasting 0.394248 MB in 12295 rounds, taking 2.11193 seconds
Passing around 270.141 MB in 58412 rounds, taking 7.07667 seconds
Receiving directly 10.56 MB in 33 rounds, taking 0.0218608 seconds
Sending directly 10.56 MB in 33 rounds, taking 0.0114446 seconds
CPU time = 13.9899
The following benchmarks are including preprocessing (offline phase).
Time = 12.5311 seconds 
Data sent = 281.489 MB in ~70773 rounds (party 0 only)
Global data sent = 844.467 MB (all parties)
Actual preprocessing cost of program:
  Type int
       1020573        Triples
        989646           Bits
This program might benefit from some protocol options.
Consider adding the following at the beginning of your code:
	program.use_edabit(True)
Command line: /mnt/g/paperexper/retf/third_party/MP-SPDZ-s3.1.1-patched/malicious-rep-field-party.x 0 saib_fmatch-64 -pn 27300 -h localhost -P 52435875175126190479447740508185965837690552500527637822603658699938581184513 -v
