Using statistical security parameter 40
Trying to run 255-bit computation (256-bit representation)
S3_FMATCH_TEST valid=1 commitment=17532828254534252163377685424171132807189194592272657909095879876917308592390 aggregate_quantity=3508581 aggregate_settlement=1746115953192
S3_MATCH slot=0 active=1 buy_rank=10 sell_rank=4 price=238321 quantity=214694 settlement=51166088774 buy_residual=0 sell_residual=562444
S3_MATCH slot=1 active=1 buy_rank=13 sell_rank=4 price=181296 quantity=562444 settlement=101968847424 buy_residual=313270 sell_residual=0
S3_MATCH slot=2 active=1 buy_rank=13 sell_rank=7 price=297328 quantity=313270 settlement=93143942560 buy_residual=0 sell_residual=175382
S3_MATCH slot=3 active=1 buy_rank=2 sell_rank=7 price=677687 quantity=175382 settlement=118854101434 buy_residual=344530 sell_residual=0
S3_MATCH slot=4 active=1 buy_rank=2 sell_rank=1 price=1227113 quantity=344530 settlement=422777241890 buy_residual=0 sell_residual=51102
S3_MATCH slot=5 active=1 buy_rank=0 sell_rank=8 price=427393 quantity=385235 settlement=164646742355 buy_residual=0 sell_residual=585670
S3_MATCH slot=6 active=1 buy_rank=6 sell_rank=8 price=630772 quantity=585670 settlement=369424237240 buy_residual=293722 sell_residual=0
S3_MATCH slot=7 active=1 buy_rank=6 sell_rank=3 price=502800 quantity=293722 settlement=147683421600 buy_residual=0 sell_residual=358889
S3_MATCH slot=8 active=1 buy_rank=5 sell_rank=3 price=320308 quantity=103966 settlement=33301141528 buy_residual=0 sell_residual=254923
S3_MATCH slot=9 active=1 buy_rank=11 sell_rank=3 price=377759 quantity=254923 settlement=96299457557 buy_residual=684649 sell_residual=0
S3_MATCH slot=10 active=1 buy_rank=11 sell_rank=6 price=641670 quantity=115280 settlement=73971717600 buy_residual=569369 sell_residual=0
S3_MATCH slot=11 active=1 buy_rank=11 sell_rank=2 price=457022 quantity=159465 settlement=72879013230 buy_residual=409904 sell_residual=0
S3_MATCH slot=12 active=0 buy_rank=0 sell_rank=0 price=0 quantity=0 settlement=0 buy_residual=0 sell_residual=0
S3_MATCH slot=13 active=0 buy_rank=0 sell_rank=0 price=0 quantity=0 settlement=0 buy_residual=0 sell_residual=0
S3_MATCH slot=14 active=0 buy_rank=0 sell_rank=0 price=0 quantity=0 settlement=0 buy_residual=0 sell_residual=0
S3_MATCH slot=15 active=0 buy_rank=0 sell_rank=0 price=0 quantity=0 settlement=0 buy_residual=0 sell_residual=0
S3_MATCH slot=16 active=0 buy_rank=0 sell_rank=0 price=0 quantity=0 settlement=0 buy_residual=0 sell_residual=0
S3_MATCH slot=17 active=0 buy_rank=0 sell_rank=0 price=0 quantity=0 settlement=0 buy_residual=0 sell_residual=0
S3_MATCH slot=18 active=0 buy_rank=0 sell_rank=0 price=0 quantity=0 settlement=0 buy_residual=0 sell_residual=0
S3_MATCH slot=19 active=0 buy_rank=0 sell_rank=0 price=0 quantity=0 settlement=0 buy_residual=0 sell_residual=0
S3_MATCH slot=20 active=0 buy_rank=0 sell_rank=0 price=0 quantity=0 settlement=0 buy_residual=0 sell_residual=0
S3_MATCH slot=21 active=0 buy_rank=0 sell_rank=0 price=0 quantity=0 settlement=0 buy_residual=0 sell_residual=0
S3_MATCH slot=22 active=0 buy_rank=0 sell_rank=0 price=0 quantity=0 settlement=0 buy_residual=0 sell_residual=0
S3_MATCH slot=23 active=0 buy_rank=0 sell_rank=0 price=0 quantity=0 settlement=0 buy_residual=0 sell_residual=0
S3_MATCH slot=24 active=0 buy_rank=0 sell_rank=0 price=0 quantity=0 settlement=0 buy_residual=0 sell_residual=0
S3_MATCH slot=25 active=0 buy_rank=0 sell_rank=0 price=0 quantity=0 settlement=0 buy_residual=0 sell_residual=0
S3_MATCH slot=26 active=0 buy_rank=0 sell_rank=0 price=0 quantity=0 settlement=0 buy_residual=0 sell_residual=0
S3_MATCH slot=27 active=0 buy_rank=0 sell_rank=0 price=0 quantity=0 settlement=0 buy_residual=0 sell_residual=0
S3_MATCH slot=28 active=0 buy_rank=0 sell_rank=0 price=0 quantity=0 settlement=0 buy_residual=0 sell_residual=0
S3_MATCH slot=29 active=0 buy_rank=0 sell_rank=0 price=0 quantity=0 settlement=0 buy_residual=0 sell_residual=0
S3_MATCH slot=30 active=0 buy_rank=0 sell_rank=0 price=0 quantity=0 settlement=0 buy_residual=0 sell_residual=0
S3_RESIDUAL side=buy rank=10 quantity=0
S3_RESIDUAL side=buy rank=13 quantity=0
S3_RESIDUAL side=buy rank=2 quantity=0
S3_RESIDUAL side=buy rank=0 quantity=0
S3_RESIDUAL side=buy rank=6 quantity=0
S3_RESIDUAL side=buy rank=5 quantity=0
S3_RESIDUAL side=buy rank=11 quantity=409904
S3_RESIDUAL side=buy rank=9 quantity=221246
S3_RESIDUAL side=buy rank=3 quantity=886985
S3_RESIDUAL side=buy rank=1 quantity=318492
S3_RESIDUAL side=buy rank=8 quantity=151320
S3_RESIDUAL side=buy rank=7 quantity=144581
S3_RESIDUAL side=buy rank=4 quantity=593816
S3_RESIDUAL side=buy rank=12 quantity=345766
S3_RESIDUAL side=buy rank=14 quantity=0
S3_RESIDUAL side=buy rank=15 quantity=0
S3_RESIDUAL side=sell rank=4 quantity=0
S3_RESIDUAL side=sell rank=7 quantity=0
S3_RESIDUAL side=sell rank=1 quantity=51102
S3_RESIDUAL side=sell rank=8 quantity=0
S3_RESIDUAL side=sell rank=3 quantity=0
S3_RESIDUAL side=sell rank=6 quantity=0
S3_RESIDUAL side=sell rank=2 quantity=0
S3_RESIDUAL side=sell rank=0 quantity=347314
S3_RESIDUAL side=sell rank=9 quantity=781795
S3_RESIDUAL side=sell rank=5 quantity=371422
S3_RESIDUAL side=sell rank=10 quantity=0
S3_RESIDUAL side=sell rank=11 quantity=0
S3_RESIDUAL side=sell rank=12 quantity=0
S3_RESIDUAL side=sell rank=13 quantity=0
S3_RESIDUAL side=sell rank=14 quantity=0
S3_RESIDUAL side=sell rank=15 quantity=0
The following benchmarks are including preprocessing (offline phase).
Time = 2.56814 seconds 
Data sent = 56.5948 MB in ~14142 rounds (party 0 only; use '-v' for more details)
Global data sent = 169.464 MB (all parties)
This program might benefit from some protocol options.
Consider adding the following at the beginning of your code:
	program.use_edabit(True)
