Using statistical security parameter 40
Trying to run 255-bit computation (256-bit representation)
S3_FMATCH_TEST valid=1 commitment=-21402896886104825977614107048067988236962630009874578598365648220253222530471 aggregate_quantity=3578419 aggregate_settlement=1380401850638
S3_MATCH slot=0 active=1 buy_rank=5 sell_rank=14 price=459198 quantity=162865 settlement=74787282270 buy_residual=0 sell_residual=55079
S3_MATCH slot=1 active=1 buy_rank=0 sell_rank=14 price=584811 quantity=55079 settlement=32210805069 buy_residual=911170 sell_residual=0
S3_MATCH slot=2 active=1 buy_rank=0 sell_rank=0 price=604505 quantity=337187 settlement=203831227435 buy_residual=573983 sell_residual=0
S3_MATCH slot=3 active=1 buy_rank=0 sell_rank=8 price=452004 quantity=573983 settlement=259442611932 buy_residual=0 sell_residual=277115
S3_MATCH slot=4 active=1 buy_rank=6 sell_rank=8 price=580046 quantity=277115 settlement=160739447290 buy_residual=676857 sell_residual=0
S3_MATCH slot=5 active=1 buy_rank=6 sell_rank=6 price=553363 quantity=676857 settlement=374547620091 buy_residual=0 sell_residual=200273
S3_MATCH slot=6 active=1 buy_rank=4 sell_rank=6 price=307993 quantity=118671 settlement=36549837303 buy_residual=0 sell_residual=81602
S3_MATCH slot=7 active=1 buy_rank=8 sell_rank=6 price=166862 quantity=81602 settlement=13616272924 buy_residual=768509 sell_residual=0
S3_MATCH slot=8 active=1 buy_rank=8 sell_rank=1 price=123800 quantity=768509 settlement=95141414200 buy_residual=0 sell_residual=76375
S3_MATCH slot=9 active=1 buy_rank=7 sell_rank=1 price=209779 quantity=76375 settlement=16021871125 buy_residual=276929 sell_residual=0
S3_MATCH slot=10 active=1 buy_rank=7 sell_rank=2 price=276663 quantity=276929 settlement=76616007927 buy_residual=0 sell_residual=173247
S3_MATCH slot=11 active=1 buy_rank=1 sell_rank=2 price=212976 quantity=173247 settlement=36897453072 buy_residual=383039 sell_residual=0
S3_MATCH slot=12 active=0 buy_rank=0 sell_rank=0 price=0 quantity=0 settlement=0 buy_residual=0 sell_residual=0
S3_MATCH slot=13 active=0 buy_rank=0 sell_rank=0 price=0 quantity=0 settlement=0 buy_residual=0 sell_residual=0
S3_MATCH slot=14 active=0 buy_rank=0 sell_rank=0 price=0 quantity=0 settlement=0 buy_residual=0 sell_residual=0
S3_MATCH slot=15 active=0 buy_rank=0 sell_rank=0 price=0 quantity=0 settlement=0 buy_residual=0 sell_residual=0
S3_MATCH slot=16 active=0 buy_rank=0 sell_rank=0 price=0 quantity=0 settlement=0 buy_residual=0 sell_residual=0
S3_MATCH slot=17 active=0 buy_rank=0 sell_rank=0 price=0 quantity=0 settlement=0 buy_residual=0 sell_residual=0
S3_MATCH slot=18 active=0 buy_rank=0 sell_rank=0 price=0 quantity=0 settlement=0 buy_residual=0 sell_residual=0
S3_MATCH slot=19 active=0 buy_rank=0 sell_rank=0 price=0 quantity=0 settlement=0 buy_residual=0 sell_residual=0
S3_MATCH slot=20 active=0 buy_rank=0 sell_rank=0 price=0 quantity=0 settlement=0 buy_residual=0 sell_residual=0
S3_MATCH slot=21 active=0 buy_rank=0 sell_rank=0 price=0 quantity=0 settlement=0 buy_residual=0 sell_residual=0
S3_MATCH slot=22 active=0 buy_rank=0 sell_rank=0 price=0 quantity=0 settlement=0 buy_residual=0 sell_residual=0
S3_MATCH slot=23 active=0 buy_rank=0 sell_rank=0 price=0 quantity=0 settlement=0 buy_residual=0 sell_residual=0
S3_MATCH slot=24 active=0 buy_rank=0 sell_rank=0 price=0 quantity=0 settlement=0 buy_residual=0 sell_residual=0
S3_MATCH slot=25 active=0 buy_rank=0 sell_rank=0 price=0 quantity=0 settlement=0 buy_residual=0 sell_residual=0
S3_MATCH slot=26 active=0 buy_rank=0 sell_rank=0 price=0 quantity=0 settlement=0 buy_residual=0 sell_residual=0
S3_MATCH slot=27 active=0 buy_rank=0 sell_rank=0 price=0 quantity=0 settlement=0 buy_residual=0 sell_residual=0
S3_MATCH slot=28 active=0 buy_rank=0 sell_rank=0 price=0 quantity=0 settlement=0 buy_residual=0 sell_residual=0
S3_MATCH slot=29 active=0 buy_rank=0 sell_rank=0 price=0 quantity=0 settlement=0 buy_residual=0 sell_residual=0
S3_MATCH slot=30 active=0 buy_rank=0 sell_rank=0 price=0 quantity=0 settlement=0 buy_residual=0 sell_residual=0
S3_RESIDUAL side=buy rank=5 quantity=0
S3_RESIDUAL side=buy rank=0 quantity=0
S3_RESIDUAL side=buy rank=6 quantity=0
S3_RESIDUAL side=buy rank=4 quantity=0
S3_RESIDUAL side=buy rank=8 quantity=0
S3_RESIDUAL side=buy rank=7 quantity=0
S3_RESIDUAL side=buy rank=1 quantity=383039
S3_RESIDUAL side=buy rank=2 quantity=722073
S3_RESIDUAL side=buy rank=3 quantity=896526
S3_RESIDUAL side=buy rank=9 quantity=0
S3_RESIDUAL side=buy rank=10 quantity=0
S3_RESIDUAL side=buy rank=11 quantity=0
S3_RESIDUAL side=buy rank=12 quantity=0
S3_RESIDUAL side=buy rank=13 quantity=0
S3_RESIDUAL side=buy rank=14 quantity=0
S3_RESIDUAL side=buy rank=15 quantity=0
S3_RESIDUAL side=sell rank=14 quantity=0
S3_RESIDUAL side=sell rank=0 quantity=0
S3_RESIDUAL side=sell rank=8 quantity=0
S3_RESIDUAL side=sell rank=6 quantity=0
S3_RESIDUAL side=sell rank=12 quantity=350607
S3_RESIDUAL side=sell rank=9 quantity=491914
S3_RESIDUAL side=sell rank=1 quantity=0
S3_RESIDUAL side=sell rank=7 quantity=952546
S3_RESIDUAL side=sell rank=2 quantity=0
S3_RESIDUAL side=sell rank=13 quantity=346648
S3_RESIDUAL side=sell rank=10 quantity=330099
S3_RESIDUAL side=sell rank=4 quantity=324346
S3_RESIDUAL side=sell rank=11 quantity=592399
S3_RESIDUAL side=sell rank=5 quantity=685777
S3_RESIDUAL side=sell rank=3 quantity=81992
S3_RESIDUAL side=sell rank=15 quantity=0
The following benchmarks are including preprocessing (offline phase).
Time = 2.50296 seconds 
Data sent = 56.5948 MB in ~14142 rounds (party 0 only; use '-v' for more details)
Global data sent = 169.464 MB (all parties)
This program might benefit from some protocol options.
Consider adding the following at the beginning of your code:
	program.use_edabit(True)
