Using statistical security parameter 40
Trying to run 255-bit computation (256-bit representation)
S3_FMATCH_TEST valid=1 commitment=12006711334478021370382739315276932157278364061447839529977548850352756918089 aggregate_quantity=2156299 aggregate_settlement=1072367709424
S3_MATCH slot=0 active=1 buy_rank=2 sell_rank=6 price=284506 quantity=135734 settlement=38617137404 buy_residual=0 sell_residual=809571
S3_MATCH slot=1 active=1 buy_rank=5 sell_rank=6 price=452617 quantity=590021 settlement=267053534957 buy_residual=0 sell_residual=219550
S3_MATCH slot=2 active=1 buy_rank=8 sell_rank=6 price=214729 quantity=185822 settlement=39901372238 buy_residual=0 sell_residual=33728
S3_MATCH slot=3 active=1 buy_rank=3 sell_rank=6 price=663909 quantity=33728 settlement=22392322752 buy_residual=444049 sell_residual=0
S3_MATCH slot=4 active=1 buy_rank=3 sell_rank=7 price=615944 quantity=444049 settlement=273509317256 buy_residual=0 sell_residual=422601
S3_MATCH slot=5 active=1 buy_rank=10 sell_rank=7 price=187041 quantity=257277 settlement=48121347357 buy_residual=0 sell_residual=165324
S3_MATCH slot=6 active=1 buy_rank=4 sell_rank=7 price=674801 quantity=165324 settlement=111560800524 buy_residual=344344 sell_residual=0
S3_MATCH slot=7 active=1 buy_rank=4 sell_rank=9 price=787619 quantity=344344 settlement=271211876936 buy_residual=0 sell_residual=154022
S3_MATCH slot=8 active=0 buy_rank=0 sell_rank=0 price=0 quantity=0 settlement=0 buy_residual=0 sell_residual=0
S3_MATCH slot=9 active=0 buy_rank=0 sell_rank=0 price=0 quantity=0 settlement=0 buy_residual=0 sell_residual=0
S3_MATCH slot=10 active=0 buy_rank=0 sell_rank=0 price=0 quantity=0 settlement=0 buy_residual=0 sell_residual=0
S3_MATCH slot=11 active=0 buy_rank=0 sell_rank=0 price=0 quantity=0 settlement=0 buy_residual=0 sell_residual=0
S3_MATCH slot=12 active=0 buy_rank=0 sell_rank=0 price=0 quantity=0 settlement=0 buy_residual=0 sell_residual=0
S3_MATCH slot=13 active=0 buy_rank=0 sell_rank=0 price=0 quantity=0 settlement=0 buy_residual=0 sell_residual=0
S3_MATCH slot=14 active=0 buy_rank=0 sell_rank=0 price=0 quantity=0 settlement=0 buy_residual=0 sell_residual=0
S3_MATCH slot=15 active=0 buy_rank=0 sell_rank=0 price=0 quantity=0 settlement=0 buy_residual=0 sell_residual=0
S3_MATCH slot=16 active=0 buy_rank=0 sell_rank=0 price=0 quantity=0 settlement=0 buy_residual=0 sell_residual=0
S3_MATCH slot=17 active=0 buy_rank=0 sell_rank=0 price=0 quantity=0 settlement=0 buy_residual=0 sell_residual=0
S3_MATCH slot=18 active=0 buy_rank=0 sell_rank=0 price=0 quantity=0 settlement=0 buy_residual=0 sell_residual=0
S3_MATCH slot=19 active=0 buy_rank=0 sell_rank=0 price=0 quantity=0 settlement=0 buy_residual=0 sell_residual=0
S3_MATCH slot=20 active=0 buy_rank=0 sell_rank=0 price=0 quantity=0 settlement=0 buy_residual=0 sell_residual=0
S3_MATCH slot=21 active=0 buy_rank=0 sell_rank=0 price=0 quantity=0 settlement=0 buy_residual=0 sell_residual=0
S3_MATCH slot=22 active=0 buy_rank=0 sell_rank=0 price=0 quantity=0 settlement=0 buy_residual=0 sell_residual=0
S3_MATCH slot=23 active=0 buy_rank=0 sell_rank=0 price=0 quantity=0 settlement=0 buy_residual=0 sell_residual=0
S3_MATCH slot=24 active=0 buy_rank=0 sell_rank=0 price=0 quantity=0 settlement=0 buy_residual=0 sell_residual=0
S3_MATCH slot=25 active=0 buy_rank=0 sell_rank=0 price=0 quantity=0 settlement=0 buy_residual=0 sell_residual=0
S3_MATCH slot=26 active=0 buy_rank=0 sell_rank=0 price=0 quantity=0 settlement=0 buy_residual=0 sell_residual=0
S3_MATCH slot=27 active=0 buy_rank=0 sell_rank=0 price=0 quantity=0 settlement=0 buy_residual=0 sell_residual=0
S3_MATCH slot=28 active=0 buy_rank=0 sell_rank=0 price=0 quantity=0 settlement=0 buy_residual=0 sell_residual=0
S3_MATCH slot=29 active=0 buy_rank=0 sell_rank=0 price=0 quantity=0 settlement=0 buy_residual=0 sell_residual=0
S3_MATCH slot=30 active=0 buy_rank=0 sell_rank=0 price=0 quantity=0 settlement=0 buy_residual=0 sell_residual=0
S3_RESIDUAL side=buy rank=2 quantity=0
S3_RESIDUAL side=buy rank=5 quantity=0
S3_RESIDUAL side=buy rank=8 quantity=0
S3_RESIDUAL side=buy rank=3 quantity=0
S3_RESIDUAL side=buy rank=10 quantity=0
S3_RESIDUAL side=buy rank=4 quantity=0
S3_RESIDUAL side=buy rank=6 quantity=116714
S3_RESIDUAL side=buy rank=7 quantity=587185
S3_RESIDUAL side=buy rank=0 quantity=632896
S3_RESIDUAL side=buy rank=9 quantity=818312
S3_RESIDUAL side=buy rank=1 quantity=350119
S3_RESIDUAL side=buy rank=11 quantity=0
S3_RESIDUAL side=buy rank=12 quantity=0
S3_RESIDUAL side=buy rank=13 quantity=0
S3_RESIDUAL side=buy rank=14 quantity=0
S3_RESIDUAL side=buy rank=15 quantity=0
S3_RESIDUAL side=sell rank=6 quantity=0
S3_RESIDUAL side=sell rank=7 quantity=0
S3_RESIDUAL side=sell rank=9 quantity=154022
S3_RESIDUAL side=sell rank=2 quantity=616223
S3_RESIDUAL side=sell rank=10 quantity=731119
S3_RESIDUAL side=sell rank=5 quantity=338064
S3_RESIDUAL side=sell rank=4 quantity=968575
S3_RESIDUAL side=sell rank=0 quantity=286252
S3_RESIDUAL side=sell rank=8 quantity=900845
S3_RESIDUAL side=sell rank=1 quantity=284578
S3_RESIDUAL side=sell rank=3 quantity=567105
S3_RESIDUAL side=sell rank=11 quantity=0
S3_RESIDUAL side=sell rank=12 quantity=0
S3_RESIDUAL side=sell rank=13 quantity=0
S3_RESIDUAL side=sell rank=14 quantity=0
S3_RESIDUAL side=sell rank=15 quantity=0
The following benchmarks are including preprocessing (offline phase).
Time = 2.64367 seconds 
Data sent = 56.5948 MB in ~14142 rounds (party 0 only; use '-v' for more details)
Global data sent = 169.464 MB (all parties)
This program might benefit from some protocol options.
Consider adding the following at the beginning of your code:
	program.use_edabit(True)
