Using statistical security parameter 40
Trying to run 255-bit computation (256-bit representation)
S3_FMATCH_TEST valid=1 commitment=-526260063551878509511097264407644477595990214017734280090092227342525005578 aggregate_quantity=1811413 aggregate_settlement=786204661935
S3_MATCH slot=0 active=1 buy_rank=2 sell_rank=7 price=513521 quantity=20306 settlement=10427557426 buy_residual=832168 sell_residual=0
S3_MATCH slot=1 active=1 buy_rank=2 sell_rank=12 price=624682 quantity=98209 settlement=61349394538 buy_residual=733959 sell_residual=0
S3_MATCH slot=2 active=1 buy_rank=2 sell_rank=6 price=424619 quantity=722385 settlement=306738396315 buy_residual=11574 sell_residual=0
S3_MATCH slot=3 active=1 buy_rank=2 sell_rank=9 price=798575 quantity=11574 settlement=9242707050 buy_residual=0 sell_residual=93829
S3_MATCH slot=4 active=1 buy_rank=3 sell_rank=3 price=402225 quantity=345714 settlement=139054813650 buy_residual=0 sell_residual=65753
S3_MATCH slot=5 active=1 buy_rank=9 sell_rank=3 price=611335 quantity=65753 settlement=40197110255 buy_residual=175531 sell_residual=0
S3_MATCH slot=6 active=1 buy_rank=9 sell_rank=1 price=472958 quantity=175531 settlement=83018790698 buy_residual=0 sell_residual=426261
S3_MATCH slot=7 active=1 buy_rank=6 sell_rank=1 price=414843 quantity=292289 settlement=121254045627 buy_residual=0 sell_residual=133972
S3_MATCH slot=8 active=1 buy_rank=0 sell_rank=1 price=187338 quantity=79652 settlement=14921846376 buy_residual=0 sell_residual=54320
S3_MATCH slot=9 active=0 buy_rank=0 sell_rank=0 price=0 quantity=0 settlement=0 buy_residual=0 sell_residual=0
S3_MATCH slot=10 active=0 buy_rank=0 sell_rank=0 price=0 quantity=0 settlement=0 buy_residual=0 sell_residual=0
S3_MATCH slot=11 active=0 buy_rank=0 sell_rank=0 price=0 quantity=0 settlement=0 buy_residual=0 sell_residual=0
S3_MATCH slot=12 active=0 buy_rank=0 sell_rank=0 price=0 quantity=0 settlement=0 buy_residual=0 sell_residual=0
S3_MATCH slot=13 active=0 buy_rank=0 sell_rank=0 price=0 quantity=0 settlement=0 buy_residual=0 sell_residual=0
S3_MATCH slot=14 active=0 buy_rank=0 sell_rank=0 price=0 quantity=0 settlement=0 buy_residual=0 sell_residual=0
S3_MATCH slot=15 active=0 buy_rank=0 sell_rank=0 price=0 quantity=0 settlement=0 buy_residual=0 sell_residual=0
S3_MATCH slot=16 active=0 buy_rank=0 sell_rank=0 price=0 quantity=0 settlement=0 buy_residual=0 sell_residual=0
S3_MATCH slot=17 active=0 buy_rank=0 sell_rank=0 price=0 quantity=0 settlement=0 buy_residual=0 sell_residual=0
S3_MATCH slot=18 active=0 buy_rank=0 sell_rank=0 price=0 quantity=0 settlement=0 buy_residual=0 sell_residual=0
S3_MATCH slot=19 active=0 buy_rank=0 sell_rank=0 price=0 quantity=0 settlement=0 buy_residual=0 sell_residual=0
S3_MATCH slot=20 active=0 buy_rank=0 sell_rank=0 price=0 quantity=0 settlement=0 buy_residual=0 sell_residual=0
S3_MATCH slot=21 active=0 buy_rank=0 sell_rank=0 price=0 quantity=0 settlement=0 buy_residual=0 sell_residual=0
S3_MATCH slot=22 active=0 buy_rank=0 sell_rank=0 price=0 quantity=0 settlement=0 buy_residual=0 sell_residual=0
S3_MATCH slot=23 active=0 buy_rank=0 sell_rank=0 price=0 quantity=0 settlement=0 buy_residual=0 sell_residual=0
S3_MATCH slot=24 active=0 buy_rank=0 sell_rank=0 price=0 quantity=0 settlement=0 buy_residual=0 sell_residual=0
S3_MATCH slot=25 active=0 buy_rank=0 sell_rank=0 price=0 quantity=0 settlement=0 buy_residual=0 sell_residual=0
S3_MATCH slot=26 active=0 buy_rank=0 sell_rank=0 price=0 quantity=0 settlement=0 buy_residual=0 sell_residual=0
S3_MATCH slot=27 active=0 buy_rank=0 sell_rank=0 price=0 quantity=0 settlement=0 buy_residual=0 sell_residual=0
S3_MATCH slot=28 active=0 buy_rank=0 sell_rank=0 price=0 quantity=0 settlement=0 buy_residual=0 sell_residual=0
S3_MATCH slot=29 active=0 buy_rank=0 sell_rank=0 price=0 quantity=0 settlement=0 buy_residual=0 sell_residual=0
S3_MATCH slot=30 active=0 buy_rank=0 sell_rank=0 price=0 quantity=0 settlement=0 buy_residual=0 sell_residual=0
S3_RESIDUAL side=buy rank=2 quantity=0
S3_RESIDUAL side=buy rank=3 quantity=0
S3_RESIDUAL side=buy rank=9 quantity=0
S3_RESIDUAL side=buy rank=6 quantity=0
S3_RESIDUAL side=buy rank=0 quantity=0
S3_RESIDUAL side=buy rank=5 quantity=883972
S3_RESIDUAL side=buy rank=1 quantity=910845
S3_RESIDUAL side=buy rank=7 quantity=273635
S3_RESIDUAL side=buy rank=4 quantity=700803
S3_RESIDUAL side=buy rank=10 quantity=665075
S3_RESIDUAL side=buy rank=8 quantity=777140
S3_RESIDUAL side=buy rank=11 quantity=0
S3_RESIDUAL side=buy rank=12 quantity=0
S3_RESIDUAL side=buy rank=13 quantity=0
S3_RESIDUAL side=buy rank=14 quantity=0
S3_RESIDUAL side=buy rank=15 quantity=0
S3_RESIDUAL side=sell rank=7 quantity=0
S3_RESIDUAL side=sell rank=12 quantity=0
S3_RESIDUAL side=sell rank=6 quantity=0
S3_RESIDUAL side=sell rank=9 quantity=93829
S3_RESIDUAL side=sell rank=3 quantity=0
S3_RESIDUAL side=sell rank=1 quantity=54320
S3_RESIDUAL side=sell rank=8 quantity=700980
S3_RESIDUAL side=sell rank=13 quantity=592757
S3_RESIDUAL side=sell rank=2 quantity=857870
S3_RESIDUAL side=sell rank=11 quantity=665636
S3_RESIDUAL side=sell rank=4 quantity=251884
S3_RESIDUAL side=sell rank=5 quantity=307967
S3_RESIDUAL side=sell rank=10 quantity=555451
S3_RESIDUAL side=sell rank=0 quantity=988752
S3_RESIDUAL side=sell rank=14 quantity=0
S3_RESIDUAL side=sell rank=15 quantity=0
The following benchmarks are including preprocessing (offline phase).
Time = 2.47071 seconds 
Data sent = 56.5948 MB in ~14142 rounds (party 0 only; use '-v' for more details)
Global data sent = 169.464 MB (all parties)
This program might benefit from some protocol options.
Consider adding the following at the beginning of your code:
	program.use_edabit(True)
