Using statistical security parameter 40
Trying to run 255-bit computation (256-bit representation)
S3_FMATCH_TEST valid=1 commitment=4960202922761094964499200771371736011112144279696518762815855657601260244949 aggregate_quantity=3751385 aggregate_settlement=1866638096550
S3_MATCH slot=0 active=1 buy_rank=0 sell_rank=5 price=700666 quantity=572939 settlement=401438877374 buy_residual=265535 sell_residual=0
S3_MATCH slot=1 active=1 buy_rank=0 sell_rank=14 price=625091 quantity=136384 settlement=85252410944 buy_residual=129151 sell_residual=0
S3_MATCH slot=2 active=1 buy_rank=0 sell_rank=11 price=454791 quantity=28255 settlement=12850119705 buy_residual=100896 sell_residual=0
S3_MATCH slot=3 active=1 buy_rank=0 sell_rank=3 price=475163 quantity=100896 settlement=47942046048 buy_residual=0 sell_residual=137135
S3_MATCH slot=4 active=1 buy_rank=1 sell_rank=3 price=400478 quantity=137135 settlement=54919550530 buy_residual=588240 sell_residual=0
S3_MATCH slot=5 active=1 buy_rank=1 sell_rank=2 price=429282 quantity=588240 settlement=252520843680 buy_residual=0 sell_residual=277102
S3_MATCH slot=6 active=1 buy_rank=8 sell_rank=2 price=673869 quantity=277102 settlement=186730447638 buy_residual=555589 sell_residual=0
S3_MATCH slot=7 active=1 buy_rank=8 sell_rank=7 price=499130 quantity=555589 settlement=277311137570 buy_residual=0 sell_residual=400586
S3_MATCH slot=8 active=1 buy_rank=2 sell_rank=7 price=145966 quantity=320078 settlement=46720505348 buy_residual=0 sell_residual=80508
S3_MATCH slot=9 active=1 buy_rank=5 sell_rank=7 price=206153 quantity=80508 settlement=16596965724 buy_residual=437156 sell_residual=0
S3_MATCH slot=10 active=1 buy_rank=5 sell_rank=1 price=272629 quantity=437156 settlement=119181403124 buy_residual=0 sell_residual=201569
S3_MATCH slot=11 active=1 buy_rank=4 sell_rank=1 price=570683 quantity=201569 settlement=115032001627 buy_residual=315534 sell_residual=0
S3_MATCH slot=12 active=1 buy_rank=4 sell_rank=9 price=792757 quantity=315534 settlement=250141787238 buy_residual=0 sell_residual=503225
S3_MATCH slot=13 active=0 buy_rank=0 sell_rank=0 price=0 quantity=0 settlement=0 buy_residual=0 sell_residual=0
S3_MATCH slot=14 active=0 buy_rank=0 sell_rank=0 price=0 quantity=0 settlement=0 buy_residual=0 sell_residual=0
S3_MATCH slot=15 active=0 buy_rank=0 sell_rank=0 price=0 quantity=0 settlement=0 buy_residual=0 sell_residual=0
S3_MATCH slot=16 active=0 buy_rank=0 sell_rank=0 price=0 quantity=0 settlement=0 buy_residual=0 sell_residual=0
S3_MATCH slot=17 active=0 buy_rank=0 sell_rank=0 price=0 quantity=0 settlement=0 buy_residual=0 sell_residual=0
S3_MATCH slot=18 active=0 buy_rank=0 sell_rank=0 price=0 quantity=0 settlement=0 buy_residual=0 sell_residual=0
S3_MATCH slot=19 active=0 buy_rank=0 sell_rank=0 price=0 quantity=0 settlement=0 buy_residual=0 sell_residual=0
S3_MATCH slot=20 active=0 buy_rank=0 sell_rank=0 price=0 quantity=0 settlement=0 buy_residual=0 sell_residual=0
S3_MATCH slot=21 active=0 buy_rank=0 sell_rank=0 price=0 quantity=0 settlement=0 buy_residual=0 sell_residual=0
S3_MATCH slot=22 active=0 buy_rank=0 sell_rank=0 price=0 quantity=0 settlement=0 buy_residual=0 sell_residual=0
S3_MATCH slot=23 active=0 buy_rank=0 sell_rank=0 price=0 quantity=0 settlement=0 buy_residual=0 sell_residual=0
S3_MATCH slot=24 active=0 buy_rank=0 sell_rank=0 price=0 quantity=0 settlement=0 buy_residual=0 sell_residual=0
S3_MATCH slot=25 active=0 buy_rank=0 sell_rank=0 price=0 quantity=0 settlement=0 buy_residual=0 sell_residual=0
S3_MATCH slot=26 active=0 buy_rank=0 sell_rank=0 price=0 quantity=0 settlement=0 buy_residual=0 sell_residual=0
S3_MATCH slot=27 active=0 buy_rank=0 sell_rank=0 price=0 quantity=0 settlement=0 buy_residual=0 sell_residual=0
S3_MATCH slot=28 active=0 buy_rank=0 sell_rank=0 price=0 quantity=0 settlement=0 buy_residual=0 sell_residual=0
S3_MATCH slot=29 active=0 buy_rank=0 sell_rank=0 price=0 quantity=0 settlement=0 buy_residual=0 sell_residual=0
S3_MATCH slot=30 active=0 buy_rank=0 sell_rank=0 price=0 quantity=0 settlement=0 buy_residual=0 sell_residual=0
S3_RESIDUAL side=buy rank=0 quantity=0
S3_RESIDUAL side=buy rank=1 quantity=0
S3_RESIDUAL side=buy rank=8 quantity=0
S3_RESIDUAL side=buy rank=2 quantity=0
S3_RESIDUAL side=buy rank=5 quantity=0
S3_RESIDUAL side=buy rank=4 quantity=0
S3_RESIDUAL side=buy rank=3 quantity=57074
S3_RESIDUAL side=buy rank=6 quantity=944566
S3_RESIDUAL side=buy rank=7 quantity=230269
S3_RESIDUAL side=buy rank=9 quantity=0
S3_RESIDUAL side=buy rank=10 quantity=0
S3_RESIDUAL side=buy rank=11 quantity=0
S3_RESIDUAL side=buy rank=12 quantity=0
S3_RESIDUAL side=buy rank=13 quantity=0
S3_RESIDUAL side=buy rank=14 quantity=0
S3_RESIDUAL side=buy rank=15 quantity=0
S3_RESIDUAL side=sell rank=5 quantity=0
S3_RESIDUAL side=sell rank=14 quantity=0
S3_RESIDUAL side=sell rank=11 quantity=0
S3_RESIDUAL side=sell rank=3 quantity=0
S3_RESIDUAL side=sell rank=2 quantity=0
S3_RESIDUAL side=sell rank=7 quantity=0
S3_RESIDUAL side=sell rank=10 quantity=342776
S3_RESIDUAL side=sell rank=15 quantity=205390
S3_RESIDUAL side=sell rank=6 quantity=361869
S3_RESIDUAL side=sell rank=13 quantity=850747
S3_RESIDUAL side=sell rank=4 quantity=304125
S3_RESIDUAL side=sell rank=8 quantity=19495
S3_RESIDUAL side=sell rank=12 quantity=652117
S3_RESIDUAL side=sell rank=1 quantity=0
S3_RESIDUAL side=sell rank=9 quantity=503225
S3_RESIDUAL side=sell rank=0 quantity=757716
The following benchmarks are including preprocessing (offline phase).
Time = 2.46928 seconds 
Data sent = 56.5948 MB in ~14142 rounds (party 0 only; use '-v' for more details)
Global data sent = 169.464 MB (all parties)
This program might benefit from some protocol options.
Consider adding the following at the beginning of your code:
	program.use_edabit(True)
