Using statistical security parameter 40
Trying to run 255-bit computation (256-bit representation)
S3_FMATCH_TEST valid=1 commitment=-5308918520652017959251304089246839057432839093597809030810430115503852602132 aggregate_quantity=3045347 aggregate_settlement=1923038101234
S3_MATCH slot=0 active=1 buy_rank=3 sell_rank=0 price=568034 quantity=613950 settlement=348744474300 buy_residual=0 sell_residual=82404
S3_MATCH slot=1 active=1 buy_rank=1 sell_rank=0 price=686705 quantity=82404 settlement=56587238820 buy_residual=7931 sell_residual=0
S3_MATCH slot=2 active=1 buy_rank=1 sell_rank=8 price=549456 quantity=7931 settlement=4357735536 buy_residual=0 sell_residual=956280
S3_MATCH slot=3 active=1 buy_rank=14 sell_rank=8 price=561761 quantity=956280 settlement=537200809080 buy_residual=14903 sell_residual=0
S3_MATCH slot=4 active=1 buy_rank=14 sell_rank=1 price=670564 quantity=14903 settlement=9993415292 buy_residual=0 sell_residual=522301
S3_MATCH slot=5 active=1 buy_rank=13 sell_rank=1 price=412872 quantity=434101 settlement=179228148072 buy_residual=0 sell_residual=88200
S3_MATCH slot=6 active=1 buy_rank=12 sell_rank=1 price=742290 quantity=88200 settlement=65469978000 buy_residual=730290 sell_residual=0
S3_MATCH slot=7 active=1 buy_rank=12 sell_rank=4 price=900207 quantity=709837 settlement=639000236259 buy_residual=20453 sell_residual=0
S3_MATCH slot=8 active=1 buy_rank=12 sell_rank=5 price=645151 quantity=20453 settlement=13195273403 buy_residual=0 sell_residual=377196
S3_MATCH slot=9 active=1 buy_rank=5 sell_rank=5 price=590519 quantity=117288 settlement=69260792472 buy_residual=0 sell_residual=259908
S3_MATCH slot=10 active=0 buy_rank=0 sell_rank=0 price=0 quantity=0 settlement=0 buy_residual=0 sell_residual=0
S3_MATCH slot=11 active=0 buy_rank=0 sell_rank=0 price=0 quantity=0 settlement=0 buy_residual=0 sell_residual=0
S3_MATCH slot=12 active=0 buy_rank=0 sell_rank=0 price=0 quantity=0 settlement=0 buy_residual=0 sell_residual=0
S3_MATCH slot=13 active=0 buy_rank=0 sell_rank=0 price=0 quantity=0 settlement=0 buy_residual=0 sell_residual=0
S3_MATCH slot=14 active=0 buy_rank=0 sell_rank=0 price=0 quantity=0 settlement=0 buy_residual=0 sell_residual=0
S3_MATCH slot=15 active=0 buy_rank=0 sell_rank=0 price=0 quantity=0 settlement=0 buy_residual=0 sell_residual=0
S3_MATCH slot=16 active=0 buy_rank=0 sell_rank=0 price=0 quantity=0 settlement=0 buy_residual=0 sell_residual=0
S3_MATCH slot=17 active=0 buy_rank=0 sell_rank=0 price=0 quantity=0 settlement=0 buy_residual=0 sell_residual=0
S3_MATCH slot=18 active=0 buy_rank=0 sell_rank=0 price=0 quantity=0 settlement=0 buy_residual=0 sell_residual=0
S3_MATCH slot=19 active=0 buy_rank=0 sell_rank=0 price=0 quantity=0 settlement=0 buy_residual=0 sell_residual=0
S3_MATCH slot=20 active=0 buy_rank=0 sell_rank=0 price=0 quantity=0 settlement=0 buy_residual=0 sell_residual=0
S3_MATCH slot=21 active=0 buy_rank=0 sell_rank=0 price=0 quantity=0 settlement=0 buy_residual=0 sell_residual=0
S3_MATCH slot=22 active=0 buy_rank=0 sell_rank=0 price=0 quantity=0 settlement=0 buy_residual=0 sell_residual=0
S3_MATCH slot=23 active=0 buy_rank=0 sell_rank=0 price=0 quantity=0 settlement=0 buy_residual=0 sell_residual=0
S3_MATCH slot=24 active=0 buy_rank=0 sell_rank=0 price=0 quantity=0 settlement=0 buy_residual=0 sell_residual=0
S3_MATCH slot=25 active=0 buy_rank=0 sell_rank=0 price=0 quantity=0 settlement=0 buy_residual=0 sell_residual=0
S3_MATCH slot=26 active=0 buy_rank=0 sell_rank=0 price=0 quantity=0 settlement=0 buy_residual=0 sell_residual=0
S3_MATCH slot=27 active=0 buy_rank=0 sell_rank=0 price=0 quantity=0 settlement=0 buy_residual=0 sell_residual=0
S3_MATCH slot=28 active=0 buy_rank=0 sell_rank=0 price=0 quantity=0 settlement=0 buy_residual=0 sell_residual=0
S3_MATCH slot=29 active=0 buy_rank=0 sell_rank=0 price=0 quantity=0 settlement=0 buy_residual=0 sell_residual=0
S3_MATCH slot=30 active=0 buy_rank=0 sell_rank=0 price=0 quantity=0 settlement=0 buy_residual=0 sell_residual=0
S3_RESIDUAL side=buy rank=3 quantity=0
S3_RESIDUAL side=buy rank=1 quantity=0
S3_RESIDUAL side=buy rank=14 quantity=0
S3_RESIDUAL side=buy rank=13 quantity=0
S3_RESIDUAL side=buy rank=12 quantity=0
S3_RESIDUAL side=buy rank=5 quantity=0
S3_RESIDUAL side=buy rank=9 quantity=518387
S3_RESIDUAL side=buy rank=8 quantity=713204
S3_RESIDUAL side=buy rank=6 quantity=279248
S3_RESIDUAL side=buy rank=0 quantity=208005
S3_RESIDUAL side=buy rank=4 quantity=995930
S3_RESIDUAL side=buy rank=10 quantity=155730
S3_RESIDUAL side=buy rank=7 quantity=513473
S3_RESIDUAL side=buy rank=2 quantity=625011
S3_RESIDUAL side=buy rank=11 quantity=677758
S3_RESIDUAL side=buy rank=15 quantity=0
S3_RESIDUAL side=sell rank=0 quantity=0
S3_RESIDUAL side=sell rank=8 quantity=0
S3_RESIDUAL side=sell rank=1 quantity=0
S3_RESIDUAL side=sell rank=4 quantity=0
S3_RESIDUAL side=sell rank=5 quantity=259908
S3_RESIDUAL side=sell rank=2 quantity=983745
S3_RESIDUAL side=sell rank=9 quantity=49425
S3_RESIDUAL side=sell rank=7 quantity=700291
S3_RESIDUAL side=sell rank=6 quantity=494910
S3_RESIDUAL side=sell rank=3 quantity=76297
S3_RESIDUAL side=sell rank=10 quantity=0
S3_RESIDUAL side=sell rank=11 quantity=0
S3_RESIDUAL side=sell rank=12 quantity=0
S3_RESIDUAL side=sell rank=13 quantity=0
S3_RESIDUAL side=sell rank=14 quantity=0
S3_RESIDUAL side=sell rank=15 quantity=0
The following benchmarks are including preprocessing (offline phase).
Time = 2.47682 seconds 
Data sent = 56.5948 MB in ~14142 rounds (party 0 only; use '-v' for more details)
Global data sent = 169.464 MB (all parties)
This program might benefit from some protocol options.
Consider adding the following at the beginning of your code:
	program.use_edabit(True)
