Using statistical security parameter 40
Trying to run 255-bit computation (256-bit representation)
S3_FMATCH_TEST valid=1 commitment=-22020821489515705572951583994711668042863996602424470059182650246617177341335 aggregate_quantity=2763858 aggregate_settlement=1747249064171
S3_MATCH slot=0 active=1 buy_rank=8 sell_rank=6 price=478049 quantity=67951 settlement=32483907599 buy_residual=0 sell_residual=682065
S3_MATCH slot=1 active=1 buy_rank=6 sell_rank=6 price=584469 quantity=682065 settlement=398645848485 buy_residual=192925 sell_residual=0
S3_MATCH slot=2 active=1 buy_rank=6 sell_rank=7 price=557820 quantity=192925 settlement=107617423500 buy_residual=0 sell_residual=374076
S3_MATCH slot=3 active=1 buy_rank=3 sell_rank=7 price=442597 quantity=374076 settlement=165564915372 buy_residual=469048 sell_residual=0
S3_MATCH slot=4 active=1 buy_rank=3 sell_rank=0 price=358107 quantity=267021 settlement=95622089247 buy_residual=202027 sell_residual=0
S3_MATCH slot=5 active=1 buy_rank=3 sell_rank=2 price=744053 quantity=202027 settlement=150318795431 buy_residual=0 sell_residual=687610
S3_MATCH slot=6 active=1 buy_rank=0 sell_rank=2 price=757618 quantity=589221 settlement=446404435578 buy_residual=0 sell_residual=98389
S3_MATCH slot=7 active=1 buy_rank=5 sell_rank=2 price=1044284 quantity=98389 settlement=102746058476 buy_residual=290183 sell_residual=0
S3_MATCH slot=8 active=1 buy_rank=5 sell_rank=12 price=854101 quantity=290183 settlement=247845590483 buy_residual=0 sell_residual=144154
S3_MATCH slot=9 active=0 buy_rank=0 sell_rank=0 price=0 quantity=0 settlement=0 buy_residual=0 sell_residual=0
S3_MATCH slot=10 active=0 buy_rank=0 sell_rank=0 price=0 quantity=0 settlement=0 buy_residual=0 sell_residual=0
S3_MATCH slot=11 active=0 buy_rank=0 sell_rank=0 price=0 quantity=0 settlement=0 buy_residual=0 sell_residual=0
S3_MATCH slot=12 active=0 buy_rank=0 sell_rank=0 price=0 quantity=0 settlement=0 buy_residual=0 sell_residual=0
S3_MATCH slot=13 active=0 buy_rank=0 sell_rank=0 price=0 quantity=0 settlement=0 buy_residual=0 sell_residual=0
S3_MATCH slot=14 active=0 buy_rank=0 sell_rank=0 price=0 quantity=0 settlement=0 buy_residual=0 sell_residual=0
S3_MATCH slot=15 active=0 buy_rank=0 sell_rank=0 price=0 quantity=0 settlement=0 buy_residual=0 sell_residual=0
S3_MATCH slot=16 active=0 buy_rank=0 sell_rank=0 price=0 quantity=0 settlement=0 buy_residual=0 sell_residual=0
S3_MATCH slot=17 active=0 buy_rank=0 sell_rank=0 price=0 quantity=0 settlement=0 buy_residual=0 sell_residual=0
S3_MATCH slot=18 active=0 buy_rank=0 sell_rank=0 price=0 quantity=0 settlement=0 buy_residual=0 sell_residual=0
S3_MATCH slot=19 active=0 buy_rank=0 sell_rank=0 price=0 quantity=0 settlement=0 buy_residual=0 sell_residual=0
S3_MATCH slot=20 active=0 buy_rank=0 sell_rank=0 price=0 quantity=0 settlement=0 buy_residual=0 sell_residual=0
S3_MATCH slot=21 active=0 buy_rank=0 sell_rank=0 price=0 quantity=0 settlement=0 buy_residual=0 sell_residual=0
S3_MATCH slot=22 active=0 buy_rank=0 sell_rank=0 price=0 quantity=0 settlement=0 buy_residual=0 sell_residual=0
S3_MATCH slot=23 active=0 buy_rank=0 sell_rank=0 price=0 quantity=0 settlement=0 buy_residual=0 sell_residual=0
S3_MATCH slot=24 active=0 buy_rank=0 sell_rank=0 price=0 quantity=0 settlement=0 buy_residual=0 sell_residual=0
S3_MATCH slot=25 active=0 buy_rank=0 sell_rank=0 price=0 quantity=0 settlement=0 buy_residual=0 sell_residual=0
S3_MATCH slot=26 active=0 buy_rank=0 sell_rank=0 price=0 quantity=0 settlement=0 buy_residual=0 sell_residual=0
S3_MATCH slot=27 active=0 buy_rank=0 sell_rank=0 price=0 quantity=0 settlement=0 buy_residual=0 sell_residual=0
S3_MATCH slot=28 active=0 buy_rank=0 sell_rank=0 price=0 quantity=0 settlement=0 buy_residual=0 sell_residual=0
S3_MATCH slot=29 active=0 buy_rank=0 sell_rank=0 price=0 quantity=0 settlement=0 buy_residual=0 sell_residual=0
S3_MATCH slot=30 active=0 buy_rank=0 sell_rank=0 price=0 quantity=0 settlement=0 buy_residual=0 sell_residual=0
S3_RESIDUAL side=buy rank=8 quantity=0
S3_RESIDUAL side=buy rank=6 quantity=0
S3_RESIDUAL side=buy rank=3 quantity=0
S3_RESIDUAL side=buy rank=0 quantity=0
S3_RESIDUAL side=buy rank=5 quantity=0
S3_RESIDUAL side=buy rank=11 quantity=188513
S3_RESIDUAL side=buy rank=2 quantity=462049
S3_RESIDUAL side=buy rank=4 quantity=31965
S3_RESIDUAL side=buy rank=12 quantity=614544
S3_RESIDUAL side=buy rank=9 quantity=645727
S3_RESIDUAL side=buy rank=7 quantity=638706
S3_RESIDUAL side=buy rank=1 quantity=66038
S3_RESIDUAL side=buy rank=10 quantity=58361
S3_RESIDUAL side=buy rank=13 quantity=0
S3_RESIDUAL side=buy rank=14 quantity=0
S3_RESIDUAL side=buy rank=15 quantity=0
S3_RESIDUAL side=sell rank=6 quantity=0
S3_RESIDUAL side=sell rank=7 quantity=0
S3_RESIDUAL side=sell rank=0 quantity=0
S3_RESIDUAL side=sell rank=2 quantity=0
S3_RESIDUAL side=sell rank=12 quantity=144154
S3_RESIDUAL side=sell rank=9 quantity=648143
S3_RESIDUAL side=sell rank=3 quantity=580825
S3_RESIDUAL side=sell rank=10 quantity=344756
S3_RESIDUAL side=sell rank=4 quantity=463554
S3_RESIDUAL side=sell rank=1 quantity=107576
S3_RESIDUAL side=sell rank=11 quantity=704071
S3_RESIDUAL side=sell rank=8 quantity=813449
S3_RESIDUAL side=sell rank=5 quantity=426684
S3_RESIDUAL side=sell rank=13 quantity=0
S3_RESIDUAL side=sell rank=14 quantity=0
S3_RESIDUAL side=sell rank=15 quantity=0
The following benchmarks are including preprocessing (offline phase).
Time = 2.46055 seconds 
Data sent = 56.5948 MB in ~14142 rounds (party 0 only; use '-v' for more details)
Global data sent = 169.464 MB (all parties)
This program might benefit from some protocol options.
Consider adding the following at the beginning of your code:
	program.use_edabit(True)
