Using statistical security parameter 40
Trying to run 255-bit computation (256-bit representation)
S3_FMATCH_TEST valid=1 commitment=-21990996416601656231555005448551588916986037946164615088158211912653842749105 aggregate_quantity=2563334 aggregate_settlement=1390640434131
S3_MATCH slot=0 active=1 buy_rank=0 sell_rank=5 price=493975 quantity=152271 settlement=75218067225 buy_residual=0 sell_residual=200703
S3_MATCH slot=1 active=1 buy_rank=4 sell_rank=5 price=504479 quantity=200703 settlement=101250448737 buy_residual=785515 sell_residual=0
S3_MATCH slot=2 active=1 buy_rank=4 sell_rank=6 price=472366 quantity=481706 settlement=227541536396 buy_residual=303809 sell_residual=0
S3_MATCH slot=3 active=1 buy_rank=4 sell_rank=3 price=599629 quantity=303809 settlement=182172686861 buy_residual=0 sell_residual=557201
S3_MATCH slot=4 active=1 buy_rank=6 sell_rank=3 price=462019 quantity=336607 settlement=155518829533 buy_residual=0 sell_residual=220594
S3_MATCH slot=5 active=1 buy_rank=1 sell_rank=3 price=601613 quantity=220594 settlement=132712218122 buy_residual=599548 sell_residual=0
S3_MATCH slot=6 active=1 buy_rank=1 sell_rank=10 price=724206 quantity=599548 settlement=434196258888 buy_residual=0 sell_residual=79735
S3_MATCH slot=7 active=1 buy_rank=2 sell_rank=10 price=512135 quantity=79735 settlement=40835084225 buy_residual=598517 sell_residual=0
S3_MATCH slot=8 active=1 buy_rank=2 sell_rank=8 price=218704 quantity=188361 settlement=41195304144 buy_residual=410156 sell_residual=0
S3_MATCH slot=9 active=0 buy_rank=0 sell_rank=0 price=0 quantity=0 settlement=0 buy_residual=0 sell_residual=0
S3_MATCH slot=10 active=0 buy_rank=0 sell_rank=0 price=0 quantity=0 settlement=0 buy_residual=0 sell_residual=0
S3_MATCH slot=11 active=0 buy_rank=0 sell_rank=0 price=0 quantity=0 settlement=0 buy_residual=0 sell_residual=0
S3_MATCH slot=12 active=0 buy_rank=0 sell_rank=0 price=0 quantity=0 settlement=0 buy_residual=0 sell_residual=0
S3_MATCH slot=13 active=0 buy_rank=0 sell_rank=0 price=0 quantity=0 settlement=0 buy_residual=0 sell_residual=0
S3_MATCH slot=14 active=0 buy_rank=0 sell_rank=0 price=0 quantity=0 settlement=0 buy_residual=0 sell_residual=0
S3_MATCH slot=15 active=0 buy_rank=0 sell_rank=0 price=0 quantity=0 settlement=0 buy_residual=0 sell_residual=0
S3_MATCH slot=16 active=0 buy_rank=0 sell_rank=0 price=0 quantity=0 settlement=0 buy_residual=0 sell_residual=0
S3_MATCH slot=17 active=0 buy_rank=0 sell_rank=0 price=0 quantity=0 settlement=0 buy_residual=0 sell_residual=0
S3_MATCH slot=18 active=0 buy_rank=0 sell_rank=0 price=0 quantity=0 settlement=0 buy_residual=0 sell_residual=0
S3_MATCH slot=19 active=0 buy_rank=0 sell_rank=0 price=0 quantity=0 settlement=0 buy_residual=0 sell_residual=0
S3_MATCH slot=20 active=0 buy_rank=0 sell_rank=0 price=0 quantity=0 settlement=0 buy_residual=0 sell_residual=0
S3_MATCH slot=21 active=0 buy_rank=0 sell_rank=0 price=0 quantity=0 settlement=0 buy_residual=0 sell_residual=0
S3_MATCH slot=22 active=0 buy_rank=0 sell_rank=0 price=0 quantity=0 settlement=0 buy_residual=0 sell_residual=0
S3_MATCH slot=23 active=0 buy_rank=0 sell_rank=0 price=0 quantity=0 settlement=0 buy_residual=0 sell_residual=0
S3_MATCH slot=24 active=0 buy_rank=0 sell_rank=0 price=0 quantity=0 settlement=0 buy_residual=0 sell_residual=0
S3_MATCH slot=25 active=0 buy_rank=0 sell_rank=0 price=0 quantity=0 settlement=0 buy_residual=0 sell_residual=0
S3_MATCH slot=26 active=0 buy_rank=0 sell_rank=0 price=0 quantity=0 settlement=0 buy_residual=0 sell_residual=0
S3_MATCH slot=27 active=0 buy_rank=0 sell_rank=0 price=0 quantity=0 settlement=0 buy_residual=0 sell_residual=0
S3_MATCH slot=28 active=0 buy_rank=0 sell_rank=0 price=0 quantity=0 settlement=0 buy_residual=0 sell_residual=0
S3_MATCH slot=29 active=0 buy_rank=0 sell_rank=0 price=0 quantity=0 settlement=0 buy_residual=0 sell_residual=0
S3_MATCH slot=30 active=0 buy_rank=0 sell_rank=0 price=0 quantity=0 settlement=0 buy_residual=0 sell_residual=0
S3_RESIDUAL side=buy rank=0 quantity=0
S3_RESIDUAL side=buy rank=4 quantity=0
S3_RESIDUAL side=buy rank=6 quantity=0
S3_RESIDUAL side=buy rank=1 quantity=0
S3_RESIDUAL side=buy rank=2 quantity=410156
S3_RESIDUAL side=buy rank=3 quantity=143289
S3_RESIDUAL side=buy rank=8 quantity=435260
S3_RESIDUAL side=buy rank=7 quantity=25535
S3_RESIDUAL side=buy rank=5 quantity=995376
S3_RESIDUAL side=buy rank=9 quantity=0
S3_RESIDUAL side=buy rank=10 quantity=0
S3_RESIDUAL side=buy rank=11 quantity=0
S3_RESIDUAL side=buy rank=12 quantity=0
S3_RESIDUAL side=buy rank=13 quantity=0
S3_RESIDUAL side=buy rank=14 quantity=0
S3_RESIDUAL side=buy rank=15 quantity=0
S3_RESIDUAL side=sell rank=5 quantity=0
S3_RESIDUAL side=sell rank=6 quantity=0
S3_RESIDUAL side=sell rank=3 quantity=0
S3_RESIDUAL side=sell rank=10 quantity=0
S3_RESIDUAL side=sell rank=7 quantity=709106
S3_RESIDUAL side=sell rank=11 quantity=641022
S3_RESIDUAL side=sell rank=8 quantity=0
S3_RESIDUAL side=sell rank=4 quantity=638225
S3_RESIDUAL side=sell rank=12 quantity=878277
S3_RESIDUAL side=sell rank=9 quantity=788943
S3_RESIDUAL side=sell rank=1 quantity=505055
S3_RESIDUAL side=sell rank=2 quantity=782294
S3_RESIDUAL side=sell rank=0 quantity=940089
S3_RESIDUAL side=sell rank=13 quantity=0
S3_RESIDUAL side=sell rank=14 quantity=0
S3_RESIDUAL side=sell rank=15 quantity=0
The following benchmarks are including preprocessing (offline phase).
Time = 2.51742 seconds 
Data sent = 56.5948 MB in ~14142 rounds (party 0 only; use '-v' for more details)
Global data sent = 169.464 MB (all parties)
This program might benefit from some protocol options.
Consider adding the following at the beginning of your code:
	program.use_edabit(True)
