Using statistical security parameter 40
Trying to run 255-bit computation (256-bit representation)
S3_FMATCH_TEST valid=1 commitment=13526500661126694410841200759983471881896724181476271649137553157430557511854 aggregate_quantity=3546633 aggregate_settlement=1265083859503
S3_MATCH slot=0 active=1 buy_rank=13 sell_rank=7 price=594732 quantity=281919 settlement=167666250708 buy_residual=0 sell_residual=62847
S3_MATCH slot=1 active=1 buy_rank=9 sell_rank=7 price=603112 quantity=62847 settlement=37903779864 buy_residual=884943 sell_residual=0
S3_MATCH slot=2 active=1 buy_rank=9 sell_rank=8 price=614511 quantity=757636 settlement=465575655996 buy_residual=127307 sell_residual=0
S3_MATCH slot=3 active=1 buy_rank=9 sell_rank=3 price=638240 quantity=26666 settlement=17019307840 buy_residual=100641 sell_residual=0
S3_MATCH slot=4 active=1 buy_rank=9 sell_rank=12 price=562480 quantity=100641 settlement=56608549680 buy_residual=0 sell_residual=738281
S3_MATCH slot=5 active=1 buy_rank=4 sell_rank=12 price=443085 quantity=578766 settlement=256442533110 buy_residual=0 sell_residual=159515
S3_MATCH slot=6 active=1 buy_rank=15 sell_rank=12 price=239277 quantity=159515 settlement=38168270655 buy_residual=125019 sell_residual=0
S3_MATCH slot=7 active=1 buy_rank=15 sell_rank=10 price=215660 quantity=125019 settlement=26961597540 buy_residual=0 sell_residual=845655
S3_MATCH slot=8 active=1 buy_rank=8 sell_rank=10 price=215879 quantity=602894 settlement=130152153826 buy_residual=0 sell_residual=242761
S3_MATCH slot=9 active=1 buy_rank=7 sell_rank=10 price=115040 quantity=242761 settlement=27927225440 buy_residual=627674 sell_residual=0
S3_MATCH slot=10 active=1 buy_rank=7 sell_rank=9 price=66876 quantity=607969 settlement=40658534844 buy_residual=19705 sell_residual=0
S3_MATCH slot=11 active=0 buy_rank=0 sell_rank=0 price=0 quantity=0 settlement=0 buy_residual=0 sell_residual=0
S3_MATCH slot=12 active=0 buy_rank=0 sell_rank=0 price=0 quantity=0 settlement=0 buy_residual=0 sell_residual=0
S3_MATCH slot=13 active=0 buy_rank=0 sell_rank=0 price=0 quantity=0 settlement=0 buy_residual=0 sell_residual=0
S3_MATCH slot=14 active=0 buy_rank=0 sell_rank=0 price=0 quantity=0 settlement=0 buy_residual=0 sell_residual=0
S3_MATCH slot=15 active=0 buy_rank=0 sell_rank=0 price=0 quantity=0 settlement=0 buy_residual=0 sell_residual=0
S3_MATCH slot=16 active=0 buy_rank=0 sell_rank=0 price=0 quantity=0 settlement=0 buy_residual=0 sell_residual=0
S3_MATCH slot=17 active=0 buy_rank=0 sell_rank=0 price=0 quantity=0 settlement=0 buy_residual=0 sell_residual=0
S3_MATCH slot=18 active=0 buy_rank=0 sell_rank=0 price=0 quantity=0 settlement=0 buy_residual=0 sell_residual=0
S3_MATCH slot=19 active=0 buy_rank=0 sell_rank=0 price=0 quantity=0 settlement=0 buy_residual=0 sell_residual=0
S3_MATCH slot=20 active=0 buy_rank=0 sell_rank=0 price=0 quantity=0 settlement=0 buy_residual=0 sell_residual=0
S3_MATCH slot=21 active=0 buy_rank=0 sell_rank=0 price=0 quantity=0 settlement=0 buy_residual=0 sell_residual=0
S3_MATCH slot=22 active=0 buy_rank=0 sell_rank=0 price=0 quantity=0 settlement=0 buy_residual=0 sell_residual=0
S3_MATCH slot=23 active=0 buy_rank=0 sell_rank=0 price=0 quantity=0 settlement=0 buy_residual=0 sell_residual=0
S3_MATCH slot=24 active=0 buy_rank=0 sell_rank=0 price=0 quantity=0 settlement=0 buy_residual=0 sell_residual=0
S3_MATCH slot=25 active=0 buy_rank=0 sell_rank=0 price=0 quantity=0 settlement=0 buy_residual=0 sell_residual=0
S3_MATCH slot=26 active=0 buy_rank=0 sell_rank=0 price=0 quantity=0 settlement=0 buy_residual=0 sell_residual=0
S3_MATCH slot=27 active=0 buy_rank=0 sell_rank=0 price=0 quantity=0 settlement=0 buy_residual=0 sell_residual=0
S3_MATCH slot=28 active=0 buy_rank=0 sell_rank=0 price=0 quantity=0 settlement=0 buy_residual=0 sell_residual=0
S3_MATCH slot=29 active=0 buy_rank=0 sell_rank=0 price=0 quantity=0 settlement=0 buy_residual=0 sell_residual=0
S3_MATCH slot=30 active=0 buy_rank=0 sell_rank=0 price=0 quantity=0 settlement=0 buy_residual=0 sell_residual=0
S3_RESIDUAL side=buy rank=13 quantity=0
S3_RESIDUAL side=buy rank=9 quantity=0
S3_RESIDUAL side=buy rank=4 quantity=0
S3_RESIDUAL side=buy rank=15 quantity=0
S3_RESIDUAL side=buy rank=8 quantity=0
S3_RESIDUAL side=buy rank=7 quantity=19705
S3_RESIDUAL side=buy rank=5 quantity=556558
S3_RESIDUAL side=buy rank=1 quantity=77442
S3_RESIDUAL side=buy rank=11 quantity=912149
S3_RESIDUAL side=buy rank=6 quantity=390672
S3_RESIDUAL side=buy rank=12 quantity=264900
S3_RESIDUAL side=buy rank=2 quantity=339174
S3_RESIDUAL side=buy rank=10 quantity=703102
S3_RESIDUAL side=buy rank=0 quantity=708671
S3_RESIDUAL side=buy rank=14 quantity=670344
S3_RESIDUAL side=buy rank=3 quantity=605998
S3_RESIDUAL side=sell rank=7 quantity=0
S3_RESIDUAL side=sell rank=8 quantity=0
S3_RESIDUAL side=sell rank=3 quantity=0
S3_RESIDUAL side=sell rank=12 quantity=0
S3_RESIDUAL side=sell rank=4 quantity=871872
S3_RESIDUAL side=sell rank=10 quantity=0
S3_RESIDUAL side=sell rank=14 quantity=210122
S3_RESIDUAL side=sell rank=1 quantity=65689
S3_RESIDUAL side=sell rank=9 quantity=0
S3_RESIDUAL side=sell rank=0 quantity=13136
S3_RESIDUAL side=sell rank=2 quantity=14690
S3_RESIDUAL side=sell rank=11 quantity=115090
S3_RESIDUAL side=sell rank=13 quantity=133363
S3_RESIDUAL side=sell rank=6 quantity=16274
S3_RESIDUAL side=sell rank=5 quantity=627255
S3_RESIDUAL side=sell rank=15 quantity=0
The following benchmarks are including preprocessing (offline phase).
Time = 2.53047 seconds 
Data sent = 56.5948 MB in ~14142 rounds (party 0 only; use '-v' for more details)
Global data sent = 169.464 MB (all parties)
This program might benefit from some protocol options.
Consider adding the following at the beginning of your code:
	program.use_edabit(True)
