Using statistical security parameter 40
Trying to run 255-bit computation (256-bit representation)
This program might benefit from some protocol options.
Consider adding the following at the beginning of your code:
	program.use_edabit(True)
Setup took 0.119639 seconds.
S3_FMATCH valid=1 commitment_bits=101110011001010000000011011000010010101011000101110000000111000100111101100010000111010001011110001110001110010010110001000000110100000110100011110000101000100011000110011000000110000101101111000111101100110110001101010100100001101000111000101110000100100
Compiler: ./compile.py -F 255 saib_fmatch 128
	3619 triples of malicious replicated gfp left
	6194 bits of malicious replicated gfp left
Detailed costs:
          3594 integer inputs
       2510988 integer multiplications
       5052333 integer openings
Spent 24.076 seconds (163.325 MB, 174979 rounds, 33.8292 CPU seconds) on the online phase and 6.48945 seconds (495.454 MB, 2772 rounds, 33.8297 CPU seconds) on the preprocessing/offline phase.
Communication details:
Broadcasting 0.814512 MB in 25395 rounds, taking 4.38563 seconds
Passing around 634.11 MB in 152212 rounds, taking 18.2994 seconds
Receiving directly 23.04 MB in 72 rounds, taking 0.0502281 seconds
Sending directly 23.04 MB in 72 rounds, taking 0.0273096 seconds
CPU time = 33.832
The following benchmarks are including preprocessing (offline phase).
Time = 30.5936 seconds 
Data sent = 658.779 MB in ~177751 rounds (party 0 only)
Global data sent = 1976.34 MB (all parties)
Actual preprocessing cost of program:
  Type int
       2516381        Triples
       2153806           Bits
This program might benefit from some protocol options.
Consider adding the following at the beginning of your code:
	program.use_edabit(True)
Command line: /mnt/g/paperexper/retf/third_party/MP-SPDZ-s3.1.1-patched/malicious-rep-field-party.x 0 saib_fmatch-128 -pn 27400 -h localhost -P 52435875175126190479447740508185965837690552500527637822603658699938581184513 -v
