Using statistical security parameter 40
Trying to run 255-bit computation (256-bit representation)
S3_FMATCH_TEST valid=1 commitment=-23672793167239051019013437400621413593405771329874585347932025067475646091743 aggregate_quantity=3557784 aggregate_settlement=1796942836966
S3_MATCH slot=0 active=1 buy_rank=20 sell_rank=13 price=552284 quantity=289937 settlement=160127566108 buy_residual=0 sell_residual=172667
S3_MATCH slot=1 active=1 buy_rank=26 sell_rank=13 price=378086 quantity=172667 settlement=65282975362 buy_residual=681051 sell_residual=0
S3_MATCH slot=2 active=1 buy_rank=26 sell_rank=19 price=213678 quantity=681051 settlement=145525615578 buy_residual=0 sell_residual=161341
S3_MATCH slot=3 active=1 buy_rank=2 sell_rank=19 price=416795 quantity=161341 settlement=67246122095 buy_residual=21875 sell_residual=0
S3_MATCH slot=4 active=1 buy_rank=2 sell_rank=9 price=566377 quantity=21875 settlement=12389496875 buy_residual=0 sell_residual=725775
S3_MATCH slot=5 active=1 buy_rank=14 sell_rank=9 price=665079 quantity=725775 settlement=482697711225 buy_residual=235572 sell_residual=0
S3_MATCH slot=6 active=1 buy_rank=14 sell_rank=2 price=759279 quantity=235572 settlement=178864872588 buy_residual=0 sell_residual=158883
S3_MATCH slot=7 active=1 buy_rank=13 sell_rank=2 price=382927 quantity=158883 settlement=60840590541 buy_residual=379430 sell_residual=0
S3_MATCH slot=8 active=1 buy_rank=13 sell_rank=7 price=306489 quantity=379430 settlement=116291121270 buy_residual=0 sell_residual=141131
S3_MATCH slot=9 active=1 buy_rank=18 sell_rank=7 price=334689 quantity=67390 settlement=22554691710 buy_residual=0 sell_residual=73741
S3_MATCH slot=10 active=1 buy_rank=7 sell_rank=7 price=671078 quantity=73741 settlement=49485962798 buy_residual=306199 sell_residual=0
S3_MATCH slot=11 active=1 buy_rank=7 sell_rank=16 price=742070 quantity=209891 settlement=155753814370 buy_residual=96308 sell_residual=0
S3_MATCH slot=12 active=1 buy_rank=7 sell_rank=24 price=846599 quantity=96308 settlement=81534256492 buy_residual=0 sell_residual=859271
S3_MATCH slot=13 active=1 buy_rank=23 sell_rank=24 price=698598 quantity=283923 settlement=198348039954 buy_residual=0 sell_residual=575348
S3_MATCH slot=14 active=0 buy_rank=0 sell_rank=0 price=0 quantity=0 settlement=0 buy_residual=0 sell_residual=0
S3_MATCH slot=15 active=0 buy_rank=0 sell_rank=0 price=0 quantity=0 settlement=0 buy_residual=0 sell_residual=0
S3_MATCH slot=16 active=0 buy_rank=0 sell_rank=0 price=0 quantity=0 settlement=0 buy_residual=0 sell_residual=0
S3_MATCH slot=17 active=0 buy_rank=0 sell_rank=0 price=0 quantity=0 settlement=0 buy_residual=0 sell_residual=0
S3_MATCH slot=18 active=0 buy_rank=0 sell_rank=0 price=0 quantity=0 settlement=0 buy_residual=0 sell_residual=0
S3_MATCH slot=19 active=0 buy_rank=0 sell_rank=0 price=0 quantity=0 settlement=0 buy_residual=0 sell_residual=0
S3_MATCH slot=20 active=0 buy_rank=0 sell_rank=0 price=0 quantity=0 settlement=0 buy_residual=0 sell_residual=0
S3_MATCH slot=21 active=0 buy_rank=0 sell_rank=0 price=0 quantity=0 settlement=0 buy_residual=0 sell_residual=0
S3_MATCH slot=22 active=0 buy_rank=0 sell_rank=0 price=0 quantity=0 settlement=0 buy_residual=0 sell_residual=0
S3_MATCH slot=23 active=0 buy_rank=0 sell_rank=0 price=0 quantity=0 settlement=0 buy_residual=0 sell_residual=0
S3_MATCH slot=24 active=0 buy_rank=0 sell_rank=0 price=0 quantity=0 settlement=0 buy_residual=0 sell_residual=0
S3_MATCH slot=25 active=0 buy_rank=0 sell_rank=0 price=0 quantity=0 settlement=0 buy_residual=0 sell_residual=0
S3_MATCH slot=26 active=0 buy_rank=0 sell_rank=0 price=0 quantity=0 settlement=0 buy_residual=0 sell_residual=0
S3_MATCH slot=27 active=0 buy_rank=0 sell_rank=0 price=0 quantity=0 settlement=0 buy_residual=0 sell_residual=0
S3_MATCH slot=28 active=0 buy_rank=0 sell_rank=0 price=0 quantity=0 settlement=0 buy_residual=0 sell_residual=0
S3_MATCH slot=29 active=0 buy_rank=0 sell_rank=0 price=0 quantity=0 settlement=0 buy_residual=0 sell_residual=0
S3_MATCH slot=30 active=0 buy_rank=0 sell_rank=0 price=0 quantity=0 settlement=0 buy_residual=0 sell_residual=0
S3_MATCH slot=31 active=0 buy_rank=0 sell_rank=0 price=0 quantity=0 settlement=0 buy_residual=0 sell_residual=0
S3_MATCH slot=32 active=0 buy_rank=0 sell_rank=0 price=0 quantity=0 settlement=0 buy_residual=0 sell_residual=0
S3_MATCH slot=33 active=0 buy_rank=0 sell_rank=0 price=0 quantity=0 settlement=0 buy_residual=0 sell_residual=0
S3_MATCH slot=34 active=0 buy_rank=0 sell_rank=0 price=0 quantity=0 settlement=0 buy_residual=0 sell_residual=0
S3_MATCH slot=35 active=0 buy_rank=0 sell_rank=0 price=0 quantity=0 settlement=0 buy_residual=0 sell_residual=0
S3_MATCH slot=36 active=0 buy_rank=0 sell_rank=0 price=0 quantity=0 settlement=0 buy_residual=0 sell_residual=0
S3_MATCH slot=37 active=0 buy_rank=0 sell_rank=0 price=0 quantity=0 settlement=0 buy_residual=0 sell_residual=0
S3_MATCH slot=38 active=0 buy_rank=0 sell_rank=0 price=0 quantity=0 settlement=0 buy_residual=0 sell_residual=0
S3_MATCH slot=39 active=0 buy_rank=0 sell_rank=0 price=0 quantity=0 settlement=0 buy_residual=0 sell_residual=0
S3_MATCH slot=40 active=0 buy_rank=0 sell_rank=0 price=0 quantity=0 settlement=0 buy_residual=0 sell_residual=0
S3_MATCH slot=41 active=0 buy_rank=0 sell_rank=0 price=0 quantity=0 settlement=0 buy_residual=0 sell_residual=0
S3_MATCH slot=42 active=0 buy_rank=0 sell_rank=0 price=0 quantity=0 settlement=0 buy_residual=0 sell_residual=0
S3_MATCH slot=43 active=0 buy_rank=0 sell_rank=0 price=0 quantity=0 settlement=0 buy_residual=0 sell_residual=0
S3_MATCH slot=44 active=0 buy_rank=0 sell_rank=0 price=0 quantity=0 settlement=0 buy_residual=0 sell_residual=0
S3_MATCH slot=45 active=0 buy_rank=0 sell_rank=0 price=0 quantity=0 settlement=0 buy_residual=0 sell_residual=0
S3_MATCH slot=46 active=0 buy_rank=0 sell_rank=0 price=0 quantity=0 settlement=0 buy_residual=0 sell_residual=0
S3_MATCH slot=47 active=0 buy_rank=0 sell_rank=0 price=0 quantity=0 settlement=0 buy_residual=0 sell_residual=0
S3_MATCH slot=48 active=0 buy_rank=0 sell_rank=0 price=0 quantity=0 settlement=0 buy_residual=0 sell_residual=0
S3_MATCH slot=49 active=0 buy_rank=0 sell_rank=0 price=0 quantity=0 settlement=0 buy_residual=0 sell_residual=0
S3_MATCH slot=50 active=0 buy_rank=0 sell_rank=0 price=0 quantity=0 settlement=0 buy_residual=0 sell_residual=0
S3_MATCH slot=51 active=0 buy_rank=0 sell_rank=0 price=0 quantity=0 settlement=0 buy_residual=0 sell_residual=0
S3_MATCH slot=52 active=0 buy_rank=0 sell_rank=0 price=0 quantity=0 settlement=0 buy_residual=0 sell_residual=0
S3_MATCH slot=53 active=0 buy_rank=0 sell_rank=0 price=0 quantity=0 settlement=0 buy_residual=0 sell_residual=0
S3_MATCH slot=54 active=0 buy_rank=0 sell_rank=0 price=0 quantity=0 settlement=0 buy_residual=0 sell_residual=0
S3_MATCH slot=55 active=0 buy_rank=0 sell_rank=0 price=0 quantity=0 settlement=0 buy_residual=0 sell_residual=0
S3_MATCH slot=56 active=0 buy_rank=0 sell_rank=0 price=0 quantity=0 settlement=0 buy_residual=0 sell_residual=0
S3_MATCH slot=57 active=0 buy_rank=0 sell_rank=0 price=0 quantity=0 settlement=0 buy_residual=0 sell_residual=0
S3_MATCH slot=58 active=0 buy_rank=0 sell_rank=0 price=0 quantity=0 settlement=0 buy_residual=0 sell_residual=0
S3_MATCH slot=59 active=0 buy_rank=0 sell_rank=0 price=0 quantity=0 settlement=0 buy_residual=0 sell_residual=0
S3_MATCH slot=60 active=0 buy_rank=0 sell_rank=0 price=0 quantity=0 settlement=0 buy_residual=0 sell_residual=0
S3_MATCH slot=61 active=0 buy_rank=0 sell_rank=0 price=0 quantity=0 settlement=0 buy_residual=0 sell_residual=0
S3_MATCH slot=62 active=0 buy_rank=0 sell_rank=0 price=0 quantity=0 settlement=0 buy_residual=0 sell_residual=0
S3_RESIDUAL side=buy rank=20 quantity=0
S3_RESIDUAL side=buy rank=26 quantity=0
S3_RESIDUAL side=buy rank=2 quantity=0
S3_RESIDUAL side=buy rank=14 quantity=0
S3_RESIDUAL side=buy rank=13 quantity=0
S3_RESIDUAL side=buy rank=18 quantity=0
S3_RESIDUAL side=buy rank=7 quantity=0
S3_RESIDUAL side=buy rank=23 quantity=0
S3_RESIDUAL side=buy rank=8 quantity=670165
S3_RESIDUAL side=buy rank=9 quantity=564196
S3_RESIDUAL side=buy rank=21 quantity=977518
S3_RESIDUAL side=buy rank=5 quantity=262980
S3_RESIDUAL side=buy rank=22 quantity=545301
S3_RESIDUAL side=buy rank=17 quantity=800107
S3_RESIDUAL side=buy rank=1 quantity=622007
S3_RESIDUAL side=buy rank=15 quantity=505789
S3_RESIDUAL side=buy rank=19 quantity=154670
S3_RESIDUAL side=buy rank=6 quantity=408870
S3_RESIDUAL side=buy rank=24 quantity=561046
S3_RESIDUAL side=buy rank=16 quantity=684491
S3_RESIDUAL side=buy rank=10 quantity=696731
S3_RESIDUAL side=buy rank=0 quantity=127188
S3_RESIDUAL side=buy rank=11 quantity=910151
S3_RESIDUAL side=buy rank=25 quantity=208870
S3_RESIDUAL side=buy rank=12 quantity=924231
S3_RESIDUAL side=buy rank=4 quantity=530645
S3_RESIDUAL side=buy rank=3 quantity=85129
S3_RESIDUAL side=buy rank=27 quantity=0
S3_RESIDUAL side=buy rank=28 quantity=0
S3_RESIDUAL side=buy rank=29 quantity=0
S3_RESIDUAL side=buy rank=30 quantity=0
S3_RESIDUAL side=buy rank=31 quantity=0
S3_RESIDUAL side=sell rank=13 quantity=0
S3_RESIDUAL side=sell rank=19 quantity=0
S3_RESIDUAL side=sell rank=9 quantity=0
S3_RESIDUAL side=sell rank=2 quantity=0
S3_RESIDUAL side=sell rank=7 quantity=0
S3_RESIDUAL side=sell rank=16 quantity=0
S3_RESIDUAL side=sell rank=24 quantity=575348
S3_RESIDUAL side=sell rank=12 quantity=478639
S3_RESIDUAL side=sell rank=27 quantity=412793
S3_RESIDUAL side=sell rank=26 quantity=482638
S3_RESIDUAL side=sell rank=17 quantity=208286
S3_RESIDUAL side=sell rank=11 quantity=646484
S3_RESIDUAL side=sell rank=8 quantity=548718
S3_RESIDUAL side=sell rank=21 quantity=566135
S3_RESIDUAL side=sell rank=6 quantity=581233
S3_RESIDUAL side=sell rank=5 quantity=374785
S3_RESIDUAL side=sell rank=22 quantity=125351
S3_RESIDUAL side=sell rank=18 quantity=895354
S3_RESIDUAL side=sell rank=3 quantity=430637
S3_RESIDUAL side=sell rank=4 quantity=451860
S3_RESIDUAL side=sell rank=0 quantity=936514
S3_RESIDUAL side=sell rank=25 quantity=157055
S3_RESIDUAL side=sell rank=14 quantity=557296
S3_RESIDUAL side=sell rank=23 quantity=657599
S3_RESIDUAL side=sell rank=20 quantity=814818
S3_RESIDUAL side=sell rank=1 quantity=415166
S3_RESIDUAL side=sell rank=10 quantity=565823
S3_RESIDUAL side=sell rank=15 quantity=902682
S3_RESIDUAL side=sell rank=28 quantity=0
S3_RESIDUAL side=sell rank=29 quantity=0
S3_RESIDUAL side=sell rank=30 quantity=0
S3_RESIDUAL side=sell rank=31 quantity=0
The following benchmarks are including preprocessing (offline phase).
Time = 5.35095 seconds 
Data sent = 124.617 MB in ~31011 rounds (party 0 only; use '-v' for more details)
Global data sent = 373.531 MB (all parties)
This program might benefit from some protocol options.
Consider adding the following at the beginning of your code:
	program.use_edabit(True)
