Using statistical security parameter 40
Trying to run 255-bit computation (256-bit representation)
S3_FMATCH_TEST valid=1 commitment=-2824838662988913779472534567956883670991493630459231684827436900240410027821 aggregate_quantity=2602317 aggregate_settlement=819041227230
S3_MATCH slot=0 active=1 buy_rank=3 sell_rank=7 price=259801 quantity=251585 settlement=65362034585 buy_residual=570901 sell_residual=0
S3_MATCH slot=1 active=1 buy_rank=3 sell_rank=4 price=630603 quantity=180663 settlement=113926629789 buy_residual=390238 sell_residual=0
S3_MATCH slot=2 active=1 buy_rank=3 sell_rank=9 price=309336 quantity=390238 settlement=120714661968 buy_residual=0 sell_residual=65176
S3_MATCH slot=3 active=1 buy_rank=1 sell_rank=9 price=207700 quantity=65176 settlement=13537055200 buy_residual=567942 sell_residual=0
S3_MATCH slot=4 active=1 buy_rank=1 sell_rank=0 price=324950 quantity=1554 settlement=504972300 buy_residual=566388 sell_residual=0
S3_MATCH slot=5 active=1 buy_rank=1 sell_rank=12 price=124595 quantity=272888 settlement=34000480360 buy_residual=293500 sell_residual=0
S3_MATCH slot=6 active=1 buy_rank=1 sell_rank=10 price=220233 quantity=293500 settlement=64638385500 buy_residual=0 sell_residual=479817
S3_MATCH slot=7 active=1 buy_rank=2 sell_rank=10 price=343932 quantity=479817 settlement=165024420444 buy_residual=272380 sell_residual=0
S3_MATCH slot=8 active=1 buy_rank=2 sell_rank=5 price=372050 quantity=272380 settlement=101338979000 buy_residual=0 sell_residual=394516
S3_MATCH slot=9 active=1 buy_rank=6 sell_rank=5 price=354849 quantity=394516 settlement=139993608084 buy_residual=156677 sell_residual=0
S3_MATCH slot=10 active=0 buy_rank=0 sell_rank=0 price=0 quantity=0 settlement=0 buy_residual=0 sell_residual=0
S3_MATCH slot=11 active=0 buy_rank=0 sell_rank=0 price=0 quantity=0 settlement=0 buy_residual=0 sell_residual=0
S3_MATCH slot=12 active=0 buy_rank=0 sell_rank=0 price=0 quantity=0 settlement=0 buy_residual=0 sell_residual=0
S3_MATCH slot=13 active=0 buy_rank=0 sell_rank=0 price=0 quantity=0 settlement=0 buy_residual=0 sell_residual=0
S3_MATCH slot=14 active=0 buy_rank=0 sell_rank=0 price=0 quantity=0 settlement=0 buy_residual=0 sell_residual=0
S3_MATCH slot=15 active=0 buy_rank=0 sell_rank=0 price=0 quantity=0 settlement=0 buy_residual=0 sell_residual=0
S3_MATCH slot=16 active=0 buy_rank=0 sell_rank=0 price=0 quantity=0 settlement=0 buy_residual=0 sell_residual=0
S3_MATCH slot=17 active=0 buy_rank=0 sell_rank=0 price=0 quantity=0 settlement=0 buy_residual=0 sell_residual=0
S3_MATCH slot=18 active=0 buy_rank=0 sell_rank=0 price=0 quantity=0 settlement=0 buy_residual=0 sell_residual=0
S3_MATCH slot=19 active=0 buy_rank=0 sell_rank=0 price=0 quantity=0 settlement=0 buy_residual=0 sell_residual=0
S3_MATCH slot=20 active=0 buy_rank=0 sell_rank=0 price=0 quantity=0 settlement=0 buy_residual=0 sell_residual=0
S3_MATCH slot=21 active=0 buy_rank=0 sell_rank=0 price=0 quantity=0 settlement=0 buy_residual=0 sell_residual=0
S3_MATCH slot=22 active=0 buy_rank=0 sell_rank=0 price=0 quantity=0 settlement=0 buy_residual=0 sell_residual=0
S3_MATCH slot=23 active=0 buy_rank=0 sell_rank=0 price=0 quantity=0 settlement=0 buy_residual=0 sell_residual=0
S3_MATCH slot=24 active=0 buy_rank=0 sell_rank=0 price=0 quantity=0 settlement=0 buy_residual=0 sell_residual=0
S3_MATCH slot=25 active=0 buy_rank=0 sell_rank=0 price=0 quantity=0 settlement=0 buy_residual=0 sell_residual=0
S3_MATCH slot=26 active=0 buy_rank=0 sell_rank=0 price=0 quantity=0 settlement=0 buy_residual=0 sell_residual=0
S3_MATCH slot=27 active=0 buy_rank=0 sell_rank=0 price=0 quantity=0 settlement=0 buy_residual=0 sell_residual=0
S3_MATCH slot=28 active=0 buy_rank=0 sell_rank=0 price=0 quantity=0 settlement=0 buy_residual=0 sell_residual=0
S3_MATCH slot=29 active=0 buy_rank=0 sell_rank=0 price=0 quantity=0 settlement=0 buy_residual=0 sell_residual=0
S3_MATCH slot=30 active=0 buy_rank=0 sell_rank=0 price=0 quantity=0 settlement=0 buy_residual=0 sell_residual=0
S3_RESIDUAL side=buy rank=3 quantity=0
S3_RESIDUAL side=buy rank=1 quantity=0
S3_RESIDUAL side=buy rank=2 quantity=0
S3_RESIDUAL side=buy rank=6 quantity=156677
S3_RESIDUAL side=buy rank=9 quantity=909497
S3_RESIDUAL side=buy rank=7 quantity=77212
S3_RESIDUAL side=buy rank=10 quantity=129295
S3_RESIDUAL side=buy rank=5 quantity=506647
S3_RESIDUAL side=buy rank=4 quantity=490486
S3_RESIDUAL side=buy rank=8 quantity=59169
S3_RESIDUAL side=buy rank=0 quantity=54435
S3_RESIDUAL side=buy rank=11 quantity=0
S3_RESIDUAL side=buy rank=12 quantity=0
S3_RESIDUAL side=buy rank=13 quantity=0
S3_RESIDUAL side=buy rank=14 quantity=0
S3_RESIDUAL side=buy rank=15 quantity=0
S3_RESIDUAL side=sell rank=7 quantity=0
S3_RESIDUAL side=sell rank=4 quantity=0
S3_RESIDUAL side=sell rank=9 quantity=0
S3_RESIDUAL side=sell rank=0 quantity=0
S3_RESIDUAL side=sell rank=12 quantity=0
S3_RESIDUAL side=sell rank=11 quantity=819488
S3_RESIDUAL side=sell rank=3 quantity=337690
S3_RESIDUAL side=sell rank=10 quantity=0
S3_RESIDUAL side=sell rank=1 quantity=88111
S3_RESIDUAL side=sell rank=5 quantity=0
S3_RESIDUAL side=sell rank=8 quantity=848203
S3_RESIDUAL side=sell rank=2 quantity=974470
S3_RESIDUAL side=sell rank=6 quantity=356897
S3_RESIDUAL side=sell rank=13 quantity=0
S3_RESIDUAL side=sell rank=14 quantity=0
S3_RESIDUAL side=sell rank=15 quantity=0
The following benchmarks are including preprocessing (offline phase).
Time = 2.46169 seconds 
Data sent = 56.5948 MB in ~14142 rounds (party 0 only; use '-v' for more details)
Global data sent = 169.464 MB (all parties)
This program might benefit from some protocol options.
Consider adding the following at the beginning of your code:
	program.use_edabit(True)
