Using statistical security parameter 40
Trying to run 255-bit computation (256-bit representation)
S3_FMATCH_TEST valid=1 commitment=-8329704379354901612483323230924851905658204435865914754096029815704203062179 aggregate_quantity=1497815 aggregate_settlement=594382714716
S3_MATCH slot=0 active=1 buy_rank=0 sell_rank=6 price=297130 quantity=102484 settlement=30451070920 buy_residual=67928 sell_residual=0
S3_MATCH slot=1 active=1 buy_rank=0 sell_rank=8 price=255787 quantity=67928 settlement=17375099336 buy_residual=0 sell_residual=651800
S3_MATCH slot=2 active=1 buy_rank=3 sell_rank=8 price=183048 quantity=651800 settlement=119310686400 buy_residual=54612 sell_residual=0
S3_MATCH slot=3 active=1 buy_rank=3 sell_rank=4 price=112349 quantity=54612 settlement=6135603588 buy_residual=0 sell_residual=362789
S3_MATCH slot=4 active=1 buy_rank=2 sell_rank=4 price=475300 quantity=362789 settlement=172433611700 buy_residual=258202 sell_residual=0
S3_MATCH slot=5 active=1 buy_rank=2 sell_rank=5 price=1227184 quantity=26308 settlement=32284756672 buy_residual=231894 sell_residual=0
S3_MATCH slot=6 active=1 buy_rank=2 sell_rank=0 price=933150 quantity=231894 settlement=216391886100 buy_residual=0 sell_residual=758432
S3_MATCH slot=7 active=0 buy_rank=0 sell_rank=0 price=0 quantity=0 settlement=0 buy_residual=0 sell_residual=0
S3_MATCH slot=8 active=0 buy_rank=0 sell_rank=0 price=0 quantity=0 settlement=0 buy_residual=0 sell_residual=0
S3_MATCH slot=9 active=0 buy_rank=0 sell_rank=0 price=0 quantity=0 settlement=0 buy_residual=0 sell_residual=0
S3_MATCH slot=10 active=0 buy_rank=0 sell_rank=0 price=0 quantity=0 settlement=0 buy_residual=0 sell_residual=0
S3_MATCH slot=11 active=0 buy_rank=0 sell_rank=0 price=0 quantity=0 settlement=0 buy_residual=0 sell_residual=0
S3_MATCH slot=12 active=0 buy_rank=0 sell_rank=0 price=0 quantity=0 settlement=0 buy_residual=0 sell_residual=0
S3_MATCH slot=13 active=0 buy_rank=0 sell_rank=0 price=0 quantity=0 settlement=0 buy_residual=0 sell_residual=0
S3_MATCH slot=14 active=0 buy_rank=0 sell_rank=0 price=0 quantity=0 settlement=0 buy_residual=0 sell_residual=0
S3_MATCH slot=15 active=0 buy_rank=0 sell_rank=0 price=0 quantity=0 settlement=0 buy_residual=0 sell_residual=0
S3_MATCH slot=16 active=0 buy_rank=0 sell_rank=0 price=0 quantity=0 settlement=0 buy_residual=0 sell_residual=0
S3_MATCH slot=17 active=0 buy_rank=0 sell_rank=0 price=0 quantity=0 settlement=0 buy_residual=0 sell_residual=0
S3_MATCH slot=18 active=0 buy_rank=0 sell_rank=0 price=0 quantity=0 settlement=0 buy_residual=0 sell_residual=0
S3_MATCH slot=19 active=0 buy_rank=0 sell_rank=0 price=0 quantity=0 settlement=0 buy_residual=0 sell_residual=0
S3_MATCH slot=20 active=0 buy_rank=0 sell_rank=0 price=0 quantity=0 settlement=0 buy_residual=0 sell_residual=0
S3_MATCH slot=21 active=0 buy_rank=0 sell_rank=0 price=0 quantity=0 settlement=0 buy_residual=0 sell_residual=0
S3_MATCH slot=22 active=0 buy_rank=0 sell_rank=0 price=0 quantity=0 settlement=0 buy_residual=0 sell_residual=0
S3_MATCH slot=23 active=0 buy_rank=0 sell_rank=0 price=0 quantity=0 settlement=0 buy_residual=0 sell_residual=0
S3_MATCH slot=24 active=0 buy_rank=0 sell_rank=0 price=0 quantity=0 settlement=0 buy_residual=0 sell_residual=0
S3_MATCH slot=25 active=0 buy_rank=0 sell_rank=0 price=0 quantity=0 settlement=0 buy_residual=0 sell_residual=0
S3_MATCH slot=26 active=0 buy_rank=0 sell_rank=0 price=0 quantity=0 settlement=0 buy_residual=0 sell_residual=0
S3_MATCH slot=27 active=0 buy_rank=0 sell_rank=0 price=0 quantity=0 settlement=0 buy_residual=0 sell_residual=0
S3_MATCH slot=28 active=0 buy_rank=0 sell_rank=0 price=0 quantity=0 settlement=0 buy_residual=0 sell_residual=0
S3_MATCH slot=29 active=0 buy_rank=0 sell_rank=0 price=0 quantity=0 settlement=0 buy_residual=0 sell_residual=0
S3_MATCH slot=30 active=0 buy_rank=0 sell_rank=0 price=0 quantity=0 settlement=0 buy_residual=0 sell_residual=0
S3_RESIDUAL side=buy rank=0 quantity=0
S3_RESIDUAL side=buy rank=3 quantity=0
S3_RESIDUAL side=buy rank=2 quantity=0
S3_RESIDUAL side=buy rank=4 quantity=299483
S3_RESIDUAL side=buy rank=5 quantity=164957
S3_RESIDUAL side=buy rank=7 quantity=410941
S3_RESIDUAL side=buy rank=6 quantity=183672
S3_RESIDUAL side=buy rank=1 quantity=982038
S3_RESIDUAL side=buy rank=8 quantity=3823
S3_RESIDUAL side=buy rank=9 quantity=0
S3_RESIDUAL side=buy rank=10 quantity=0
S3_RESIDUAL side=buy rank=11 quantity=0
S3_RESIDUAL side=buy rank=12 quantity=0
S3_RESIDUAL side=buy rank=13 quantity=0
S3_RESIDUAL side=buy rank=14 quantity=0
S3_RESIDUAL side=buy rank=15 quantity=0
S3_RESIDUAL side=sell rank=6 quantity=0
S3_RESIDUAL side=sell rank=8 quantity=0
S3_RESIDUAL side=sell rank=3 quantity=340831
S3_RESIDUAL side=sell rank=2 quantity=492335
S3_RESIDUAL side=sell rank=4 quantity=0
S3_RESIDUAL side=sell rank=5 quantity=0
S3_RESIDUAL side=sell rank=0 quantity=758432
S3_RESIDUAL side=sell rank=1 quantity=298200
S3_RESIDUAL side=sell rank=9 quantity=164330
S3_RESIDUAL side=sell rank=7 quantity=947355
S3_RESIDUAL side=sell rank=10 quantity=0
S3_RESIDUAL side=sell rank=11 quantity=0
S3_RESIDUAL side=sell rank=12 quantity=0
S3_RESIDUAL side=sell rank=13 quantity=0
S3_RESIDUAL side=sell rank=14 quantity=0
S3_RESIDUAL side=sell rank=15 quantity=0
The following benchmarks are including preprocessing (offline phase).
Time = 2.47758 seconds 
Data sent = 56.5948 MB in ~14142 rounds (party 0 only; use '-v' for more details)
Global data sent = 169.464 MB (all parties)
This program might benefit from some protocol options.
Consider adding the following at the beginning of your code:
	program.use_edabit(True)
