Using statistical security parameter 40
Trying to run 255-bit computation (256-bit representation)
S3_FMATCH_TEST valid=1 commitment=24160215554239901432739243826756459141283970469563656994475805563825859500783 aggregate_quantity=2398319 aggregate_settlement=1195703407695
S3_MATCH slot=0 active=1 buy_rank=8 sell_rank=0 price=346058 quantity=131409 settlement=45475135722 buy_residual=530490 sell_residual=0
S3_MATCH slot=1 active=1 buy_rank=8 sell_rank=6 price=303162 quantity=339058 settlement=102789501396 buy_residual=191432 sell_residual=0
S3_MATCH slot=2 active=1 buy_rank=8 sell_rank=5 price=369813 quantity=191432 settlement=70794042216 buy_residual=0 sell_residual=495148
S3_MATCH slot=3 active=1 buy_rank=15 sell_rank=5 price=372357 quantity=206591 settlement=76925604987 buy_residual=0 sell_residual=288557
S3_MATCH slot=4 active=1 buy_rank=4 sell_rank=5 price=487811 quantity=161734 settlement=78895624274 buy_residual=0 sell_residual=126823
S3_MATCH slot=5 active=1 buy_rank=7 sell_rank=5 price=528051 quantity=126823 settlement=66969011973 buy_residual=830095 sell_residual=0
S3_MATCH slot=6 active=1 buy_rank=7 sell_rank=8 price=479623 quantity=402163 settlement=192886624549 buy_residual=427932 sell_residual=0
S3_MATCH slot=7 active=1 buy_rank=7 sell_rank=4 price=571343 quantity=172774 settlement=98713215482 buy_residual=255158 sell_residual=0
S3_MATCH slot=8 active=1 buy_rank=7 sell_rank=7 price=543718 quantity=255158 settlement=138733997444 buy_residual=0 sell_residual=245374
S3_MATCH slot=9 active=1 buy_rank=9 sell_rank=7 price=786316 quantity=245374 settlement=192941502184 buy_residual=165803 sell_residual=0
S3_MATCH slot=10 active=1 buy_rank=9 sell_rank=2 price=787556 quantity=165803 settlement=130579147468 buy_residual=0 sell_residual=354317
S3_MATCH slot=11 active=0 buy_rank=0 sell_rank=0 price=0 quantity=0 settlement=0 buy_residual=0 sell_residual=0
S3_MATCH slot=12 active=0 buy_rank=0 sell_rank=0 price=0 quantity=0 settlement=0 buy_residual=0 sell_residual=0
S3_MATCH slot=13 active=0 buy_rank=0 sell_rank=0 price=0 quantity=0 settlement=0 buy_residual=0 sell_residual=0
S3_MATCH slot=14 active=0 buy_rank=0 sell_rank=0 price=0 quantity=0 settlement=0 buy_residual=0 sell_residual=0
S3_MATCH slot=15 active=0 buy_rank=0 sell_rank=0 price=0 quantity=0 settlement=0 buy_residual=0 sell_residual=0
S3_MATCH slot=16 active=0 buy_rank=0 sell_rank=0 price=0 quantity=0 settlement=0 buy_residual=0 sell_residual=0
S3_MATCH slot=17 active=0 buy_rank=0 sell_rank=0 price=0 quantity=0 settlement=0 buy_residual=0 sell_residual=0
S3_MATCH slot=18 active=0 buy_rank=0 sell_rank=0 price=0 quantity=0 settlement=0 buy_residual=0 sell_residual=0
S3_MATCH slot=19 active=0 buy_rank=0 sell_rank=0 price=0 quantity=0 settlement=0 buy_residual=0 sell_residual=0
S3_MATCH slot=20 active=0 buy_rank=0 sell_rank=0 price=0 quantity=0 settlement=0 buy_residual=0 sell_residual=0
S3_MATCH slot=21 active=0 buy_rank=0 sell_rank=0 price=0 quantity=0 settlement=0 buy_residual=0 sell_residual=0
S3_MATCH slot=22 active=0 buy_rank=0 sell_rank=0 price=0 quantity=0 settlement=0 buy_residual=0 sell_residual=0
S3_MATCH slot=23 active=0 buy_rank=0 sell_rank=0 price=0 quantity=0 settlement=0 buy_residual=0 sell_residual=0
S3_MATCH slot=24 active=0 buy_rank=0 sell_rank=0 price=0 quantity=0 settlement=0 buy_residual=0 sell_residual=0
S3_MATCH slot=25 active=0 buy_rank=0 sell_rank=0 price=0 quantity=0 settlement=0 buy_residual=0 sell_residual=0
S3_MATCH slot=26 active=0 buy_rank=0 sell_rank=0 price=0 quantity=0 settlement=0 buy_residual=0 sell_residual=0
S3_MATCH slot=27 active=0 buy_rank=0 sell_rank=0 price=0 quantity=0 settlement=0 buy_residual=0 sell_residual=0
S3_MATCH slot=28 active=0 buy_rank=0 sell_rank=0 price=0 quantity=0 settlement=0 buy_residual=0 sell_residual=0
S3_MATCH slot=29 active=0 buy_rank=0 sell_rank=0 price=0 quantity=0 settlement=0 buy_residual=0 sell_residual=0
S3_MATCH slot=30 active=0 buy_rank=0 sell_rank=0 price=0 quantity=0 settlement=0 buy_residual=0 sell_residual=0
S3_RESIDUAL side=buy rank=8 quantity=0
S3_RESIDUAL side=buy rank=15 quantity=0
S3_RESIDUAL side=buy rank=4 quantity=0
S3_RESIDUAL side=buy rank=7 quantity=0
S3_RESIDUAL side=buy rank=9 quantity=0
S3_RESIDUAL side=buy rank=5 quantity=902128
S3_RESIDUAL side=buy rank=3 quantity=748850
S3_RESIDUAL side=buy rank=6 quantity=908583
S3_RESIDUAL side=buy rank=13 quantity=491433
S3_RESIDUAL side=buy rank=14 quantity=171955
S3_RESIDUAL side=buy rank=10 quantity=666556
S3_RESIDUAL side=buy rank=12 quantity=94050
S3_RESIDUAL side=buy rank=11 quantity=134185
S3_RESIDUAL side=buy rank=0 quantity=836584
S3_RESIDUAL side=buy rank=1 quantity=550251
S3_RESIDUAL side=buy rank=2 quantity=258129
S3_RESIDUAL side=sell rank=0 quantity=0
S3_RESIDUAL side=sell rank=6 quantity=0
S3_RESIDUAL side=sell rank=3 quantity=301124
S3_RESIDUAL side=sell rank=5 quantity=0
S3_RESIDUAL side=sell rank=8 quantity=0
S3_RESIDUAL side=sell rank=1 quantity=315615
S3_RESIDUAL side=sell rank=4 quantity=0
S3_RESIDUAL side=sell rank=7 quantity=0
S3_RESIDUAL side=sell rank=2 quantity=354317
S3_RESIDUAL side=sell rank=9 quantity=0
S3_RESIDUAL side=sell rank=10 quantity=0
S3_RESIDUAL side=sell rank=11 quantity=0
S3_RESIDUAL side=sell rank=12 quantity=0
S3_RESIDUAL side=sell rank=13 quantity=0
S3_RESIDUAL side=sell rank=14 quantity=0
S3_RESIDUAL side=sell rank=15 quantity=0
The following benchmarks are including preprocessing (offline phase).
Time = 3.02641 seconds 
Data sent = 56.5948 MB in ~14142 rounds (party 0 only; use '-v' for more details)
Global data sent = 169.464 MB (all parties)
This program might benefit from some protocol options.
Consider adding the following at the beginning of your code:
	program.use_edabit(True)
