Using statistical security parameter 40
Trying to run 255-bit computation (256-bit representation)
S3_FMATCH_TEST valid=1 commitment=19788653598439667976641304497607375270696457275818694036813971202034582602461 aggregate_quantity=3821404 aggregate_settlement=2087225730288
S3_MATCH slot=0 active=1 buy_rank=5 sell_rank=5 price=443238 quantity=22973 settlement=10182506574 buy_residual=0 sell_residual=783987
S3_MATCH slot=1 active=1 buy_rank=11 sell_rank=5 price=331892 quantity=510695 settlement=169495584940 buy_residual=0 sell_residual=273292
S3_MATCH slot=2 active=1 buy_rank=0 sell_rank=5 price=391850 quantity=273292 settlement=107089470200 buy_residual=265652 sell_residual=0
S3_MATCH slot=3 active=1 buy_rank=0 sell_rank=8 price=544155 quantity=265652 settlement=144555864060 buy_residual=0 sell_residual=451271
S3_MATCH slot=4 active=1 buy_rank=4 sell_rank=8 price=653903 quantity=451271 settlement=295087460713 buy_residual=223060 sell_residual=0
S3_MATCH slot=5 active=1 buy_rank=4 sell_rank=7 price=570395 quantity=223060 settlement=127232308700 buy_residual=0 sell_residual=723685
S3_MATCH slot=6 active=1 buy_rank=14 sell_rank=7 price=606811 quantity=707931 settlement=429580318041 buy_residual=0 sell_residual=15754
S3_MATCH slot=7 active=1 buy_rank=15 sell_rank=7 price=728885 quantity=15754 settlement=11482854290 buy_residual=344522 sell_residual=0
S3_MATCH slot=8 active=1 buy_rank=15 sell_rank=6 price=660726 quantity=344522 settlement=227634642972 buy_residual=0 sell_residual=147176
S3_MATCH slot=9 active=1 buy_rank=7 sell_rank=6 price=744533 quantity=147176 settlement=109577388808 buy_residual=443418 sell_residual=0
S3_MATCH slot=10 active=1 buy_rank=7 sell_rank=3 price=549579 quantity=69346 settlement=38111105334 buy_residual=374072 sell_residual=0
S3_MATCH slot=11 active=1 buy_rank=7 sell_rank=1 price=620263 quantity=374072 settlement=232023020936 buy_residual=0 sell_residual=415660
S3_MATCH slot=12 active=1 buy_rank=6 sell_rank=1 price=445492 quantity=415660 settlement=185173204720 buy_residual=222120 sell_residual=0
S3_MATCH slot=13 active=0 buy_rank=0 sell_rank=0 price=0 quantity=0 settlement=0 buy_residual=0 sell_residual=0
S3_MATCH slot=14 active=0 buy_rank=0 sell_rank=0 price=0 quantity=0 settlement=0 buy_residual=0 sell_residual=0
S3_MATCH slot=15 active=0 buy_rank=0 sell_rank=0 price=0 quantity=0 settlement=0 buy_residual=0 sell_residual=0
S3_MATCH slot=16 active=0 buy_rank=0 sell_rank=0 price=0 quantity=0 settlement=0 buy_residual=0 sell_residual=0
S3_MATCH slot=17 active=0 buy_rank=0 sell_rank=0 price=0 quantity=0 settlement=0 buy_residual=0 sell_residual=0
S3_MATCH slot=18 active=0 buy_rank=0 sell_rank=0 price=0 quantity=0 settlement=0 buy_residual=0 sell_residual=0
S3_MATCH slot=19 active=0 buy_rank=0 sell_rank=0 price=0 quantity=0 settlement=0 buy_residual=0 sell_residual=0
S3_MATCH slot=20 active=0 buy_rank=0 sell_rank=0 price=0 quantity=0 settlement=0 buy_residual=0 sell_residual=0
S3_MATCH slot=21 active=0 buy_rank=0 sell_rank=0 price=0 quantity=0 settlement=0 buy_residual=0 sell_residual=0
S3_MATCH slot=22 active=0 buy_rank=0 sell_rank=0 price=0 quantity=0 settlement=0 buy_residual=0 sell_residual=0
S3_MATCH slot=23 active=0 buy_rank=0 sell_rank=0 price=0 quantity=0 settlement=0 buy_residual=0 sell_residual=0
S3_MATCH slot=24 active=0 buy_rank=0 sell_rank=0 price=0 quantity=0 settlement=0 buy_residual=0 sell_residual=0
S3_MATCH slot=25 active=0 buy_rank=0 sell_rank=0 price=0 quantity=0 settlement=0 buy_residual=0 sell_residual=0
S3_MATCH slot=26 active=0 buy_rank=0 sell_rank=0 price=0 quantity=0 settlement=0 buy_residual=0 sell_residual=0
S3_MATCH slot=27 active=0 buy_rank=0 sell_rank=0 price=0 quantity=0 settlement=0 buy_residual=0 sell_residual=0
S3_MATCH slot=28 active=0 buy_rank=0 sell_rank=0 price=0 quantity=0 settlement=0 buy_residual=0 sell_residual=0
S3_MATCH slot=29 active=0 buy_rank=0 sell_rank=0 price=0 quantity=0 settlement=0 buy_residual=0 sell_residual=0
S3_MATCH slot=30 active=0 buy_rank=0 sell_rank=0 price=0 quantity=0 settlement=0 buy_residual=0 sell_residual=0
S3_RESIDUAL side=buy rank=5 quantity=0
S3_RESIDUAL side=buy rank=11 quantity=0
S3_RESIDUAL side=buy rank=0 quantity=0
S3_RESIDUAL side=buy rank=4 quantity=0
S3_RESIDUAL side=buy rank=14 quantity=0
S3_RESIDUAL side=buy rank=15 quantity=0
S3_RESIDUAL side=buy rank=7 quantity=0
S3_RESIDUAL side=buy rank=6 quantity=222120
S3_RESIDUAL side=buy rank=9 quantity=806560
S3_RESIDUAL side=buy rank=12 quantity=582107
S3_RESIDUAL side=buy rank=8 quantity=169972
S3_RESIDUAL side=buy rank=1 quantity=818069
S3_RESIDUAL side=buy rank=13 quantity=352972
S3_RESIDUAL side=buy rank=2 quantity=721554
S3_RESIDUAL side=buy rank=3 quantity=950894
S3_RESIDUAL side=buy rank=10 quantity=32574
S3_RESIDUAL side=sell rank=5 quantity=0
S3_RESIDUAL side=sell rank=8 quantity=0
S3_RESIDUAL side=sell rank=7 quantity=0
S3_RESIDUAL side=sell rank=6 quantity=0
S3_RESIDUAL side=sell rank=3 quantity=0
S3_RESIDUAL side=sell rank=1 quantity=0
S3_RESIDUAL side=sell rank=0 quantity=41771
S3_RESIDUAL side=sell rank=2 quantity=964728
S3_RESIDUAL side=sell rank=4 quantity=859981
S3_RESIDUAL side=sell rank=9 quantity=0
S3_RESIDUAL side=sell rank=10 quantity=0
S3_RESIDUAL side=sell rank=11 quantity=0
S3_RESIDUAL side=sell rank=12 quantity=0
S3_RESIDUAL side=sell rank=13 quantity=0
S3_RESIDUAL side=sell rank=14 quantity=0
S3_RESIDUAL side=sell rank=15 quantity=0
The following benchmarks are including preprocessing (offline phase).
Time = 2.45807 seconds 
Data sent = 56.5948 MB in ~14142 rounds (party 0 only; use '-v' for more details)
Global data sent = 169.464 MB (all parties)
This program might benefit from some protocol options.
Consider adding the following at the beginning of your code:
	program.use_edabit(True)
