Using statistical security parameter 40
Trying to run 255-bit computation (256-bit representation)
S3_FMATCH_TEST valid=1 commitment=-17752930987460650526766093688448205729313770653426524591245372063336447133369 aggregate_quantity=2192956 aggregate_settlement=1042371960471
S3_MATCH slot=0 active=1 buy_rank=1 sell_rank=9 price=502839 quantity=309602 settlement=155679960078 buy_residual=0 sell_residual=580234
S3_MATCH slot=1 active=1 buy_rank=13 sell_rank=9 price=328617 quantity=1372 settlement=450862524 buy_residual=0 sell_residual=578862
S3_MATCH slot=2 active=1 buy_rank=5 sell_rank=9 price=601427 quantity=578862 settlement=348143236074 buy_residual=248999 sell_residual=0
S3_MATCH slot=3 active=1 buy_rank=5 sell_rank=10 price=697561 quantity=218973 settlement=152747024853 buy_residual=30026 sell_residual=0
S3_MATCH slot=4 active=1 buy_rank=5 sell_rank=0 price=561412 quantity=30026 settlement=16856956712 buy_residual=0 sell_residual=45396
S3_MATCH slot=5 active=1 buy_rank=12 sell_rank=0 price=568944 quantity=45396 settlement=25827781824 buy_residual=261118 sell_residual=0
S3_MATCH slot=6 active=1 buy_rank=12 sell_rank=6 price=979560 quantity=261118 settlement=255780748080 buy_residual=0 sell_residual=422787
S3_MATCH slot=7 active=1 buy_rank=10 sell_rank=1 price=116218 quantity=747607 settlement=86885390326 buy_residual=153443 sell_residual=0
S3_MATCH slot=8 active=0 buy_rank=0 sell_rank=0 price=0 quantity=0 settlement=0 buy_residual=0 sell_residual=0
S3_MATCH slot=9 active=0 buy_rank=0 sell_rank=0 price=0 quantity=0 settlement=0 buy_residual=0 sell_residual=0
S3_MATCH slot=10 active=0 buy_rank=0 sell_rank=0 price=0 quantity=0 settlement=0 buy_residual=0 sell_residual=0
S3_MATCH slot=11 active=0 buy_rank=0 sell_rank=0 price=0 quantity=0 settlement=0 buy_residual=0 sell_residual=0
S3_MATCH slot=12 active=0 buy_rank=0 sell_rank=0 price=0 quantity=0 settlement=0 buy_residual=0 sell_residual=0
S3_MATCH slot=13 active=0 buy_rank=0 sell_rank=0 price=0 quantity=0 settlement=0 buy_residual=0 sell_residual=0
S3_MATCH slot=14 active=0 buy_rank=0 sell_rank=0 price=0 quantity=0 settlement=0 buy_residual=0 sell_residual=0
S3_MATCH slot=15 active=0 buy_rank=0 sell_rank=0 price=0 quantity=0 settlement=0 buy_residual=0 sell_residual=0
S3_MATCH slot=16 active=0 buy_rank=0 sell_rank=0 price=0 quantity=0 settlement=0 buy_residual=0 sell_residual=0
S3_MATCH slot=17 active=0 buy_rank=0 sell_rank=0 price=0 quantity=0 settlement=0 buy_residual=0 sell_residual=0
S3_MATCH slot=18 active=0 buy_rank=0 sell_rank=0 price=0 quantity=0 settlement=0 buy_residual=0 sell_residual=0
S3_MATCH slot=19 active=0 buy_rank=0 sell_rank=0 price=0 quantity=0 settlement=0 buy_residual=0 sell_residual=0
S3_MATCH slot=20 active=0 buy_rank=0 sell_rank=0 price=0 quantity=0 settlement=0 buy_residual=0 sell_residual=0
S3_MATCH slot=21 active=0 buy_rank=0 sell_rank=0 price=0 quantity=0 settlement=0 buy_residual=0 sell_residual=0
S3_MATCH slot=22 active=0 buy_rank=0 sell_rank=0 price=0 quantity=0 settlement=0 buy_residual=0 sell_residual=0
S3_MATCH slot=23 active=0 buy_rank=0 sell_rank=0 price=0 quantity=0 settlement=0 buy_residual=0 sell_residual=0
S3_MATCH slot=24 active=0 buy_rank=0 sell_rank=0 price=0 quantity=0 settlement=0 buy_residual=0 sell_residual=0
S3_MATCH slot=25 active=0 buy_rank=0 sell_rank=0 price=0 quantity=0 settlement=0 buy_residual=0 sell_residual=0
S3_MATCH slot=26 active=0 buy_rank=0 sell_rank=0 price=0 quantity=0 settlement=0 buy_residual=0 sell_residual=0
S3_MATCH slot=27 active=0 buy_rank=0 sell_rank=0 price=0 quantity=0 settlement=0 buy_residual=0 sell_residual=0
S3_MATCH slot=28 active=0 buy_rank=0 sell_rank=0 price=0 quantity=0 settlement=0 buy_residual=0 sell_residual=0
S3_MATCH slot=29 active=0 buy_rank=0 sell_rank=0 price=0 quantity=0 settlement=0 buy_residual=0 sell_residual=0
S3_MATCH slot=30 active=0 buy_rank=0 sell_rank=0 price=0 quantity=0 settlement=0 buy_residual=0 sell_residual=0
S3_RESIDUAL side=buy rank=1 quantity=0
S3_RESIDUAL side=buy rank=13 quantity=0
S3_RESIDUAL side=buy rank=5 quantity=0
S3_RESIDUAL side=buy rank=12 quantity=0
S3_RESIDUAL side=buy rank=10 quantity=153443
S3_RESIDUAL side=buy rank=6 quantity=211920
S3_RESIDUAL side=buy rank=7 quantity=654570
S3_RESIDUAL side=buy rank=0 quantity=847975
S3_RESIDUAL side=buy rank=4 quantity=933909
S3_RESIDUAL side=buy rank=11 quantity=129724
S3_RESIDUAL side=buy rank=8 quantity=265248
S3_RESIDUAL side=buy rank=14 quantity=858834
S3_RESIDUAL side=buy rank=3 quantity=927165
S3_RESIDUAL side=buy rank=9 quantity=992434
S3_RESIDUAL side=buy rank=2 quantity=367528
S3_RESIDUAL side=buy rank=15 quantity=0
S3_RESIDUAL side=sell rank=9 quantity=0
S3_RESIDUAL side=sell rank=10 quantity=0
S3_RESIDUAL side=sell rank=0 quantity=0
S3_RESIDUAL side=sell rank=6 quantity=422787
S3_RESIDUAL side=sell rank=7 quantity=928174
S3_RESIDUAL side=sell rank=1 quantity=0
S3_RESIDUAL side=sell rank=2 quantity=390125
S3_RESIDUAL side=sell rank=3 quantity=151746
S3_RESIDUAL side=sell rank=8 quantity=738709
S3_RESIDUAL side=sell rank=5 quantity=837235
S3_RESIDUAL side=sell rank=4 quantity=959111
S3_RESIDUAL side=sell rank=11 quantity=0
S3_RESIDUAL side=sell rank=12 quantity=0
S3_RESIDUAL side=sell rank=13 quantity=0
S3_RESIDUAL side=sell rank=14 quantity=0
S3_RESIDUAL side=sell rank=15 quantity=0
The following benchmarks are including preprocessing (offline phase).
Time = 2.8931 seconds 
Data sent = 56.5948 MB in ~14142 rounds (party 0 only; use '-v' for more details)
Global data sent = 169.464 MB (all parties)
This program might benefit from some protocol options.
Consider adding the following at the beginning of your code:
	program.use_edabit(True)
