Using statistical security parameter 40
Trying to run 255-bit computation (256-bit representation)
S3_FMATCH_TEST valid=1 commitment=16277705117741245513297382650815755117993881817169866758319284041928393235841 aggregate_quantity=1585208 aggregate_settlement=530435979338
S3_MATCH slot=0 active=1 buy_rank=9 sell_rank=14 price=769002 quantity=430606 settlement=331136875212 buy_residual=0 sell_residual=146098
S3_MATCH slot=1 active=1 buy_rank=0 sell_rank=14 price=359798 quantity=146098 settlement=52565768204 buy_residual=263314 sell_residual=0
S3_MATCH slot=2 active=1 buy_rank=0 sell_rank=1 price=316793 quantity=263314 settlement=83416032002 buy_residual=0 sell_residual=147501
S3_MATCH slot=3 active=1 buy_rank=1 sell_rank=6 price=84968 quantity=745190 settlement=63317303920 buy_residual=25609 sell_residual=0
S3_MATCH slot=4 active=0 buy_rank=0 sell_rank=0 price=0 quantity=0 settlement=0 buy_residual=0 sell_residual=0
S3_MATCH slot=5 active=0 buy_rank=0 sell_rank=0 price=0 quantity=0 settlement=0 buy_residual=0 sell_residual=0
S3_MATCH slot=6 active=0 buy_rank=0 sell_rank=0 price=0 quantity=0 settlement=0 buy_residual=0 sell_residual=0
S3_MATCH slot=7 active=0 buy_rank=0 sell_rank=0 price=0 quantity=0 settlement=0 buy_residual=0 sell_residual=0
S3_MATCH slot=8 active=0 buy_rank=0 sell_rank=0 price=0 quantity=0 settlement=0 buy_residual=0 sell_residual=0
S3_MATCH slot=9 active=0 buy_rank=0 sell_rank=0 price=0 quantity=0 settlement=0 buy_residual=0 sell_residual=0
S3_MATCH slot=10 active=0 buy_rank=0 sell_rank=0 price=0 quantity=0 settlement=0 buy_residual=0 sell_residual=0
S3_MATCH slot=11 active=0 buy_rank=0 sell_rank=0 price=0 quantity=0 settlement=0 buy_residual=0 sell_residual=0
S3_MATCH slot=12 active=0 buy_rank=0 sell_rank=0 price=0 quantity=0 settlement=0 buy_residual=0 sell_residual=0
S3_MATCH slot=13 active=0 buy_rank=0 sell_rank=0 price=0 quantity=0 settlement=0 buy_residual=0 sell_residual=0
S3_MATCH slot=14 active=0 buy_rank=0 sell_rank=0 price=0 quantity=0 settlement=0 buy_residual=0 sell_residual=0
S3_MATCH slot=15 active=0 buy_rank=0 sell_rank=0 price=0 quantity=0 settlement=0 buy_residual=0 sell_residual=0
S3_MATCH slot=16 active=0 buy_rank=0 sell_rank=0 price=0 quantity=0 settlement=0 buy_residual=0 sell_residual=0
S3_MATCH slot=17 active=0 buy_rank=0 sell_rank=0 price=0 quantity=0 settlement=0 buy_residual=0 sell_residual=0
S3_MATCH slot=18 active=0 buy_rank=0 sell_rank=0 price=0 quantity=0 settlement=0 buy_residual=0 sell_residual=0
S3_MATCH slot=19 active=0 buy_rank=0 sell_rank=0 price=0 quantity=0 settlement=0 buy_residual=0 sell_residual=0
S3_MATCH slot=20 active=0 buy_rank=0 sell_rank=0 price=0 quantity=0 settlement=0 buy_residual=0 sell_residual=0
S3_MATCH slot=21 active=0 buy_rank=0 sell_rank=0 price=0 quantity=0 settlement=0 buy_residual=0 sell_residual=0
S3_MATCH slot=22 active=0 buy_rank=0 sell_rank=0 price=0 quantity=0 settlement=0 buy_residual=0 sell_residual=0
S3_MATCH slot=23 active=0 buy_rank=0 sell_rank=0 price=0 quantity=0 settlement=0 buy_residual=0 sell_residual=0
S3_MATCH slot=24 active=0 buy_rank=0 sell_rank=0 price=0 quantity=0 settlement=0 buy_residual=0 sell_residual=0
S3_MATCH slot=25 active=0 buy_rank=0 sell_rank=0 price=0 quantity=0 settlement=0 buy_residual=0 sell_residual=0
S3_MATCH slot=26 active=0 buy_rank=0 sell_rank=0 price=0 quantity=0 settlement=0 buy_residual=0 sell_residual=0
S3_MATCH slot=27 active=0 buy_rank=0 sell_rank=0 price=0 quantity=0 settlement=0 buy_residual=0 sell_residual=0
S3_MATCH slot=28 active=0 buy_rank=0 sell_rank=0 price=0 quantity=0 settlement=0 buy_residual=0 sell_residual=0
S3_MATCH slot=29 active=0 buy_rank=0 sell_rank=0 price=0 quantity=0 settlement=0 buy_residual=0 sell_residual=0
S3_MATCH slot=30 active=0 buy_rank=0 sell_rank=0 price=0 quantity=0 settlement=0 buy_residual=0 sell_residual=0
S3_RESIDUAL side=buy rank=9 quantity=0
S3_RESIDUAL side=buy rank=0 quantity=0
S3_RESIDUAL side=buy rank=1 quantity=25609
S3_RESIDUAL side=buy rank=8 quantity=822014
S3_RESIDUAL side=buy rank=5 quantity=370470
S3_RESIDUAL side=buy rank=3 quantity=591523
S3_RESIDUAL side=buy rank=6 quantity=186921
S3_RESIDUAL side=buy rank=2 quantity=719232
S3_RESIDUAL side=buy rank=4 quantity=775000
S3_RESIDUAL side=buy rank=7 quantity=110221
S3_RESIDUAL side=buy rank=10 quantity=0
S3_RESIDUAL side=buy rank=11 quantity=0
S3_RESIDUAL side=buy rank=12 quantity=0
S3_RESIDUAL side=buy rank=13 quantity=0
S3_RESIDUAL side=buy rank=14 quantity=0
S3_RESIDUAL side=buy rank=15 quantity=0
S3_RESIDUAL side=sell rank=14 quantity=0
S3_RESIDUAL side=sell rank=1 quantity=147501
S3_RESIDUAL side=sell rank=0 quantity=913587
S3_RESIDUAL side=sell rank=8 quantity=60569
S3_RESIDUAL side=sell rank=5 quantity=782068
S3_RESIDUAL side=sell rank=6 quantity=0
S3_RESIDUAL side=sell rank=3 quantity=621377
S3_RESIDUAL side=sell rank=2 quantity=903331
S3_RESIDUAL side=sell rank=9 quantity=918101
S3_RESIDUAL side=sell rank=11 quantity=243153
S3_RESIDUAL side=sell rank=4 quantity=599088
S3_RESIDUAL side=sell rank=12 quantity=551689
S3_RESIDUAL side=sell rank=13 quantity=910549
S3_RESIDUAL side=sell rank=7 quantity=645811
S3_RESIDUAL side=sell rank=10 quantity=269563
S3_RESIDUAL side=sell rank=15 quantity=959430
The following benchmarks are including preprocessing (offline phase).
Time = 2.86886 seconds 
Data sent = 56.5948 MB in ~14142 rounds (party 0 only; use '-v' for more details)
Global data sent = 169.464 MB (all parties)
This program might benefit from some protocol options.
Consider adding the following at the beginning of your code:
	program.use_edabit(True)
