Using statistical security parameter 40
Trying to run 255-bit computation (256-bit representation)
S3_FMATCH_TEST valid=1 commitment=-7611819137073308704481269069839122291462678528340385606286961269397407280357 aggregate_quantity=3307425 aggregate_settlement=2384450364846
S3_MATCH slot=0 active=1 buy_rank=3 sell_rank=6 price=566248 quantity=561407 settlement=317895590936 buy_residual=0 sell_residual=394573
S3_MATCH slot=1 active=1 buy_rank=7 sell_rank=6 price=588871 quantity=394573 settlement=232352597083 buy_residual=495730 sell_residual=0
S3_MATCH slot=2 active=1 buy_rank=7 sell_rank=0 price=565772 quantity=495730 settlement=280470153560 buy_residual=0 sell_residual=228512
S3_MATCH slot=3 active=1 buy_rank=11 sell_rank=0 price=638461 quantity=228512 settlement=145896000032 buy_residual=97166 sell_residual=0
S3_MATCH slot=4 active=1 buy_rank=11 sell_rank=10 price=752599 quantity=97166 settlement=73127034434 buy_residual=0 sell_residual=287384
S3_MATCH slot=5 active=1 buy_rank=12 sell_rank=10 price=690242 quantity=287384 settlement=198364506928 buy_residual=551986 sell_residual=0
S3_MATCH slot=6 active=1 buy_rank=12 sell_rank=5 price=1031199 quantity=551986 settlement=569207411214 buy_residual=0 sell_residual=135222
S3_MATCH slot=7 active=1 buy_rank=9 sell_rank=5 price=819282 quantity=135222 settlement=110784950604 buy_residual=30940 sell_residual=0
S3_MATCH slot=8 active=1 buy_rank=9 sell_rank=2 price=495759 quantity=30940 settlement=15338783460 buy_residual=0 sell_residual=436930
S3_MATCH slot=9 active=1 buy_rank=0 sell_rank=2 price=773534 quantity=436930 settlement=337980210620 buy_residual=87575 sell_residual=0
S3_MATCH slot=10 active=1 buy_rank=0 sell_rank=1 price=1176513 quantity=87575 settlement=103033125975 buy_residual=0 sell_residual=466289
S3_MATCH slot=11 active=0 buy_rank=0 sell_rank=0 price=0 quantity=0 settlement=0 buy_residual=0 sell_residual=0
S3_MATCH slot=12 active=0 buy_rank=0 sell_rank=0 price=0 quantity=0 settlement=0 buy_residual=0 sell_residual=0
S3_MATCH slot=13 active=0 buy_rank=0 sell_rank=0 price=0 quantity=0 settlement=0 buy_residual=0 sell_residual=0
S3_MATCH slot=14 active=0 buy_rank=0 sell_rank=0 price=0 quantity=0 settlement=0 buy_residual=0 sell_residual=0
S3_MATCH slot=15 active=0 buy_rank=0 sell_rank=0 price=0 quantity=0 settlement=0 buy_residual=0 sell_residual=0
S3_MATCH slot=16 active=0 buy_rank=0 sell_rank=0 price=0 quantity=0 settlement=0 buy_residual=0 sell_residual=0
S3_MATCH slot=17 active=0 buy_rank=0 sell_rank=0 price=0 quantity=0 settlement=0 buy_residual=0 sell_residual=0
S3_MATCH slot=18 active=0 buy_rank=0 sell_rank=0 price=0 quantity=0 settlement=0 buy_residual=0 sell_residual=0
S3_MATCH slot=19 active=0 buy_rank=0 sell_rank=0 price=0 quantity=0 settlement=0 buy_residual=0 sell_residual=0
S3_MATCH slot=20 active=0 buy_rank=0 sell_rank=0 price=0 quantity=0 settlement=0 buy_residual=0 sell_residual=0
S3_MATCH slot=21 active=0 buy_rank=0 sell_rank=0 price=0 quantity=0 settlement=0 buy_residual=0 sell_residual=0
S3_MATCH slot=22 active=0 buy_rank=0 sell_rank=0 price=0 quantity=0 settlement=0 buy_residual=0 sell_residual=0
S3_MATCH slot=23 active=0 buy_rank=0 sell_rank=0 price=0 quantity=0 settlement=0 buy_residual=0 sell_residual=0
S3_MATCH slot=24 active=0 buy_rank=0 sell_rank=0 price=0 quantity=0 settlement=0 buy_residual=0 sell_residual=0
S3_MATCH slot=25 active=0 buy_rank=0 sell_rank=0 price=0 quantity=0 settlement=0 buy_residual=0 sell_residual=0
S3_MATCH slot=26 active=0 buy_rank=0 sell_rank=0 price=0 quantity=0 settlement=0 buy_residual=0 sell_residual=0
S3_MATCH slot=27 active=0 buy_rank=0 sell_rank=0 price=0 quantity=0 settlement=0 buy_residual=0 sell_residual=0
S3_MATCH slot=28 active=0 buy_rank=0 sell_rank=0 price=0 quantity=0 settlement=0 buy_residual=0 sell_residual=0
S3_MATCH slot=29 active=0 buy_rank=0 sell_rank=0 price=0 quantity=0 settlement=0 buy_residual=0 sell_residual=0
S3_MATCH slot=30 active=0 buy_rank=0 sell_rank=0 price=0 quantity=0 settlement=0 buy_residual=0 sell_residual=0
S3_RESIDUAL side=buy rank=3 quantity=0
S3_RESIDUAL side=buy rank=7 quantity=0
S3_RESIDUAL side=buy rank=11 quantity=0
S3_RESIDUAL side=buy rank=12 quantity=0
S3_RESIDUAL side=buy rank=9 quantity=0
S3_RESIDUAL side=buy rank=0 quantity=0
S3_RESIDUAL side=buy rank=10 quantity=52640
S3_RESIDUAL side=buy rank=1 quantity=783343
S3_RESIDUAL side=buy rank=5 quantity=502541
S3_RESIDUAL side=buy rank=2 quantity=882798
S3_RESIDUAL side=buy rank=4 quantity=983237
S3_RESIDUAL side=buy rank=6 quantity=372878
S3_RESIDUAL side=buy rank=8 quantity=972423
S3_RESIDUAL side=buy rank=13 quantity=0
S3_RESIDUAL side=buy rank=14 quantity=0
S3_RESIDUAL side=buy rank=15 quantity=0
S3_RESIDUAL side=sell rank=6 quantity=0
S3_RESIDUAL side=sell rank=0 quantity=0
S3_RESIDUAL side=sell rank=10 quantity=0
S3_RESIDUAL side=sell rank=5 quantity=0
S3_RESIDUAL side=sell rank=8 quantity=752363
S3_RESIDUAL side=sell rank=2 quantity=0
S3_RESIDUAL side=sell rank=1 quantity=466289
S3_RESIDUAL side=sell rank=9 quantity=250677
S3_RESIDUAL side=sell rank=4 quantity=80195
S3_RESIDUAL side=sell rank=7 quantity=606541
S3_RESIDUAL side=sell rank=3 quantity=802267
S3_RESIDUAL side=sell rank=11 quantity=0
S3_RESIDUAL side=sell rank=12 quantity=0
S3_RESIDUAL side=sell rank=13 quantity=0
S3_RESIDUAL side=sell rank=14 quantity=0
S3_RESIDUAL side=sell rank=15 quantity=0
The following benchmarks are including preprocessing (offline phase).
Time = 2.81417 seconds 
Data sent = 56.5948 MB in ~14142 rounds (party 0 only; use '-v' for more details)
Global data sent = 169.464 MB (all parties)
This program might benefit from some protocol options.
Consider adding the following at the beginning of your code:
	program.use_edabit(True)
