Traceback (most recent call last):
  File "/mnt/g/paperexper/retf/saib-retf/experiments/v2/runners/run-s2.2.1-live-tests.py", line 538, in <module>
    main()
  File "/mnt/g/paperexper/retf/saib-retf/experiments/v2/runners/run-s2.2.1-live-tests.py", line 532, in main
    raise RuntimeError(f"S2.2.2 security regressions failed: {failed}")
RuntimeError: S2.2.2 security regressions failed: ['multi_holder_task_epoch_limited_block_scan', 'ccaas-mtls-nsw', 'ccaas-mtls-qld', 'ccaas-mtls-sa']
Traceback (most recent call last):
  File "<frozen importlib._bootstrap_external>", line 1485, in _path_importer_cache
KeyError: 'experiments/v2/runners'

During handling of the above exception, another exception occurred:

Traceback (most recent call last):
  File "experiments/v2/runners/refresh-s2.2.1-peer-block-evidence.py", line 10, in <module>
    from __future__ import annotations
  File "<frozen importlib._bootstrap>", line 1360, in _find_and_load
  File "<frozen importlib._bootstrap>", line 1322, in _find_and_load_unlocked
  File "<frozen importlib._bootstrap>", line 1262, in _find_spec
  File "<frozen importlib._bootstrap_external>", line 1528, in find_spec
  File "<frozen importlib._bootstrap_external>", line 1500, in _get_spec
  File "<frozen importlib._bootstrap_external>", line 1487, in _path_importer_cache
  File "<frozen importlib._bootstrap_external>", line 1463, in _path_hooks
  File "<frozen importlib._bootstrap_external>", line 1689, in path_hook_for_FileFinder
  File "<frozen importlib._bootstrap_external>", line 1579, in __init__
  File "<frozen importlib._bootstrap_external>", line 190, in _path_abspath
FileNotFoundError: [Errno 2] No such file or directory
