Using statistical security parameter 40
Trying to run 255-bit computation (256-bit representation)
S3_FMATCH_TEST valid=1 commitment=-15995643206127302061528710005836020519623058753307710569264033490794053478233 aggregate_quantity=3302197 aggregate_settlement=2373724529728
S3_MATCH slot=0 active=1 buy_rank=2 sell_rank=14 price=469321 quantity=93316 settlement=43795158436 buy_residual=483168 sell_residual=0
S3_MATCH slot=1 active=1 buy_rank=2 sell_rank=11 price=600076 quantity=483168 settlement=289937520768 buy_residual=0 sell_residual=275106
S3_MATCH slot=2 active=1 buy_rank=5 sell_rank=11 price=730809 quantity=275106 settlement=201049940754 buy_residual=531502 sell_residual=0
S3_MATCH slot=3 active=1 buy_rank=5 sell_rank=0 price=775410 quantity=531502 settlement=412131965820 buy_residual=0 sell_residual=179598
S3_MATCH slot=4 active=1 buy_rank=1 sell_rank=0 price=489699 quantity=179598 settlement=87948961002 buy_residual=84154 sell_residual=0
S3_MATCH slot=5 active=1 buy_rank=1 sell_rank=10 price=477429 quantity=84154 settlement=40177560066 buy_residual=0 sell_residual=280006
S3_MATCH slot=6 active=1 buy_rank=4 sell_rank=10 price=749657 quantity=280006 settlement=209908457942 buy_residual=396902 sell_residual=0
S3_MATCH slot=7 active=1 buy_rank=4 sell_rank=1 price=806203 quantity=396902 settlement=319983583106 buy_residual=0 sell_residual=1860
S3_MATCH slot=8 active=1 buy_rank=3 sell_rank=1 price=772272 quantity=1860 settlement=1436425920 buy_residual=113204 sell_residual=0
S3_MATCH slot=9 active=1 buy_rank=3 sell_rank=8 price=635295 quantity=113204 settlement=71917935180 buy_residual=0 sell_residual=375407
S3_MATCH slot=10 active=1 buy_rank=0 sell_rank=8 price=714958 quantity=375407 settlement=268400237906 buy_residual=487974 sell_residual=0
S3_MATCH slot=11 active=1 buy_rank=0 sell_rank=6 price=875122 quantity=487974 settlement=427036782828 buy_residual=0 sell_residual=492813
S3_MATCH slot=12 active=0 buy_rank=0 sell_rank=0 price=0 quantity=0 settlement=0 buy_residual=0 sell_residual=0
S3_MATCH slot=13 active=0 buy_rank=0 sell_rank=0 price=0 quantity=0 settlement=0 buy_residual=0 sell_residual=0
S3_MATCH slot=14 active=0 buy_rank=0 sell_rank=0 price=0 quantity=0 settlement=0 buy_residual=0 sell_residual=0
S3_MATCH slot=15 active=0 buy_rank=0 sell_rank=0 price=0 quantity=0 settlement=0 buy_residual=0 sell_residual=0
S3_MATCH slot=16 active=0 buy_rank=0 sell_rank=0 price=0 quantity=0 settlement=0 buy_residual=0 sell_residual=0
S3_MATCH slot=17 active=0 buy_rank=0 sell_rank=0 price=0 quantity=0 settlement=0 buy_residual=0 sell_residual=0
S3_MATCH slot=18 active=0 buy_rank=0 sell_rank=0 price=0 quantity=0 settlement=0 buy_residual=0 sell_residual=0
S3_MATCH slot=19 active=0 buy_rank=0 sell_rank=0 price=0 quantity=0 settlement=0 buy_residual=0 sell_residual=0
S3_MATCH slot=20 active=0 buy_rank=0 sell_rank=0 price=0 quantity=0 settlement=0 buy_residual=0 sell_residual=0
S3_MATCH slot=21 active=0 buy_rank=0 sell_rank=0 price=0 quantity=0 settlement=0 buy_residual=0 sell_residual=0
S3_MATCH slot=22 active=0 buy_rank=0 sell_rank=0 price=0 quantity=0 settlement=0 buy_residual=0 sell_residual=0
S3_MATCH slot=23 active=0 buy_rank=0 sell_rank=0 price=0 quantity=0 settlement=0 buy_residual=0 sell_residual=0
S3_MATCH slot=24 active=0 buy_rank=0 sell_rank=0 price=0 quantity=0 settlement=0 buy_residual=0 sell_residual=0
S3_MATCH slot=25 active=0 buy_rank=0 sell_rank=0 price=0 quantity=0 settlement=0 buy_residual=0 sell_residual=0
S3_MATCH slot=26 active=0 buy_rank=0 sell_rank=0 price=0 quantity=0 settlement=0 buy_residual=0 sell_residual=0
S3_MATCH slot=27 active=0 buy_rank=0 sell_rank=0 price=0 quantity=0 settlement=0 buy_residual=0 sell_residual=0
S3_MATCH slot=28 active=0 buy_rank=0 sell_rank=0 price=0 quantity=0 settlement=0 buy_residual=0 sell_residual=0
S3_MATCH slot=29 active=0 buy_rank=0 sell_rank=0 price=0 quantity=0 settlement=0 buy_residual=0 sell_residual=0
S3_MATCH slot=30 active=0 buy_rank=0 sell_rank=0 price=0 quantity=0 settlement=0 buy_residual=0 sell_residual=0
S3_RESIDUAL side=buy rank=2 quantity=0
S3_RESIDUAL side=buy rank=5 quantity=0
S3_RESIDUAL side=buy rank=1 quantity=0
S3_RESIDUAL side=buy rank=4 quantity=0
S3_RESIDUAL side=buy rank=3 quantity=0
S3_RESIDUAL side=buy rank=0 quantity=0
S3_RESIDUAL side=buy rank=6 quantity=0
S3_RESIDUAL side=buy rank=7 quantity=0
S3_RESIDUAL side=buy rank=8 quantity=0
S3_RESIDUAL side=buy rank=9 quantity=0
S3_RESIDUAL side=buy rank=10 quantity=0
S3_RESIDUAL side=buy rank=11 quantity=0
S3_RESIDUAL side=buy rank=12 quantity=0
S3_RESIDUAL side=buy rank=13 quantity=0
S3_RESIDUAL side=buy rank=14 quantity=0
S3_RESIDUAL side=buy rank=15 quantity=0
S3_RESIDUAL side=sell rank=14 quantity=0
S3_RESIDUAL side=sell rank=11 quantity=0
S3_RESIDUAL side=sell rank=0 quantity=0
S3_RESIDUAL side=sell rank=10 quantity=0
S3_RESIDUAL side=sell rank=1 quantity=0
S3_RESIDUAL side=sell rank=8 quantity=0
S3_RESIDUAL side=sell rank=6 quantity=492813
S3_RESIDUAL side=sell rank=13 quantity=136086
S3_RESIDUAL side=sell rank=12 quantity=186391
S3_RESIDUAL side=sell rank=7 quantity=89424
S3_RESIDUAL side=sell rank=9 quantity=57414
S3_RESIDUAL side=sell rank=5 quantity=386657
S3_RESIDUAL side=sell rank=4 quantity=449088
S3_RESIDUAL side=sell rank=2 quantity=642622
S3_RESIDUAL side=sell rank=3 quantity=879534
S3_RESIDUAL side=sell rank=15 quantity=0
The following benchmarks are including preprocessing (offline phase).
Time = 2.47033 seconds 
Data sent = 56.5948 MB in ~14142 rounds (party 0 only; use '-v' for more details)
Global data sent = 169.464 MB (all parties)
This program might benefit from some protocol options.
Consider adding the following at the beginning of your code:
	program.use_edabit(True)
