Using statistical security parameter 40
Trying to run 255-bit computation (256-bit representation)
S3_FMATCH_TEST valid=1 commitment=-9906215817822819179201070838496532459217927851128716370681079740525878038805 aggregate_quantity=2918487 aggregate_settlement=1409555715156
S3_MATCH slot=0 active=1 buy_rank=5 sell_rank=11 price=375374 quantity=411735 settlement=154554613890 buy_residual=494294 sell_residual=0
S3_MATCH slot=1 active=1 buy_rank=5 sell_rank=4 price=360396 quantity=494294 settlement=178141580424 buy_residual=0 sell_residual=203760
S3_MATCH slot=2 active=1 buy_rank=13 sell_rank=4 price=479802 quantity=203760 settlement=97764455520 buy_residual=631630 sell_residual=0
S3_MATCH slot=3 active=1 buy_rank=13 sell_rank=1 price=794958 quantity=236454 settlement=187970998932 buy_residual=395176 sell_residual=0
S3_MATCH slot=4 active=1 buy_rank=13 sell_rank=12 price=812939 quantity=395176 settlement=321253982264 buy_residual=0 sell_residual=323039
S3_MATCH slot=5 active=1 buy_rank=1 sell_rank=12 price=994391 quantity=291394 settlement=289759571054 buy_residual=0 sell_residual=31645
S3_MATCH slot=6 active=1 buy_rank=4 sell_rank=10 price=167170 quantity=237335 settlement=39675291950 buy_residual=155405 sell_residual=0
S3_MATCH slot=7 active=1 buy_rank=4 sell_rank=6 price=229132 quantity=126087 settlement=28890566484 buy_residual=29318 sell_residual=0
S3_MATCH slot=8 active=1 buy_rank=4 sell_rank=7 price=187859 quantity=29318 settlement=5507650162 buy_residual=0 sell_residual=492934
S3_MATCH slot=9 active=1 buy_rank=14 sell_rank=7 price=215114 quantity=492934 settlement=106037004476 buy_residual=40479 sell_residual=0
S3_MATCH slot=10 active=0 buy_rank=0 sell_rank=0 price=0 quantity=0 settlement=0 buy_residual=0 sell_residual=0
S3_MATCH slot=11 active=0 buy_rank=0 sell_rank=0 price=0 quantity=0 settlement=0 buy_residual=0 sell_residual=0
S3_MATCH slot=12 active=0 buy_rank=0 sell_rank=0 price=0 quantity=0 settlement=0 buy_residual=0 sell_residual=0
S3_MATCH slot=13 active=0 buy_rank=0 sell_rank=0 price=0 quantity=0 settlement=0 buy_residual=0 sell_residual=0
S3_MATCH slot=14 active=0 buy_rank=0 sell_rank=0 price=0 quantity=0 settlement=0 buy_residual=0 sell_residual=0
S3_MATCH slot=15 active=0 buy_rank=0 sell_rank=0 price=0 quantity=0 settlement=0 buy_residual=0 sell_residual=0
S3_MATCH slot=16 active=0 buy_rank=0 sell_rank=0 price=0 quantity=0 settlement=0 buy_residual=0 sell_residual=0
S3_MATCH slot=17 active=0 buy_rank=0 sell_rank=0 price=0 quantity=0 settlement=0 buy_residual=0 sell_residual=0
S3_MATCH slot=18 active=0 buy_rank=0 sell_rank=0 price=0 quantity=0 settlement=0 buy_residual=0 sell_residual=0
S3_MATCH slot=19 active=0 buy_rank=0 sell_rank=0 price=0 quantity=0 settlement=0 buy_residual=0 sell_residual=0
S3_MATCH slot=20 active=0 buy_rank=0 sell_rank=0 price=0 quantity=0 settlement=0 buy_residual=0 sell_residual=0
S3_MATCH slot=21 active=0 buy_rank=0 sell_rank=0 price=0 quantity=0 settlement=0 buy_residual=0 sell_residual=0
S3_MATCH slot=22 active=0 buy_rank=0 sell_rank=0 price=0 quantity=0 settlement=0 buy_residual=0 sell_residual=0
S3_MATCH slot=23 active=0 buy_rank=0 sell_rank=0 price=0 quantity=0 settlement=0 buy_residual=0 sell_residual=0
S3_MATCH slot=24 active=0 buy_rank=0 sell_rank=0 price=0 quantity=0 settlement=0 buy_residual=0 sell_residual=0
S3_MATCH slot=25 active=0 buy_rank=0 sell_rank=0 price=0 quantity=0 settlement=0 buy_residual=0 sell_residual=0
S3_MATCH slot=26 active=0 buy_rank=0 sell_rank=0 price=0 quantity=0 settlement=0 buy_residual=0 sell_residual=0
S3_MATCH slot=27 active=0 buy_rank=0 sell_rank=0 price=0 quantity=0 settlement=0 buy_residual=0 sell_residual=0
S3_MATCH slot=28 active=0 buy_rank=0 sell_rank=0 price=0 quantity=0 settlement=0 buy_residual=0 sell_residual=0
S3_MATCH slot=29 active=0 buy_rank=0 sell_rank=0 price=0 quantity=0 settlement=0 buy_residual=0 sell_residual=0
S3_MATCH slot=30 active=0 buy_rank=0 sell_rank=0 price=0 quantity=0 settlement=0 buy_residual=0 sell_residual=0
S3_RESIDUAL side=buy rank=5 quantity=0
S3_RESIDUAL side=buy rank=13 quantity=0
S3_RESIDUAL side=buy rank=1 quantity=0
S3_RESIDUAL side=buy rank=4 quantity=0
S3_RESIDUAL side=buy rank=14 quantity=40479
S3_RESIDUAL side=buy rank=3 quantity=16342
S3_RESIDUAL side=buy rank=6 quantity=642524
S3_RESIDUAL side=buy rank=12 quantity=236347
S3_RESIDUAL side=buy rank=0 quantity=375079
S3_RESIDUAL side=buy rank=7 quantity=430963
S3_RESIDUAL side=buy rank=8 quantity=788416
S3_RESIDUAL side=buy rank=10 quantity=764147
S3_RESIDUAL side=buy rank=2 quantity=485632
S3_RESIDUAL side=buy rank=11 quantity=415997
S3_RESIDUAL side=buy rank=9 quantity=318539
S3_RESIDUAL side=buy rank=15 quantity=314588
S3_RESIDUAL side=sell rank=11 quantity=0
S3_RESIDUAL side=sell rank=4 quantity=0
S3_RESIDUAL side=sell rank=1 quantity=0
S3_RESIDUAL side=sell rank=12 quantity=31645
S3_RESIDUAL side=sell rank=5 quantity=407118
S3_RESIDUAL side=sell rank=10 quantity=0
S3_RESIDUAL side=sell rank=6 quantity=0
S3_RESIDUAL side=sell rank=0 quantity=391956
S3_RESIDUAL side=sell rank=15 quantity=747873
S3_RESIDUAL side=sell rank=8 quantity=336091
S3_RESIDUAL side=sell rank=7 quantity=0
S3_RESIDUAL side=sell rank=14 quantity=414183
S3_RESIDUAL side=sell rank=9 quantity=587669
S3_RESIDUAL side=sell rank=3 quantity=899447
S3_RESIDUAL side=sell rank=13 quantity=107219
S3_RESIDUAL side=sell rank=2 quantity=999636
The following benchmarks are including preprocessing (offline phase).
Time = 2.48134 seconds 
Data sent = 56.5948 MB in ~14142 rounds (party 0 only; use '-v' for more details)
Global data sent = 169.464 MB (all parties)
This program might benefit from some protocol options.
Consider adding the following at the beginning of your code:
	program.use_edabit(True)
