Using statistical security parameter 40
Trying to run 255-bit computation (256-bit representation)
S3_FMATCH_TEST valid=1 commitment=17107566763285009048709062801178457017773804404034216307369934420099218083246 aggregate_quantity=2969202 aggregate_settlement=1064521395021
S3_MATCH slot=0 active=1 buy_rank=14 sell_rank=1 price=377728 quantity=615675 settlement=232557686400 buy_residual=0 sell_residual=96851
S3_MATCH slot=1 active=1 buy_rank=4 sell_rank=1 price=527578 quantity=96851 settlement=51096456878 buy_residual=443792 sell_residual=0
S3_MATCH slot=2 active=1 buy_rank=4 sell_rank=2 price=726855 quantity=157373 settlement=114387351915 buy_residual=286419 sell_residual=0
S3_MATCH slot=3 active=1 buy_rank=4 sell_rank=8 price=505946 quantity=286419 settlement=144912547374 buy_residual=0 sell_residual=576825
S3_MATCH slot=4 active=1 buy_rank=0 sell_rank=8 price=407561 quantity=576825 settlement=235091373825 buy_residual=214232 sell_residual=0
S3_MATCH slot=5 active=1 buy_rank=0 sell_rank=5 price=696207 quantity=214232 settlement=149149818024 buy_residual=0 sell_residual=91706
S3_MATCH slot=6 active=1 buy_rank=13 sell_rank=5 price=720066 quantity=41780 settlement=30084357480 buy_residual=0 sell_residual=49926
S3_MATCH slot=7 active=1 buy_rank=9 sell_rank=0 price=106081 quantity=821599 settlement=87156043519 buy_residual=0 sell_residual=49806
S3_MATCH slot=8 active=1 buy_rank=15 sell_rank=0 price=111295 quantity=49806 settlement=5543158770 buy_residual=108642 sell_residual=0
S3_MATCH slot=9 active=1 buy_rank=15 sell_rank=6 price=133858 quantity=108642 settlement=14542600836 buy_residual=0 sell_residual=349396
S3_MATCH slot=10 active=0 buy_rank=0 sell_rank=0 price=0 quantity=0 settlement=0 buy_residual=0 sell_residual=0
S3_MATCH slot=11 active=0 buy_rank=0 sell_rank=0 price=0 quantity=0 settlement=0 buy_residual=0 sell_residual=0
S3_MATCH slot=12 active=0 buy_rank=0 sell_rank=0 price=0 quantity=0 settlement=0 buy_residual=0 sell_residual=0
S3_MATCH slot=13 active=0 buy_rank=0 sell_rank=0 price=0 quantity=0 settlement=0 buy_residual=0 sell_residual=0
S3_MATCH slot=14 active=0 buy_rank=0 sell_rank=0 price=0 quantity=0 settlement=0 buy_residual=0 sell_residual=0
S3_MATCH slot=15 active=0 buy_rank=0 sell_rank=0 price=0 quantity=0 settlement=0 buy_residual=0 sell_residual=0
S3_MATCH slot=16 active=0 buy_rank=0 sell_rank=0 price=0 quantity=0 settlement=0 buy_residual=0 sell_residual=0
S3_MATCH slot=17 active=0 buy_rank=0 sell_rank=0 price=0 quantity=0 settlement=0 buy_residual=0 sell_residual=0
S3_MATCH slot=18 active=0 buy_rank=0 sell_rank=0 price=0 quantity=0 settlement=0 buy_residual=0 sell_residual=0
S3_MATCH slot=19 active=0 buy_rank=0 sell_rank=0 price=0 quantity=0 settlement=0 buy_residual=0 sell_residual=0
S3_MATCH slot=20 active=0 buy_rank=0 sell_rank=0 price=0 quantity=0 settlement=0 buy_residual=0 sell_residual=0
S3_MATCH slot=21 active=0 buy_rank=0 sell_rank=0 price=0 quantity=0 settlement=0 buy_residual=0 sell_residual=0
S3_MATCH slot=22 active=0 buy_rank=0 sell_rank=0 price=0 quantity=0 settlement=0 buy_residual=0 sell_residual=0
S3_MATCH slot=23 active=0 buy_rank=0 sell_rank=0 price=0 quantity=0 settlement=0 buy_residual=0 sell_residual=0
S3_MATCH slot=24 active=0 buy_rank=0 sell_rank=0 price=0 quantity=0 settlement=0 buy_residual=0 sell_residual=0
S3_MATCH slot=25 active=0 buy_rank=0 sell_rank=0 price=0 quantity=0 settlement=0 buy_residual=0 sell_residual=0
S3_MATCH slot=26 active=0 buy_rank=0 sell_rank=0 price=0 quantity=0 settlement=0 buy_residual=0 sell_residual=0
S3_MATCH slot=27 active=0 buy_rank=0 sell_rank=0 price=0 quantity=0 settlement=0 buy_residual=0 sell_residual=0
S3_MATCH slot=28 active=0 buy_rank=0 sell_rank=0 price=0 quantity=0 settlement=0 buy_residual=0 sell_residual=0
S3_MATCH slot=29 active=0 buy_rank=0 sell_rank=0 price=0 quantity=0 settlement=0 buy_residual=0 sell_residual=0
S3_MATCH slot=30 active=0 buy_rank=0 sell_rank=0 price=0 quantity=0 settlement=0 buy_residual=0 sell_residual=0
S3_RESIDUAL side=buy rank=14 quantity=0
S3_RESIDUAL side=buy rank=4 quantity=0
S3_RESIDUAL side=buy rank=0 quantity=0
S3_RESIDUAL side=buy rank=13 quantity=0
S3_RESIDUAL side=buy rank=9 quantity=0
S3_RESIDUAL side=buy rank=15 quantity=0
S3_RESIDUAL side=buy rank=7 quantity=856002
S3_RESIDUAL side=buy rank=10 quantity=564100
S3_RESIDUAL side=buy rank=1 quantity=845012
S3_RESIDUAL side=buy rank=2 quantity=657064
S3_RESIDUAL side=buy rank=5 quantity=100042
S3_RESIDUAL side=buy rank=8 quantity=183182
S3_RESIDUAL side=buy rank=6 quantity=537681
S3_RESIDUAL side=buy rank=3 quantity=895955
S3_RESIDUAL side=buy rank=11 quantity=70627
S3_RESIDUAL side=buy rank=12 quantity=636160
S3_RESIDUAL side=sell rank=1 quantity=0
S3_RESIDUAL side=sell rank=2 quantity=0
S3_RESIDUAL side=sell rank=8 quantity=0
S3_RESIDUAL side=sell rank=5 quantity=49926
S3_RESIDUAL side=sell rank=0 quantity=0
S3_RESIDUAL side=sell rank=4 quantity=297119
S3_RESIDUAL side=sell rank=6 quantity=349396
S3_RESIDUAL side=sell rank=11 quantity=837602
S3_RESIDUAL side=sell rank=3 quantity=401270
S3_RESIDUAL side=sell rank=10 quantity=922157
S3_RESIDUAL side=sell rank=9 quantity=670622
S3_RESIDUAL side=sell rank=7 quantity=588504
S3_RESIDUAL side=sell rank=12 quantity=0
S3_RESIDUAL side=sell rank=13 quantity=0
S3_RESIDUAL side=sell rank=14 quantity=0
S3_RESIDUAL side=sell rank=15 quantity=0
The following benchmarks are including preprocessing (offline phase).
Time = 2.464 seconds 
Data sent = 56.5948 MB in ~14142 rounds (party 0 only; use '-v' for more details)
Global data sent = 169.464 MB (all parties)
This program might benefit from some protocol options.
Consider adding the following at the beginning of your code:
	program.use_edabit(True)
