Using statistical security parameter 40
Trying to run 255-bit computation (256-bit representation)
S3_FMATCH_TEST valid=1 commitment=2366158849698297851840122135610519039061081293673691693430346930767113672094 aggregate_quantity=6942780 aggregate_settlement=2285049135333
S3_MATCH slot=0 active=1 buy_rank=8 sell_rank=34 price=485605 quantity=104158 settlement=50579645590 buy_residual=0 sell_residual=72278
S3_MATCH slot=1 active=1 buy_rank=13 sell_rank=34 price=301670 quantity=72278 settlement=21804104260 buy_residual=667682 sell_residual=0
S3_MATCH slot=2 active=1 buy_rank=13 sell_rank=58 price=376607 quantity=186858 settlement=70372030806 buy_residual=480824 sell_residual=0
S3_MATCH slot=3 active=1 buy_rank=13 sell_rank=7 price=419074 quantity=130551 settlement=54710529774 buy_residual=350273 sell_residual=0
S3_MATCH slot=4 active=1 buy_rank=13 sell_rank=2 price=274049 quantity=350273 settlement=95991965377 buy_residual=0 sell_residual=203475
S3_MATCH slot=5 active=1 buy_rank=11 sell_rank=2 price=346062 quantity=203475 settlement=70414965450 buy_residual=145387 sell_residual=0
S3_MATCH slot=6 active=1 buy_rank=11 sell_rank=44 price=403458 quantity=145387 settlement=58657548246 buy_residual=0 sell_residual=239985
S3_MATCH slot=7 active=1 buy_rank=9 sell_rank=44 price=243448 quantity=239985 settlement=58423868280 buy_residual=640803 sell_residual=0
S3_MATCH slot=8 active=1 buy_rank=9 sell_rank=13 price=244771 quantity=640803 settlement=156849991113 buy_residual=0 sell_residual=101833
S3_MATCH slot=9 active=1 buy_rank=16 sell_rank=13 price=600890 quantity=101833 settlement=61190431370 buy_residual=9370 sell_residual=0
S3_MATCH slot=10 active=1 buy_rank=16 sell_rank=29 price=558479 quantity=9370 settlement=5232948230 buy_residual=0 sell_residual=446221
S3_MATCH slot=11 active=1 buy_rank=1 sell_rank=29 price=562134 quantity=58690 settlement=32991644460 buy_residual=0 sell_residual=387531
S3_MATCH slot=12 active=1 buy_rank=15 sell_rank=29 price=226958 quantity=387531 settlement=87953260698 buy_residual=315351 sell_residual=0
S3_MATCH slot=13 active=1 buy_rank=15 sell_rank=55 price=259088 quantity=315351 settlement=81703659888 buy_residual=0 sell_residual=377353
S3_MATCH slot=14 active=1 buy_rank=2 sell_rank=55 price=397274 quantity=149976 settlement=59581565424 buy_residual=0 sell_residual=227377
S3_MATCH slot=15 active=1 buy_rank=5 sell_rank=55 price=695037 quantity=227377 settlement=158035427949 buy_residual=405389 sell_residual=0
S3_MATCH slot=16 active=1 buy_rank=5 sell_rank=46 price=791037 quantity=405389 settlement=320677698393 buy_residual=0 sell_residual=468870
S3_MATCH slot=17 active=1 buy_rank=10 sell_rank=46 price=672885 quantity=262815 settlement=176844271275 buy_residual=0 sell_residual=206055
S3_MATCH slot=18 active=1 buy_rank=3 sell_rank=56 price=27604 quantity=52578 settlement=1451363112 buy_residual=805185 sell_residual=0
S3_MATCH slot=19 active=1 buy_rank=3 sell_rank=17 price=24735 quantity=224683 settlement=5557534005 buy_residual=580502 sell_residual=0
S3_MATCH slot=20 active=1 buy_rank=3 sell_rank=32 price=19997 quantity=580502 settlement=11608298494 buy_residual=0 sell_residual=174933
S3_MATCH slot=21 active=1 buy_rank=17 sell_rank=32 price=236724 quantity=145271 settlement=34389132204 buy_residual=0 sell_residual=29662
S3_MATCH slot=22 active=1 buy_rank=7 sell_rank=32 price=323880 quantity=29662 settlement=9606928560 buy_residual=919200 sell_residual=0
S3_MATCH slot=23 active=1 buy_rank=7 sell_rank=8 price=367415 quantity=669083 settlement=245831130445 buy_residual=250117 sell_residual=0
S3_MATCH slot=24 active=1 buy_rank=7 sell_rank=40 price=406020 quantity=250117 settlement=101552504340 buy_residual=0 sell_residual=367846
S3_MATCH slot=25 active=1 buy_rank=6 sell_rank=40 price=177121 quantity=367846 settlement=65153251366 buy_residual=220856 sell_residual=0
S3_MATCH slot=26 active=1 buy_rank=6 sell_rank=9 price=182586 quantity=220856 settlement=40325213616 buy_residual=0 sell_residual=101196
S3_MATCH slot=27 active=1 buy_rank=12 sell_rank=9 price=318615 quantity=101196 settlement=32242563540 buy_residual=308886 sell_residual=0
S3_MATCH slot=28 active=1 buy_rank=12 sell_rank=59 price=319776 quantity=90772 settlement=29026707072 buy_residual=218114 sell_residual=0
S3_MATCH slot=29 active=1 buy_rank=12 sell_rank=45 price=395614 quantity=218114 settlement=86288951996 buy_residual=0 sell_residual=765654
S3_MATCH slot=30 active=0 buy_rank=0 sell_rank=0 price=0 quantity=0 settlement=0 buy_residual=0 sell_residual=0
S3_MATCH slot=31 active=0 buy_rank=0 sell_rank=0 price=0 quantity=0 settlement=0 buy_residual=0 sell_residual=0
S3_MATCH slot=32 active=0 buy_rank=0 sell_rank=0 price=0 quantity=0 settlement=0 buy_residual=0 sell_residual=0
S3_MATCH slot=33 active=0 buy_rank=0 sell_rank=0 price=0 quantity=0 settlement=0 buy_residual=0 sell_residual=0
S3_MATCH slot=34 active=0 buy_rank=0 sell_rank=0 price=0 quantity=0 settlement=0 buy_residual=0 sell_residual=0
S3_MATCH slot=35 active=0 buy_rank=0 sell_rank=0 price=0 quantity=0 settlement=0 buy_residual=0 sell_residual=0
S3_MATCH slot=36 active=0 buy_rank=0 sell_rank=0 price=0 quantity=0 settlement=0 buy_residual=0 sell_residual=0
S3_MATCH slot=37 active=0 buy_rank=0 sell_rank=0 price=0 quantity=0 settlement=0 buy_residual=0 sell_residual=0
S3_MATCH slot=38 active=0 buy_rank=0 sell_rank=0 price=0 quantity=0 settlement=0 buy_residual=0 sell_residual=0
S3_MATCH slot=39 active=0 buy_rank=0 sell_rank=0 price=0 quantity=0 settlement=0 buy_residual=0 sell_residual=0
S3_MATCH slot=40 active=0 buy_rank=0 sell_rank=0 price=0 quantity=0 settlement=0 buy_residual=0 sell_residual=0
S3_MATCH slot=41 active=0 buy_rank=0 sell_rank=0 price=0 quantity=0 settlement=0 buy_residual=0 sell_residual=0
S3_MATCH slot=42 active=0 buy_rank=0 sell_rank=0 price=0 quantity=0 settlement=0 buy_residual=0 sell_residual=0
S3_MATCH slot=43 active=0 buy_rank=0 sell_rank=0 price=0 quantity=0 settlement=0 buy_residual=0 sell_residual=0
S3_MATCH slot=44 active=0 buy_rank=0 sell_rank=0 price=0 quantity=0 settlement=0 buy_residual=0 sell_residual=0
S3_MATCH slot=45 active=0 buy_rank=0 sell_rank=0 price=0 quantity=0 settlement=0 buy_residual=0 sell_residual=0
S3_MATCH slot=46 active=0 buy_rank=0 sell_rank=0 price=0 quantity=0 settlement=0 buy_residual=0 sell_residual=0
S3_MATCH slot=47 active=0 buy_rank=0 sell_rank=0 price=0 quantity=0 settlement=0 buy_residual=0 sell_residual=0
S3_MATCH slot=48 active=0 buy_rank=0 sell_rank=0 price=0 quantity=0 settlement=0 buy_residual=0 sell_residual=0
S3_MATCH slot=49 active=0 buy_rank=0 sell_rank=0 price=0 quantity=0 settlement=0 buy_residual=0 sell_residual=0
S3_MATCH slot=50 active=0 buy_rank=0 sell_rank=0 price=0 quantity=0 settlement=0 buy_residual=0 sell_residual=0
S3_MATCH slot=51 active=0 buy_rank=0 sell_rank=0 price=0 quantity=0 settlement=0 buy_residual=0 sell_residual=0
S3_MATCH slot=52 active=0 buy_rank=0 sell_rank=0 price=0 quantity=0 settlement=0 buy_residual=0 sell_residual=0
S3_MATCH slot=53 active=0 buy_rank=0 sell_rank=0 price=0 quantity=0 settlement=0 buy_residual=0 sell_residual=0
S3_MATCH slot=54 active=0 buy_rank=0 sell_rank=0 price=0 quantity=0 settlement=0 buy_residual=0 sell_residual=0
S3_MATCH slot=55 active=0 buy_rank=0 sell_rank=0 price=0 quantity=0 settlement=0 buy_residual=0 sell_residual=0
S3_MATCH slot=56 active=0 buy_rank=0 sell_rank=0 price=0 quantity=0 settlement=0 buy_residual=0 sell_residual=0
S3_MATCH slot=57 active=0 buy_rank=0 sell_rank=0 price=0 quantity=0 settlement=0 buy_residual=0 sell_residual=0
S3_MATCH slot=58 active=0 buy_rank=0 sell_rank=0 price=0 quantity=0 settlement=0 buy_residual=0 sell_residual=0
S3_MATCH slot=59 active=0 buy_rank=0 sell_rank=0 price=0 quantity=0 settlement=0 buy_residual=0 sell_residual=0
S3_MATCH slot=60 active=0 buy_rank=0 sell_rank=0 price=0 quantity=0 settlement=0 buy_residual=0 sell_residual=0
S3_MATCH slot=61 active=0 buy_rank=0 sell_rank=0 price=0 quantity=0 settlement=0 buy_residual=0 sell_residual=0
S3_MATCH slot=62 active=0 buy_rank=0 sell_rank=0 price=0 quantity=0 settlement=0 buy_residual=0 sell_residual=0
S3_MATCH slot=63 active=0 buy_rank=0 sell_rank=0 price=0 quantity=0 settlement=0 buy_residual=0 sell_residual=0
S3_MATCH slot=64 active=0 buy_rank=0 sell_rank=0 price=0 quantity=0 settlement=0 buy_residual=0 sell_residual=0
S3_MATCH slot=65 active=0 buy_rank=0 sell_rank=0 price=0 quantity=0 settlement=0 buy_residual=0 sell_residual=0
S3_MATCH slot=66 active=0 buy_rank=0 sell_rank=0 price=0 quantity=0 settlement=0 buy_residual=0 sell_residual=0
S3_MATCH slot=67 active=0 buy_rank=0 sell_rank=0 price=0 quantity=0 settlement=0 buy_residual=0 sell_residual=0
S3_MATCH slot=68 active=0 buy_rank=0 sell_rank=0 price=0 quantity=0 settlement=0 buy_residual=0 sell_residual=0
S3_MATCH slot=69 active=0 buy_rank=0 sell_rank=0 price=0 quantity=0 settlement=0 buy_residual=0 sell_residual=0
S3_MATCH slot=70 active=0 buy_rank=0 sell_rank=0 price=0 quantity=0 settlement=0 buy_residual=0 sell_residual=0
S3_MATCH slot=71 active=0 buy_rank=0 sell_rank=0 price=0 quantity=0 settlement=0 buy_residual=0 sell_residual=0
S3_MATCH slot=72 active=0 buy_rank=0 sell_rank=0 price=0 quantity=0 settlement=0 buy_residual=0 sell_residual=0
S3_MATCH slot=73 active=0 buy_rank=0 sell_rank=0 price=0 quantity=0 settlement=0 buy_residual=0 sell_residual=0
S3_MATCH slot=74 active=0 buy_rank=0 sell_rank=0 price=0 quantity=0 settlement=0 buy_residual=0 sell_residual=0
S3_MATCH slot=75 active=0 buy_rank=0 sell_rank=0 price=0 quantity=0 settlement=0 buy_residual=0 sell_residual=0
S3_MATCH slot=76 active=0 buy_rank=0 sell_rank=0 price=0 quantity=0 settlement=0 buy_residual=0 sell_residual=0
S3_MATCH slot=77 active=0 buy_rank=0 sell_rank=0 price=0 quantity=0 settlement=0 buy_residual=0 sell_residual=0
S3_MATCH slot=78 active=0 buy_rank=0 sell_rank=0 price=0 quantity=0 settlement=0 buy_residual=0 sell_residual=0
S3_MATCH slot=79 active=0 buy_rank=0 sell_rank=0 price=0 quantity=0 settlement=0 buy_residual=0 sell_residual=0
S3_MATCH slot=80 active=0 buy_rank=0 sell_rank=0 price=0 quantity=0 settlement=0 buy_residual=0 sell_residual=0
S3_MATCH slot=81 active=0 buy_rank=0 sell_rank=0 price=0 quantity=0 settlement=0 buy_residual=0 sell_residual=0
S3_MATCH slot=82 active=0 buy_rank=0 sell_rank=0 price=0 quantity=0 settlement=0 buy_residual=0 sell_residual=0
S3_MATCH slot=83 active=0 buy_rank=0 sell_rank=0 price=0 quantity=0 settlement=0 buy_residual=0 sell_residual=0
S3_MATCH slot=84 active=0 buy_rank=0 sell_rank=0 price=0 quantity=0 settlement=0 buy_residual=0 sell_residual=0
S3_MATCH slot=85 active=0 buy_rank=0 sell_rank=0 price=0 quantity=0 settlement=0 buy_residual=0 sell_residual=0
S3_MATCH slot=86 active=0 buy_rank=0 sell_rank=0 price=0 quantity=0 settlement=0 buy_residual=0 sell_residual=0
S3_MATCH slot=87 active=0 buy_rank=0 sell_rank=0 price=0 quantity=0 settlement=0 buy_residual=0 sell_residual=0
S3_MATCH slot=88 active=0 buy_rank=0 sell_rank=0 price=0 quantity=0 settlement=0 buy_residual=0 sell_residual=0
S3_MATCH slot=89 active=0 buy_rank=0 sell_rank=0 price=0 quantity=0 settlement=0 buy_residual=0 sell_residual=0
S3_MATCH slot=90 active=0 buy_rank=0 sell_rank=0 price=0 quantity=0 settlement=0 buy_residual=0 sell_residual=0
S3_MATCH slot=91 active=0 buy_rank=0 sell_rank=0 price=0 quantity=0 settlement=0 buy_residual=0 sell_residual=0
S3_MATCH slot=92 active=0 buy_rank=0 sell_rank=0 price=0 quantity=0 settlement=0 buy_residual=0 sell_residual=0
S3_MATCH slot=93 active=0 buy_rank=0 sell_rank=0 price=0 quantity=0 settlement=0 buy_residual=0 sell_residual=0
S3_MATCH slot=94 active=0 buy_rank=0 sell_rank=0 price=0 quantity=0 settlement=0 buy_residual=0 sell_residual=0
S3_MATCH slot=95 active=0 buy_rank=0 sell_rank=0 price=0 quantity=0 settlement=0 buy_residual=0 sell_residual=0
S3_MATCH slot=96 active=0 buy_rank=0 sell_rank=0 price=0 quantity=0 settlement=0 buy_residual=0 sell_residual=0
S3_MATCH slot=97 active=0 buy_rank=0 sell_rank=0 price=0 quantity=0 settlement=0 buy_residual=0 sell_residual=0
S3_MATCH slot=98 active=0 buy_rank=0 sell_rank=0 price=0 quantity=0 settlement=0 buy_residual=0 sell_residual=0
S3_MATCH slot=99 active=0 buy_rank=0 sell_rank=0 price=0 quantity=0 settlement=0 buy_residual=0 sell_residual=0
S3_MATCH slot=100 active=0 buy_rank=0 sell_rank=0 price=0 quantity=0 settlement=0 buy_residual=0 sell_residual=0
S3_MATCH slot=101 active=0 buy_rank=0 sell_rank=0 price=0 quantity=0 settlement=0 buy_residual=0 sell_residual=0
S3_MATCH slot=102 active=0 buy_rank=0 sell_rank=0 price=0 quantity=0 settlement=0 buy_residual=0 sell_residual=0
S3_MATCH slot=103 active=0 buy_rank=0 sell_rank=0 price=0 quantity=0 settlement=0 buy_residual=0 sell_residual=0
S3_MATCH slot=104 active=0 buy_rank=0 sell_rank=0 price=0 quantity=0 settlement=0 buy_residual=0 sell_residual=0
S3_MATCH slot=105 active=0 buy_rank=0 sell_rank=0 price=0 quantity=0 settlement=0 buy_residual=0 sell_residual=0
S3_MATCH slot=106 active=0 buy_rank=0 sell_rank=0 price=0 quantity=0 settlement=0 buy_residual=0 sell_residual=0
S3_MATCH slot=107 active=0 buy_rank=0 sell_rank=0 price=0 quantity=0 settlement=0 buy_residual=0 sell_residual=0
S3_MATCH slot=108 active=0 buy_rank=0 sell_rank=0 price=0 quantity=0 settlement=0 buy_residual=0 sell_residual=0
S3_MATCH slot=109 active=0 buy_rank=0 sell_rank=0 price=0 quantity=0 settlement=0 buy_residual=0 sell_residual=0
S3_MATCH slot=110 active=0 buy_rank=0 sell_rank=0 price=0 quantity=0 settlement=0 buy_residual=0 sell_residual=0
S3_MATCH slot=111 active=0 buy_rank=0 sell_rank=0 price=0 quantity=0 settlement=0 buy_residual=0 sell_residual=0
S3_MATCH slot=112 active=0 buy_rank=0 sell_rank=0 price=0 quantity=0 settlement=0 buy_residual=0 sell_residual=0
S3_MATCH slot=113 active=0 buy_rank=0 sell_rank=0 price=0 quantity=0 settlement=0 buy_residual=0 sell_residual=0
S3_MATCH slot=114 active=0 buy_rank=0 sell_rank=0 price=0 quantity=0 settlement=0 buy_residual=0 sell_residual=0
S3_MATCH slot=115 active=0 buy_rank=0 sell_rank=0 price=0 quantity=0 settlement=0 buy_residual=0 sell_residual=0
S3_MATCH slot=116 active=0 buy_rank=0 sell_rank=0 price=0 quantity=0 settlement=0 buy_residual=0 sell_residual=0
S3_MATCH slot=117 active=0 buy_rank=0 sell_rank=0 price=0 quantity=0 settlement=0 buy_residual=0 sell_residual=0
S3_MATCH slot=118 active=0 buy_rank=0 sell_rank=0 price=0 quantity=0 settlement=0 buy_residual=0 sell_residual=0
S3_MATCH slot=119 active=0 buy_rank=0 sell_rank=0 price=0 quantity=0 settlement=0 buy_residual=0 sell_residual=0
S3_MATCH slot=120 active=0 buy_rank=0 sell_rank=0 price=0 quantity=0 settlement=0 buy_residual=0 sell_residual=0
S3_MATCH slot=121 active=0 buy_rank=0 sell_rank=0 price=0 quantity=0 settlement=0 buy_residual=0 sell_residual=0
S3_MATCH slot=122 active=0 buy_rank=0 sell_rank=0 price=0 quantity=0 settlement=0 buy_residual=0 sell_residual=0
S3_MATCH slot=123 active=0 buy_rank=0 sell_rank=0 price=0 quantity=0 settlement=0 buy_residual=0 sell_residual=0
S3_MATCH slot=124 active=0 buy_rank=0 sell_rank=0 price=0 quantity=0 settlement=0 buy_residual=0 sell_residual=0
S3_MATCH slot=125 active=0 buy_rank=0 sell_rank=0 price=0 quantity=0 settlement=0 buy_residual=0 sell_residual=0
S3_MATCH slot=126 active=0 buy_rank=0 sell_rank=0 price=0 quantity=0 settlement=0 buy_residual=0 sell_residual=0
S3_RESIDUAL side=buy rank=8 quantity=0
S3_RESIDUAL side=buy rank=13 quantity=0
S3_RESIDUAL side=buy rank=11 quantity=0
S3_RESIDUAL side=buy rank=9 quantity=0
S3_RESIDUAL side=buy rank=16 quantity=0
S3_RESIDUAL side=buy rank=1 quantity=0
S3_RESIDUAL side=buy rank=15 quantity=0
S3_RESIDUAL side=buy rank=2 quantity=0
S3_RESIDUAL side=buy rank=5 quantity=0
S3_RESIDUAL side=buy rank=10 quantity=0
S3_RESIDUAL side=buy rank=3 quantity=0
S3_RESIDUAL side=buy rank=17 quantity=0
S3_RESIDUAL side=buy rank=7 quantity=0
S3_RESIDUAL side=buy rank=6 quantity=0
S3_RESIDUAL side=buy rank=12 quantity=0
S3_RESIDUAL side=buy rank=4 quantity=843161
S3_RESIDUAL side=buy rank=14 quantity=22995
S3_RESIDUAL side=buy rank=0 quantity=867900
S3_RESIDUAL side=buy rank=18 quantity=0
S3_RESIDUAL side=buy rank=19 quantity=0
S3_RESIDUAL side=buy rank=20 quantity=0
S3_RESIDUAL side=buy rank=21 quantity=0
S3_RESIDUAL side=buy rank=22 quantity=0
S3_RESIDUAL side=buy rank=23 quantity=0
S3_RESIDUAL side=buy rank=24 quantity=0
S3_RESIDUAL side=buy rank=25 quantity=0
S3_RESIDUAL side=buy rank=26 quantity=0
S3_RESIDUAL side=buy rank=27 quantity=0
S3_RESIDUAL side=buy rank=28 quantity=0
S3_RESIDUAL side=buy rank=29 quantity=0
S3_RESIDUAL side=buy rank=30 quantity=0
S3_RESIDUAL side=buy rank=31 quantity=0
S3_RESIDUAL side=buy rank=32 quantity=0
S3_RESIDUAL side=buy rank=33 quantity=0
S3_RESIDUAL side=buy rank=34 quantity=0
S3_RESIDUAL side=buy rank=35 quantity=0
S3_RESIDUAL side=buy rank=36 quantity=0
S3_RESIDUAL side=buy rank=37 quantity=0
S3_RESIDUAL side=buy rank=38 quantity=0
S3_RESIDUAL side=buy rank=39 quantity=0
S3_RESIDUAL side=buy rank=40 quantity=0
S3_RESIDUAL side=buy rank=41 quantity=0
S3_RESIDUAL side=buy rank=42 quantity=0
S3_RESIDUAL side=buy rank=43 quantity=0
S3_RESIDUAL side=buy rank=44 quantity=0
S3_RESIDUAL side=buy rank=45 quantity=0
S3_RESIDUAL side=buy rank=46 quantity=0
S3_RESIDUAL side=buy rank=47 quantity=0
S3_RESIDUAL side=buy rank=48 quantity=0
S3_RESIDUAL side=buy rank=49 quantity=0
S3_RESIDUAL side=buy rank=50 quantity=0
S3_RESIDUAL side=buy rank=51 quantity=0
S3_RESIDUAL side=buy rank=52 quantity=0
S3_RESIDUAL side=buy rank=53 quantity=0
S3_RESIDUAL side=buy rank=54 quantity=0
S3_RESIDUAL side=buy rank=55 quantity=0
S3_RESIDUAL side=buy rank=56 quantity=0
S3_RESIDUAL side=buy rank=57 quantity=0
S3_RESIDUAL side=buy rank=58 quantity=0
S3_RESIDUAL side=buy rank=59 quantity=0
S3_RESIDUAL side=buy rank=60 quantity=0
S3_RESIDUAL side=buy rank=61 quantity=0
S3_RESIDUAL side=buy rank=62 quantity=0
S3_RESIDUAL side=buy rank=63 quantity=0
S3_RESIDUAL side=sell rank=34 quantity=0
S3_RESIDUAL side=sell rank=58 quantity=0
S3_RESIDUAL side=sell rank=7 quantity=0
S3_RESIDUAL side=sell rank=2 quantity=0
S3_RESIDUAL side=sell rank=44 quantity=0
S3_RESIDUAL side=sell rank=13 quantity=0
S3_RESIDUAL side=sell rank=29 quantity=0
S3_RESIDUAL side=sell rank=55 quantity=0
S3_RESIDUAL side=sell rank=46 quantity=206055
S3_RESIDUAL side=sell rank=1 quantity=915810
S3_RESIDUAL side=sell rank=16 quantity=859492
S3_RESIDUAL side=sell rank=56 quantity=0
S3_RESIDUAL side=sell rank=15 quantity=832905
S3_RESIDUAL side=sell rank=3 quantity=225230
S3_RESIDUAL side=sell rank=5 quantity=324514
S3_RESIDUAL side=sell rank=33 quantity=17050
S3_RESIDUAL side=sell rank=51 quantity=838121
S3_RESIDUAL side=sell rank=6 quantity=906609
S3_RESIDUAL side=sell rank=28 quantity=678799
S3_RESIDUAL side=sell rank=23 quantity=682771
S3_RESIDUAL side=sell rank=12 quantity=12207
S3_RESIDUAL side=sell rank=20 quantity=322625
S3_RESIDUAL side=sell rank=62 quantity=485935
S3_RESIDUAL side=sell rank=42 quantity=646646
S3_RESIDUAL side=sell rank=50 quantity=180319
S3_RESIDUAL side=sell rank=57 quantity=908213
S3_RESIDUAL side=sell rank=17 quantity=0
S3_RESIDUAL side=sell rank=54 quantity=808243
S3_RESIDUAL side=sell rank=19 quantity=754797
S3_RESIDUAL side=sell rank=26 quantity=318159
S3_RESIDUAL side=sell rank=21 quantity=594665
S3_RESIDUAL side=sell rank=27 quantity=790119
S3_RESIDUAL side=sell rank=32 quantity=0
S3_RESIDUAL side=sell rank=39 quantity=820041
S3_RESIDUAL side=sell rank=8 quantity=0
S3_RESIDUAL side=sell rank=38 quantity=383333
S3_RESIDUAL side=sell rank=40 quantity=0
S3_RESIDUAL side=sell rank=25 quantity=64619
S3_RESIDUAL side=sell rank=24 quantity=161014
S3_RESIDUAL side=sell rank=11 quantity=875018
S3_RESIDUAL side=sell rank=35 quantity=178727
S3_RESIDUAL side=sell rank=9 quantity=0
S3_RESIDUAL side=sell rank=59 quantity=0
S3_RESIDUAL side=sell rank=63 quantity=11014
S3_RESIDUAL side=sell rank=45 quantity=765654
S3_RESIDUAL side=sell rank=53 quantity=970268
S3_RESIDUAL side=sell rank=41 quantity=489539
S3_RESIDUAL side=sell rank=10 quantity=419414
S3_RESIDUAL side=sell rank=31 quantity=439917
S3_RESIDUAL side=sell rank=52 quantity=590388
S3_RESIDUAL side=sell rank=36 quantity=702135
S3_RESIDUAL side=sell rank=43 quantity=51629
S3_RESIDUAL side=sell rank=0 quantity=377980
S3_RESIDUAL side=sell rank=37 quantity=482104
S3_RESIDUAL side=sell rank=30 quantity=514009
S3_RESIDUAL side=sell rank=22 quantity=678668
S3_RESIDUAL side=sell rank=4 quantity=898705
S3_RESIDUAL side=sell rank=18 quantity=522927
S3_RESIDUAL side=sell rank=61 quantity=663230
S3_RESIDUAL side=sell rank=49 quantity=949134
S3_RESIDUAL side=sell rank=47 quantity=804777
S3_RESIDUAL side=sell rank=14 quantity=188925
S3_RESIDUAL side=sell rank=48 quantity=899603
S3_RESIDUAL side=sell rank=60 quantity=246623
The following benchmarks are including preprocessing (offline phase).
Time = 13.0931 seconds 
Data sent = 281.644 MB in ~71793 rounds (party 0 only; use '-v' for more details)
Global data sent = 844.932 MB (all parties)
This program might benefit from some protocol options.
Consider adding the following at the beginning of your code:
	program.use_edabit(True)
