Using statistical security parameter 40
Trying to run 255-bit computation (256-bit representation)
S3_FMATCH_TEST valid=1 commitment=6075730311694334520113366743161841565520186494538876683415289680972360016872 aggregate_quantity=3555087 aggregate_settlement=2160943952690
S3_MATCH slot=0 active=1 buy_rank=1 sell_rank=6 price=443919 quantity=603113 settlement=267733319847 buy_residual=145112 sell_residual=0
S3_MATCH slot=1 active=1 buy_rank=1 sell_rank=3 price=492120 quantity=145112 settlement=71412517440 buy_residual=0 sell_residual=393199
S3_MATCH slot=2 active=1 buy_rank=3 sell_rank=3 price=668486 quantity=393199 settlement=262848026714 buy_residual=381585 sell_residual=0
S3_MATCH slot=3 active=1 buy_rank=3 sell_rank=1 price=691087 quantity=381585 settlement=263708432895 buy_residual=0 sell_residual=248701
S3_MATCH slot=4 active=1 buy_rank=2 sell_rank=1 price=658569 quantity=248701 settlement=163786768869 buy_residual=279101 sell_residual=0
S3_MATCH slot=5 active=1 buy_rank=2 sell_rank=0 price=692249 quantity=256056 settlement=177254509944 buy_residual=23045 sell_residual=0
S3_MATCH slot=6 active=1 buy_rank=2 sell_rank=8 price=933666 quantity=23045 settlement=21516332970 buy_residual=0 sell_residual=708028
S3_MATCH slot=7 active=1 buy_rank=5 sell_rank=8 price=817398 quantity=708028 settlement=578740671144 buy_residual=24062 sell_residual=0
S3_MATCH slot=8 active=1 buy_rank=5 sell_rank=2 price=671595 quantity=24062 settlement=16159918890 buy_residual=0 sell_residual=103807
S3_MATCH slot=9 active=1 buy_rank=0 sell_rank=2 price=893825 quantity=103807 settlement=92785291775 buy_residual=92680 sell_residual=0
S3_MATCH slot=10 active=1 buy_rank=0 sell_rank=7 price=1160444 quantity=68044 settlement=78961251536 buy_residual=24636 sell_residual=0
S3_MATCH slot=11 active=1 buy_rank=0 sell_rank=9 price=468933 quantity=24636 settlement=11552633388 buy_residual=0 sell_residual=575699
S3_MATCH slot=12 active=1 buy_rank=6 sell_rank=9 price=409564 quantity=312053 settlement=127805674892 buy_residual=0 sell_residual=263646
S3_MATCH slot=13 active=1 buy_rank=4 sell_rank=9 price=101191 quantity=263646 settlement=26678602386 buy_residual=98578 sell_residual=0
S3_MATCH slot=14 active=0 buy_rank=0 sell_rank=0 price=0 quantity=0 settlement=0 buy_residual=0 sell_residual=0
S3_MATCH slot=15 active=0 buy_rank=0 sell_rank=0 price=0 quantity=0 settlement=0 buy_residual=0 sell_residual=0
S3_MATCH slot=16 active=0 buy_rank=0 sell_rank=0 price=0 quantity=0 settlement=0 buy_residual=0 sell_residual=0
S3_MATCH slot=17 active=0 buy_rank=0 sell_rank=0 price=0 quantity=0 settlement=0 buy_residual=0 sell_residual=0
S3_MATCH slot=18 active=0 buy_rank=0 sell_rank=0 price=0 quantity=0 settlement=0 buy_residual=0 sell_residual=0
S3_MATCH slot=19 active=0 buy_rank=0 sell_rank=0 price=0 quantity=0 settlement=0 buy_residual=0 sell_residual=0
S3_MATCH slot=20 active=0 buy_rank=0 sell_rank=0 price=0 quantity=0 settlement=0 buy_residual=0 sell_residual=0
S3_MATCH slot=21 active=0 buy_rank=0 sell_rank=0 price=0 quantity=0 settlement=0 buy_residual=0 sell_residual=0
S3_MATCH slot=22 active=0 buy_rank=0 sell_rank=0 price=0 quantity=0 settlement=0 buy_residual=0 sell_residual=0
S3_MATCH slot=23 active=0 buy_rank=0 sell_rank=0 price=0 quantity=0 settlement=0 buy_residual=0 sell_residual=0
S3_MATCH slot=24 active=0 buy_rank=0 sell_rank=0 price=0 quantity=0 settlement=0 buy_residual=0 sell_residual=0
S3_MATCH slot=25 active=0 buy_rank=0 sell_rank=0 price=0 quantity=0 settlement=0 buy_residual=0 sell_residual=0
S3_MATCH slot=26 active=0 buy_rank=0 sell_rank=0 price=0 quantity=0 settlement=0 buy_residual=0 sell_residual=0
S3_MATCH slot=27 active=0 buy_rank=0 sell_rank=0 price=0 quantity=0 settlement=0 buy_residual=0 sell_residual=0
S3_MATCH slot=28 active=0 buy_rank=0 sell_rank=0 price=0 quantity=0 settlement=0 buy_residual=0 sell_residual=0
S3_MATCH slot=29 active=0 buy_rank=0 sell_rank=0 price=0 quantity=0 settlement=0 buy_residual=0 sell_residual=0
S3_MATCH slot=30 active=0 buy_rank=0 sell_rank=0 price=0 quantity=0 settlement=0 buy_residual=0 sell_residual=0
S3_RESIDUAL side=buy rank=1 quantity=0
S3_RESIDUAL side=buy rank=3 quantity=0
S3_RESIDUAL side=buy rank=2 quantity=0
S3_RESIDUAL side=buy rank=5 quantity=0
S3_RESIDUAL side=buy rank=0 quantity=0
S3_RESIDUAL side=buy rank=6 quantity=0
S3_RESIDUAL side=buy rank=4 quantity=98578
S3_RESIDUAL side=buy rank=7 quantity=0
S3_RESIDUAL side=buy rank=8 quantity=0
S3_RESIDUAL side=buy rank=9 quantity=0
S3_RESIDUAL side=buy rank=10 quantity=0
S3_RESIDUAL side=buy rank=11 quantity=0
S3_RESIDUAL side=buy rank=12 quantity=0
S3_RESIDUAL side=buy rank=13 quantity=0
S3_RESIDUAL side=buy rank=14 quantity=0
S3_RESIDUAL side=buy rank=15 quantity=0
S3_RESIDUAL side=sell rank=6 quantity=0
S3_RESIDUAL side=sell rank=3 quantity=0
S3_RESIDUAL side=sell rank=1 quantity=0
S3_RESIDUAL side=sell rank=0 quantity=0
S3_RESIDUAL side=sell rank=8 quantity=0
S3_RESIDUAL side=sell rank=2 quantity=0
S3_RESIDUAL side=sell rank=7 quantity=0
S3_RESIDUAL side=sell rank=9 quantity=0
S3_RESIDUAL side=sell rank=5 quantity=632617
S3_RESIDUAL side=sell rank=4 quantity=623451
S3_RESIDUAL side=sell rank=10 quantity=0
S3_RESIDUAL side=sell rank=11 quantity=0
S3_RESIDUAL side=sell rank=12 quantity=0
S3_RESIDUAL side=sell rank=13 quantity=0
S3_RESIDUAL side=sell rank=14 quantity=0
S3_RESIDUAL side=sell rank=15 quantity=0
The following benchmarks are including preprocessing (offline phase).
Time = 2.47447 seconds 
Data sent = 56.5948 MB in ~14142 rounds (party 0 only; use '-v' for more details)
Global data sent = 169.464 MB (all parties)
This program might benefit from some protocol options.
Consider adding the following at the beginning of your code:
	program.use_edabit(True)
