Using statistical security parameter 40
Trying to run 255-bit computation (256-bit representation)
S3_FMATCH_TEST valid=1 commitment=-1458262783730219434382686055683977128640717854434101907605088256796903092331 aggregate_quantity=2421299 aggregate_settlement=1375602464796
S3_MATCH slot=0 active=1 buy_rank=0 sell_rank=10 price=517748 quantity=21147 settlement=10948816956 buy_residual=460844 sell_residual=0
S3_MATCH slot=1 active=1 buy_rank=0 sell_rank=1 price=611321 quantity=460844 settlement=281723614924 buy_residual=0 sell_residual=277924
S3_MATCH slot=2 active=1 buy_rank=2 sell_rank=1 price=547458 quantity=237402 settlement=129967624116 buy_residual=0 sell_residual=40522
S3_MATCH slot=3 active=1 buy_rank=6 sell_rank=1 price=514964 quantity=40522 settlement=20867371208 buy_residual=18181 sell_residual=0
S3_MATCH slot=4 active=1 buy_rank=6 sell_rank=2 price=264449 quantity=18181 settlement=4807947269 buy_residual=0 sell_residual=719477
S3_MATCH slot=5 active=1 buy_rank=8 sell_rank=2 price=63986 quantity=310285 settlement=19853896010 buy_residual=0 sell_residual=409192
S3_MATCH slot=6 active=1 buy_rank=3 sell_rank=2 price=59854 quantity=37909 settlement=2269005286 buy_residual=0 sell_residual=371283
S3_MATCH slot=7 active=1 buy_rank=1 sell_rank=2 price=489486 quantity=371283 settlement=181737830538 buy_residual=405435 sell_residual=0
S3_MATCH slot=8 active=1 buy_rank=1 sell_rank=8 price=763194 quantity=24010 settlement=18324287940 buy_residual=381425 sell_residual=0
S3_MATCH slot=9 active=1 buy_rank=1 sell_rank=3 price=977963 quantity=362705 settlement=354712069915 buy_residual=18720 sell_residual=0
S3_MATCH slot=10 active=1 buy_rank=1 sell_rank=6 price=707121 quantity=18720 settlement=13237305120 buy_residual=0 sell_residual=38860
S3_MATCH slot=11 active=1 buy_rank=5 sell_rank=6 price=655121 quantity=38860 settlement=25458002060 buy_residual=479431 sell_residual=0
S3_MATCH slot=12 active=1 buy_rank=5 sell_rank=4 price=533004 quantity=259569 settlement=138351315276 buy_residual=219862 sell_residual=0
S3_MATCH slot=13 active=1 buy_rank=5 sell_rank=5 price=788419 quantity=219862 settlement=173343378178 buy_residual=0 sell_residual=88179
S3_MATCH slot=14 active=0 buy_rank=0 sell_rank=0 price=0 quantity=0 settlement=0 buy_residual=0 sell_residual=0
S3_MATCH slot=15 active=0 buy_rank=0 sell_rank=0 price=0 quantity=0 settlement=0 buy_residual=0 sell_residual=0
S3_MATCH slot=16 active=0 buy_rank=0 sell_rank=0 price=0 quantity=0 settlement=0 buy_residual=0 sell_residual=0
S3_MATCH slot=17 active=0 buy_rank=0 sell_rank=0 price=0 quantity=0 settlement=0 buy_residual=0 sell_residual=0
S3_MATCH slot=18 active=0 buy_rank=0 sell_rank=0 price=0 quantity=0 settlement=0 buy_residual=0 sell_residual=0
S3_MATCH slot=19 active=0 buy_rank=0 sell_rank=0 price=0 quantity=0 settlement=0 buy_residual=0 sell_residual=0
S3_MATCH slot=20 active=0 buy_rank=0 sell_rank=0 price=0 quantity=0 settlement=0 buy_residual=0 sell_residual=0
S3_MATCH slot=21 active=0 buy_rank=0 sell_rank=0 price=0 quantity=0 settlement=0 buy_residual=0 sell_residual=0
S3_MATCH slot=22 active=0 buy_rank=0 sell_rank=0 price=0 quantity=0 settlement=0 buy_residual=0 sell_residual=0
S3_MATCH slot=23 active=0 buy_rank=0 sell_rank=0 price=0 quantity=0 settlement=0 buy_residual=0 sell_residual=0
S3_MATCH slot=24 active=0 buy_rank=0 sell_rank=0 price=0 quantity=0 settlement=0 buy_residual=0 sell_residual=0
S3_MATCH slot=25 active=0 buy_rank=0 sell_rank=0 price=0 quantity=0 settlement=0 buy_residual=0 sell_residual=0
S3_MATCH slot=26 active=0 buy_rank=0 sell_rank=0 price=0 quantity=0 settlement=0 buy_residual=0 sell_residual=0
S3_MATCH slot=27 active=0 buy_rank=0 sell_rank=0 price=0 quantity=0 settlement=0 buy_residual=0 sell_residual=0
S3_MATCH slot=28 active=0 buy_rank=0 sell_rank=0 price=0 quantity=0 settlement=0 buy_residual=0 sell_residual=0
S3_MATCH slot=29 active=0 buy_rank=0 sell_rank=0 price=0 quantity=0 settlement=0 buy_residual=0 sell_residual=0
S3_MATCH slot=30 active=0 buy_rank=0 sell_rank=0 price=0 quantity=0 settlement=0 buy_residual=0 sell_residual=0
S3_RESIDUAL side=buy rank=0 quantity=0
S3_RESIDUAL side=buy rank=2 quantity=0
S3_RESIDUAL side=buy rank=6 quantity=0
S3_RESIDUAL side=buy rank=8 quantity=0
S3_RESIDUAL side=buy rank=3 quantity=0
S3_RESIDUAL side=buy rank=1 quantity=0
S3_RESIDUAL side=buy rank=5 quantity=0
S3_RESIDUAL side=buy rank=4 quantity=463882
S3_RESIDUAL side=buy rank=7 quantity=587507
S3_RESIDUAL side=buy rank=9 quantity=0
S3_RESIDUAL side=buy rank=10 quantity=0
S3_RESIDUAL side=buy rank=11 quantity=0
S3_RESIDUAL side=buy rank=12 quantity=0
S3_RESIDUAL side=buy rank=13 quantity=0
S3_RESIDUAL side=buy rank=14 quantity=0
S3_RESIDUAL side=buy rank=15 quantity=0
S3_RESIDUAL side=sell rank=10 quantity=0
S3_RESIDUAL side=sell rank=1 quantity=0
S3_RESIDUAL side=sell rank=2 quantity=0
S3_RESIDUAL side=sell rank=8 quantity=0
S3_RESIDUAL side=sell rank=3 quantity=0
S3_RESIDUAL side=sell rank=6 quantity=0
S3_RESIDUAL side=sell rank=4 quantity=0
S3_RESIDUAL side=sell rank=5 quantity=88179
S3_RESIDUAL side=sell rank=9 quantity=615044
S3_RESIDUAL side=sell rank=0 quantity=758284
S3_RESIDUAL side=sell rank=7 quantity=72466
S3_RESIDUAL side=sell rank=11 quantity=152736
S3_RESIDUAL side=sell rank=12 quantity=0
S3_RESIDUAL side=sell rank=13 quantity=0
S3_RESIDUAL side=sell rank=14 quantity=0
S3_RESIDUAL side=sell rank=15 quantity=0
The following benchmarks are including preprocessing (offline phase).
Time = 2.48088 seconds 
Data sent = 56.5948 MB in ~14142 rounds (party 0 only; use '-v' for more details)
Global data sent = 169.464 MB (all parties)
This program might benefit from some protocol options.
Consider adding the following at the beginning of your code:
	program.use_edabit(True)
