Using statistical security parameter 40
Trying to run 255-bit computation (256-bit representation)
S3_FMATCH_TEST valid=1 commitment=3396289244747718420261212224229973660288875005622355464515066785633943555726 aggregate_quantity=1846904 aggregate_settlement=988679152132
S3_MATCH slot=0 active=1 buy_rank=3 sell_rank=2 price=700705 quantity=84052 settlement=58895656660 buy_residual=410812 sell_residual=0
S3_MATCH slot=1 active=1 buy_rank=3 sell_rank=0 price=857625 quantity=410812 settlement=352322641500 buy_residual=0 sell_residual=430068
S3_MATCH slot=2 active=1 buy_rank=1 sell_rank=0 price=810842 quantity=406478 settlement=329589434476 buy_residual=0 sell_residual=23590
S3_MATCH slot=3 active=1 buy_rank=5 sell_rank=0 price=494250 quantity=23590 settlement=11659357500 buy_residual=265762 sell_residual=0
S3_MATCH slot=4 active=1 buy_rank=5 sell_rank=12 price=360125 quantity=253043 settlement=91127110375 buy_residual=12719 sell_residual=0
S3_MATCH slot=5 active=1 buy_rank=5 sell_rank=4 price=317021 quantity=12719 settlement=4032190099 buy_residual=0 sell_residual=196259
S3_MATCH slot=6 active=1 buy_rank=2 sell_rank=4 price=351241 quantity=25370 settlement=8910984170 buy_residual=0 sell_residual=170889
S3_MATCH slot=7 active=1 buy_rank=6 sell_rank=7 price=33108 quantity=118304 settlement=3916808832 buy_residual=0 sell_residual=512536
S3_MATCH slot=8 active=1 buy_rank=8 sell_rank=7 price=255445 quantity=500136 settlement=127757240520 buy_residual=0 sell_residual=12400
S3_MATCH slot=9 active=1 buy_rank=7 sell_rank=7 price=37720 quantity=12400 settlement=467728000 buy_residual=862214 sell_residual=0
S3_MATCH slot=10 active=0 buy_rank=0 sell_rank=0 price=0 quantity=0 settlement=0 buy_residual=0 sell_residual=0
S3_MATCH slot=11 active=0 buy_rank=0 sell_rank=0 price=0 quantity=0 settlement=0 buy_residual=0 sell_residual=0
S3_MATCH slot=12 active=0 buy_rank=0 sell_rank=0 price=0 quantity=0 settlement=0 buy_residual=0 sell_residual=0
S3_MATCH slot=13 active=0 buy_rank=0 sell_rank=0 price=0 quantity=0 settlement=0 buy_residual=0 sell_residual=0
S3_MATCH slot=14 active=0 buy_rank=0 sell_rank=0 price=0 quantity=0 settlement=0 buy_residual=0 sell_residual=0
S3_MATCH slot=15 active=0 buy_rank=0 sell_rank=0 price=0 quantity=0 settlement=0 buy_residual=0 sell_residual=0
S3_MATCH slot=16 active=0 buy_rank=0 sell_rank=0 price=0 quantity=0 settlement=0 buy_residual=0 sell_residual=0
S3_MATCH slot=17 active=0 buy_rank=0 sell_rank=0 price=0 quantity=0 settlement=0 buy_residual=0 sell_residual=0
S3_MATCH slot=18 active=0 buy_rank=0 sell_rank=0 price=0 quantity=0 settlement=0 buy_residual=0 sell_residual=0
S3_MATCH slot=19 active=0 buy_rank=0 sell_rank=0 price=0 quantity=0 settlement=0 buy_residual=0 sell_residual=0
S3_MATCH slot=20 active=0 buy_rank=0 sell_rank=0 price=0 quantity=0 settlement=0 buy_residual=0 sell_residual=0
S3_MATCH slot=21 active=0 buy_rank=0 sell_rank=0 price=0 quantity=0 settlement=0 buy_residual=0 sell_residual=0
S3_MATCH slot=22 active=0 buy_rank=0 sell_rank=0 price=0 quantity=0 settlement=0 buy_residual=0 sell_residual=0
S3_MATCH slot=23 active=0 buy_rank=0 sell_rank=0 price=0 quantity=0 settlement=0 buy_residual=0 sell_residual=0
S3_MATCH slot=24 active=0 buy_rank=0 sell_rank=0 price=0 quantity=0 settlement=0 buy_residual=0 sell_residual=0
S3_MATCH slot=25 active=0 buy_rank=0 sell_rank=0 price=0 quantity=0 settlement=0 buy_residual=0 sell_residual=0
S3_MATCH slot=26 active=0 buy_rank=0 sell_rank=0 price=0 quantity=0 settlement=0 buy_residual=0 sell_residual=0
S3_MATCH slot=27 active=0 buy_rank=0 sell_rank=0 price=0 quantity=0 settlement=0 buy_residual=0 sell_residual=0
S3_MATCH slot=28 active=0 buy_rank=0 sell_rank=0 price=0 quantity=0 settlement=0 buy_residual=0 sell_residual=0
S3_MATCH slot=29 active=0 buy_rank=0 sell_rank=0 price=0 quantity=0 settlement=0 buy_residual=0 sell_residual=0
S3_MATCH slot=30 active=0 buy_rank=0 sell_rank=0 price=0 quantity=0 settlement=0 buy_residual=0 sell_residual=0
S3_RESIDUAL side=buy rank=3 quantity=0
S3_RESIDUAL side=buy rank=1 quantity=0
S3_RESIDUAL side=buy rank=5 quantity=0
S3_RESIDUAL side=buy rank=2 quantity=0
S3_RESIDUAL side=buy rank=6 quantity=0
S3_RESIDUAL side=buy rank=8 quantity=0
S3_RESIDUAL side=buy rank=7 quantity=862214
S3_RESIDUAL side=buy rank=4 quantity=211729
S3_RESIDUAL side=buy rank=0 quantity=340351
S3_RESIDUAL side=buy rank=9 quantity=0
S3_RESIDUAL side=buy rank=10 quantity=0
S3_RESIDUAL side=buy rank=11 quantity=0
S3_RESIDUAL side=buy rank=12 quantity=0
S3_RESIDUAL side=buy rank=13 quantity=0
S3_RESIDUAL side=buy rank=14 quantity=0
S3_RESIDUAL side=buy rank=15 quantity=0
S3_RESIDUAL side=sell rank=2 quantity=0
S3_RESIDUAL side=sell rank=0 quantity=0
S3_RESIDUAL side=sell rank=12 quantity=0
S3_RESIDUAL side=sell rank=4 quantity=170889
S3_RESIDUAL side=sell rank=7 quantity=0
S3_RESIDUAL side=sell rank=1 quantity=877188
S3_RESIDUAL side=sell rank=10 quantity=469217
S3_RESIDUAL side=sell rank=11 quantity=85656
S3_RESIDUAL side=sell rank=5 quantity=773045
S3_RESIDUAL side=sell rank=9 quantity=736371
S3_RESIDUAL side=sell rank=8 quantity=436796
S3_RESIDUAL side=sell rank=3 quantity=516062
S3_RESIDUAL side=sell rank=6 quantity=477478
S3_RESIDUAL side=sell rank=13 quantity=0
S3_RESIDUAL side=sell rank=14 quantity=0
S3_RESIDUAL side=sell rank=15 quantity=0
The following benchmarks are including preprocessing (offline phase).
Time = 2.70095 seconds 
Data sent = 56.5948 MB in ~14142 rounds (party 0 only; use '-v' for more details)
Global data sent = 169.464 MB (all parties)
This program might benefit from some protocol options.
Consider adding the following at the beginning of your code:
	program.use_edabit(True)
