Using statistical security parameter 40
Trying to run 255-bit computation (256-bit representation)
S3_FMATCH_TEST valid=1 commitment=-2086067691469665013857811685039026535320488294667351124308494308960717399059 aggregate_quantity=2100727 aggregate_settlement=789944811094
S3_MATCH slot=0 active=1 buy_rank=13 sell_rank=9 price=511412 quantity=111639 settlement=57093524268 buy_residual=0 sell_residual=26110
S3_MATCH slot=1 active=1 buy_rank=6 sell_rank=9 price=170157 quantity=26110 settlement=4442799270 buy_residual=478818 sell_residual=0
S3_MATCH slot=2 active=1 buy_rank=6 sell_rank=5 price=221115 quantity=231878 settlement=51271703970 buy_residual=246940 sell_residual=0
S3_MATCH slot=3 active=1 buy_rank=6 sell_rank=8 price=82055 quantity=246940 settlement=20262661700 buy_residual=0 sell_residual=653735
S3_MATCH slot=4 active=1 buy_rank=12 sell_rank=8 price=130473 quantity=609379 settlement=79507506267 buy_residual=0 sell_residual=44356
S3_MATCH slot=5 active=1 buy_rank=7 sell_rank=8 price=406563 quantity=44356 settlement=18033508428 buy_residual=124926 sell_residual=0
S3_MATCH slot=6 active=1 buy_rank=7 sell_rank=10 price=693525 quantity=124926 settlement=86639304150 buy_residual=0 sell_residual=161306
S3_MATCH slot=7 active=1 buy_rank=2 sell_rank=10 price=588477 quantity=161306 settlement=94924870962 buy_residual=544193 sell_residual=0
S3_MATCH slot=8 active=1 buy_rank=2 sell_rank=1 price=757111 quantity=416085 settlement=315022530435 buy_residual=128108 sell_residual=0
S3_MATCH slot=9 active=1 buy_rank=2 sell_rank=3 price=489793 quantity=128108 settlement=62746401644 buy_residual=0 sell_residual=617588
S3_MATCH slot=10 active=0 buy_rank=0 sell_rank=0 price=0 quantity=0 settlement=0 buy_residual=0 sell_residual=0
S3_MATCH slot=11 active=0 buy_rank=0 sell_rank=0 price=0 quantity=0 settlement=0 buy_residual=0 sell_residual=0
S3_MATCH slot=12 active=0 buy_rank=0 sell_rank=0 price=0 quantity=0 settlement=0 buy_residual=0 sell_residual=0
S3_MATCH slot=13 active=0 buy_rank=0 sell_rank=0 price=0 quantity=0 settlement=0 buy_residual=0 sell_residual=0
S3_MATCH slot=14 active=0 buy_rank=0 sell_rank=0 price=0 quantity=0 settlement=0 buy_residual=0 sell_residual=0
S3_MATCH slot=15 active=0 buy_rank=0 sell_rank=0 price=0 quantity=0 settlement=0 buy_residual=0 sell_residual=0
S3_MATCH slot=16 active=0 buy_rank=0 sell_rank=0 price=0 quantity=0 settlement=0 buy_residual=0 sell_residual=0
S3_MATCH slot=17 active=0 buy_rank=0 sell_rank=0 price=0 quantity=0 settlement=0 buy_residual=0 sell_residual=0
S3_MATCH slot=18 active=0 buy_rank=0 sell_rank=0 price=0 quantity=0 settlement=0 buy_residual=0 sell_residual=0
S3_MATCH slot=19 active=0 buy_rank=0 sell_rank=0 price=0 quantity=0 settlement=0 buy_residual=0 sell_residual=0
S3_MATCH slot=20 active=0 buy_rank=0 sell_rank=0 price=0 quantity=0 settlement=0 buy_residual=0 sell_residual=0
S3_MATCH slot=21 active=0 buy_rank=0 sell_rank=0 price=0 quantity=0 settlement=0 buy_residual=0 sell_residual=0
S3_MATCH slot=22 active=0 buy_rank=0 sell_rank=0 price=0 quantity=0 settlement=0 buy_residual=0 sell_residual=0
S3_MATCH slot=23 active=0 buy_rank=0 sell_rank=0 price=0 quantity=0 settlement=0 buy_residual=0 sell_residual=0
S3_MATCH slot=24 active=0 buy_rank=0 sell_rank=0 price=0 quantity=0 settlement=0 buy_residual=0 sell_residual=0
S3_MATCH slot=25 active=0 buy_rank=0 sell_rank=0 price=0 quantity=0 settlement=0 buy_residual=0 sell_residual=0
S3_MATCH slot=26 active=0 buy_rank=0 sell_rank=0 price=0 quantity=0 settlement=0 buy_residual=0 sell_residual=0
S3_MATCH slot=27 active=0 buy_rank=0 sell_rank=0 price=0 quantity=0 settlement=0 buy_residual=0 sell_residual=0
S3_MATCH slot=28 active=0 buy_rank=0 sell_rank=0 price=0 quantity=0 settlement=0 buy_residual=0 sell_residual=0
S3_MATCH slot=29 active=0 buy_rank=0 sell_rank=0 price=0 quantity=0 settlement=0 buy_residual=0 sell_residual=0
S3_MATCH slot=30 active=0 buy_rank=0 sell_rank=0 price=0 quantity=0 settlement=0 buy_residual=0 sell_residual=0
S3_RESIDUAL side=buy rank=13 quantity=0
S3_RESIDUAL side=buy rank=6 quantity=0
S3_RESIDUAL side=buy rank=12 quantity=0
S3_RESIDUAL side=buy rank=7 quantity=0
S3_RESIDUAL side=buy rank=2 quantity=0
S3_RESIDUAL side=buy rank=9 quantity=945149
S3_RESIDUAL side=buy rank=4 quantity=293016
S3_RESIDUAL side=buy rank=10 quantity=724809
S3_RESIDUAL side=buy rank=3 quantity=317310
S3_RESIDUAL side=buy rank=11 quantity=237567
S3_RESIDUAL side=buy rank=5 quantity=808081
S3_RESIDUAL side=buy rank=8 quantity=531388
S3_RESIDUAL side=buy rank=0 quantity=167540
S3_RESIDUAL side=buy rank=1 quantity=848876
S3_RESIDUAL side=buy rank=14 quantity=0
S3_RESIDUAL side=buy rank=15 quantity=0
S3_RESIDUAL side=sell rank=9 quantity=0
S3_RESIDUAL side=sell rank=5 quantity=0
S3_RESIDUAL side=sell rank=6 quantity=222960
S3_RESIDUAL side=sell rank=4 quantity=396896
S3_RESIDUAL side=sell rank=11 quantity=419624
S3_RESIDUAL side=sell rank=0 quantity=774022
S3_RESIDUAL side=sell rank=2 quantity=475428
S3_RESIDUAL side=sell rank=8 quantity=0
S3_RESIDUAL side=sell rank=10 quantity=0
S3_RESIDUAL side=sell rank=1 quantity=0
S3_RESIDUAL side=sell rank=7 quantity=864490
S3_RESIDUAL side=sell rank=3 quantity=617588
S3_RESIDUAL side=sell rank=13 quantity=665440
S3_RESIDUAL side=sell rank=12 quantity=527176
S3_RESIDUAL side=sell rank=14 quantity=0
S3_RESIDUAL side=sell rank=15 quantity=0
The following benchmarks are including preprocessing (offline phase).
Time = 2.49144 seconds 
Data sent = 56.5948 MB in ~14142 rounds (party 0 only; use '-v' for more details)
Global data sent = 169.464 MB (all parties)
This program might benefit from some protocol options.
Consider adding the following at the beginning of your code:
	program.use_edabit(True)
