Using statistical security parameter 40
Trying to run 255-bit computation (256-bit representation)
S3_FMATCH_TEST valid=1 commitment=-16072750030588542968159216966146941311311396124147570116725772202026385330973 aggregate_quantity=2522689 aggregate_settlement=1417211659807
S3_MATCH slot=0 active=1 buy_rank=5 sell_rank=1 price=613674 quantity=432344 settlement=265318271856 buy_residual=180444 sell_residual=0
S3_MATCH slot=1 active=1 buy_rank=5 sell_rank=5 price=564120 quantity=180444 settlement=101792069280 buy_residual=0 sell_residual=415184
S3_MATCH slot=2 active=1 buy_rank=0 sell_rank=5 price=544283 quantity=415184 settlement=225977593072 buy_residual=5336 sell_residual=0
S3_MATCH slot=3 active=1 buy_rank=0 sell_rank=7 price=344050 quantity=5336 settlement=1835850800 buy_residual=0 sell_residual=89546
S3_MATCH slot=4 active=1 buy_rank=2 sell_rank=7 price=453256 quantity=89546 settlement=40587261776 buy_residual=647463 sell_residual=0
S3_MATCH slot=5 active=1 buy_rank=2 sell_rank=3 price=400852 quantity=647463 settlement=259536838476 buy_residual=0 sell_residual=249407
S3_MATCH slot=6 active=1 buy_rank=4 sell_rank=3 price=490233 quantity=182800 settlement=89614592400 buy_residual=0 sell_residual=66607
S3_MATCH slot=7 active=1 buy_rank=7 sell_rank=3 price=432101 quantity=66607 settlement=28780951307 buy_residual=502965 sell_residual=0
S3_MATCH slot=8 active=1 buy_rank=7 sell_rank=8 price=802776 quantity=502965 settlement=403768230840 buy_residual=0 sell_residual=348789
S3_MATCH slot=9 active=0 buy_rank=0 sell_rank=0 price=0 quantity=0 settlement=0 buy_residual=0 sell_residual=0
S3_MATCH slot=10 active=0 buy_rank=0 sell_rank=0 price=0 quantity=0 settlement=0 buy_residual=0 sell_residual=0
S3_MATCH slot=11 active=0 buy_rank=0 sell_rank=0 price=0 quantity=0 settlement=0 buy_residual=0 sell_residual=0
S3_MATCH slot=12 active=0 buy_rank=0 sell_rank=0 price=0 quantity=0 settlement=0 buy_residual=0 sell_residual=0
S3_MATCH slot=13 active=0 buy_rank=0 sell_rank=0 price=0 quantity=0 settlement=0 buy_residual=0 sell_residual=0
S3_MATCH slot=14 active=0 buy_rank=0 sell_rank=0 price=0 quantity=0 settlement=0 buy_residual=0 sell_residual=0
S3_MATCH slot=15 active=0 buy_rank=0 sell_rank=0 price=0 quantity=0 settlement=0 buy_residual=0 sell_residual=0
S3_MATCH slot=16 active=0 buy_rank=0 sell_rank=0 price=0 quantity=0 settlement=0 buy_residual=0 sell_residual=0
S3_MATCH slot=17 active=0 buy_rank=0 sell_rank=0 price=0 quantity=0 settlement=0 buy_residual=0 sell_residual=0
S3_MATCH slot=18 active=0 buy_rank=0 sell_rank=0 price=0 quantity=0 settlement=0 buy_residual=0 sell_residual=0
S3_MATCH slot=19 active=0 buy_rank=0 sell_rank=0 price=0 quantity=0 settlement=0 buy_residual=0 sell_residual=0
S3_MATCH slot=20 active=0 buy_rank=0 sell_rank=0 price=0 quantity=0 settlement=0 buy_residual=0 sell_residual=0
S3_MATCH slot=21 active=0 buy_rank=0 sell_rank=0 price=0 quantity=0 settlement=0 buy_residual=0 sell_residual=0
S3_MATCH slot=22 active=0 buy_rank=0 sell_rank=0 price=0 quantity=0 settlement=0 buy_residual=0 sell_residual=0
S3_MATCH slot=23 active=0 buy_rank=0 sell_rank=0 price=0 quantity=0 settlement=0 buy_residual=0 sell_residual=0
S3_MATCH slot=24 active=0 buy_rank=0 sell_rank=0 price=0 quantity=0 settlement=0 buy_residual=0 sell_residual=0
S3_MATCH slot=25 active=0 buy_rank=0 sell_rank=0 price=0 quantity=0 settlement=0 buy_residual=0 sell_residual=0
S3_MATCH slot=26 active=0 buy_rank=0 sell_rank=0 price=0 quantity=0 settlement=0 buy_residual=0 sell_residual=0
S3_MATCH slot=27 active=0 buy_rank=0 sell_rank=0 price=0 quantity=0 settlement=0 buy_residual=0 sell_residual=0
S3_MATCH slot=28 active=0 buy_rank=0 sell_rank=0 price=0 quantity=0 settlement=0 buy_residual=0 sell_residual=0
S3_MATCH slot=29 active=0 buy_rank=0 sell_rank=0 price=0 quantity=0 settlement=0 buy_residual=0 sell_residual=0
S3_MATCH slot=30 active=0 buy_rank=0 sell_rank=0 price=0 quantity=0 settlement=0 buy_residual=0 sell_residual=0
S3_RESIDUAL side=buy rank=5 quantity=0
S3_RESIDUAL side=buy rank=0 quantity=0
S3_RESIDUAL side=buy rank=2 quantity=0
S3_RESIDUAL side=buy rank=4 quantity=0
S3_RESIDUAL side=buy rank=7 quantity=0
S3_RESIDUAL side=buy rank=8 quantity=961436
S3_RESIDUAL side=buy rank=3 quantity=91572
S3_RESIDUAL side=buy rank=1 quantity=344867
S3_RESIDUAL side=buy rank=9 quantity=307781
S3_RESIDUAL side=buy rank=6 quantity=979926
S3_RESIDUAL side=buy rank=10 quantity=0
S3_RESIDUAL side=buy rank=11 quantity=0
S3_RESIDUAL side=buy rank=12 quantity=0
S3_RESIDUAL side=buy rank=13 quantity=0
S3_RESIDUAL side=buy rank=14 quantity=0
S3_RESIDUAL side=buy rank=15 quantity=0
S3_RESIDUAL side=sell rank=1 quantity=0
S3_RESIDUAL side=sell rank=5 quantity=0
S3_RESIDUAL side=sell rank=7 quantity=0
S3_RESIDUAL side=sell rank=3 quantity=0
S3_RESIDUAL side=sell rank=8 quantity=348789
S3_RESIDUAL side=sell rank=4 quantity=520066
S3_RESIDUAL side=sell rank=0 quantity=534155
S3_RESIDUAL side=sell rank=11 quantity=415336
S3_RESIDUAL side=sell rank=9 quantity=755839
S3_RESIDUAL side=sell rank=10 quantity=126505
S3_RESIDUAL side=sell rank=2 quantity=786196
S3_RESIDUAL side=sell rank=6 quantity=950831
S3_RESIDUAL side=sell rank=12 quantity=0
S3_RESIDUAL side=sell rank=13 quantity=0
S3_RESIDUAL side=sell rank=14 quantity=0
S3_RESIDUAL side=sell rank=15 quantity=0
The following benchmarks are including preprocessing (offline phase).
Time = 2.52476 seconds 
Data sent = 56.5948 MB in ~14142 rounds (party 0 only; use '-v' for more details)
Global data sent = 169.464 MB (all parties)
This program might benefit from some protocol options.
Consider adding the following at the beginning of your code:
	program.use_edabit(True)
