Using statistical security parameter 40
Trying to run 255-bit computation (256-bit representation)
S3_FMATCH_TEST valid=1 commitment=10553206574467444315949440634735226928356925560242586775814609277443356451415 aggregate_quantity=2704824 aggregate_settlement=960531887782
S3_MATCH slot=0 active=1 buy_rank=1 sell_rank=0 price=340480 quantity=284497 settlement=96865538560 buy_residual=0 sell_residual=138045
S3_MATCH slot=1 active=1 buy_rank=8 sell_rank=0 price=166881 quantity=138045 settlement=23037087645 buy_residual=843963 sell_residual=0
S3_MATCH slot=2 active=1 buy_rank=8 sell_rank=8 price=153038 quantity=793464 settlement=121430143632 buy_residual=50499 sell_residual=0
S3_MATCH slot=3 active=1 buy_rank=8 sell_rank=4 price=204969 quantity=50499 settlement=10350729531 buy_residual=0 sell_residual=915786
S3_MATCH slot=4 active=1 buy_rank=10 sell_rank=4 price=476337 quantity=625070 settlement=297743968590 buy_residual=0 sell_residual=290716
S3_MATCH slot=5 active=1 buy_rank=3 sell_rank=4 price=624115 quantity=290716 settlement=181440216340 buy_residual=130714 sell_residual=0
S3_MATCH slot=6 active=1 buy_rank=3 sell_rank=2 price=959709 quantity=130714 settlement=125447402226 buy_residual=0 sell_residual=333582
S3_MATCH slot=7 active=1 buy_rank=5 sell_rank=6 price=265982 quantity=391819 settlement=104216801258 buy_residual=373737 sell_residual=0
S3_MATCH slot=8 active=0 buy_rank=0 sell_rank=0 price=0 quantity=0 settlement=0 buy_residual=0 sell_residual=0
S3_MATCH slot=9 active=0 buy_rank=0 sell_rank=0 price=0 quantity=0 settlement=0 buy_residual=0 sell_residual=0
S3_MATCH slot=10 active=0 buy_rank=0 sell_rank=0 price=0 quantity=0 settlement=0 buy_residual=0 sell_residual=0
S3_MATCH slot=11 active=0 buy_rank=0 sell_rank=0 price=0 quantity=0 settlement=0 buy_residual=0 sell_residual=0
S3_MATCH slot=12 active=0 buy_rank=0 sell_rank=0 price=0 quantity=0 settlement=0 buy_residual=0 sell_residual=0
S3_MATCH slot=13 active=0 buy_rank=0 sell_rank=0 price=0 quantity=0 settlement=0 buy_residual=0 sell_residual=0
S3_MATCH slot=14 active=0 buy_rank=0 sell_rank=0 price=0 quantity=0 settlement=0 buy_residual=0 sell_residual=0
S3_MATCH slot=15 active=0 buy_rank=0 sell_rank=0 price=0 quantity=0 settlement=0 buy_residual=0 sell_residual=0
S3_MATCH slot=16 active=0 buy_rank=0 sell_rank=0 price=0 quantity=0 settlement=0 buy_residual=0 sell_residual=0
S3_MATCH slot=17 active=0 buy_rank=0 sell_rank=0 price=0 quantity=0 settlement=0 buy_residual=0 sell_residual=0
S3_MATCH slot=18 active=0 buy_rank=0 sell_rank=0 price=0 quantity=0 settlement=0 buy_residual=0 sell_residual=0
S3_MATCH slot=19 active=0 buy_rank=0 sell_rank=0 price=0 quantity=0 settlement=0 buy_residual=0 sell_residual=0
S3_MATCH slot=20 active=0 buy_rank=0 sell_rank=0 price=0 quantity=0 settlement=0 buy_residual=0 sell_residual=0
S3_MATCH slot=21 active=0 buy_rank=0 sell_rank=0 price=0 quantity=0 settlement=0 buy_residual=0 sell_residual=0
S3_MATCH slot=22 active=0 buy_rank=0 sell_rank=0 price=0 quantity=0 settlement=0 buy_residual=0 sell_residual=0
S3_MATCH slot=23 active=0 buy_rank=0 sell_rank=0 price=0 quantity=0 settlement=0 buy_residual=0 sell_residual=0
S3_MATCH slot=24 active=0 buy_rank=0 sell_rank=0 price=0 quantity=0 settlement=0 buy_residual=0 sell_residual=0
S3_MATCH slot=25 active=0 buy_rank=0 sell_rank=0 price=0 quantity=0 settlement=0 buy_residual=0 sell_residual=0
S3_MATCH slot=26 active=0 buy_rank=0 sell_rank=0 price=0 quantity=0 settlement=0 buy_residual=0 sell_residual=0
S3_MATCH slot=27 active=0 buy_rank=0 sell_rank=0 price=0 quantity=0 settlement=0 buy_residual=0 sell_residual=0
S3_MATCH slot=28 active=0 buy_rank=0 sell_rank=0 price=0 quantity=0 settlement=0 buy_residual=0 sell_residual=0
S3_MATCH slot=29 active=0 buy_rank=0 sell_rank=0 price=0 quantity=0 settlement=0 buy_residual=0 sell_residual=0
S3_MATCH slot=30 active=0 buy_rank=0 sell_rank=0 price=0 quantity=0 settlement=0 buy_residual=0 sell_residual=0
S3_RESIDUAL side=buy rank=1 quantity=0
S3_RESIDUAL side=buy rank=8 quantity=0
S3_RESIDUAL side=buy rank=10 quantity=0
S3_RESIDUAL side=buy rank=3 quantity=0
S3_RESIDUAL side=buy rank=5 quantity=373737
S3_RESIDUAL side=buy rank=11 quantity=990728
S3_RESIDUAL side=buy rank=9 quantity=339004
S3_RESIDUAL side=buy rank=4 quantity=799761
S3_RESIDUAL side=buy rank=6 quantity=725156
S3_RESIDUAL side=buy rank=7 quantity=428558
S3_RESIDUAL side=buy rank=2 quantity=969776
S3_RESIDUAL side=buy rank=0 quantity=425652
S3_RESIDUAL side=buy rank=12 quantity=0
S3_RESIDUAL side=buy rank=13 quantity=0
S3_RESIDUAL side=buy rank=14 quantity=0
S3_RESIDUAL side=buy rank=15 quantity=0
S3_RESIDUAL side=sell rank=0 quantity=0
S3_RESIDUAL side=sell rank=8 quantity=0
S3_RESIDUAL side=sell rank=4 quantity=0
S3_RESIDUAL side=sell rank=2 quantity=333582
S3_RESIDUAL side=sell rank=3 quantity=282713
S3_RESIDUAL side=sell rank=6 quantity=0
S3_RESIDUAL side=sell rank=1 quantity=120619
S3_RESIDUAL side=sell rank=7 quantity=21985
S3_RESIDUAL side=sell rank=5 quantity=123105
S3_RESIDUAL side=sell rank=9 quantity=0
S3_RESIDUAL side=sell rank=10 quantity=0
S3_RESIDUAL side=sell rank=11 quantity=0
S3_RESIDUAL side=sell rank=12 quantity=0
S3_RESIDUAL side=sell rank=13 quantity=0
S3_RESIDUAL side=sell rank=14 quantity=0
S3_RESIDUAL side=sell rank=15 quantity=0
The following benchmarks are including preprocessing (offline phase).
Time = 2.44921 seconds 
Data sent = 56.5948 MB in ~14142 rounds (party 0 only; use '-v' for more details)
Global data sent = 169.464 MB (all parties)
This program might benefit from some protocol options.
Consider adding the following at the beginning of your code:
	program.use_edabit(True)
