Using statistical security parameter 40
Trying to run 255-bit computation (256-bit representation)
S3_FMATCH_TEST valid=1 commitment=-3630779854131824736895751673218855246839612154004924471941225157303884268638 aggregate_quantity=2169202 aggregate_settlement=909253885328
S3_MATCH slot=0 active=1 buy_rank=1 sell_rank=11 price=506989 quantity=108227 settlement=54869898503 buy_residual=0 sell_residual=438109
S3_MATCH slot=1 active=1 buy_rank=6 sell_rank=11 price=595883 quantity=438109 settlement=261061705247 buy_residual=273817 sell_residual=0
S3_MATCH slot=2 active=1 buy_rank=6 sell_rank=5 price=394796 quantity=273817 settlement=108101856332 buy_residual=0 sell_residual=172584
S3_MATCH slot=3 active=1 buy_rank=3 sell_rank=5 price=339224 quantity=172584 settlement=58544634816 buy_residual=660123 sell_residual=0
S3_MATCH slot=4 active=1 buy_rank=3 sell_rank=1 price=831456 quantity=254695 settlement=211767685920 buy_residual=405428 sell_residual=0
S3_MATCH slot=5 active=1 buy_rank=3 sell_rank=14 price=391078 quantity=405428 settlement=158553971384 buy_residual=0 sell_residual=516342
S3_MATCH slot=6 active=1 buy_rank=5 sell_rank=14 price=100307 quantity=162963 settlement=16346329641 buy_residual=0 sell_residual=353379
S3_MATCH slot=7 active=1 buy_rank=4 sell_rank=14 price=113215 quantity=353379 settlement=40007803485 buy_residual=591809 sell_residual=0
S3_MATCH slot=8 active=0 buy_rank=0 sell_rank=0 price=0 quantity=0 settlement=0 buy_residual=0 sell_residual=0
S3_MATCH slot=9 active=0 buy_rank=0 sell_rank=0 price=0 quantity=0 settlement=0 buy_residual=0 sell_residual=0
S3_MATCH slot=10 active=0 buy_rank=0 sell_rank=0 price=0 quantity=0 settlement=0 buy_residual=0 sell_residual=0
S3_MATCH slot=11 active=0 buy_rank=0 sell_rank=0 price=0 quantity=0 settlement=0 buy_residual=0 sell_residual=0
S3_MATCH slot=12 active=0 buy_rank=0 sell_rank=0 price=0 quantity=0 settlement=0 buy_residual=0 sell_residual=0
S3_MATCH slot=13 active=0 buy_rank=0 sell_rank=0 price=0 quantity=0 settlement=0 buy_residual=0 sell_residual=0
S3_MATCH slot=14 active=0 buy_rank=0 sell_rank=0 price=0 quantity=0 settlement=0 buy_residual=0 sell_residual=0
S3_MATCH slot=15 active=0 buy_rank=0 sell_rank=0 price=0 quantity=0 settlement=0 buy_residual=0 sell_residual=0
S3_MATCH slot=16 active=0 buy_rank=0 sell_rank=0 price=0 quantity=0 settlement=0 buy_residual=0 sell_residual=0
S3_MATCH slot=17 active=0 buy_rank=0 sell_rank=0 price=0 quantity=0 settlement=0 buy_residual=0 sell_residual=0
S3_MATCH slot=18 active=0 buy_rank=0 sell_rank=0 price=0 quantity=0 settlement=0 buy_residual=0 sell_residual=0
S3_MATCH slot=19 active=0 buy_rank=0 sell_rank=0 price=0 quantity=0 settlement=0 buy_residual=0 sell_residual=0
S3_MATCH slot=20 active=0 buy_rank=0 sell_rank=0 price=0 quantity=0 settlement=0 buy_residual=0 sell_residual=0
S3_MATCH slot=21 active=0 buy_rank=0 sell_rank=0 price=0 quantity=0 settlement=0 buy_residual=0 sell_residual=0
S3_MATCH slot=22 active=0 buy_rank=0 sell_rank=0 price=0 quantity=0 settlement=0 buy_residual=0 sell_residual=0
S3_MATCH slot=23 active=0 buy_rank=0 sell_rank=0 price=0 quantity=0 settlement=0 buy_residual=0 sell_residual=0
S3_MATCH slot=24 active=0 buy_rank=0 sell_rank=0 price=0 quantity=0 settlement=0 buy_residual=0 sell_residual=0
S3_MATCH slot=25 active=0 buy_rank=0 sell_rank=0 price=0 quantity=0 settlement=0 buy_residual=0 sell_residual=0
S3_MATCH slot=26 active=0 buy_rank=0 sell_rank=0 price=0 quantity=0 settlement=0 buy_residual=0 sell_residual=0
S3_MATCH slot=27 active=0 buy_rank=0 sell_rank=0 price=0 quantity=0 settlement=0 buy_residual=0 sell_residual=0
S3_MATCH slot=28 active=0 buy_rank=0 sell_rank=0 price=0 quantity=0 settlement=0 buy_residual=0 sell_residual=0
S3_MATCH slot=29 active=0 buy_rank=0 sell_rank=0 price=0 quantity=0 settlement=0 buy_residual=0 sell_residual=0
S3_MATCH slot=30 active=0 buy_rank=0 sell_rank=0 price=0 quantity=0 settlement=0 buy_residual=0 sell_residual=0
S3_RESIDUAL side=buy rank=1 quantity=0
S3_RESIDUAL side=buy rank=6 quantity=0
S3_RESIDUAL side=buy rank=3 quantity=0
S3_RESIDUAL side=buy rank=5 quantity=0
S3_RESIDUAL side=buy rank=4 quantity=591809
S3_RESIDUAL side=buy rank=7 quantity=810376
S3_RESIDUAL side=buy rank=2 quantity=489151
S3_RESIDUAL side=buy rank=8 quantity=383939
S3_RESIDUAL side=buy rank=0 quantity=181935
S3_RESIDUAL side=buy rank=9 quantity=556100
S3_RESIDUAL side=buy rank=10 quantity=0
S3_RESIDUAL side=buy rank=11 quantity=0
S3_RESIDUAL side=buy rank=12 quantity=0
S3_RESIDUAL side=buy rank=13 quantity=0
S3_RESIDUAL side=buy rank=14 quantity=0
S3_RESIDUAL side=buy rank=15 quantity=0
S3_RESIDUAL side=sell rank=11 quantity=0
S3_RESIDUAL side=sell rank=5 quantity=0
S3_RESIDUAL side=sell rank=1 quantity=0
S3_RESIDUAL side=sell rank=13 quantity=388305
S3_RESIDUAL side=sell rank=14 quantity=0
S3_RESIDUAL side=sell rank=9 quantity=155844
S3_RESIDUAL side=sell rank=2 quantity=935675
S3_RESIDUAL side=sell rank=8 quantity=91092
S3_RESIDUAL side=sell rank=4 quantity=338846
S3_RESIDUAL side=sell rank=0 quantity=346587
S3_RESIDUAL side=sell rank=6 quantity=120280
S3_RESIDUAL side=sell rank=7 quantity=94828
S3_RESIDUAL side=sell rank=12 quantity=852799
S3_RESIDUAL side=sell rank=3 quantity=392840
S3_RESIDUAL side=sell rank=15 quantity=171681
S3_RESIDUAL side=sell rank=10 quantity=61375
The following benchmarks are including preprocessing (offline phase).
Time = 2.51641 seconds 
Data sent = 56.5948 MB in ~14142 rounds (party 0 only; use '-v' for more details)
Global data sent = 169.464 MB (all parties)
This program might benefit from some protocol options.
Consider adding the following at the beginning of your code:
	program.use_edabit(True)
