Using statistical security parameter 40
Trying to run 255-bit computation (256-bit representation)
S3_FMATCH_TEST valid=1 commitment=24666207367953838213003896557305191191537131412356652779665923099640845481410 aggregate_quantity=3265910 aggregate_settlement=1382322620471
S3_MATCH slot=0 active=1 buy_rank=3 sell_rank=12 price=561810 quantity=137612 settlement=77311797720 buy_residual=599004 sell_residual=0
S3_MATCH slot=1 active=1 buy_rank=3 sell_rank=4 price=686366 quantity=322934 settlement=221650917844 buy_residual=276070 sell_residual=0
S3_MATCH slot=2 active=1 buy_rank=3 sell_rank=10 price=759583 quantity=276070 settlement=209698078810 buy_residual=0 sell_residual=234900
S3_MATCH slot=3 active=1 buy_rank=6 sell_rank=3 price=206151 quantity=910072 settlement=187612252872 buy_residual=0 sell_residual=75637
S3_MATCH slot=4 active=1 buy_rank=4 sell_rank=3 price=516666 quantity=75637 settlement=39079066242 buy_residual=587527 sell_residual=0
S3_MATCH slot=5 active=1 buy_rank=4 sell_rank=0 price=576641 quantity=587527 settlement=338792156807 buy_residual=0 sell_residual=387073
S3_MATCH slot=6 active=1 buy_rank=5 sell_rank=0 price=314257 quantity=387073 settlement=121640399761 buy_residual=458259 sell_residual=0
S3_MATCH slot=7 active=1 buy_rank=5 sell_rank=7 price=375449 quantity=34979 settlement=13132830571 buy_residual=423280 sell_residual=0
S3_MATCH slot=8 active=1 buy_rank=5 sell_rank=9 price=297601 quantity=423280 settlement=125968551280 buy_residual=0 sell_residual=385317
S3_MATCH slot=9 active=1 buy_rank=1 sell_rank=9 price=428414 quantity=110726 settlement=47436568564 buy_residual=0 sell_residual=274591
S3_MATCH slot=10 active=0 buy_rank=0 sell_rank=0 price=0 quantity=0 settlement=0 buy_residual=0 sell_residual=0
S3_MATCH slot=11 active=0 buy_rank=0 sell_rank=0 price=0 quantity=0 settlement=0 buy_residual=0 sell_residual=0
S3_MATCH slot=12 active=0 buy_rank=0 sell_rank=0 price=0 quantity=0 settlement=0 buy_residual=0 sell_residual=0
S3_MATCH slot=13 active=0 buy_rank=0 sell_rank=0 price=0 quantity=0 settlement=0 buy_residual=0 sell_residual=0
S3_MATCH slot=14 active=0 buy_rank=0 sell_rank=0 price=0 quantity=0 settlement=0 buy_residual=0 sell_residual=0
S3_MATCH slot=15 active=0 buy_rank=0 sell_rank=0 price=0 quantity=0 settlement=0 buy_residual=0 sell_residual=0
S3_MATCH slot=16 active=0 buy_rank=0 sell_rank=0 price=0 quantity=0 settlement=0 buy_residual=0 sell_residual=0
S3_MATCH slot=17 active=0 buy_rank=0 sell_rank=0 price=0 quantity=0 settlement=0 buy_residual=0 sell_residual=0
S3_MATCH slot=18 active=0 buy_rank=0 sell_rank=0 price=0 quantity=0 settlement=0 buy_residual=0 sell_residual=0
S3_MATCH slot=19 active=0 buy_rank=0 sell_rank=0 price=0 quantity=0 settlement=0 buy_residual=0 sell_residual=0
S3_MATCH slot=20 active=0 buy_rank=0 sell_rank=0 price=0 quantity=0 settlement=0 buy_residual=0 sell_residual=0
S3_MATCH slot=21 active=0 buy_rank=0 sell_rank=0 price=0 quantity=0 settlement=0 buy_residual=0 sell_residual=0
S3_MATCH slot=22 active=0 buy_rank=0 sell_rank=0 price=0 quantity=0 settlement=0 buy_residual=0 sell_residual=0
S3_MATCH slot=23 active=0 buy_rank=0 sell_rank=0 price=0 quantity=0 settlement=0 buy_residual=0 sell_residual=0
S3_MATCH slot=24 active=0 buy_rank=0 sell_rank=0 price=0 quantity=0 settlement=0 buy_residual=0 sell_residual=0
S3_MATCH slot=25 active=0 buy_rank=0 sell_rank=0 price=0 quantity=0 settlement=0 buy_residual=0 sell_residual=0
S3_MATCH slot=26 active=0 buy_rank=0 sell_rank=0 price=0 quantity=0 settlement=0 buy_residual=0 sell_residual=0
S3_MATCH slot=27 active=0 buy_rank=0 sell_rank=0 price=0 quantity=0 settlement=0 buy_residual=0 sell_residual=0
S3_MATCH slot=28 active=0 buy_rank=0 sell_rank=0 price=0 quantity=0 settlement=0 buy_residual=0 sell_residual=0
S3_MATCH slot=29 active=0 buy_rank=0 sell_rank=0 price=0 quantity=0 settlement=0 buy_residual=0 sell_residual=0
S3_MATCH slot=30 active=0 buy_rank=0 sell_rank=0 price=0 quantity=0 settlement=0 buy_residual=0 sell_residual=0
S3_RESIDUAL side=buy rank=3 quantity=0
S3_RESIDUAL side=buy rank=6 quantity=0
S3_RESIDUAL side=buy rank=4 quantity=0
S3_RESIDUAL side=buy rank=5 quantity=0
S3_RESIDUAL side=buy rank=1 quantity=0
S3_RESIDUAL side=buy rank=9 quantity=437859
S3_RESIDUAL side=buy rank=7 quantity=554696
S3_RESIDUAL side=buy rank=0 quantity=76070
S3_RESIDUAL side=buy rank=2 quantity=608826
S3_RESIDUAL side=buy rank=8 quantity=871393
S3_RESIDUAL side=buy rank=10 quantity=0
S3_RESIDUAL side=buy rank=11 quantity=0
S3_RESIDUAL side=buy rank=12 quantity=0
S3_RESIDUAL side=buy rank=13 quantity=0
S3_RESIDUAL side=buy rank=14 quantity=0
S3_RESIDUAL side=buy rank=15 quantity=0
S3_RESIDUAL side=sell rank=12 quantity=0
S3_RESIDUAL side=sell rank=4 quantity=0
S3_RESIDUAL side=sell rank=10 quantity=234900
S3_RESIDUAL side=sell rank=5 quantity=928659
S3_RESIDUAL side=sell rank=3 quantity=0
S3_RESIDUAL side=sell rank=0 quantity=0
S3_RESIDUAL side=sell rank=6 quantity=293348
S3_RESIDUAL side=sell rank=7 quantity=0
S3_RESIDUAL side=sell rank=11 quantity=514612
S3_RESIDUAL side=sell rank=8 quantity=708245
S3_RESIDUAL side=sell rank=9 quantity=274591
S3_RESIDUAL side=sell rank=1 quantity=860397
S3_RESIDUAL side=sell rank=2 quantity=874699
S3_RESIDUAL side=sell rank=13 quantity=789823
S3_RESIDUAL side=sell rank=14 quantity=0
S3_RESIDUAL side=sell rank=15 quantity=0
The following benchmarks are including preprocessing (offline phase).
Time = 2.70467 seconds 
Data sent = 56.5948 MB in ~14142 rounds (party 0 only; use '-v' for more details)
Global data sent = 169.464 MB (all parties)
This program might benefit from some protocol options.
Consider adding the following at the beginning of your code:
	program.use_edabit(True)
