Using statistical security parameter 40
Trying to run 255-bit computation (256-bit representation)
S3_FMATCH_TEST valid=1 commitment=14641094497070388995326497633950290891854614032808391577357600533583547050604 aggregate_quantity=3207940 aggregate_settlement=1576342652322
S3_MATCH slot=0 active=1 buy_rank=2 sell_rank=0 price=507113 quantity=725056 settlement=367685323328 buy_residual=112549 sell_residual=0
S3_MATCH slot=1 active=1 buy_rank=2 sell_rank=2 price=429267 quantity=112549 settlement=48313571583 buy_residual=0 sell_residual=886213
S3_MATCH slot=2 active=1 buy_rank=9 sell_rank=2 price=321720 quantity=42359 settlement=13627737480 buy_residual=0 sell_residual=843854
S3_MATCH slot=3 active=1 buy_rank=0 sell_rank=2 price=293641 quantity=741252 settlement=217661978532 buy_residual=0 sell_residual=102602
S3_MATCH slot=4 active=1 buy_rank=6 sell_rank=2 price=454293 quantity=102602 settlement=46611370386 buy_residual=618879 sell_residual=0
S3_MATCH slot=5 active=1 buy_rank=6 sell_rank=3 price=460639 quantity=618879 settlement=285079803681 buy_residual=0 sell_residual=133621
S3_MATCH slot=6 active=1 buy_rank=4 sell_rank=3 price=516633 quantity=133621 settlement=69033018093 buy_residual=235792 sell_residual=0
S3_MATCH slot=7 active=1 buy_rank=4 sell_rank=7 price=903850 quantity=235792 settlement=213120599200 buy_residual=0 sell_residual=235063
S3_MATCH slot=8 active=1 buy_rank=5 sell_rank=7 price=825205 quantity=235063 settlement=193975162915 buy_residual=260767 sell_residual=0
S3_MATCH slot=9 active=1 buy_rank=5 sell_rank=8 price=364122 quantity=161292 settlement=58729965624 buy_residual=99475 sell_residual=0
S3_MATCH slot=10 active=1 buy_rank=5 sell_rank=5 price=628340 quantity=99475 settlement=62504121500 buy_residual=0 sell_residual=176725
S3_MATCH slot=11 active=0 buy_rank=0 sell_rank=0 price=0 quantity=0 settlement=0 buy_residual=0 sell_residual=0
S3_MATCH slot=12 active=0 buy_rank=0 sell_rank=0 price=0 quantity=0 settlement=0 buy_residual=0 sell_residual=0
S3_MATCH slot=13 active=0 buy_rank=0 sell_rank=0 price=0 quantity=0 settlement=0 buy_residual=0 sell_residual=0
S3_MATCH slot=14 active=0 buy_rank=0 sell_rank=0 price=0 quantity=0 settlement=0 buy_residual=0 sell_residual=0
S3_MATCH slot=15 active=0 buy_rank=0 sell_rank=0 price=0 quantity=0 settlement=0 buy_residual=0 sell_residual=0
S3_MATCH slot=16 active=0 buy_rank=0 sell_rank=0 price=0 quantity=0 settlement=0 buy_residual=0 sell_residual=0
S3_MATCH slot=17 active=0 buy_rank=0 sell_rank=0 price=0 quantity=0 settlement=0 buy_residual=0 sell_residual=0
S3_MATCH slot=18 active=0 buy_rank=0 sell_rank=0 price=0 quantity=0 settlement=0 buy_residual=0 sell_residual=0
S3_MATCH slot=19 active=0 buy_rank=0 sell_rank=0 price=0 quantity=0 settlement=0 buy_residual=0 sell_residual=0
S3_MATCH slot=20 active=0 buy_rank=0 sell_rank=0 price=0 quantity=0 settlement=0 buy_residual=0 sell_residual=0
S3_MATCH slot=21 active=0 buy_rank=0 sell_rank=0 price=0 quantity=0 settlement=0 buy_residual=0 sell_residual=0
S3_MATCH slot=22 active=0 buy_rank=0 sell_rank=0 price=0 quantity=0 settlement=0 buy_residual=0 sell_residual=0
S3_MATCH slot=23 active=0 buy_rank=0 sell_rank=0 price=0 quantity=0 settlement=0 buy_residual=0 sell_residual=0
S3_MATCH slot=24 active=0 buy_rank=0 sell_rank=0 price=0 quantity=0 settlement=0 buy_residual=0 sell_residual=0
S3_MATCH slot=25 active=0 buy_rank=0 sell_rank=0 price=0 quantity=0 settlement=0 buy_residual=0 sell_residual=0
S3_MATCH slot=26 active=0 buy_rank=0 sell_rank=0 price=0 quantity=0 settlement=0 buy_residual=0 sell_residual=0
S3_MATCH slot=27 active=0 buy_rank=0 sell_rank=0 price=0 quantity=0 settlement=0 buy_residual=0 sell_residual=0
S3_MATCH slot=28 active=0 buy_rank=0 sell_rank=0 price=0 quantity=0 settlement=0 buy_residual=0 sell_residual=0
S3_MATCH slot=29 active=0 buy_rank=0 sell_rank=0 price=0 quantity=0 settlement=0 buy_residual=0 sell_residual=0
S3_MATCH slot=30 active=0 buy_rank=0 sell_rank=0 price=0 quantity=0 settlement=0 buy_residual=0 sell_residual=0
S3_RESIDUAL side=buy rank=2 quantity=0
S3_RESIDUAL side=buy rank=9 quantity=0
S3_RESIDUAL side=buy rank=0 quantity=0
S3_RESIDUAL side=buy rank=6 quantity=0
S3_RESIDUAL side=buy rank=4 quantity=0
S3_RESIDUAL side=buy rank=5 quantity=0
S3_RESIDUAL side=buy rank=7 quantity=240380
S3_RESIDUAL side=buy rank=1 quantity=698106
S3_RESIDUAL side=buy rank=3 quantity=649201
S3_RESIDUAL side=buy rank=8 quantity=423399
S3_RESIDUAL side=buy rank=11 quantity=353754
S3_RESIDUAL side=buy rank=10 quantity=644536
S3_RESIDUAL side=buy rank=12 quantity=0
S3_RESIDUAL side=buy rank=13 quantity=0
S3_RESIDUAL side=buy rank=14 quantity=0
S3_RESIDUAL side=buy rank=15 quantity=0
S3_RESIDUAL side=sell rank=0 quantity=0
S3_RESIDUAL side=sell rank=2 quantity=0
S3_RESIDUAL side=sell rank=3 quantity=0
S3_RESIDUAL side=sell rank=7 quantity=0
S3_RESIDUAL side=sell rank=8 quantity=0
S3_RESIDUAL side=sell rank=5 quantity=176725
S3_RESIDUAL side=sell rank=9 quantity=554038
S3_RESIDUAL side=sell rank=10 quantity=451648
S3_RESIDUAL side=sell rank=4 quantity=702332
S3_RESIDUAL side=sell rank=6 quantity=334966
S3_RESIDUAL side=sell rank=1 quantity=605325
S3_RESIDUAL side=sell rank=11 quantity=0
S3_RESIDUAL side=sell rank=12 quantity=0
S3_RESIDUAL side=sell rank=13 quantity=0
S3_RESIDUAL side=sell rank=14 quantity=0
S3_RESIDUAL side=sell rank=15 quantity=0
The following benchmarks are including preprocessing (offline phase).
Time = 2.92048 seconds 
Data sent = 56.5948 MB in ~14142 rounds (party 0 only; use '-v' for more details)
Global data sent = 169.464 MB (all parties)
This program might benefit from some protocol options.
Consider adding the following at the beginning of your code:
	program.use_edabit(True)
