Using statistical security parameter 40
Trying to run 255-bit computation (256-bit representation)
This program might benefit from some protocol options.
Consider adding the following at the beginning of your code:
	program.use_edabit(True)
Setup took 0.116465 seconds.
S3_FMATCH valid=1 commitment_bits=100011000100110110110001111010111000000010110100100100010100001001000001101010111100001100001100101011000000111011010110001001100011010001001000010110000110110000111001111000110001111000010001111001101110101101010111101001110100100110000010100110101000000
Compiler: ./compile.py -F 255 saib_fmatch 128
	3619 triples of malicious replicated gfp left
	6194 bits of malicious replicated gfp left
Detailed costs:
          3594 integer inputs
       2510988 integer multiplications
       5052333 integer openings
Spent 25.4336 seconds (163.325 MB, 174979 rounds, 35.5775 CPU seconds) on the online phase and 6.77541 seconds (495.454 MB, 2772 rounds, 35.578 CPU seconds) on the preprocessing/offline phase.
Communication details:
Broadcasting 0.814512 MB in 25395 rounds, taking 4.65692 seconds
Passing around 634.11 MB in 152212 rounds, taking 19.2964 seconds
Receiving directly 23.04 MB in 72 rounds, taking 0.0535592 seconds
Sending directly 23.04 MB in 72 rounds, taking 0.0267974 seconds
CPU time = 35.5806
The following benchmarks are including preprocessing (offline phase).
Time = 32.2365 seconds 
Data sent = 658.779 MB in ~177751 rounds (party 0 only)
Global data sent = 1976.34 MB (all parties)
Actual preprocessing cost of program:
  Type int
       2516381        Triples
       2153806           Bits
This program might benefit from some protocol options.
Consider adding the following at the beginning of your code:
	program.use_edabit(True)
Command line: /mnt/g/paperexper/retf/third_party/MP-SPDZ-s3.1.1-patched/malicious-rep-field-party.x 0 saib_fmatch-128 -pn 27400 -h localhost -P 52435875175126190479447740508185965837690552500527637822603658699938581184513 -v
