Using statistical security parameter 40
Trying to run 255-bit computation (256-bit representation)
S3_FMATCH_TEST valid=1 commitment=-25490411172665576741494972503135711352605221743908250112727095964908832736981 aggregate_quantity=4294326 aggregate_settlement=1878759099837
S3_MATCH slot=0 active=1 buy_rank=1 sell_rank=10 price=250119 quantity=709896 settlement=177558477624 buy_residual=0 sell_residual=179108
S3_MATCH slot=1 active=1 buy_rank=8 sell_rank=10 price=586099 quantity=179108 settlement=104975019692 buy_residual=49290 sell_residual=0
S3_MATCH slot=2 active=1 buy_rank=8 sell_rank=5 price=598111 quantity=49290 settlement=29480891190 buy_residual=0 sell_residual=750473
S3_MATCH slot=3 active=1 buy_rank=2 sell_rank=5 price=210669 quantity=652248 settlement=137408433912 buy_residual=0 sell_residual=98225
S3_MATCH slot=4 active=1 buy_rank=9 sell_rank=5 price=800341 quantity=98225 settlement=78613494725 buy_residual=777885 sell_residual=0
S3_MATCH slot=5 active=1 buy_rank=9 sell_rank=13 price=612542 quantity=262643 settlement=160879868506 buy_residual=515242 sell_residual=0
S3_MATCH slot=6 active=1 buy_rank=9 sell_rank=9 price=1206796 quantity=515242 settlement=621791984632 buy_residual=0 sell_residual=413118
S3_MATCH slot=7 active=1 buy_rank=6 sell_rank=8 price=533127 quantity=923476 settlement=492329989452 buy_residual=37477 sell_residual=0
S3_MATCH slot=8 active=1 buy_rank=6 sell_rank=3 price=254135 quantity=37477 settlement=9524217395 buy_residual=0 sell_residual=31872
S3_MATCH slot=9 active=1 buy_rank=3 sell_rank=3 price=45672 quantity=31872 settlement=1455657984 buy_residual=643260 sell_residual=0
S3_MATCH slot=10 active=1 buy_rank=3 sell_rank=4 price=49365 quantity=643260 settlement=31754529900 buy_residual=0 sell_residual=191589
S3_MATCH slot=11 active=1 buy_rank=5 sell_rank=4 price=148113 quantity=121048 settlement=17928782424 buy_residual=0 sell_residual=70541
S3_MATCH slot=12 active=1 buy_rank=10 sell_rank=4 price=213461 quantity=70541 settlement=15057752401 buy_residual=690541 sell_residual=0
S3_MATCH slot=13 active=0 buy_rank=0 sell_rank=0 price=0 quantity=0 settlement=0 buy_residual=0 sell_residual=0
S3_MATCH slot=14 active=0 buy_rank=0 sell_rank=0 price=0 quantity=0 settlement=0 buy_residual=0 sell_residual=0
S3_MATCH slot=15 active=0 buy_rank=0 sell_rank=0 price=0 quantity=0 settlement=0 buy_residual=0 sell_residual=0
S3_MATCH slot=16 active=0 buy_rank=0 sell_rank=0 price=0 quantity=0 settlement=0 buy_residual=0 sell_residual=0
S3_MATCH slot=17 active=0 buy_rank=0 sell_rank=0 price=0 quantity=0 settlement=0 buy_residual=0 sell_residual=0
S3_MATCH slot=18 active=0 buy_rank=0 sell_rank=0 price=0 quantity=0 settlement=0 buy_residual=0 sell_residual=0
S3_MATCH slot=19 active=0 buy_rank=0 sell_rank=0 price=0 quantity=0 settlement=0 buy_residual=0 sell_residual=0
S3_MATCH slot=20 active=0 buy_rank=0 sell_rank=0 price=0 quantity=0 settlement=0 buy_residual=0 sell_residual=0
S3_MATCH slot=21 active=0 buy_rank=0 sell_rank=0 price=0 quantity=0 settlement=0 buy_residual=0 sell_residual=0
S3_MATCH slot=22 active=0 buy_rank=0 sell_rank=0 price=0 quantity=0 settlement=0 buy_residual=0 sell_residual=0
S3_MATCH slot=23 active=0 buy_rank=0 sell_rank=0 price=0 quantity=0 settlement=0 buy_residual=0 sell_residual=0
S3_MATCH slot=24 active=0 buy_rank=0 sell_rank=0 price=0 quantity=0 settlement=0 buy_residual=0 sell_residual=0
S3_MATCH slot=25 active=0 buy_rank=0 sell_rank=0 price=0 quantity=0 settlement=0 buy_residual=0 sell_residual=0
S3_MATCH slot=26 active=0 buy_rank=0 sell_rank=0 price=0 quantity=0 settlement=0 buy_residual=0 sell_residual=0
S3_MATCH slot=27 active=0 buy_rank=0 sell_rank=0 price=0 quantity=0 settlement=0 buy_residual=0 sell_residual=0
S3_MATCH slot=28 active=0 buy_rank=0 sell_rank=0 price=0 quantity=0 settlement=0 buy_residual=0 sell_residual=0
S3_MATCH slot=29 active=0 buy_rank=0 sell_rank=0 price=0 quantity=0 settlement=0 buy_residual=0 sell_residual=0
S3_MATCH slot=30 active=0 buy_rank=0 sell_rank=0 price=0 quantity=0 settlement=0 buy_residual=0 sell_residual=0
S3_RESIDUAL side=buy rank=1 quantity=0
S3_RESIDUAL side=buy rank=8 quantity=0
S3_RESIDUAL side=buy rank=2 quantity=0
S3_RESIDUAL side=buy rank=9 quantity=0
S3_RESIDUAL side=buy rank=6 quantity=0
S3_RESIDUAL side=buy rank=3 quantity=0
S3_RESIDUAL side=buy rank=5 quantity=0
S3_RESIDUAL side=buy rank=10 quantity=690541
S3_RESIDUAL side=buy rank=7 quantity=883601
S3_RESIDUAL side=buy rank=4 quantity=797094
S3_RESIDUAL side=buy rank=0 quantity=530676
S3_RESIDUAL side=buy rank=11 quantity=0
S3_RESIDUAL side=buy rank=12 quantity=0
S3_RESIDUAL side=buy rank=13 quantity=0
S3_RESIDUAL side=buy rank=14 quantity=0
S3_RESIDUAL side=buy rank=15 quantity=0
S3_RESIDUAL side=sell rank=10 quantity=0
S3_RESIDUAL side=sell rank=5 quantity=0
S3_RESIDUAL side=sell rank=13 quantity=0
S3_RESIDUAL side=sell rank=9 quantity=413118
S3_RESIDUAL side=sell rank=8 quantity=0
S3_RESIDUAL side=sell rank=3 quantity=0
S3_RESIDUAL side=sell rank=0 quantity=170070
S3_RESIDUAL side=sell rank=7 quantity=615296
S3_RESIDUAL side=sell rank=4 quantity=0
S3_RESIDUAL side=sell rank=6 quantity=899441
S3_RESIDUAL side=sell rank=1 quantity=941909
S3_RESIDUAL side=sell rank=2 quantity=662450
S3_RESIDUAL side=sell rank=11 quantity=495320
S3_RESIDUAL side=sell rank=14 quantity=983239
S3_RESIDUAL side=sell rank=12 quantity=941481
S3_RESIDUAL side=sell rank=15 quantity=0
The following benchmarks are including preprocessing (offline phase).
Time = 2.51808 seconds 
Data sent = 56.5948 MB in ~14142 rounds (party 0 only; use '-v' for more details)
Global data sent = 169.464 MB (all parties)
This program might benefit from some protocol options.
Consider adding the following at the beginning of your code:
	program.use_edabit(True)
