Using statistical security parameter 40
Trying to run 255-bit computation (256-bit representation)
S3_FMATCH_TEST valid=1 commitment=25353015505378980079269614065490482531205342685354552516303637558394123968412 aggregate_quantity=2840824 aggregate_settlement=1466574426229
S3_MATCH slot=0 active=1 buy_rank=1 sell_rank=10 price=674422 quantity=363656 settlement=245257606832 buy_residual=0 sell_residual=121694
S3_MATCH slot=1 active=1 buy_rank=2 sell_rank=4 price=251568 quantity=95214 settlement=23952795552 buy_residual=500498 sell_residual=0
S3_MATCH slot=2 active=1 buy_rank=2 sell_rank=14 price=218939 quantity=500498 settlement=109578531622 buy_residual=0 sell_residual=422819
S3_MATCH slot=3 active=1 buy_rank=4 sell_rank=14 price=494318 quantity=422819 settlement=209007042442 buy_residual=389217 sell_residual=0
S3_MATCH slot=4 active=1 buy_rank=4 sell_rank=0 price=844564 quantity=389217 settlement=328718666388 buy_residual=0 sell_residual=169837
S3_MATCH slot=5 active=1 buy_rank=3 sell_rank=13 price=212077 quantity=139665 settlement=29619734205 buy_residual=0 sell_residual=533219
S3_MATCH slot=6 active=1 buy_rank=0 sell_rank=13 price=464124 quantity=533219 settlement=247479735156 buy_residual=396536 sell_residual=0
S3_MATCH slot=7 active=1 buy_rank=0 sell_rank=7 price=688362 quantity=396536 settlement=272960314032 buy_residual=0 sell_residual=569305
S3_MATCH slot=8 active=0 buy_rank=0 sell_rank=0 price=0 quantity=0 settlement=0 buy_residual=0 sell_residual=0
S3_MATCH slot=9 active=0 buy_rank=0 sell_rank=0 price=0 quantity=0 settlement=0 buy_residual=0 sell_residual=0
S3_MATCH slot=10 active=0 buy_rank=0 sell_rank=0 price=0 quantity=0 settlement=0 buy_residual=0 sell_residual=0
S3_MATCH slot=11 active=0 buy_rank=0 sell_rank=0 price=0 quantity=0 settlement=0 buy_residual=0 sell_residual=0
S3_MATCH slot=12 active=0 buy_rank=0 sell_rank=0 price=0 quantity=0 settlement=0 buy_residual=0 sell_residual=0
S3_MATCH slot=13 active=0 buy_rank=0 sell_rank=0 price=0 quantity=0 settlement=0 buy_residual=0 sell_residual=0
S3_MATCH slot=14 active=0 buy_rank=0 sell_rank=0 price=0 quantity=0 settlement=0 buy_residual=0 sell_residual=0
S3_MATCH slot=15 active=0 buy_rank=0 sell_rank=0 price=0 quantity=0 settlement=0 buy_residual=0 sell_residual=0
S3_MATCH slot=16 active=0 buy_rank=0 sell_rank=0 price=0 quantity=0 settlement=0 buy_residual=0 sell_residual=0
S3_MATCH slot=17 active=0 buy_rank=0 sell_rank=0 price=0 quantity=0 settlement=0 buy_residual=0 sell_residual=0
S3_MATCH slot=18 active=0 buy_rank=0 sell_rank=0 price=0 quantity=0 settlement=0 buy_residual=0 sell_residual=0
S3_MATCH slot=19 active=0 buy_rank=0 sell_rank=0 price=0 quantity=0 settlement=0 buy_residual=0 sell_residual=0
S3_MATCH slot=20 active=0 buy_rank=0 sell_rank=0 price=0 quantity=0 settlement=0 buy_residual=0 sell_residual=0
S3_MATCH slot=21 active=0 buy_rank=0 sell_rank=0 price=0 quantity=0 settlement=0 buy_residual=0 sell_residual=0
S3_MATCH slot=22 active=0 buy_rank=0 sell_rank=0 price=0 quantity=0 settlement=0 buy_residual=0 sell_residual=0
S3_MATCH slot=23 active=0 buy_rank=0 sell_rank=0 price=0 quantity=0 settlement=0 buy_residual=0 sell_residual=0
S3_MATCH slot=24 active=0 buy_rank=0 sell_rank=0 price=0 quantity=0 settlement=0 buy_residual=0 sell_residual=0
S3_MATCH slot=25 active=0 buy_rank=0 sell_rank=0 price=0 quantity=0 settlement=0 buy_residual=0 sell_residual=0
S3_MATCH slot=26 active=0 buy_rank=0 sell_rank=0 price=0 quantity=0 settlement=0 buy_residual=0 sell_residual=0
S3_MATCH slot=27 active=0 buy_rank=0 sell_rank=0 price=0 quantity=0 settlement=0 buy_residual=0 sell_residual=0
S3_MATCH slot=28 active=0 buy_rank=0 sell_rank=0 price=0 quantity=0 settlement=0 buy_residual=0 sell_residual=0
S3_MATCH slot=29 active=0 buy_rank=0 sell_rank=0 price=0 quantity=0 settlement=0 buy_residual=0 sell_residual=0
S3_MATCH slot=30 active=0 buy_rank=0 sell_rank=0 price=0 quantity=0 settlement=0 buy_residual=0 sell_residual=0
S3_RESIDUAL side=buy rank=1 quantity=0
S3_RESIDUAL side=buy rank=2 quantity=0
S3_RESIDUAL side=buy rank=4 quantity=0
S3_RESIDUAL side=buy rank=3 quantity=0
S3_RESIDUAL side=buy rank=0 quantity=0
S3_RESIDUAL side=buy rank=6 quantity=441201
S3_RESIDUAL side=buy rank=5 quantity=316550
S3_RESIDUAL side=buy rank=7 quantity=0
S3_RESIDUAL side=buy rank=8 quantity=0
S3_RESIDUAL side=buy rank=9 quantity=0
S3_RESIDUAL side=buy rank=10 quantity=0
S3_RESIDUAL side=buy rank=11 quantity=0
S3_RESIDUAL side=buy rank=12 quantity=0
S3_RESIDUAL side=buy rank=13 quantity=0
S3_RESIDUAL side=buy rank=14 quantity=0
S3_RESIDUAL side=buy rank=15 quantity=0
S3_RESIDUAL side=sell rank=10 quantity=121694
S3_RESIDUAL side=sell rank=4 quantity=0
S3_RESIDUAL side=sell rank=14 quantity=0
S3_RESIDUAL side=sell rank=0 quantity=169837
S3_RESIDUAL side=sell rank=13 quantity=0
S3_RESIDUAL side=sell rank=7 quantity=569305
S3_RESIDUAL side=sell rank=9 quantity=497789
S3_RESIDUAL side=sell rank=3 quantity=774249
S3_RESIDUAL side=sell rank=11 quantity=315181
S3_RESIDUAL side=sell rank=5 quantity=232863
S3_RESIDUAL side=sell rank=12 quantity=753637
S3_RESIDUAL side=sell rank=8 quantity=479148
S3_RESIDUAL side=sell rank=6 quantity=676156
S3_RESIDUAL side=sell rank=2 quantity=659437
S3_RESIDUAL side=sell rank=1 quantity=16681
S3_RESIDUAL side=sell rank=15 quantity=0
The following benchmarks are including preprocessing (offline phase).
Time = 2.9079 seconds 
Data sent = 56.5948 MB in ~14142 rounds (party 0 only; use '-v' for more details)
Global data sent = 169.464 MB (all parties)
This program might benefit from some protocol options.
Consider adding the following at the beginning of your code:
	program.use_edabit(True)
