Using statistical security parameter 40
Trying to run 255-bit computation (256-bit representation)
S3_FMATCH_TEST valid=1 commitment=17628389385981705533945708249095743926805055691087562898009057096920896281716 aggregate_quantity=17848260 aggregate_settlement=8817704023515
S3_MATCH slot=0 active=1 buy_rank=24 sell_rank=36 price=522661 quantity=88044 settlement=46017165084 buy_residual=103812 sell_residual=0
S3_MATCH slot=1 active=1 buy_rank=24 sell_rank=62 price=457090 quantity=103812 settlement=47451427080 buy_residual=0 sell_residual=645144
S3_MATCH slot=2 active=1 buy_rank=80 sell_rank=62 price=371777 quantity=24546 settlement=9125638242 buy_residual=0 sell_residual=620598
S3_MATCH slot=3 active=1 buy_rank=38 sell_rank=62 price=357798 quantity=20255 settlement=7247198490 buy_residual=0 sell_residual=600343
S3_MATCH slot=4 active=1 buy_rank=34 sell_rank=62 price=342482 quantity=247809 settlement=84870121938 buy_residual=0 sell_residual=352534
S3_MATCH slot=5 active=1 buy_rank=65 sell_rank=62 price=410697 quantity=352534 settlement=144784656198 buy_residual=127490 sell_residual=0
S3_MATCH slot=6 active=1 buy_rank=65 sell_rank=27 price=524251 quantity=127490 settlement=66836759990 buy_residual=0 sell_residual=95936
S3_MATCH slot=7 active=1 buy_rank=64 sell_rank=27 price=384660 quantity=95936 settlement=36902741760 buy_residual=833813 sell_residual=0
S3_MATCH slot=8 active=1 buy_rank=64 sell_rank=25 price=550501 quantity=576431 settlement=317325841931 buy_residual=257382 sell_residual=0
S3_MATCH slot=9 active=1 buy_rank=64 sell_rank=5 price=317748 quantity=62109 settlement=19735010532 buy_residual=195273 sell_residual=0
S3_MATCH slot=10 active=1 buy_rank=64 sell_rank=46 price=272399 quantity=195273 settlement=53192169927 buy_residual=0 sell_residual=466045
S3_MATCH slot=11 active=1 buy_rank=25 sell_rank=46 price=391731 quantity=466045 settlement=182564273895 buy_residual=364671 sell_residual=0
S3_MATCH slot=12 active=1 buy_rank=25 sell_rank=2 price=660632 quantity=164800 settlement=108872153600 buy_residual=199871 sell_residual=0
S3_MATCH slot=13 active=1 buy_rank=25 sell_rank=33 price=547919 quantity=199871 settlement=109513118449 buy_residual=0 sell_residual=413875
S3_MATCH slot=14 active=1 buy_rank=32 sell_rank=33 price=486689 quantity=413875 settlement=201428409875 buy_residual=549254 sell_residual=0
S3_MATCH slot=15 active=1 buy_rank=32 sell_rank=10 price=626504 quantity=549254 settlement=344109828016 buy_residual=0 sell_residual=271841
S3_MATCH slot=16 active=1 buy_rank=68 sell_rank=10 price=670284 quantity=271841 settlement=182210672844 buy_residual=721570 sell_residual=0
S3_MATCH slot=17 active=1 buy_rank=68 sell_rank=47 price=419691 quantity=721570 settlement=302836434870 buy_residual=0 sell_residual=125677
S3_MATCH slot=18 active=1 buy_rank=57 sell_rank=47 price=443397 quantity=125677 settlement=55724804769 buy_residual=270929 sell_residual=0
S3_MATCH slot=19 active=1 buy_rank=57 sell_rank=19 price=607024 quantity=31467 settlement=19101224208 buy_residual=239462 sell_residual=0
S3_MATCH slot=20 active=1 buy_rank=57 sell_rank=26 price=452721 quantity=239462 settlement=108409476102 buy_residual=0 sell_residual=678091
S3_MATCH slot=21 active=1 buy_rank=54 sell_rank=26 price=448144 quantity=419341 settlement=187925153104 buy_residual=0 sell_residual=258750
S3_MATCH slot=22 active=1 buy_rank=62 sell_rank=26 price=491848 quantity=258750 settlement=127265670000 buy_residual=181447 sell_residual=0
S3_MATCH slot=23 active=1 buy_rank=62 sell_rank=44 price=383164 quantity=181447 settlement=69523958308 buy_residual=0 sell_residual=375570
S3_MATCH slot=24 active=1 buy_rank=2 sell_rank=44 price=277432 quantity=375570 settlement=104195136240 buy_residual=469592 sell_residual=0
S3_MATCH slot=25 active=1 buy_rank=2 sell_rank=56 price=459005 quantity=28606 settlement=13130297030 buy_residual=440986 sell_residual=0
S3_MATCH slot=26 active=1 buy_rank=2 sell_rank=14 price=568000 quantity=440986 settlement=250480048000 buy_residual=0 sell_residual=387695
S3_MATCH slot=27 active=1 buy_rank=77 sell_rank=14 price=580973 quantity=387695 settlement=225240327235 buy_residual=15174 sell_residual=0
S3_MATCH slot=28 active=1 buy_rank=77 sell_rank=57 price=470901 quantity=15174 settlement=7145451774 buy_residual=0 sell_residual=582923
S3_MATCH slot=29 active=1 buy_rank=43 sell_rank=57 price=681135 quantity=582923 settlement=397049257605 buy_residual=21450 sell_residual=0
S3_MATCH slot=30 active=1 buy_rank=43 sell_rank=58 price=1047635 quantity=21450 settlement=22471770750 buy_residual=0 sell_residual=348009
S3_MATCH slot=31 active=1 buy_rank=56 sell_rank=53 price=537705 quantity=699324 settlement=376030011420 buy_residual=179101 sell_residual=0
S3_MATCH slot=32 active=1 buy_rank=56 sell_rank=54 price=548691 quantity=179101 settlement=98271106791 buy_residual=0 sell_residual=705318
S3_MATCH slot=33 active=1 buy_rank=40 sell_rank=51 price=251880 quantity=538496 settlement=135636372480 buy_residual=456974 sell_residual=0
S3_MATCH slot=34 active=1 buy_rank=40 sell_rank=29 price=193529 quantity=456974 settlement=88437721246 buy_residual=0 sell_residual=502283
S3_MATCH slot=35 active=1 buy_rank=31 sell_rank=29 price=458421 quantity=78278 settlement=35884279038 buy_residual=0 sell_residual=424005
S3_MATCH slot=36 active=1 buy_rank=17 sell_rank=29 price=385546 quantity=424005 settlement=163473431730 buy_residual=154125 sell_residual=0
S3_MATCH slot=37 active=1 buy_rank=17 sell_rank=34 price=539114 quantity=154125 settlement=83090945250 buy_residual=0 sell_residual=350739
S3_MATCH slot=38 active=1 buy_rank=0 sell_rank=7 price=155285 quantity=474010 settlement=73606642850 buy_residual=0 sell_residual=146746
S3_MATCH slot=39 active=1 buy_rank=1 sell_rank=7 price=495222 quantity=146746 settlement=72671847612 buy_residual=304641 sell_residual=0
S3_MATCH slot=40 active=1 buy_rank=1 sell_rank=35 price=538732 quantity=304641 settlement=164119855212 buy_residual=0 sell_residual=540977
S3_MATCH slot=41 active=1 buy_rank=10 sell_rank=35 price=294576 quantity=92647 settlement=27291582672 buy_residual=0 sell_residual=448330
S3_MATCH slot=42 active=1 buy_rank=15 sell_rank=35 price=398707 quantity=56927 settlement=22697193389 buy_residual=0 sell_residual=391403
S3_MATCH slot=43 active=1 buy_rank=72 sell_rank=35 price=234933 quantity=145194 settlement=34110862002 buy_residual=0 sell_residual=246209
S3_MATCH slot=44 active=1 buy_rank=51 sell_rank=35 price=629332 quantity=246209 settlement=154947202388 buy_residual=418447 sell_residual=0
S3_MATCH slot=45 active=1 buy_rank=51 sell_rank=59 price=1149044 quantity=418447 settlement=480814014668 buy_residual=0 sell_residual=301918
S3_MATCH slot=46 active=1 buy_rank=52 sell_rank=37 price=445125 quantity=102073 settlement=45435244125 buy_residual=373002 sell_residual=0
S3_MATCH slot=47 active=1 buy_rank=52 sell_rank=21 price=378462 quantity=373002 settlement=141167082924 buy_residual=0 sell_residual=453243
S3_MATCH slot=48 active=1 buy_rank=41 sell_rank=21 price=536935 quantity=453243 settlement=243362030205 buy_residual=453111 sell_residual=0
S3_MATCH slot=49 active=1 buy_rank=41 sell_rank=55 price=1128272 quantity=198378 settlement=223824342816 buy_residual=254733 sell_residual=0
S3_MATCH slot=50 active=1 buy_rank=41 sell_rank=20 price=673767 quantity=254733 settlement=171630689211 buy_residual=0 sell_residual=744586
S3_MATCH slot=51 active=1 buy_rank=44 sell_rank=20 price=444357 quantity=376489 settlement=167295522573 buy_residual=0 sell_residual=368097
S3_MATCH slot=52 active=1 buy_rank=50 sell_rank=20 price=422440 quantity=368097 settlement=155498896680 buy_residual=326428 sell_residual=0
S3_MATCH slot=53 active=1 buy_rank=50 sell_rank=22 price=570399 quantity=326428 settlement=186194204772 buy_residual=0 sell_residual=413748
S3_MATCH slot=54 active=1 buy_rank=16 sell_rank=24 price=132209 quantity=313522 settlement=41450430098 buy_residual=679379 sell_residual=0
S3_MATCH slot=55 active=1 buy_rank=16 sell_rank=60 price=231635 quantity=479143 settlement=110986288805 buy_residual=200236 sell_residual=0
S3_MATCH slot=56 active=1 buy_rank=16 sell_rank=52 price=186536 quantity=120901 settlement=22552388936 buy_residual=79335 sell_residual=0
S3_MATCH slot=57 active=1 buy_rank=16 sell_rank=42 price=213794 quantity=79335 settlement=16961346990 buy_residual=0 sell_residual=21422
S3_MATCH slot=58 active=1 buy_rank=37 sell_rank=42 price=543563 quantity=21422 settlement=11644206586 buy_residual=484885 sell_residual=0
S3_MATCH slot=59 active=1 buy_rank=37 sell_rank=50 price=874992 quantity=392342 settlement=343296111264 buy_residual=92543 sell_residual=0
S3_MATCH slot=60 active=1 buy_rank=37 sell_rank=18 price=714593 quantity=92543 settlement=66130579999 buy_residual=0 sell_residual=283560
S3_MATCH slot=61 active=1 buy_rank=12 sell_rank=18 price=678494 quantity=283560 settlement=192393758640 buy_residual=704149 sell_residual=0
S3_MATCH slot=62 active=1 buy_rank=12 sell_rank=39 price=749690 quantity=96239 settlement=72149415910 buy_residual=607910 sell_residual=0
S3_MATCH slot=63 active=1 buy_rank=12 sell_rank=40 price=727871 quantity=220274 settlement=160331056654 buy_residual=387636 sell_residual=0
S3_MATCH slot=64 active=1 buy_rank=12 sell_rank=16 price=631241 quantity=387636 settlement=244691736276 buy_residual=0 sell_residual=562297
S3_MATCH slot=65 active=1 buy_rank=47 sell_rank=16 price=473881 quantity=562297 settlement=266461864657 buy_residual=141436 sell_residual=0
S3_MATCH slot=66 active=1 buy_rank=47 sell_rank=9 price=498300 quantity=141436 settlement=70477558800 buy_residual=0 sell_residual=391846
S3_MATCH slot=67 active=0 buy_rank=0 sell_rank=0 price=0 quantity=0 settlement=0 buy_residual=0 sell_residual=0
S3_MATCH slot=68 active=0 buy_rank=0 sell_rank=0 price=0 quantity=0 settlement=0 buy_residual=0 sell_residual=0
S3_MATCH slot=69 active=0 buy_rank=0 sell_rank=0 price=0 quantity=0 settlement=0 buy_residual=0 sell_residual=0
S3_MATCH slot=70 active=0 buy_rank=0 sell_rank=0 price=0 quantity=0 settlement=0 buy_residual=0 sell_residual=0
S3_MATCH slot=71 active=0 buy_rank=0 sell_rank=0 price=0 quantity=0 settlement=0 buy_residual=0 sell_residual=0
S3_MATCH slot=72 active=0 buy_rank=0 sell_rank=0 price=0 quantity=0 settlement=0 buy_residual=0 sell_residual=0
S3_MATCH slot=73 active=0 buy_rank=0 sell_rank=0 price=0 quantity=0 settlement=0 buy_residual=0 sell_residual=0
S3_MATCH slot=74 active=0 buy_rank=0 sell_rank=0 price=0 quantity=0 settlement=0 buy_residual=0 sell_residual=0
S3_MATCH slot=75 active=0 buy_rank=0 sell_rank=0 price=0 quantity=0 settlement=0 buy_residual=0 sell_residual=0
S3_MATCH slot=76 active=0 buy_rank=0 sell_rank=0 price=0 quantity=0 settlement=0 buy_residual=0 sell_residual=0
S3_MATCH slot=77 active=0 buy_rank=0 sell_rank=0 price=0 quantity=0 settlement=0 buy_residual=0 sell_residual=0
S3_MATCH slot=78 active=0 buy_rank=0 sell_rank=0 price=0 quantity=0 settlement=0 buy_residual=0 sell_residual=0
S3_MATCH slot=79 active=0 buy_rank=0 sell_rank=0 price=0 quantity=0 settlement=0 buy_residual=0 sell_residual=0
S3_MATCH slot=80 active=0 buy_rank=0 sell_rank=0 price=0 quantity=0 settlement=0 buy_residual=0 sell_residual=0
S3_MATCH slot=81 active=0 buy_rank=0 sell_rank=0 price=0 quantity=0 settlement=0 buy_residual=0 sell_residual=0
S3_MATCH slot=82 active=0 buy_rank=0 sell_rank=0 price=0 quantity=0 settlement=0 buy_residual=0 sell_residual=0
S3_MATCH slot=83 active=0 buy_rank=0 sell_rank=0 price=0 quantity=0 settlement=0 buy_residual=0 sell_residual=0
S3_MATCH slot=84 active=0 buy_rank=0 sell_rank=0 price=0 quantity=0 settlement=0 buy_residual=0 sell_residual=0
S3_MATCH slot=85 active=0 buy_rank=0 sell_rank=0 price=0 quantity=0 settlement=0 buy_residual=0 sell_residual=0
S3_MATCH slot=86 active=0 buy_rank=0 sell_rank=0 price=0 quantity=0 settlement=0 buy_residual=0 sell_residual=0
S3_MATCH slot=87 active=0 buy_rank=0 sell_rank=0 price=0 quantity=0 settlement=0 buy_residual=0 sell_residual=0
S3_MATCH slot=88 active=0 buy_rank=0 sell_rank=0 price=0 quantity=0 settlement=0 buy_residual=0 sell_residual=0
S3_MATCH slot=89 active=0 buy_rank=0 sell_rank=0 price=0 quantity=0 settlement=0 buy_residual=0 sell_residual=0
S3_MATCH slot=90 active=0 buy_rank=0 sell_rank=0 price=0 quantity=0 settlement=0 buy_residual=0 sell_residual=0
S3_MATCH slot=91 active=0 buy_rank=0 sell_rank=0 price=0 quantity=0 settlement=0 buy_residual=0 sell_residual=0
S3_MATCH slot=92 active=0 buy_rank=0 sell_rank=0 price=0 quantity=0 settlement=0 buy_residual=0 sell_residual=0
S3_MATCH slot=93 active=0 buy_rank=0 sell_rank=0 price=0 quantity=0 settlement=0 buy_residual=0 sell_residual=0
S3_MATCH slot=94 active=0 buy_rank=0 sell_rank=0 price=0 quantity=0 settlement=0 buy_residual=0 sell_residual=0
S3_MATCH slot=95 active=0 buy_rank=0 sell_rank=0 price=0 quantity=0 settlement=0 buy_residual=0 sell_residual=0
S3_MATCH slot=96 active=0 buy_rank=0 sell_rank=0 price=0 quantity=0 settlement=0 buy_residual=0 sell_residual=0
S3_MATCH slot=97 active=0 buy_rank=0 sell_rank=0 price=0 quantity=0 settlement=0 buy_residual=0 sell_residual=0
S3_MATCH slot=98 active=0 buy_rank=0 sell_rank=0 price=0 quantity=0 settlement=0 buy_residual=0 sell_residual=0
S3_MATCH slot=99 active=0 buy_rank=0 sell_rank=0 price=0 quantity=0 settlement=0 buy_residual=0 sell_residual=0
S3_MATCH slot=100 active=0 buy_rank=0 sell_rank=0 price=0 quantity=0 settlement=0 buy_residual=0 sell_residual=0
S3_MATCH slot=101 active=0 buy_rank=0 sell_rank=0 price=0 quantity=0 settlement=0 buy_residual=0 sell_residual=0
S3_MATCH slot=102 active=0 buy_rank=0 sell_rank=0 price=0 quantity=0 settlement=0 buy_residual=0 sell_residual=0
S3_MATCH slot=103 active=0 buy_rank=0 sell_rank=0 price=0 quantity=0 settlement=0 buy_residual=0 sell_residual=0
S3_MATCH slot=104 active=0 buy_rank=0 sell_rank=0 price=0 quantity=0 settlement=0 buy_residual=0 sell_residual=0
S3_MATCH slot=105 active=0 buy_rank=0 sell_rank=0 price=0 quantity=0 settlement=0 buy_residual=0 sell_residual=0
S3_MATCH slot=106 active=0 buy_rank=0 sell_rank=0 price=0 quantity=0 settlement=0 buy_residual=0 sell_residual=0
S3_MATCH slot=107 active=0 buy_rank=0 sell_rank=0 price=0 quantity=0 settlement=0 buy_residual=0 sell_residual=0
S3_MATCH slot=108 active=0 buy_rank=0 sell_rank=0 price=0 quantity=0 settlement=0 buy_residual=0 sell_residual=0
S3_MATCH slot=109 active=0 buy_rank=0 sell_rank=0 price=0 quantity=0 settlement=0 buy_residual=0 sell_residual=0
S3_MATCH slot=110 active=0 buy_rank=0 sell_rank=0 price=0 quantity=0 settlement=0 buy_residual=0 sell_residual=0
S3_MATCH slot=111 active=0 buy_rank=0 sell_rank=0 price=0 quantity=0 settlement=0 buy_residual=0 sell_residual=0
S3_MATCH slot=112 active=0 buy_rank=0 sell_rank=0 price=0 quantity=0 settlement=0 buy_residual=0 sell_residual=0
S3_MATCH slot=113 active=0 buy_rank=0 sell_rank=0 price=0 quantity=0 settlement=0 buy_residual=0 sell_residual=0
S3_MATCH slot=114 active=0 buy_rank=0 sell_rank=0 price=0 quantity=0 settlement=0 buy_residual=0 sell_residual=0
S3_MATCH slot=115 active=0 buy_rank=0 sell_rank=0 price=0 quantity=0 settlement=0 buy_residual=0 sell_residual=0
S3_MATCH slot=116 active=0 buy_rank=0 sell_rank=0 price=0 quantity=0 settlement=0 buy_residual=0 sell_residual=0
S3_MATCH slot=117 active=0 buy_rank=0 sell_rank=0 price=0 quantity=0 settlement=0 buy_residual=0 sell_residual=0
S3_MATCH slot=118 active=0 buy_rank=0 sell_rank=0 price=0 quantity=0 settlement=0 buy_residual=0 sell_residual=0
S3_MATCH slot=119 active=0 buy_rank=0 sell_rank=0 price=0 quantity=0 settlement=0 buy_residual=0 sell_residual=0
S3_MATCH slot=120 active=0 buy_rank=0 sell_rank=0 price=0 quantity=0 settlement=0 buy_residual=0 sell_residual=0
S3_MATCH slot=121 active=0 buy_rank=0 sell_rank=0 price=0 quantity=0 settlement=0 buy_residual=0 sell_residual=0
S3_MATCH slot=122 active=0 buy_rank=0 sell_rank=0 price=0 quantity=0 settlement=0 buy_residual=0 sell_residual=0
S3_MATCH slot=123 active=0 buy_rank=0 sell_rank=0 price=0 quantity=0 settlement=0 buy_residual=0 sell_residual=0
S3_MATCH slot=124 active=0 buy_rank=0 sell_rank=0 price=0 quantity=0 settlement=0 buy_residual=0 sell_residual=0
S3_MATCH slot=125 active=0 buy_rank=0 sell_rank=0 price=0 quantity=0 settlement=0 buy_residual=0 sell_residual=0
S3_MATCH slot=126 active=0 buy_rank=0 sell_rank=0 price=0 quantity=0 settlement=0 buy_residual=0 sell_residual=0
S3_MATCH slot=127 active=0 buy_rank=0 sell_rank=0 price=0 quantity=0 settlement=0 buy_residual=0 sell_residual=0
S3_MATCH slot=128 active=0 buy_rank=0 sell_rank=0 price=0 quantity=0 settlement=0 buy_residual=0 sell_residual=0
S3_MATCH slot=129 active=0 buy_rank=0 sell_rank=0 price=0 quantity=0 settlement=0 buy_residual=0 sell_residual=0
S3_MATCH slot=130 active=0 buy_rank=0 sell_rank=0 price=0 quantity=0 settlement=0 buy_residual=0 sell_residual=0
S3_MATCH slot=131 active=0 buy_rank=0 sell_rank=0 price=0 quantity=0 settlement=0 buy_residual=0 sell_residual=0
S3_MATCH slot=132 active=0 buy_rank=0 sell_rank=0 price=0 quantity=0 settlement=0 buy_residual=0 sell_residual=0
S3_MATCH slot=133 active=0 buy_rank=0 sell_rank=0 price=0 quantity=0 settlement=0 buy_residual=0 sell_residual=0
S3_MATCH slot=134 active=0 buy_rank=0 sell_rank=0 price=0 quantity=0 settlement=0 buy_residual=0 sell_residual=0
S3_MATCH slot=135 active=0 buy_rank=0 sell_rank=0 price=0 quantity=0 settlement=0 buy_residual=0 sell_residual=0
S3_MATCH slot=136 active=0 buy_rank=0 sell_rank=0 price=0 quantity=0 settlement=0 buy_residual=0 sell_residual=0
S3_MATCH slot=137 active=0 buy_rank=0 sell_rank=0 price=0 quantity=0 settlement=0 buy_residual=0 sell_residual=0
S3_MATCH slot=138 active=0 buy_rank=0 sell_rank=0 price=0 quantity=0 settlement=0 buy_residual=0 sell_residual=0
S3_MATCH slot=139 active=0 buy_rank=0 sell_rank=0 price=0 quantity=0 settlement=0 buy_residual=0 sell_residual=0
S3_MATCH slot=140 active=0 buy_rank=0 sell_rank=0 price=0 quantity=0 settlement=0 buy_residual=0 sell_residual=0
S3_MATCH slot=141 active=0 buy_rank=0 sell_rank=0 price=0 quantity=0 settlement=0 buy_residual=0 sell_residual=0
S3_MATCH slot=142 active=0 buy_rank=0 sell_rank=0 price=0 quantity=0 settlement=0 buy_residual=0 sell_residual=0
S3_MATCH slot=143 active=0 buy_rank=0 sell_rank=0 price=0 quantity=0 settlement=0 buy_residual=0 sell_residual=0
S3_MATCH slot=144 active=0 buy_rank=0 sell_rank=0 price=0 quantity=0 settlement=0 buy_residual=0 sell_residual=0
S3_MATCH slot=145 active=0 buy_rank=0 sell_rank=0 price=0 quantity=0 settlement=0 buy_residual=0 sell_residual=0
S3_MATCH slot=146 active=0 buy_rank=0 sell_rank=0 price=0 quantity=0 settlement=0 buy_residual=0 sell_residual=0
S3_MATCH slot=147 active=0 buy_rank=0 sell_rank=0 price=0 quantity=0 settlement=0 buy_residual=0 sell_residual=0
S3_MATCH slot=148 active=0 buy_rank=0 sell_rank=0 price=0 quantity=0 settlement=0 buy_residual=0 sell_residual=0
S3_MATCH slot=149 active=0 buy_rank=0 sell_rank=0 price=0 quantity=0 settlement=0 buy_residual=0 sell_residual=0
S3_MATCH slot=150 active=0 buy_rank=0 sell_rank=0 price=0 quantity=0 settlement=0 buy_residual=0 sell_residual=0
S3_MATCH slot=151 active=0 buy_rank=0 sell_rank=0 price=0 quantity=0 settlement=0 buy_residual=0 sell_residual=0
S3_MATCH slot=152 active=0 buy_rank=0 sell_rank=0 price=0 quantity=0 settlement=0 buy_residual=0 sell_residual=0
S3_MATCH slot=153 active=0 buy_rank=0 sell_rank=0 price=0 quantity=0 settlement=0 buy_residual=0 sell_residual=0
S3_MATCH slot=154 active=0 buy_rank=0 sell_rank=0 price=0 quantity=0 settlement=0 buy_residual=0 sell_residual=0
S3_MATCH slot=155 active=0 buy_rank=0 sell_rank=0 price=0 quantity=0 settlement=0 buy_residual=0 sell_residual=0
S3_MATCH slot=156 active=0 buy_rank=0 sell_rank=0 price=0 quantity=0 settlement=0 buy_residual=0 sell_residual=0
S3_MATCH slot=157 active=0 buy_rank=0 sell_rank=0 price=0 quantity=0 settlement=0 buy_residual=0 sell_residual=0
S3_MATCH slot=158 active=0 buy_rank=0 sell_rank=0 price=0 quantity=0 settlement=0 buy_residual=0 sell_residual=0
S3_MATCH slot=159 active=0 buy_rank=0 sell_rank=0 price=0 quantity=0 settlement=0 buy_residual=0 sell_residual=0
S3_MATCH slot=160 active=0 buy_rank=0 sell_rank=0 price=0 quantity=0 settlement=0 buy_residual=0 sell_residual=0
S3_MATCH slot=161 active=0 buy_rank=0 sell_rank=0 price=0 quantity=0 settlement=0 buy_residual=0 sell_residual=0
S3_MATCH slot=162 active=0 buy_rank=0 sell_rank=0 price=0 quantity=0 settlement=0 buy_residual=0 sell_residual=0
S3_MATCH slot=163 active=0 buy_rank=0 sell_rank=0 price=0 quantity=0 settlement=0 buy_residual=0 sell_residual=0
S3_MATCH slot=164 active=0 buy_rank=0 sell_rank=0 price=0 quantity=0 settlement=0 buy_residual=0 sell_residual=0
S3_MATCH slot=165 active=0 buy_rank=0 sell_rank=0 price=0 quantity=0 settlement=0 buy_residual=0 sell_residual=0
S3_MATCH slot=166 active=0 buy_rank=0 sell_rank=0 price=0 quantity=0 settlement=0 buy_residual=0 sell_residual=0
S3_MATCH slot=167 active=0 buy_rank=0 sell_rank=0 price=0 quantity=0 settlement=0 buy_residual=0 sell_residual=0
S3_MATCH slot=168 active=0 buy_rank=0 sell_rank=0 price=0 quantity=0 settlement=0 buy_residual=0 sell_residual=0
S3_MATCH slot=169 active=0 buy_rank=0 sell_rank=0 price=0 quantity=0 settlement=0 buy_residual=0 sell_residual=0
S3_MATCH slot=170 active=0 buy_rank=0 sell_rank=0 price=0 quantity=0 settlement=0 buy_residual=0 sell_residual=0
S3_MATCH slot=171 active=0 buy_rank=0 sell_rank=0 price=0 quantity=0 settlement=0 buy_residual=0 sell_residual=0
S3_MATCH slot=172 active=0 buy_rank=0 sell_rank=0 price=0 quantity=0 settlement=0 buy_residual=0 sell_residual=0
S3_MATCH slot=173 active=0 buy_rank=0 sell_rank=0 price=0 quantity=0 settlement=0 buy_residual=0 sell_residual=0
S3_MATCH slot=174 active=0 buy_rank=0 sell_rank=0 price=0 quantity=0 settlement=0 buy_residual=0 sell_residual=0
S3_MATCH slot=175 active=0 buy_rank=0 sell_rank=0 price=0 quantity=0 settlement=0 buy_residual=0 sell_residual=0
S3_MATCH slot=176 active=0 buy_rank=0 sell_rank=0 price=0 quantity=0 settlement=0 buy_residual=0 sell_residual=0
S3_MATCH slot=177 active=0 buy_rank=0 sell_rank=0 price=0 quantity=0 settlement=0 buy_residual=0 sell_residual=0
S3_MATCH slot=178 active=0 buy_rank=0 sell_rank=0 price=0 quantity=0 settlement=0 buy_residual=0 sell_residual=0
S3_MATCH slot=179 active=0 buy_rank=0 sell_rank=0 price=0 quantity=0 settlement=0 buy_residual=0 sell_residual=0
S3_MATCH slot=180 active=0 buy_rank=0 sell_rank=0 price=0 quantity=0 settlement=0 buy_residual=0 sell_residual=0
S3_MATCH slot=181 active=0 buy_rank=0 sell_rank=0 price=0 quantity=0 settlement=0 buy_residual=0 sell_residual=0
S3_MATCH slot=182 active=0 buy_rank=0 sell_rank=0 price=0 quantity=0 settlement=0 buy_residual=0 sell_residual=0
S3_MATCH slot=183 active=0 buy_rank=0 sell_rank=0 price=0 quantity=0 settlement=0 buy_residual=0 sell_residual=0
S3_MATCH slot=184 active=0 buy_rank=0 sell_rank=0 price=0 quantity=0 settlement=0 buy_residual=0 sell_residual=0
S3_MATCH slot=185 active=0 buy_rank=0 sell_rank=0 price=0 quantity=0 settlement=0 buy_residual=0 sell_residual=0
S3_MATCH slot=186 active=0 buy_rank=0 sell_rank=0 price=0 quantity=0 settlement=0 buy_residual=0 sell_residual=0
S3_MATCH slot=187 active=0 buy_rank=0 sell_rank=0 price=0 quantity=0 settlement=0 buy_residual=0 sell_residual=0
S3_MATCH slot=188 active=0 buy_rank=0 sell_rank=0 price=0 quantity=0 settlement=0 buy_residual=0 sell_residual=0
S3_MATCH slot=189 active=0 buy_rank=0 sell_rank=0 price=0 quantity=0 settlement=0 buy_residual=0 sell_residual=0
S3_MATCH slot=190 active=0 buy_rank=0 sell_rank=0 price=0 quantity=0 settlement=0 buy_residual=0 sell_residual=0
S3_MATCH slot=191 active=0 buy_rank=0 sell_rank=0 price=0 quantity=0 settlement=0 buy_residual=0 sell_residual=0
S3_MATCH slot=192 active=0 buy_rank=0 sell_rank=0 price=0 quantity=0 settlement=0 buy_residual=0 sell_residual=0
S3_MATCH slot=193 active=0 buy_rank=0 sell_rank=0 price=0 quantity=0 settlement=0 buy_residual=0 sell_residual=0
S3_MATCH slot=194 active=0 buy_rank=0 sell_rank=0 price=0 quantity=0 settlement=0 buy_residual=0 sell_residual=0
S3_MATCH slot=195 active=0 buy_rank=0 sell_rank=0 price=0 quantity=0 settlement=0 buy_residual=0 sell_residual=0
S3_MATCH slot=196 active=0 buy_rank=0 sell_rank=0 price=0 quantity=0 settlement=0 buy_residual=0 sell_residual=0
S3_MATCH slot=197 active=0 buy_rank=0 sell_rank=0 price=0 quantity=0 settlement=0 buy_residual=0 sell_residual=0
S3_MATCH slot=198 active=0 buy_rank=0 sell_rank=0 price=0 quantity=0 settlement=0 buy_residual=0 sell_residual=0
S3_MATCH slot=199 active=0 buy_rank=0 sell_rank=0 price=0 quantity=0 settlement=0 buy_residual=0 sell_residual=0
S3_MATCH slot=200 active=0 buy_rank=0 sell_rank=0 price=0 quantity=0 settlement=0 buy_residual=0 sell_residual=0
S3_MATCH slot=201 active=0 buy_rank=0 sell_rank=0 price=0 quantity=0 settlement=0 buy_residual=0 sell_residual=0
S3_MATCH slot=202 active=0 buy_rank=0 sell_rank=0 price=0 quantity=0 settlement=0 buy_residual=0 sell_residual=0
S3_MATCH slot=203 active=0 buy_rank=0 sell_rank=0 price=0 quantity=0 settlement=0 buy_residual=0 sell_residual=0
S3_MATCH slot=204 active=0 buy_rank=0 sell_rank=0 price=0 quantity=0 settlement=0 buy_residual=0 sell_residual=0
S3_MATCH slot=205 active=0 buy_rank=0 sell_rank=0 price=0 quantity=0 settlement=0 buy_residual=0 sell_residual=0
S3_MATCH slot=206 active=0 buy_rank=0 sell_rank=0 price=0 quantity=0 settlement=0 buy_residual=0 sell_residual=0
S3_MATCH slot=207 active=0 buy_rank=0 sell_rank=0 price=0 quantity=0 settlement=0 buy_residual=0 sell_residual=0
S3_MATCH slot=208 active=0 buy_rank=0 sell_rank=0 price=0 quantity=0 settlement=0 buy_residual=0 sell_residual=0
S3_MATCH slot=209 active=0 buy_rank=0 sell_rank=0 price=0 quantity=0 settlement=0 buy_residual=0 sell_residual=0
S3_MATCH slot=210 active=0 buy_rank=0 sell_rank=0 price=0 quantity=0 settlement=0 buy_residual=0 sell_residual=0
S3_MATCH slot=211 active=0 buy_rank=0 sell_rank=0 price=0 quantity=0 settlement=0 buy_residual=0 sell_residual=0
S3_MATCH slot=212 active=0 buy_rank=0 sell_rank=0 price=0 quantity=0 settlement=0 buy_residual=0 sell_residual=0
S3_MATCH slot=213 active=0 buy_rank=0 sell_rank=0 price=0 quantity=0 settlement=0 buy_residual=0 sell_residual=0
S3_MATCH slot=214 active=0 buy_rank=0 sell_rank=0 price=0 quantity=0 settlement=0 buy_residual=0 sell_residual=0
S3_MATCH slot=215 active=0 buy_rank=0 sell_rank=0 price=0 quantity=0 settlement=0 buy_residual=0 sell_residual=0
S3_MATCH slot=216 active=0 buy_rank=0 sell_rank=0 price=0 quantity=0 settlement=0 buy_residual=0 sell_residual=0
S3_MATCH slot=217 active=0 buy_rank=0 sell_rank=0 price=0 quantity=0 settlement=0 buy_residual=0 sell_residual=0
S3_MATCH slot=218 active=0 buy_rank=0 sell_rank=0 price=0 quantity=0 settlement=0 buy_residual=0 sell_residual=0
S3_MATCH slot=219 active=0 buy_rank=0 sell_rank=0 price=0 quantity=0 settlement=0 buy_residual=0 sell_residual=0
S3_MATCH slot=220 active=0 buy_rank=0 sell_rank=0 price=0 quantity=0 settlement=0 buy_residual=0 sell_residual=0
S3_MATCH slot=221 active=0 buy_rank=0 sell_rank=0 price=0 quantity=0 settlement=0 buy_residual=0 sell_residual=0
S3_MATCH slot=222 active=0 buy_rank=0 sell_rank=0 price=0 quantity=0 settlement=0 buy_residual=0 sell_residual=0
S3_MATCH slot=223 active=0 buy_rank=0 sell_rank=0 price=0 quantity=0 settlement=0 buy_residual=0 sell_residual=0
S3_MATCH slot=224 active=0 buy_rank=0 sell_rank=0 price=0 quantity=0 settlement=0 buy_residual=0 sell_residual=0
S3_MATCH slot=225 active=0 buy_rank=0 sell_rank=0 price=0 quantity=0 settlement=0 buy_residual=0 sell_residual=0
S3_MATCH slot=226 active=0 buy_rank=0 sell_rank=0 price=0 quantity=0 settlement=0 buy_residual=0 sell_residual=0
S3_MATCH slot=227 active=0 buy_rank=0 sell_rank=0 price=0 quantity=0 settlement=0 buy_residual=0 sell_residual=0
S3_MATCH slot=228 active=0 buy_rank=0 sell_rank=0 price=0 quantity=0 settlement=0 buy_residual=0 sell_residual=0
S3_MATCH slot=229 active=0 buy_rank=0 sell_rank=0 price=0 quantity=0 settlement=0 buy_residual=0 sell_residual=0
S3_MATCH slot=230 active=0 buy_rank=0 sell_rank=0 price=0 quantity=0 settlement=0 buy_residual=0 sell_residual=0
S3_MATCH slot=231 active=0 buy_rank=0 sell_rank=0 price=0 quantity=0 settlement=0 buy_residual=0 sell_residual=0
S3_MATCH slot=232 active=0 buy_rank=0 sell_rank=0 price=0 quantity=0 settlement=0 buy_residual=0 sell_residual=0
S3_MATCH slot=233 active=0 buy_rank=0 sell_rank=0 price=0 quantity=0 settlement=0 buy_residual=0 sell_residual=0
S3_MATCH slot=234 active=0 buy_rank=0 sell_rank=0 price=0 quantity=0 settlement=0 buy_residual=0 sell_residual=0
S3_MATCH slot=235 active=0 buy_rank=0 sell_rank=0 price=0 quantity=0 settlement=0 buy_residual=0 sell_residual=0
S3_MATCH slot=236 active=0 buy_rank=0 sell_rank=0 price=0 quantity=0 settlement=0 buy_residual=0 sell_residual=0
S3_MATCH slot=237 active=0 buy_rank=0 sell_rank=0 price=0 quantity=0 settlement=0 buy_residual=0 sell_residual=0
S3_MATCH slot=238 active=0 buy_rank=0 sell_rank=0 price=0 quantity=0 settlement=0 buy_residual=0 sell_residual=0
S3_MATCH slot=239 active=0 buy_rank=0 sell_rank=0 price=0 quantity=0 settlement=0 buy_residual=0 sell_residual=0
S3_MATCH slot=240 active=0 buy_rank=0 sell_rank=0 price=0 quantity=0 settlement=0 buy_residual=0 sell_residual=0
S3_MATCH slot=241 active=0 buy_rank=0 sell_rank=0 price=0 quantity=0 settlement=0 buy_residual=0 sell_residual=0
S3_MATCH slot=242 active=0 buy_rank=0 sell_rank=0 price=0 quantity=0 settlement=0 buy_residual=0 sell_residual=0
S3_MATCH slot=243 active=0 buy_rank=0 sell_rank=0 price=0 quantity=0 settlement=0 buy_residual=0 sell_residual=0
S3_MATCH slot=244 active=0 buy_rank=0 sell_rank=0 price=0 quantity=0 settlement=0 buy_residual=0 sell_residual=0
S3_MATCH slot=245 active=0 buy_rank=0 sell_rank=0 price=0 quantity=0 settlement=0 buy_residual=0 sell_residual=0
S3_MATCH slot=246 active=0 buy_rank=0 sell_rank=0 price=0 quantity=0 settlement=0 buy_residual=0 sell_residual=0
S3_MATCH slot=247 active=0 buy_rank=0 sell_rank=0 price=0 quantity=0 settlement=0 buy_residual=0 sell_residual=0
S3_MATCH slot=248 active=0 buy_rank=0 sell_rank=0 price=0 quantity=0 settlement=0 buy_residual=0 sell_residual=0
S3_MATCH slot=249 active=0 buy_rank=0 sell_rank=0 price=0 quantity=0 settlement=0 buy_residual=0 sell_residual=0
S3_MATCH slot=250 active=0 buy_rank=0 sell_rank=0 price=0 quantity=0 settlement=0 buy_residual=0 sell_residual=0
S3_MATCH slot=251 active=0 buy_rank=0 sell_rank=0 price=0 quantity=0 settlement=0 buy_residual=0 sell_residual=0
S3_MATCH slot=252 active=0 buy_rank=0 sell_rank=0 price=0 quantity=0 settlement=0 buy_residual=0 sell_residual=0
S3_MATCH slot=253 active=0 buy_rank=0 sell_rank=0 price=0 quantity=0 settlement=0 buy_residual=0 sell_residual=0
S3_MATCH slot=254 active=0 buy_rank=0 sell_rank=0 price=0 quantity=0 settlement=0 buy_residual=0 sell_residual=0
S3_RESIDUAL side=buy rank=24 quantity=0
S3_RESIDUAL side=buy rank=80 quantity=0
S3_RESIDUAL side=buy rank=38 quantity=0
S3_RESIDUAL side=buy rank=34 quantity=0
S3_RESIDUAL side=buy rank=65 quantity=0
S3_RESIDUAL side=buy rank=64 quantity=0
S3_RESIDUAL side=buy rank=25 quantity=0
S3_RESIDUAL side=buy rank=32 quantity=0
S3_RESIDUAL side=buy rank=68 quantity=0
S3_RESIDUAL side=buy rank=57 quantity=0
S3_RESIDUAL side=buy rank=54 quantity=0
S3_RESIDUAL side=buy rank=62 quantity=0
S3_RESIDUAL side=buy rank=2 quantity=0
S3_RESIDUAL side=buy rank=77 quantity=0
S3_RESIDUAL side=buy rank=43 quantity=0
S3_RESIDUAL side=buy rank=56 quantity=0
S3_RESIDUAL side=buy rank=40 quantity=0
S3_RESIDUAL side=buy rank=31 quantity=0
S3_RESIDUAL side=buy rank=17 quantity=0
S3_RESIDUAL side=buy rank=0 quantity=0
S3_RESIDUAL side=buy rank=1 quantity=0
S3_RESIDUAL side=buy rank=10 quantity=0
S3_RESIDUAL side=buy rank=15 quantity=0
S3_RESIDUAL side=buy rank=72 quantity=0
S3_RESIDUAL side=buy rank=51 quantity=0
S3_RESIDUAL side=buy rank=52 quantity=0
S3_RESIDUAL side=buy rank=41 quantity=0
S3_RESIDUAL side=buy rank=44 quantity=0
S3_RESIDUAL side=buy rank=50 quantity=0
S3_RESIDUAL side=buy rank=16 quantity=0
S3_RESIDUAL side=buy rank=37 quantity=0
S3_RESIDUAL side=buy rank=12 quantity=0
S3_RESIDUAL side=buy rank=47 quantity=0
S3_RESIDUAL side=buy rank=18 quantity=127186
S3_RESIDUAL side=buy rank=22 quantity=34590
S3_RESIDUAL side=buy rank=79 quantity=987910
S3_RESIDUAL side=buy rank=48 quantity=653612
S3_RESIDUAL side=buy rank=74 quantity=51522
S3_RESIDUAL side=buy rank=21 quantity=547998
S3_RESIDUAL side=buy rank=55 quantity=503820
S3_RESIDUAL side=buy rank=23 quantity=479748
S3_RESIDUAL side=buy rank=61 quantity=463252
S3_RESIDUAL side=buy rank=3 quantity=144600
S3_RESIDUAL side=buy rank=69 quantity=216482
S3_RESIDUAL side=buy rank=6 quantity=683241
S3_RESIDUAL side=buy rank=13 quantity=436295
S3_RESIDUAL side=buy rank=30 quantity=427378
S3_RESIDUAL side=buy rank=9 quantity=993220
S3_RESIDUAL side=buy rank=20 quantity=112604
S3_RESIDUAL side=buy rank=58 quantity=942586
S3_RESIDUAL side=buy rank=8 quantity=342496
S3_RESIDUAL side=buy rank=76 quantity=187414
S3_RESIDUAL side=buy rank=5 quantity=27603
S3_RESIDUAL side=buy rank=28 quantity=184480
S3_RESIDUAL side=buy rank=33 quantity=261968
S3_RESIDUAL side=buy rank=26 quantity=639765
S3_RESIDUAL side=buy rank=70 quantity=782936
S3_RESIDUAL side=buy rank=4 quantity=129945
S3_RESIDUAL side=buy rank=81 quantity=227559
S3_RESIDUAL side=buy rank=45 quantity=514380
S3_RESIDUAL side=buy rank=42 quantity=73122
S3_RESIDUAL side=buy rank=7 quantity=274213
S3_RESIDUAL side=buy rank=75 quantity=946019
S3_RESIDUAL side=buy rank=60 quantity=214670
S3_RESIDUAL side=buy rank=36 quantity=500843
S3_RESIDUAL side=buy rank=39 quantity=978421
S3_RESIDUAL side=buy rank=27 quantity=397299
S3_RESIDUAL side=buy rank=59 quantity=135022
S3_RESIDUAL side=buy rank=14 quantity=818316
S3_RESIDUAL side=buy rank=71 quantity=839195
S3_RESIDUAL side=buy rank=49 quantity=720530
S3_RESIDUAL side=buy rank=66 quantity=657777
S3_RESIDUAL side=buy rank=63 quantity=824067
S3_RESIDUAL side=buy rank=19 quantity=396735
S3_RESIDUAL side=buy rank=73 quantity=48555
S3_RESIDUAL side=buy rank=78 quantity=829867
S3_RESIDUAL side=buy rank=29 quantity=133225
S3_RESIDUAL side=buy rank=35 quantity=341006
S3_RESIDUAL side=buy rank=11 quantity=936991
S3_RESIDUAL side=buy rank=46 quantity=237399
S3_RESIDUAL side=buy rank=67 quantity=100225
S3_RESIDUAL side=buy rank=53 quantity=80927
S3_RESIDUAL side=buy rank=82 quantity=0
S3_RESIDUAL side=buy rank=83 quantity=0
S3_RESIDUAL side=buy rank=84 quantity=0
S3_RESIDUAL side=buy rank=85 quantity=0
S3_RESIDUAL side=buy rank=86 quantity=0
S3_RESIDUAL side=buy rank=87 quantity=0
S3_RESIDUAL side=buy rank=88 quantity=0
S3_RESIDUAL side=buy rank=89 quantity=0
S3_RESIDUAL side=buy rank=90 quantity=0
S3_RESIDUAL side=buy rank=91 quantity=0
S3_RESIDUAL side=buy rank=92 quantity=0
S3_RESIDUAL side=buy rank=93 quantity=0
S3_RESIDUAL side=buy rank=94 quantity=0
S3_RESIDUAL side=buy rank=95 quantity=0
S3_RESIDUAL side=buy rank=96 quantity=0
S3_RESIDUAL side=buy rank=97 quantity=0
S3_RESIDUAL side=buy rank=98 quantity=0
S3_RESIDUAL side=buy rank=99 quantity=0
S3_RESIDUAL side=buy rank=100 quantity=0
S3_RESIDUAL side=buy rank=101 quantity=0
S3_RESIDUAL side=buy rank=102 quantity=0
S3_RESIDUAL side=buy rank=103 quantity=0
S3_RESIDUAL side=buy rank=104 quantity=0
S3_RESIDUAL side=buy rank=105 quantity=0
S3_RESIDUAL side=buy rank=106 quantity=0
S3_RESIDUAL side=buy rank=107 quantity=0
S3_RESIDUAL side=buy rank=108 quantity=0
S3_RESIDUAL side=buy rank=109 quantity=0
S3_RESIDUAL side=buy rank=110 quantity=0
S3_RESIDUAL side=buy rank=111 quantity=0
S3_RESIDUAL side=buy rank=112 quantity=0
S3_RESIDUAL side=buy rank=113 quantity=0
S3_RESIDUAL side=buy rank=114 quantity=0
S3_RESIDUAL side=buy rank=115 quantity=0
S3_RESIDUAL side=buy rank=116 quantity=0
S3_RESIDUAL side=buy rank=117 quantity=0
S3_RESIDUAL side=buy rank=118 quantity=0
S3_RESIDUAL side=buy rank=119 quantity=0
S3_RESIDUAL side=buy rank=120 quantity=0
S3_RESIDUAL side=buy rank=121 quantity=0
S3_RESIDUAL side=buy rank=122 quantity=0
S3_RESIDUAL side=buy rank=123 quantity=0
S3_RESIDUAL side=buy rank=124 quantity=0
S3_RESIDUAL side=buy rank=125 quantity=0
S3_RESIDUAL side=buy rank=126 quantity=0
S3_RESIDUAL side=buy rank=127 quantity=0
S3_RESIDUAL side=sell rank=36 quantity=0
S3_RESIDUAL side=sell rank=62 quantity=0
S3_RESIDUAL side=sell rank=27 quantity=0
S3_RESIDUAL side=sell rank=25 quantity=0
S3_RESIDUAL side=sell rank=5 quantity=0
S3_RESIDUAL side=sell rank=46 quantity=0
S3_RESIDUAL side=sell rank=2 quantity=0
S3_RESIDUAL side=sell rank=33 quantity=0
S3_RESIDUAL side=sell rank=10 quantity=0
S3_RESIDUAL side=sell rank=47 quantity=0
S3_RESIDUAL side=sell rank=19 quantity=0
S3_RESIDUAL side=sell rank=26 quantity=0
S3_RESIDUAL side=sell rank=44 quantity=0
S3_RESIDUAL side=sell rank=56 quantity=0
S3_RESIDUAL side=sell rank=14 quantity=0
S3_RESIDUAL side=sell rank=57 quantity=0
S3_RESIDUAL side=sell rank=58 quantity=348009
S3_RESIDUAL side=sell rank=53 quantity=0
S3_RESIDUAL side=sell rank=54 quantity=705318
S3_RESIDUAL side=sell rank=51 quantity=0
S3_RESIDUAL side=sell rank=3 quantity=582623
S3_RESIDUAL side=sell rank=29 quantity=0
S3_RESIDUAL side=sell rank=34 quantity=350739
S3_RESIDUAL side=sell rank=15 quantity=713343
S3_RESIDUAL side=sell rank=32 quantity=323501
S3_RESIDUAL side=sell rank=4 quantity=873139
S3_RESIDUAL side=sell rank=45 quantity=424122
S3_RESIDUAL side=sell rank=49 quantity=131264
S3_RESIDUAL side=sell rank=7 quantity=0
S3_RESIDUAL side=sell rank=35 quantity=0
S3_RESIDUAL side=sell rank=59 quantity=301918
S3_RESIDUAL side=sell rank=37 quantity=0
S3_RESIDUAL side=sell rank=21 quantity=0
S3_RESIDUAL side=sell rank=55 quantity=0
S3_RESIDUAL side=sell rank=20 quantity=0
S3_RESIDUAL side=sell rank=12 quantity=677921
S3_RESIDUAL side=sell rank=31 quantity=282841
S3_RESIDUAL side=sell rank=28 quantity=634628
S3_RESIDUAL side=sell rank=22 quantity=413748
S3_RESIDUAL side=sell rank=61 quantity=337857
S3_RESIDUAL side=sell rank=24 quantity=0
S3_RESIDUAL side=sell rank=60 quantity=0
S3_RESIDUAL side=sell rank=52 quantity=0
S3_RESIDUAL side=sell rank=42 quantity=0
S3_RESIDUAL side=sell rank=50 quantity=0
S3_RESIDUAL side=sell rank=18 quantity=0
S3_RESIDUAL side=sell rank=39 quantity=0
S3_RESIDUAL side=sell rank=40 quantity=0
S3_RESIDUAL side=sell rank=0 quantity=759864
S3_RESIDUAL side=sell rank=30 quantity=233617
S3_RESIDUAL side=sell rank=16 quantity=0
S3_RESIDUAL side=sell rank=9 quantity=391846
S3_RESIDUAL side=sell rank=13 quantity=197696
S3_RESIDUAL side=sell rank=23 quantity=627331
S3_RESIDUAL side=sell rank=6 quantity=419799
S3_RESIDUAL side=sell rank=41 quantity=559167
S3_RESIDUAL side=sell rank=17 quantity=195161
S3_RESIDUAL side=sell rank=1 quantity=978707
S3_RESIDUAL side=sell rank=48 quantity=269383
S3_RESIDUAL side=sell rank=11 quantity=969362
S3_RESIDUAL side=sell rank=38 quantity=172632
S3_RESIDUAL side=sell rank=43 quantity=552841
S3_RESIDUAL side=sell rank=8 quantity=305580
S3_RESIDUAL side=sell rank=63 quantity=0
S3_RESIDUAL side=sell rank=64 quantity=0
S3_RESIDUAL side=sell rank=65 quantity=0
S3_RESIDUAL side=sell rank=66 quantity=0
S3_RESIDUAL side=sell rank=67 quantity=0
S3_RESIDUAL side=sell rank=68 quantity=0
S3_RESIDUAL side=sell rank=69 quantity=0
S3_RESIDUAL side=sell rank=70 quantity=0
S3_RESIDUAL side=sell rank=71 quantity=0
S3_RESIDUAL side=sell rank=72 quantity=0
S3_RESIDUAL side=sell rank=73 quantity=0
S3_RESIDUAL side=sell rank=74 quantity=0
S3_RESIDUAL side=sell rank=75 quantity=0
S3_RESIDUAL side=sell rank=76 quantity=0
S3_RESIDUAL side=sell rank=77 quantity=0
S3_RESIDUAL side=sell rank=78 quantity=0
S3_RESIDUAL side=sell rank=79 quantity=0
S3_RESIDUAL side=sell rank=80 quantity=0
S3_RESIDUAL side=sell rank=81 quantity=0
S3_RESIDUAL side=sell rank=82 quantity=0
S3_RESIDUAL side=sell rank=83 quantity=0
S3_RESIDUAL side=sell rank=84 quantity=0
S3_RESIDUAL side=sell rank=85 quantity=0
S3_RESIDUAL side=sell rank=86 quantity=0
S3_RESIDUAL side=sell rank=87 quantity=0
S3_RESIDUAL side=sell rank=88 quantity=0
S3_RESIDUAL side=sell rank=89 quantity=0
S3_RESIDUAL side=sell rank=90 quantity=0
S3_RESIDUAL side=sell rank=91 quantity=0
S3_RESIDUAL side=sell rank=92 quantity=0
S3_RESIDUAL side=sell rank=93 quantity=0
S3_RESIDUAL side=sell rank=94 quantity=0
S3_RESIDUAL side=sell rank=95 quantity=0
S3_RESIDUAL side=sell rank=96 quantity=0
S3_RESIDUAL side=sell rank=97 quantity=0
S3_RESIDUAL side=sell rank=98 quantity=0
S3_RESIDUAL side=sell rank=99 quantity=0
S3_RESIDUAL side=sell rank=100 quantity=0
S3_RESIDUAL side=sell rank=101 quantity=0
S3_RESIDUAL side=sell rank=102 quantity=0
S3_RESIDUAL side=sell rank=103 quantity=0
S3_RESIDUAL side=sell rank=104 quantity=0
S3_RESIDUAL side=sell rank=105 quantity=0
S3_RESIDUAL side=sell rank=106 quantity=0
S3_RESIDUAL side=sell rank=107 quantity=0
S3_RESIDUAL side=sell rank=108 quantity=0
S3_RESIDUAL side=sell rank=109 quantity=0
S3_RESIDUAL side=sell rank=110 quantity=0
S3_RESIDUAL side=sell rank=111 quantity=0
S3_RESIDUAL side=sell rank=112 quantity=0
S3_RESIDUAL side=sell rank=113 quantity=0
S3_RESIDUAL side=sell rank=114 quantity=0
S3_RESIDUAL side=sell rank=115 quantity=0
S3_RESIDUAL side=sell rank=116 quantity=0
S3_RESIDUAL side=sell rank=117 quantity=0
S3_RESIDUAL side=sell rank=118 quantity=0
S3_RESIDUAL side=sell rank=119 quantity=0
S3_RESIDUAL side=sell rank=120 quantity=0
S3_RESIDUAL side=sell rank=121 quantity=0
S3_RESIDUAL side=sell rank=122 quantity=0
S3_RESIDUAL side=sell rank=123 quantity=0
S3_RESIDUAL side=sell rank=124 quantity=0
S3_RESIDUAL side=sell rank=125 quantity=0
S3_RESIDUAL side=sell rank=126 quantity=0
S3_RESIDUAL side=sell rank=127 quantity=0
The following benchmarks are including preprocessing (offline phase).
Time = 29.0804 seconds 
Data sent = 659.089 MB in ~179795 rounds (party 0 only; use '-v' for more details)
Global data sent = 1977.27 MB (all parties)
This program might benefit from some protocol options.
Consider adding the following at the beginning of your code:
	program.use_edabit(True)
