Using statistical security parameter 40
Trying to run 255-bit computation (256-bit representation)
S3_FMATCH_TEST valid=1 commitment=-1903351542543571359869999857869403921862235381546122909165261455075719111230 aggregate_quantity=3411170 aggregate_settlement=1400208486110
S3_MATCH slot=0 active=1 buy_rank=5 sell_rank=0 price=417111 quantity=154953 settlement=64632600783 buy_residual=0 sell_residual=606901
S3_MATCH slot=1 active=1 buy_rank=8 sell_rank=0 price=390706 quantity=294191 settlement=114942188846 buy_residual=0 sell_residual=312710
S3_MATCH slot=2 active=1 buy_rank=6 sell_rank=0 price=485966 quantity=312710 settlement=151966427860 buy_residual=367113 sell_residual=0
S3_MATCH slot=3 active=1 buy_rank=6 sell_rank=6 price=589819 quantity=323806 settlement=190986931114 buy_residual=43307 sell_residual=0
S3_MATCH slot=4 active=1 buy_rank=6 sell_rank=7 price=452912 quantity=43307 settlement=19614259984 buy_residual=0 sell_residual=746072
S3_MATCH slot=5 active=1 buy_rank=2 sell_rank=7 price=244415 quantity=746072 settlement=182351187880 buy_residual=148126 sell_residual=0
S3_MATCH slot=6 active=1 buy_rank=2 sell_rank=4 price=314925 quantity=148126 settlement=46648580550 buy_residual=0 sell_residual=372766
S3_MATCH slot=7 active=1 buy_rank=0 sell_rank=4 price=538731 quantity=372766 settlement=200820599946 buy_residual=224993 sell_residual=0
S3_MATCH slot=8 active=1 buy_rank=0 sell_rank=5 price=644755 quantity=224993 settlement=145065361715 buy_residual=0 sell_residual=659176
S3_MATCH slot=9 active=1 buy_rank=7 sell_rank=5 price=485577 quantity=513868 settlement=249522481836 buy_residual=0 sell_residual=145308
S3_MATCH slot=10 active=1 buy_rank=9 sell_rank=8 price=121782 quantity=276378 settlement=33657865596 buy_residual=526647 sell_residual=0
S3_MATCH slot=11 active=0 buy_rank=0 sell_rank=0 price=0 quantity=0 settlement=0 buy_residual=0 sell_residual=0
S3_MATCH slot=12 active=0 buy_rank=0 sell_rank=0 price=0 quantity=0 settlement=0 buy_residual=0 sell_residual=0
S3_MATCH slot=13 active=0 buy_rank=0 sell_rank=0 price=0 quantity=0 settlement=0 buy_residual=0 sell_residual=0
S3_MATCH slot=14 active=0 buy_rank=0 sell_rank=0 price=0 quantity=0 settlement=0 buy_residual=0 sell_residual=0
S3_MATCH slot=15 active=0 buy_rank=0 sell_rank=0 price=0 quantity=0 settlement=0 buy_residual=0 sell_residual=0
S3_MATCH slot=16 active=0 buy_rank=0 sell_rank=0 price=0 quantity=0 settlement=0 buy_residual=0 sell_residual=0
S3_MATCH slot=17 active=0 buy_rank=0 sell_rank=0 price=0 quantity=0 settlement=0 buy_residual=0 sell_residual=0
S3_MATCH slot=18 active=0 buy_rank=0 sell_rank=0 price=0 quantity=0 settlement=0 buy_residual=0 sell_residual=0
S3_MATCH slot=19 active=0 buy_rank=0 sell_rank=0 price=0 quantity=0 settlement=0 buy_residual=0 sell_residual=0
S3_MATCH slot=20 active=0 buy_rank=0 sell_rank=0 price=0 quantity=0 settlement=0 buy_residual=0 sell_residual=0
S3_MATCH slot=21 active=0 buy_rank=0 sell_rank=0 price=0 quantity=0 settlement=0 buy_residual=0 sell_residual=0
S3_MATCH slot=22 active=0 buy_rank=0 sell_rank=0 price=0 quantity=0 settlement=0 buy_residual=0 sell_residual=0
S3_MATCH slot=23 active=0 buy_rank=0 sell_rank=0 price=0 quantity=0 settlement=0 buy_residual=0 sell_residual=0
S3_MATCH slot=24 active=0 buy_rank=0 sell_rank=0 price=0 quantity=0 settlement=0 buy_residual=0 sell_residual=0
S3_MATCH slot=25 active=0 buy_rank=0 sell_rank=0 price=0 quantity=0 settlement=0 buy_residual=0 sell_residual=0
S3_MATCH slot=26 active=0 buy_rank=0 sell_rank=0 price=0 quantity=0 settlement=0 buy_residual=0 sell_residual=0
S3_MATCH slot=27 active=0 buy_rank=0 sell_rank=0 price=0 quantity=0 settlement=0 buy_residual=0 sell_residual=0
S3_MATCH slot=28 active=0 buy_rank=0 sell_rank=0 price=0 quantity=0 settlement=0 buy_residual=0 sell_residual=0
S3_MATCH slot=29 active=0 buy_rank=0 sell_rank=0 price=0 quantity=0 settlement=0 buy_residual=0 sell_residual=0
S3_MATCH slot=30 active=0 buy_rank=0 sell_rank=0 price=0 quantity=0 settlement=0 buy_residual=0 sell_residual=0
S3_RESIDUAL side=buy rank=5 quantity=0
S3_RESIDUAL side=buy rank=8 quantity=0
S3_RESIDUAL side=buy rank=6 quantity=0
S3_RESIDUAL side=buy rank=2 quantity=0
S3_RESIDUAL side=buy rank=0 quantity=0
S3_RESIDUAL side=buy rank=7 quantity=0
S3_RESIDUAL side=buy rank=9 quantity=526647
S3_RESIDUAL side=buy rank=4 quantity=792942
S3_RESIDUAL side=buy rank=3 quantity=394776
S3_RESIDUAL side=buy rank=1 quantity=503466
S3_RESIDUAL side=buy rank=10 quantity=0
S3_RESIDUAL side=buy rank=11 quantity=0
S3_RESIDUAL side=buy rank=12 quantity=0
S3_RESIDUAL side=buy rank=13 quantity=0
S3_RESIDUAL side=buy rank=14 quantity=0
S3_RESIDUAL side=buy rank=15 quantity=0
S3_RESIDUAL side=sell rank=0 quantity=0
S3_RESIDUAL side=sell rank=6 quantity=0
S3_RESIDUAL side=sell rank=7 quantity=0
S3_RESIDUAL side=sell rank=4 quantity=0
S3_RESIDUAL side=sell rank=5 quantity=145308
S3_RESIDUAL side=sell rank=3 quantity=786205
S3_RESIDUAL side=sell rank=1 quantity=871845
S3_RESIDUAL side=sell rank=8 quantity=0
S3_RESIDUAL side=sell rank=2 quantity=101193
S3_RESIDUAL side=sell rank=9 quantity=0
S3_RESIDUAL side=sell rank=10 quantity=0
S3_RESIDUAL side=sell rank=11 quantity=0
S3_RESIDUAL side=sell rank=12 quantity=0
S3_RESIDUAL side=sell rank=13 quantity=0
S3_RESIDUAL side=sell rank=14 quantity=0
S3_RESIDUAL side=sell rank=15 quantity=0
The following benchmarks are including preprocessing (offline phase).
Time = 2.47873 seconds 
Data sent = 56.5948 MB in ~14142 rounds (party 0 only; use '-v' for more details)
Global data sent = 169.464 MB (all parties)
This program might benefit from some protocol options.
Consider adding the following at the beginning of your code:
	program.use_edabit(True)
