Using statistical security parameter 40
Trying to run 255-bit computation (256-bit representation)
S3_FMATCH_TEST valid=1 commitment=21330586778490015784376084294666925793906775042453866543268913969126839726733 aggregate_quantity=2133786 aggregate_settlement=954081924416
S3_MATCH slot=0 active=1 buy_rank=8 sell_rank=6 price=446813 quantity=109694 settlement=49012705222 buy_residual=0 sell_residual=701311
S3_MATCH slot=1 active=1 buy_rank=12 sell_rank=6 price=526461 quantity=28883 settlement=15205773063 buy_residual=0 sell_residual=672428
S3_MATCH slot=2 active=1 buy_rank=4 sell_rank=6 price=561122 quantity=672428 settlement=377314144216 buy_residual=184985 sell_residual=0
S3_MATCH slot=3 active=1 buy_rank=4 sell_rank=8 price=424087 quantity=184985 settlement=78449733695 buy_residual=0 sell_residual=762898
S3_MATCH slot=4 active=1 buy_rank=11 sell_rank=8 price=256682 quantity=428679 settlement=110034183078 buy_residual=0 sell_residual=334219
S3_MATCH slot=5 active=1 buy_rank=7 sell_rank=8 price=461930 quantity=236155 settlement=109087079150 buy_residual=0 sell_residual=98064
S3_MATCH slot=6 active=1 buy_rank=6 sell_rank=8 price=292372 quantity=2959 settlement=865128748 buy_residual=0 sell_residual=95105
S3_MATCH slot=7 active=1 buy_rank=0 sell_rank=8 price=321350 quantity=95105 settlement=30561991750 buy_residual=374898 sell_residual=0
S3_MATCH slot=8 active=1 buy_rank=0 sell_rank=0 price=489603 quantity=374898 settlement=183551185494 buy_residual=0 sell_residual=85060
S3_MATCH slot=9 active=0 buy_rank=0 sell_rank=0 price=0 quantity=0 settlement=0 buy_residual=0 sell_residual=0
S3_MATCH slot=10 active=0 buy_rank=0 sell_rank=0 price=0 quantity=0 settlement=0 buy_residual=0 sell_residual=0
S3_MATCH slot=11 active=0 buy_rank=0 sell_rank=0 price=0 quantity=0 settlement=0 buy_residual=0 sell_residual=0
S3_MATCH slot=12 active=0 buy_rank=0 sell_rank=0 price=0 quantity=0 settlement=0 buy_residual=0 sell_residual=0
S3_MATCH slot=13 active=0 buy_rank=0 sell_rank=0 price=0 quantity=0 settlement=0 buy_residual=0 sell_residual=0
S3_MATCH slot=14 active=0 buy_rank=0 sell_rank=0 price=0 quantity=0 settlement=0 buy_residual=0 sell_residual=0
S3_MATCH slot=15 active=0 buy_rank=0 sell_rank=0 price=0 quantity=0 settlement=0 buy_residual=0 sell_residual=0
S3_MATCH slot=16 active=0 buy_rank=0 sell_rank=0 price=0 quantity=0 settlement=0 buy_residual=0 sell_residual=0
S3_MATCH slot=17 active=0 buy_rank=0 sell_rank=0 price=0 quantity=0 settlement=0 buy_residual=0 sell_residual=0
S3_MATCH slot=18 active=0 buy_rank=0 sell_rank=0 price=0 quantity=0 settlement=0 buy_residual=0 sell_residual=0
S3_MATCH slot=19 active=0 buy_rank=0 sell_rank=0 price=0 quantity=0 settlement=0 buy_residual=0 sell_residual=0
S3_MATCH slot=20 active=0 buy_rank=0 sell_rank=0 price=0 quantity=0 settlement=0 buy_residual=0 sell_residual=0
S3_MATCH slot=21 active=0 buy_rank=0 sell_rank=0 price=0 quantity=0 settlement=0 buy_residual=0 sell_residual=0
S3_MATCH slot=22 active=0 buy_rank=0 sell_rank=0 price=0 quantity=0 settlement=0 buy_residual=0 sell_residual=0
S3_MATCH slot=23 active=0 buy_rank=0 sell_rank=0 price=0 quantity=0 settlement=0 buy_residual=0 sell_residual=0
S3_MATCH slot=24 active=0 buy_rank=0 sell_rank=0 price=0 quantity=0 settlement=0 buy_residual=0 sell_residual=0
S3_MATCH slot=25 active=0 buy_rank=0 sell_rank=0 price=0 quantity=0 settlement=0 buy_residual=0 sell_residual=0
S3_MATCH slot=26 active=0 buy_rank=0 sell_rank=0 price=0 quantity=0 settlement=0 buy_residual=0 sell_residual=0
S3_MATCH slot=27 active=0 buy_rank=0 sell_rank=0 price=0 quantity=0 settlement=0 buy_residual=0 sell_residual=0
S3_MATCH slot=28 active=0 buy_rank=0 sell_rank=0 price=0 quantity=0 settlement=0 buy_residual=0 sell_residual=0
S3_MATCH slot=29 active=0 buy_rank=0 sell_rank=0 price=0 quantity=0 settlement=0 buy_residual=0 sell_residual=0
S3_MATCH slot=30 active=0 buy_rank=0 sell_rank=0 price=0 quantity=0 settlement=0 buy_residual=0 sell_residual=0
S3_RESIDUAL side=buy rank=8 quantity=0
S3_RESIDUAL side=buy rank=12 quantity=0
S3_RESIDUAL side=buy rank=4 quantity=0
S3_RESIDUAL side=buy rank=11 quantity=0
S3_RESIDUAL side=buy rank=7 quantity=0
S3_RESIDUAL side=buy rank=6 quantity=0
S3_RESIDUAL side=buy rank=0 quantity=0
S3_RESIDUAL side=buy rank=2 quantity=88814
S3_RESIDUAL side=buy rank=9 quantity=143693
S3_RESIDUAL side=buy rank=3 quantity=9812
S3_RESIDUAL side=buy rank=1 quantity=315511
S3_RESIDUAL side=buy rank=10 quantity=1061
S3_RESIDUAL side=buy rank=5 quantity=144648
S3_RESIDUAL side=buy rank=13 quantity=29811
S3_RESIDUAL side=buy rank=14 quantity=0
S3_RESIDUAL side=buy rank=15 quantity=0
S3_RESIDUAL side=sell rank=6 quantity=0
S3_RESIDUAL side=sell rank=8 quantity=0
S3_RESIDUAL side=sell rank=1 quantity=664618
S3_RESIDUAL side=sell rank=0 quantity=85060
S3_RESIDUAL side=sell rank=4 quantity=678286
S3_RESIDUAL side=sell rank=5 quantity=784106
S3_RESIDUAL side=sell rank=7 quantity=278608
S3_RESIDUAL side=sell rank=3 quantity=747090
S3_RESIDUAL side=sell rank=2 quantity=127395
S3_RESIDUAL side=sell rank=9 quantity=0
S3_RESIDUAL side=sell rank=10 quantity=0
S3_RESIDUAL side=sell rank=11 quantity=0
S3_RESIDUAL side=sell rank=12 quantity=0
S3_RESIDUAL side=sell rank=13 quantity=0
S3_RESIDUAL side=sell rank=14 quantity=0
S3_RESIDUAL side=sell rank=15 quantity=0
The following benchmarks are including preprocessing (offline phase).
Time = 2.71828 seconds 
Data sent = 56.5948 MB in ~14142 rounds (party 0 only; use '-v' for more details)
Global data sent = 169.464 MB (all parties)
This program might benefit from some protocol options.
Consider adding the following at the beginning of your code:
	program.use_edabit(True)
