Using statistical security parameter 40
Trying to run 255-bit computation (256-bit representation)
S3_FMATCH_TEST valid=1 commitment=-18373727467873654447423021211163155635558505956082156656256760198101525120312 aggregate_quantity=2864422 aggregate_settlement=1245084463539
S3_MATCH slot=0 active=1 buy_rank=5 sell_rank=4 price=507720 quantity=479789 settlement=243598471080 buy_residual=0 sell_residual=453864
S3_MATCH slot=1 active=1 buy_rank=10 sell_rank=4 price=631921 quantity=453864 settlement=286806192744 buy_residual=342532 sell_residual=0
S3_MATCH slot=2 active=1 buy_rank=10 sell_rank=1 price=762451 quantity=342532 settlement=261163865932 buy_residual=0 sell_residual=122599
S3_MATCH slot=3 active=1 buy_rank=0 sell_rank=1 price=891677 quantity=122599 settlement=109318708523 buy_residual=28873 sell_residual=0
S3_MATCH slot=4 active=1 buy_rank=0 sell_rank=8 price=545627 quantity=28873 settlement=15753888371 buy_residual=0 sell_residual=729160
S3_MATCH slot=5 active=1 buy_rank=8 sell_rank=8 price=254978 quantity=729160 settlement=185919758480 buy_residual=59246 sell_residual=0
S3_MATCH slot=6 active=1 buy_rank=8 sell_rank=13 price=284412 quantity=59246 settlement=16850273352 buy_residual=0 sell_residual=293594
S3_MATCH slot=7 active=1 buy_rank=12 sell_rank=13 price=202603 quantity=293594 settlement=59483025182 buy_residual=607609 sell_residual=0
S3_MATCH slot=8 active=1 buy_rank=12 sell_rank=12 price=186575 quantity=354765 settlement=66190279875 buy_residual=252844 sell_residual=0
S3_MATCH slot=9 active=0 buy_rank=0 sell_rank=0 price=0 quantity=0 settlement=0 buy_residual=0 sell_residual=0
S3_MATCH slot=10 active=0 buy_rank=0 sell_rank=0 price=0 quantity=0 settlement=0 buy_residual=0 sell_residual=0
S3_MATCH slot=11 active=0 buy_rank=0 sell_rank=0 price=0 quantity=0 settlement=0 buy_residual=0 sell_residual=0
S3_MATCH slot=12 active=0 buy_rank=0 sell_rank=0 price=0 quantity=0 settlement=0 buy_residual=0 sell_residual=0
S3_MATCH slot=13 active=0 buy_rank=0 sell_rank=0 price=0 quantity=0 settlement=0 buy_residual=0 sell_residual=0
S3_MATCH slot=14 active=0 buy_rank=0 sell_rank=0 price=0 quantity=0 settlement=0 buy_residual=0 sell_residual=0
S3_MATCH slot=15 active=0 buy_rank=0 sell_rank=0 price=0 quantity=0 settlement=0 buy_residual=0 sell_residual=0
S3_MATCH slot=16 active=0 buy_rank=0 sell_rank=0 price=0 quantity=0 settlement=0 buy_residual=0 sell_residual=0
S3_MATCH slot=17 active=0 buy_rank=0 sell_rank=0 price=0 quantity=0 settlement=0 buy_residual=0 sell_residual=0
S3_MATCH slot=18 active=0 buy_rank=0 sell_rank=0 price=0 quantity=0 settlement=0 buy_residual=0 sell_residual=0
S3_MATCH slot=19 active=0 buy_rank=0 sell_rank=0 price=0 quantity=0 settlement=0 buy_residual=0 sell_residual=0
S3_MATCH slot=20 active=0 buy_rank=0 sell_rank=0 price=0 quantity=0 settlement=0 buy_residual=0 sell_residual=0
S3_MATCH slot=21 active=0 buy_rank=0 sell_rank=0 price=0 quantity=0 settlement=0 buy_residual=0 sell_residual=0
S3_MATCH slot=22 active=0 buy_rank=0 sell_rank=0 price=0 quantity=0 settlement=0 buy_residual=0 sell_residual=0
S3_MATCH slot=23 active=0 buy_rank=0 sell_rank=0 price=0 quantity=0 settlement=0 buy_residual=0 sell_residual=0
S3_MATCH slot=24 active=0 buy_rank=0 sell_rank=0 price=0 quantity=0 settlement=0 buy_residual=0 sell_residual=0
S3_MATCH slot=25 active=0 buy_rank=0 sell_rank=0 price=0 quantity=0 settlement=0 buy_residual=0 sell_residual=0
S3_MATCH slot=26 active=0 buy_rank=0 sell_rank=0 price=0 quantity=0 settlement=0 buy_residual=0 sell_residual=0
S3_MATCH slot=27 active=0 buy_rank=0 sell_rank=0 price=0 quantity=0 settlement=0 buy_residual=0 sell_residual=0
S3_MATCH slot=28 active=0 buy_rank=0 sell_rank=0 price=0 quantity=0 settlement=0 buy_residual=0 sell_residual=0
S3_MATCH slot=29 active=0 buy_rank=0 sell_rank=0 price=0 quantity=0 settlement=0 buy_residual=0 sell_residual=0
S3_MATCH slot=30 active=0 buy_rank=0 sell_rank=0 price=0 quantity=0 settlement=0 buy_residual=0 sell_residual=0
S3_RESIDUAL side=buy rank=5 quantity=0
S3_RESIDUAL side=buy rank=10 quantity=0
S3_RESIDUAL side=buy rank=0 quantity=0
S3_RESIDUAL side=buy rank=8 quantity=0
S3_RESIDUAL side=buy rank=12 quantity=252844
S3_RESIDUAL side=buy rank=11 quantity=258973
S3_RESIDUAL side=buy rank=7 quantity=664977
S3_RESIDUAL side=buy rank=13 quantity=531229
S3_RESIDUAL side=buy rank=4 quantity=162014
S3_RESIDUAL side=buy rank=9 quantity=848416
S3_RESIDUAL side=buy rank=3 quantity=15697
S3_RESIDUAL side=buy rank=6 quantity=335564
S3_RESIDUAL side=buy rank=1 quantity=95369
S3_RESIDUAL side=buy rank=2 quantity=102719
S3_RESIDUAL side=buy rank=14 quantity=0
S3_RESIDUAL side=buy rank=15 quantity=0
S3_RESIDUAL side=sell rank=4 quantity=0
S3_RESIDUAL side=sell rank=1 quantity=0
S3_RESIDUAL side=sell rank=8 quantity=0
S3_RESIDUAL side=sell rank=13 quantity=0
S3_RESIDUAL side=sell rank=3 quantity=193565
S3_RESIDUAL side=sell rank=0 quantity=779701
S3_RESIDUAL side=sell rank=7 quantity=533566
S3_RESIDUAL side=sell rank=10 quantity=935908
S3_RESIDUAL side=sell rank=12 quantity=0
S3_RESIDUAL side=sell rank=11 quantity=732847
S3_RESIDUAL side=sell rank=5 quantity=890060
S3_RESIDUAL side=sell rank=2 quantity=430160
S3_RESIDUAL side=sell rank=6 quantity=486532
S3_RESIDUAL side=sell rank=9 quantity=807985
S3_RESIDUAL side=sell rank=14 quantity=0
S3_RESIDUAL side=sell rank=15 quantity=0
The following benchmarks are including preprocessing (offline phase).
Time = 2.74869 seconds 
Data sent = 56.5948 MB in ~14142 rounds (party 0 only; use '-v' for more details)
Global data sent = 169.464 MB (all parties)
This program might benefit from some protocol options.
Consider adding the following at the beginning of your code:
	program.use_edabit(True)
