Using statistical security parameter 40
Trying to run 255-bit computation (256-bit representation)
S3_FMATCH_TEST valid=1 commitment=20336352425455547741293789426149902755914489962311777801593187500354911449465 aggregate_quantity=3288317 aggregate_settlement=1887007921394
S3_MATCH slot=0 active=1 buy_rank=0 sell_rank=13 price=414650 quantity=207720 settlement=86131098000 buy_residual=235746 sell_residual=0
S3_MATCH slot=1 active=1 buy_rank=0 sell_rank=7 price=408677 quantity=235746 settlement=96343968042 buy_residual=0 sell_residual=420293
S3_MATCH slot=2 active=1 buy_rank=9 sell_rank=7 price=353530 quantity=224741 settlement=79452685730 buy_residual=0 sell_residual=195552
S3_MATCH slot=3 active=1 buy_rank=5 sell_rank=7 price=366875 quantity=195552 settlement=71743140000 buy_residual=254797 sell_residual=0
S3_MATCH slot=4 active=1 buy_rank=5 sell_rank=4 price=539894 quantity=254797 settlement=137563371518 buy_residual=0 sell_residual=532355
S3_MATCH slot=5 active=1 buy_rank=14 sell_rank=4 price=573152 quantity=532355 settlement=305120332960 buy_residual=22710 sell_residual=0
S3_MATCH slot=6 active=1 buy_rank=14 sell_rank=2 price=751226 quantity=22710 settlement=17060342460 buy_residual=0 sell_residual=46845
S3_MATCH slot=7 active=1 buy_rank=2 sell_rank=2 price=630488 quantity=46845 settlement=29535210360 buy_residual=50889 sell_residual=0
S3_MATCH slot=8 active=1 buy_rank=2 sell_rank=11 price=563797 quantity=50889 settlement=28691065533 buy_residual=0 sell_residual=163902
S3_MATCH slot=9 active=1 buy_rank=6 sell_rank=11 price=938028 quantity=163902 settlement=153744665256 buy_residual=796907 sell_residual=0
S3_MATCH slot=10 active=1 buy_rank=6 sell_rank=5 price=534437 quantity=539566 settlement=288364034342 buy_residual=257341 sell_residual=0
S3_MATCH slot=11 active=1 buy_rank=6 sell_rank=8 price=1268474 quantity=257341 settlement=326430367634 buy_residual=0 sell_residual=714826
S3_MATCH slot=12 active=1 buy_rank=1 sell_rank=6 price=504863 quantity=64558 settlement=32592945554 buy_residual=491595 sell_residual=0
S3_MATCH slot=13 active=1 buy_rank=1 sell_rank=9 price=476479 quantity=491595 settlement=234234694005 buy_residual=0 sell_residual=60034
S3_MATCH slot=14 active=0 buy_rank=0 sell_rank=0 price=0 quantity=0 settlement=0 buy_residual=0 sell_residual=0
S3_MATCH slot=15 active=0 buy_rank=0 sell_rank=0 price=0 quantity=0 settlement=0 buy_residual=0 sell_residual=0
S3_MATCH slot=16 active=0 buy_rank=0 sell_rank=0 price=0 quantity=0 settlement=0 buy_residual=0 sell_residual=0
S3_MATCH slot=17 active=0 buy_rank=0 sell_rank=0 price=0 quantity=0 settlement=0 buy_residual=0 sell_residual=0
S3_MATCH slot=18 active=0 buy_rank=0 sell_rank=0 price=0 quantity=0 settlement=0 buy_residual=0 sell_residual=0
S3_MATCH slot=19 active=0 buy_rank=0 sell_rank=0 price=0 quantity=0 settlement=0 buy_residual=0 sell_residual=0
S3_MATCH slot=20 active=0 buy_rank=0 sell_rank=0 price=0 quantity=0 settlement=0 buy_residual=0 sell_residual=0
S3_MATCH slot=21 active=0 buy_rank=0 sell_rank=0 price=0 quantity=0 settlement=0 buy_residual=0 sell_residual=0
S3_MATCH slot=22 active=0 buy_rank=0 sell_rank=0 price=0 quantity=0 settlement=0 buy_residual=0 sell_residual=0
S3_MATCH slot=23 active=0 buy_rank=0 sell_rank=0 price=0 quantity=0 settlement=0 buy_residual=0 sell_residual=0
S3_MATCH slot=24 active=0 buy_rank=0 sell_rank=0 price=0 quantity=0 settlement=0 buy_residual=0 sell_residual=0
S3_MATCH slot=25 active=0 buy_rank=0 sell_rank=0 price=0 quantity=0 settlement=0 buy_residual=0 sell_residual=0
S3_MATCH slot=26 active=0 buy_rank=0 sell_rank=0 price=0 quantity=0 settlement=0 buy_residual=0 sell_residual=0
S3_MATCH slot=27 active=0 buy_rank=0 sell_rank=0 price=0 quantity=0 settlement=0 buy_residual=0 sell_residual=0
S3_MATCH slot=28 active=0 buy_rank=0 sell_rank=0 price=0 quantity=0 settlement=0 buy_residual=0 sell_residual=0
S3_MATCH slot=29 active=0 buy_rank=0 sell_rank=0 price=0 quantity=0 settlement=0 buy_residual=0 sell_residual=0
S3_MATCH slot=30 active=0 buy_rank=0 sell_rank=0 price=0 quantity=0 settlement=0 buy_residual=0 sell_residual=0
S3_RESIDUAL side=buy rank=0 quantity=0
S3_RESIDUAL side=buy rank=9 quantity=0
S3_RESIDUAL side=buy rank=5 quantity=0
S3_RESIDUAL side=buy rank=14 quantity=0
S3_RESIDUAL side=buy rank=2 quantity=0
S3_RESIDUAL side=buy rank=6 quantity=0
S3_RESIDUAL side=buy rank=1 quantity=0
S3_RESIDUAL side=buy rank=10 quantity=79952
S3_RESIDUAL side=buy rank=12 quantity=855373
S3_RESIDUAL side=buy rank=11 quantity=34146
S3_RESIDUAL side=buy rank=13 quantity=676541
S3_RESIDUAL side=buy rank=3 quantity=797911
S3_RESIDUAL side=buy rank=7 quantity=455386
S3_RESIDUAL side=buy rank=8 quantity=15534
S3_RESIDUAL side=buy rank=4 quantity=640002
S3_RESIDUAL side=buy rank=15 quantity=0
S3_RESIDUAL side=sell rank=13 quantity=0
S3_RESIDUAL side=sell rank=7 quantity=0
S3_RESIDUAL side=sell rank=4 quantity=0
S3_RESIDUAL side=sell rank=2 quantity=0
S3_RESIDUAL side=sell rank=3 quantity=759740
S3_RESIDUAL side=sell rank=11 quantity=0
S3_RESIDUAL side=sell rank=5 quantity=0
S3_RESIDUAL side=sell rank=8 quantity=714826
S3_RESIDUAL side=sell rank=6 quantity=0
S3_RESIDUAL side=sell rank=9 quantity=60034
S3_RESIDUAL side=sell rank=10 quantity=924153
S3_RESIDUAL side=sell rank=12 quantity=92809
S3_RESIDUAL side=sell rank=0 quantity=974502
S3_RESIDUAL side=sell rank=1 quantity=751589
S3_RESIDUAL side=sell rank=14 quantity=0
S3_RESIDUAL side=sell rank=15 quantity=0
The following benchmarks are including preprocessing (offline phase).
Time = 2.46161 seconds 
Data sent = 56.5948 MB in ~14142 rounds (party 0 only; use '-v' for more details)
Global data sent = 169.464 MB (all parties)
This program might benefit from some protocol options.
Consider adding the following at the beginning of your code:
	program.use_edabit(True)
