Using statistical security parameter 40
Trying to run 255-bit computation (256-bit representation)
S3_FMATCH_TEST valid=1 commitment=7122765483996654718993073064733461471685707884973149464808472603822308652442 aggregate_quantity=3026850 aggregate_settlement=1330692684536
S3_MATCH slot=0 active=1 buy_rank=9 sell_rank=5 price=373421 quantity=82492 settlement=30804245132 buy_residual=562492 sell_residual=0
S3_MATCH slot=1 active=1 buy_rank=9 sell_rank=9 price=348815 quantity=462430 settlement=161302520450 buy_residual=100062 sell_residual=0
S3_MATCH slot=2 active=1 buy_rank=9 sell_rank=2 price=347525 quantity=100062 settlement=34774046550 buy_residual=0 sell_residual=327249
S3_MATCH slot=3 active=1 buy_rank=1 sell_rank=2 price=311342 quantity=161241 settlement=50201095422 buy_residual=0 sell_residual=166008
S3_MATCH slot=4 active=1 buy_rank=0 sell_rank=2 price=299017 quantity=166008 settlement=49639214136 buy_residual=714183 sell_residual=0
S3_MATCH slot=5 active=1 buy_rank=0 sell_rank=12 price=414387 quantity=680156 settlement=281847804372 buy_residual=34027 sell_residual=0
S3_MATCH slot=6 active=1 buy_rank=0 sell_rank=10 price=373449 quantity=34027 settlement=12707349123 buy_residual=0 sell_residual=209728
S3_MATCH slot=7 active=1 buy_rank=8 sell_rank=10 price=626719 quantity=209728 settlement=131440522432 buy_residual=503796 sell_residual=0
S3_MATCH slot=8 active=1 buy_rank=8 sell_rank=6 price=507739 quantity=375000 settlement=190402125000 buy_residual=128796 sell_residual=0
S3_MATCH slot=9 active=1 buy_rank=8 sell_rank=13 price=473057 quantity=128796 settlement=60927849372 buy_residual=0 sell_residual=329061
S3_MATCH slot=10 active=1 buy_rank=5 sell_rank=13 price=254197 quantity=67408 settlement=17134911376 buy_residual=0 sell_residual=261653
S3_MATCH slot=11 active=1 buy_rank=7 sell_rank=13 price=570087 quantity=261653 settlement=149164973811 buy_residual=159731 sell_residual=0
S3_MATCH slot=12 active=1 buy_rank=7 sell_rank=14 price=584544 quantity=159731 settlement=93369797664 buy_residual=0 sell_residual=89240
S3_MATCH slot=13 active=1 buy_rank=11 sell_rank=14 price=450167 quantity=89240 settlement=40172903080 buy_residual=324952 sell_residual=0
S3_MATCH slot=14 active=1 buy_rank=11 sell_rank=0 price=548372 quantity=48878 settlement=26803326616 buy_residual=276074 sell_residual=0
S3_MATCH slot=15 active=0 buy_rank=0 sell_rank=0 price=0 quantity=0 settlement=0 buy_residual=0 sell_residual=0
S3_MATCH slot=16 active=0 buy_rank=0 sell_rank=0 price=0 quantity=0 settlement=0 buy_residual=0 sell_residual=0
S3_MATCH slot=17 active=0 buy_rank=0 sell_rank=0 price=0 quantity=0 settlement=0 buy_residual=0 sell_residual=0
S3_MATCH slot=18 active=0 buy_rank=0 sell_rank=0 price=0 quantity=0 settlement=0 buy_residual=0 sell_residual=0
S3_MATCH slot=19 active=0 buy_rank=0 sell_rank=0 price=0 quantity=0 settlement=0 buy_residual=0 sell_residual=0
S3_MATCH slot=20 active=0 buy_rank=0 sell_rank=0 price=0 quantity=0 settlement=0 buy_residual=0 sell_residual=0
S3_MATCH slot=21 active=0 buy_rank=0 sell_rank=0 price=0 quantity=0 settlement=0 buy_residual=0 sell_residual=0
S3_MATCH slot=22 active=0 buy_rank=0 sell_rank=0 price=0 quantity=0 settlement=0 buy_residual=0 sell_residual=0
S3_MATCH slot=23 active=0 buy_rank=0 sell_rank=0 price=0 quantity=0 settlement=0 buy_residual=0 sell_residual=0
S3_MATCH slot=24 active=0 buy_rank=0 sell_rank=0 price=0 quantity=0 settlement=0 buy_residual=0 sell_residual=0
S3_MATCH slot=25 active=0 buy_rank=0 sell_rank=0 price=0 quantity=0 settlement=0 buy_residual=0 sell_residual=0
S3_MATCH slot=26 active=0 buy_rank=0 sell_rank=0 price=0 quantity=0 settlement=0 buy_residual=0 sell_residual=0
S3_MATCH slot=27 active=0 buy_rank=0 sell_rank=0 price=0 quantity=0 settlement=0 buy_residual=0 sell_residual=0
S3_MATCH slot=28 active=0 buy_rank=0 sell_rank=0 price=0 quantity=0 settlement=0 buy_residual=0 sell_residual=0
S3_MATCH slot=29 active=0 buy_rank=0 sell_rank=0 price=0 quantity=0 settlement=0 buy_residual=0 sell_residual=0
S3_MATCH slot=30 active=0 buy_rank=0 sell_rank=0 price=0 quantity=0 settlement=0 buy_residual=0 sell_residual=0
S3_RESIDUAL side=buy rank=9 quantity=0
S3_RESIDUAL side=buy rank=1 quantity=0
S3_RESIDUAL side=buy rank=0 quantity=0
S3_RESIDUAL side=buy rank=8 quantity=0
S3_RESIDUAL side=buy rank=5 quantity=0
S3_RESIDUAL side=buy rank=7 quantity=0
S3_RESIDUAL side=buy rank=11 quantity=276074
S3_RESIDUAL side=buy rank=12 quantity=276390
S3_RESIDUAL side=buy rank=2 quantity=884180
S3_RESIDUAL side=buy rank=4 quantity=794439
S3_RESIDUAL side=buy rank=6 quantity=524096
S3_RESIDUAL side=buy rank=3 quantity=738100
S3_RESIDUAL side=buy rank=10 quantity=690108
S3_RESIDUAL side=buy rank=13 quantity=0
S3_RESIDUAL side=buy rank=14 quantity=0
S3_RESIDUAL side=buy rank=15 quantity=0
S3_RESIDUAL side=sell rank=5 quantity=0
S3_RESIDUAL side=sell rank=9 quantity=0
S3_RESIDUAL side=sell rank=2 quantity=0
S3_RESIDUAL side=sell rank=12 quantity=0
S3_RESIDUAL side=sell rank=10 quantity=0
S3_RESIDUAL side=sell rank=6 quantity=0
S3_RESIDUAL side=sell rank=13 quantity=0
S3_RESIDUAL side=sell rank=3 quantity=872724
S3_RESIDUAL side=sell rank=14 quantity=0
S3_RESIDUAL side=sell rank=7 quantity=80631
S3_RESIDUAL side=sell rank=4 quantity=617655
S3_RESIDUAL side=sell rank=0 quantity=0
S3_RESIDUAL side=sell rank=8 quantity=795318
S3_RESIDUAL side=sell rank=15 quantity=351432
S3_RESIDUAL side=sell rank=11 quantity=957450
S3_RESIDUAL side=sell rank=1 quantity=372303
The following benchmarks are including preprocessing (offline phase).
Time = 2.48173 seconds 
Data sent = 56.5948 MB in ~14142 rounds (party 0 only; use '-v' for more details)
Global data sent = 169.464 MB (all parties)
This program might benefit from some protocol options.
Consider adding the following at the beginning of your code:
	program.use_edabit(True)
