Using statistical security parameter 40
Trying to run 255-bit computation (256-bit representation)
S3_FMATCH_TEST valid=1 commitment=-20999867023665907879913273933827534193497539883470706796777608665376762351086 aggregate_quantity=7125689 aggregate_settlement=2437740372095
S3_MATCH slot=0 active=1 buy_rank=5 sell_rank=39 price=788307 quantity=407530 settlement=321258751710 buy_residual=312445 sell_residual=0
S3_MATCH slot=1 active=1 buy_rank=5 sell_rank=75 price=787070 quantity=312445 settlement=245916086150 buy_residual=0 sell_residual=399298
S3_MATCH slot=2 active=1 buy_rank=11 sell_rank=75 price=353052 quantity=399298 settlement=140972957496 buy_residual=25673 sell_residual=0
S3_MATCH slot=3 active=1 buy_rank=11 sell_rank=57 price=296420 quantity=25673 settlement=7609990660 buy_residual=0 sell_residual=513055
S3_MATCH slot=4 active=1 buy_rank=10 sell_rank=57 price=354479 quantity=513055 settlement=181867223345 buy_residual=63061 sell_residual=0
S3_MATCH slot=5 active=1 buy_rank=10 sell_rank=71 price=424155 quantity=63061 settlement=26747638455 buy_residual=0 sell_residual=494490
S3_MATCH slot=6 active=1 buy_rank=7 sell_rank=71 price=799260 quantity=304088 settlement=243045374880 buy_residual=0 sell_residual=190402
S3_MATCH slot=7 active=1 buy_rank=6 sell_rank=7 price=86069 quantity=181128 settlement=15589505832 buy_residual=736446 sell_residual=0
S3_MATCH slot=8 active=1 buy_rank=6 sell_rank=49 price=89730 quantity=736446 settlement=66081299580 buy_residual=0 sell_residual=134844
S3_MATCH slot=9 active=1 buy_rank=2 sell_rank=21 price=25588 quantity=37669 settlement=963874372 buy_residual=886337 sell_residual=0
S3_MATCH slot=10 active=1 buy_rank=2 sell_rank=30 price=15757 quantity=670100 settlement=10558765700 buy_residual=216237 sell_residual=0
S3_MATCH slot=11 active=1 buy_rank=2 sell_rank=74 price=17079 quantity=216237 settlement=3693111723 buy_residual=0 sell_residual=732728
S3_MATCH slot=12 active=1 buy_rank=15 sell_rank=74 price=412223 quantity=398012 settlement=164069700676 buy_residual=0 sell_residual=334716
S3_MATCH slot=13 active=1 buy_rank=3 sell_rank=74 price=146396 quantity=256603 settlement=37565652788 buy_residual=0 sell_residual=78113
S3_MATCH slot=14 active=1 buy_rank=8 sell_rank=74 price=347286 quantity=78113 settlement=27127551318 buy_residual=681461 sell_residual=0
S3_MATCH slot=15 active=1 buy_rank=8 sell_rank=52 price=613113 quantity=294859 settlement=180781886067 buy_residual=386602 sell_residual=0
S3_MATCH slot=16 active=1 buy_rank=8 sell_rank=42 price=396717 quantity=386602 settlement=153371585634 buy_residual=0 sell_residual=125072
S3_MATCH slot=17 active=1 buy_rank=1 sell_rank=42 price=474105 quantity=125072 settlement=59297260560 buy_residual=276227 sell_residual=0
S3_MATCH slot=18 active=1 buy_rank=1 sell_rank=44 price=477839 quantity=276227 settlement=131992033453 buy_residual=0 sell_residual=115101
S3_MATCH slot=19 active=1 buy_rank=0 sell_rank=44 price=293081 quantity=115101 settlement=33733916181 buy_residual=760184 sell_residual=0
S3_MATCH slot=20 active=1 buy_rank=0 sell_rank=63 price=442072 quantity=524233 settlement=231748730776 buy_residual=235951 sell_residual=0
S3_MATCH slot=21 active=1 buy_rank=0 sell_rank=95 price=225134 quantity=98976 settlement=22282862784 buy_residual=136975 sell_residual=0
S3_MATCH slot=22 active=1 buy_rank=0 sell_rank=24 price=224477 quantity=136975 settlement=30747737075 buy_residual=0 sell_residual=75560
S3_MATCH slot=23 active=1 buy_rank=16 sell_rank=24 price=106329 quantity=75560 settlement=8034219240 buy_residual=644044 sell_residual=0
S3_MATCH slot=24 active=1 buy_rank=16 sell_rank=3 price=188140 quantity=492626 settlement=92682655640 buy_residual=151418 sell_residual=0
S3_MATCH slot=25 active=0 buy_rank=0 sell_rank=0 price=0 quantity=0 settlement=0 buy_residual=0 sell_residual=0
S3_MATCH slot=26 active=0 buy_rank=0 sell_rank=0 price=0 quantity=0 settlement=0 buy_residual=0 sell_residual=0
S3_MATCH slot=27 active=0 buy_rank=0 sell_rank=0 price=0 quantity=0 settlement=0 buy_residual=0 sell_residual=0
S3_MATCH slot=28 active=0 buy_rank=0 sell_rank=0 price=0 quantity=0 settlement=0 buy_residual=0 sell_residual=0
S3_MATCH slot=29 active=0 buy_rank=0 sell_rank=0 price=0 quantity=0 settlement=0 buy_residual=0 sell_residual=0
S3_MATCH slot=30 active=0 buy_rank=0 sell_rank=0 price=0 quantity=0 settlement=0 buy_residual=0 sell_residual=0
S3_MATCH slot=31 active=0 buy_rank=0 sell_rank=0 price=0 quantity=0 settlement=0 buy_residual=0 sell_residual=0
S3_MATCH slot=32 active=0 buy_rank=0 sell_rank=0 price=0 quantity=0 settlement=0 buy_residual=0 sell_residual=0
S3_MATCH slot=33 active=0 buy_rank=0 sell_rank=0 price=0 quantity=0 settlement=0 buy_residual=0 sell_residual=0
S3_MATCH slot=34 active=0 buy_rank=0 sell_rank=0 price=0 quantity=0 settlement=0 buy_residual=0 sell_residual=0
S3_MATCH slot=35 active=0 buy_rank=0 sell_rank=0 price=0 quantity=0 settlement=0 buy_residual=0 sell_residual=0
S3_MATCH slot=36 active=0 buy_rank=0 sell_rank=0 price=0 quantity=0 settlement=0 buy_residual=0 sell_residual=0
S3_MATCH slot=37 active=0 buy_rank=0 sell_rank=0 price=0 quantity=0 settlement=0 buy_residual=0 sell_residual=0
S3_MATCH slot=38 active=0 buy_rank=0 sell_rank=0 price=0 quantity=0 settlement=0 buy_residual=0 sell_residual=0
S3_MATCH slot=39 active=0 buy_rank=0 sell_rank=0 price=0 quantity=0 settlement=0 buy_residual=0 sell_residual=0
S3_MATCH slot=40 active=0 buy_rank=0 sell_rank=0 price=0 quantity=0 settlement=0 buy_residual=0 sell_residual=0
S3_MATCH slot=41 active=0 buy_rank=0 sell_rank=0 price=0 quantity=0 settlement=0 buy_residual=0 sell_residual=0
S3_MATCH slot=42 active=0 buy_rank=0 sell_rank=0 price=0 quantity=0 settlement=0 buy_residual=0 sell_residual=0
S3_MATCH slot=43 active=0 buy_rank=0 sell_rank=0 price=0 quantity=0 settlement=0 buy_residual=0 sell_residual=0
S3_MATCH slot=44 active=0 buy_rank=0 sell_rank=0 price=0 quantity=0 settlement=0 buy_residual=0 sell_residual=0
S3_MATCH slot=45 active=0 buy_rank=0 sell_rank=0 price=0 quantity=0 settlement=0 buy_residual=0 sell_residual=0
S3_MATCH slot=46 active=0 buy_rank=0 sell_rank=0 price=0 quantity=0 settlement=0 buy_residual=0 sell_residual=0
S3_MATCH slot=47 active=0 buy_rank=0 sell_rank=0 price=0 quantity=0 settlement=0 buy_residual=0 sell_residual=0
S3_MATCH slot=48 active=0 buy_rank=0 sell_rank=0 price=0 quantity=0 settlement=0 buy_residual=0 sell_residual=0
S3_MATCH slot=49 active=0 buy_rank=0 sell_rank=0 price=0 quantity=0 settlement=0 buy_residual=0 sell_residual=0
S3_MATCH slot=50 active=0 buy_rank=0 sell_rank=0 price=0 quantity=0 settlement=0 buy_residual=0 sell_residual=0
S3_MATCH slot=51 active=0 buy_rank=0 sell_rank=0 price=0 quantity=0 settlement=0 buy_residual=0 sell_residual=0
S3_MATCH slot=52 active=0 buy_rank=0 sell_rank=0 price=0 quantity=0 settlement=0 buy_residual=0 sell_residual=0
S3_MATCH slot=53 active=0 buy_rank=0 sell_rank=0 price=0 quantity=0 settlement=0 buy_residual=0 sell_residual=0
S3_MATCH slot=54 active=0 buy_rank=0 sell_rank=0 price=0 quantity=0 settlement=0 buy_residual=0 sell_residual=0
S3_MATCH slot=55 active=0 buy_rank=0 sell_rank=0 price=0 quantity=0 settlement=0 buy_residual=0 sell_residual=0
S3_MATCH slot=56 active=0 buy_rank=0 sell_rank=0 price=0 quantity=0 settlement=0 buy_residual=0 sell_residual=0
S3_MATCH slot=57 active=0 buy_rank=0 sell_rank=0 price=0 quantity=0 settlement=0 buy_residual=0 sell_residual=0
S3_MATCH slot=58 active=0 buy_rank=0 sell_rank=0 price=0 quantity=0 settlement=0 buy_residual=0 sell_residual=0
S3_MATCH slot=59 active=0 buy_rank=0 sell_rank=0 price=0 quantity=0 settlement=0 buy_residual=0 sell_residual=0
S3_MATCH slot=60 active=0 buy_rank=0 sell_rank=0 price=0 quantity=0 settlement=0 buy_residual=0 sell_residual=0
S3_MATCH slot=61 active=0 buy_rank=0 sell_rank=0 price=0 quantity=0 settlement=0 buy_residual=0 sell_residual=0
S3_MATCH slot=62 active=0 buy_rank=0 sell_rank=0 price=0 quantity=0 settlement=0 buy_residual=0 sell_residual=0
S3_MATCH slot=63 active=0 buy_rank=0 sell_rank=0 price=0 quantity=0 settlement=0 buy_residual=0 sell_residual=0
S3_MATCH slot=64 active=0 buy_rank=0 sell_rank=0 price=0 quantity=0 settlement=0 buy_residual=0 sell_residual=0
S3_MATCH slot=65 active=0 buy_rank=0 sell_rank=0 price=0 quantity=0 settlement=0 buy_residual=0 sell_residual=0
S3_MATCH slot=66 active=0 buy_rank=0 sell_rank=0 price=0 quantity=0 settlement=0 buy_residual=0 sell_residual=0
S3_MATCH slot=67 active=0 buy_rank=0 sell_rank=0 price=0 quantity=0 settlement=0 buy_residual=0 sell_residual=0
S3_MATCH slot=68 active=0 buy_rank=0 sell_rank=0 price=0 quantity=0 settlement=0 buy_residual=0 sell_residual=0
S3_MATCH slot=69 active=0 buy_rank=0 sell_rank=0 price=0 quantity=0 settlement=0 buy_residual=0 sell_residual=0
S3_MATCH slot=70 active=0 buy_rank=0 sell_rank=0 price=0 quantity=0 settlement=0 buy_residual=0 sell_residual=0
S3_MATCH slot=71 active=0 buy_rank=0 sell_rank=0 price=0 quantity=0 settlement=0 buy_residual=0 sell_residual=0
S3_MATCH slot=72 active=0 buy_rank=0 sell_rank=0 price=0 quantity=0 settlement=0 buy_residual=0 sell_residual=0
S3_MATCH slot=73 active=0 buy_rank=0 sell_rank=0 price=0 quantity=0 settlement=0 buy_residual=0 sell_residual=0
S3_MATCH slot=74 active=0 buy_rank=0 sell_rank=0 price=0 quantity=0 settlement=0 buy_residual=0 sell_residual=0
S3_MATCH slot=75 active=0 buy_rank=0 sell_rank=0 price=0 quantity=0 settlement=0 buy_residual=0 sell_residual=0
S3_MATCH slot=76 active=0 buy_rank=0 sell_rank=0 price=0 quantity=0 settlement=0 buy_residual=0 sell_residual=0
S3_MATCH slot=77 active=0 buy_rank=0 sell_rank=0 price=0 quantity=0 settlement=0 buy_residual=0 sell_residual=0
S3_MATCH slot=78 active=0 buy_rank=0 sell_rank=0 price=0 quantity=0 settlement=0 buy_residual=0 sell_residual=0
S3_MATCH slot=79 active=0 buy_rank=0 sell_rank=0 price=0 quantity=0 settlement=0 buy_residual=0 sell_residual=0
S3_MATCH slot=80 active=0 buy_rank=0 sell_rank=0 price=0 quantity=0 settlement=0 buy_residual=0 sell_residual=0
S3_MATCH slot=81 active=0 buy_rank=0 sell_rank=0 price=0 quantity=0 settlement=0 buy_residual=0 sell_residual=0
S3_MATCH slot=82 active=0 buy_rank=0 sell_rank=0 price=0 quantity=0 settlement=0 buy_residual=0 sell_residual=0
S3_MATCH slot=83 active=0 buy_rank=0 sell_rank=0 price=0 quantity=0 settlement=0 buy_residual=0 sell_residual=0
S3_MATCH slot=84 active=0 buy_rank=0 sell_rank=0 price=0 quantity=0 settlement=0 buy_residual=0 sell_residual=0
S3_MATCH slot=85 active=0 buy_rank=0 sell_rank=0 price=0 quantity=0 settlement=0 buy_residual=0 sell_residual=0
S3_MATCH slot=86 active=0 buy_rank=0 sell_rank=0 price=0 quantity=0 settlement=0 buy_residual=0 sell_residual=0
S3_MATCH slot=87 active=0 buy_rank=0 sell_rank=0 price=0 quantity=0 settlement=0 buy_residual=0 sell_residual=0
S3_MATCH slot=88 active=0 buy_rank=0 sell_rank=0 price=0 quantity=0 settlement=0 buy_residual=0 sell_residual=0
S3_MATCH slot=89 active=0 buy_rank=0 sell_rank=0 price=0 quantity=0 settlement=0 buy_residual=0 sell_residual=0
S3_MATCH slot=90 active=0 buy_rank=0 sell_rank=0 price=0 quantity=0 settlement=0 buy_residual=0 sell_residual=0
S3_MATCH slot=91 active=0 buy_rank=0 sell_rank=0 price=0 quantity=0 settlement=0 buy_residual=0 sell_residual=0
S3_MATCH slot=92 active=0 buy_rank=0 sell_rank=0 price=0 quantity=0 settlement=0 buy_residual=0 sell_residual=0
S3_MATCH slot=93 active=0 buy_rank=0 sell_rank=0 price=0 quantity=0 settlement=0 buy_residual=0 sell_residual=0
S3_MATCH slot=94 active=0 buy_rank=0 sell_rank=0 price=0 quantity=0 settlement=0 buy_residual=0 sell_residual=0
S3_MATCH slot=95 active=0 buy_rank=0 sell_rank=0 price=0 quantity=0 settlement=0 buy_residual=0 sell_residual=0
S3_MATCH slot=96 active=0 buy_rank=0 sell_rank=0 price=0 quantity=0 settlement=0 buy_residual=0 sell_residual=0
S3_MATCH slot=97 active=0 buy_rank=0 sell_rank=0 price=0 quantity=0 settlement=0 buy_residual=0 sell_residual=0
S3_MATCH slot=98 active=0 buy_rank=0 sell_rank=0 price=0 quantity=0 settlement=0 buy_residual=0 sell_residual=0
S3_MATCH slot=99 active=0 buy_rank=0 sell_rank=0 price=0 quantity=0 settlement=0 buy_residual=0 sell_residual=0
S3_MATCH slot=100 active=0 buy_rank=0 sell_rank=0 price=0 quantity=0 settlement=0 buy_residual=0 sell_residual=0
S3_MATCH slot=101 active=0 buy_rank=0 sell_rank=0 price=0 quantity=0 settlement=0 buy_residual=0 sell_residual=0
S3_MATCH slot=102 active=0 buy_rank=0 sell_rank=0 price=0 quantity=0 settlement=0 buy_residual=0 sell_residual=0
S3_MATCH slot=103 active=0 buy_rank=0 sell_rank=0 price=0 quantity=0 settlement=0 buy_residual=0 sell_residual=0
S3_MATCH slot=104 active=0 buy_rank=0 sell_rank=0 price=0 quantity=0 settlement=0 buy_residual=0 sell_residual=0
S3_MATCH slot=105 active=0 buy_rank=0 sell_rank=0 price=0 quantity=0 settlement=0 buy_residual=0 sell_residual=0
S3_MATCH slot=106 active=0 buy_rank=0 sell_rank=0 price=0 quantity=0 settlement=0 buy_residual=0 sell_residual=0
S3_MATCH slot=107 active=0 buy_rank=0 sell_rank=0 price=0 quantity=0 settlement=0 buy_residual=0 sell_residual=0
S3_MATCH slot=108 active=0 buy_rank=0 sell_rank=0 price=0 quantity=0 settlement=0 buy_residual=0 sell_residual=0
S3_MATCH slot=109 active=0 buy_rank=0 sell_rank=0 price=0 quantity=0 settlement=0 buy_residual=0 sell_residual=0
S3_MATCH slot=110 active=0 buy_rank=0 sell_rank=0 price=0 quantity=0 settlement=0 buy_residual=0 sell_residual=0
S3_MATCH slot=111 active=0 buy_rank=0 sell_rank=0 price=0 quantity=0 settlement=0 buy_residual=0 sell_residual=0
S3_MATCH slot=112 active=0 buy_rank=0 sell_rank=0 price=0 quantity=0 settlement=0 buy_residual=0 sell_residual=0
S3_MATCH slot=113 active=0 buy_rank=0 sell_rank=0 price=0 quantity=0 settlement=0 buy_residual=0 sell_residual=0
S3_MATCH slot=114 active=0 buy_rank=0 sell_rank=0 price=0 quantity=0 settlement=0 buy_residual=0 sell_residual=0
S3_MATCH slot=115 active=0 buy_rank=0 sell_rank=0 price=0 quantity=0 settlement=0 buy_residual=0 sell_residual=0
S3_MATCH slot=116 active=0 buy_rank=0 sell_rank=0 price=0 quantity=0 settlement=0 buy_residual=0 sell_residual=0
S3_MATCH slot=117 active=0 buy_rank=0 sell_rank=0 price=0 quantity=0 settlement=0 buy_residual=0 sell_residual=0
S3_MATCH slot=118 active=0 buy_rank=0 sell_rank=0 price=0 quantity=0 settlement=0 buy_residual=0 sell_residual=0
S3_MATCH slot=119 active=0 buy_rank=0 sell_rank=0 price=0 quantity=0 settlement=0 buy_residual=0 sell_residual=0
S3_MATCH slot=120 active=0 buy_rank=0 sell_rank=0 price=0 quantity=0 settlement=0 buy_residual=0 sell_residual=0
S3_MATCH slot=121 active=0 buy_rank=0 sell_rank=0 price=0 quantity=0 settlement=0 buy_residual=0 sell_residual=0
S3_MATCH slot=122 active=0 buy_rank=0 sell_rank=0 price=0 quantity=0 settlement=0 buy_residual=0 sell_residual=0
S3_MATCH slot=123 active=0 buy_rank=0 sell_rank=0 price=0 quantity=0 settlement=0 buy_residual=0 sell_residual=0
S3_MATCH slot=124 active=0 buy_rank=0 sell_rank=0 price=0 quantity=0 settlement=0 buy_residual=0 sell_residual=0
S3_MATCH slot=125 active=0 buy_rank=0 sell_rank=0 price=0 quantity=0 settlement=0 buy_residual=0 sell_residual=0
S3_MATCH slot=126 active=0 buy_rank=0 sell_rank=0 price=0 quantity=0 settlement=0 buy_residual=0 sell_residual=0
S3_MATCH slot=127 active=0 buy_rank=0 sell_rank=0 price=0 quantity=0 settlement=0 buy_residual=0 sell_residual=0
S3_MATCH slot=128 active=0 buy_rank=0 sell_rank=0 price=0 quantity=0 settlement=0 buy_residual=0 sell_residual=0
S3_MATCH slot=129 active=0 buy_rank=0 sell_rank=0 price=0 quantity=0 settlement=0 buy_residual=0 sell_residual=0
S3_MATCH slot=130 active=0 buy_rank=0 sell_rank=0 price=0 quantity=0 settlement=0 buy_residual=0 sell_residual=0
S3_MATCH slot=131 active=0 buy_rank=0 sell_rank=0 price=0 quantity=0 settlement=0 buy_residual=0 sell_residual=0
S3_MATCH slot=132 active=0 buy_rank=0 sell_rank=0 price=0 quantity=0 settlement=0 buy_residual=0 sell_residual=0
S3_MATCH slot=133 active=0 buy_rank=0 sell_rank=0 price=0 quantity=0 settlement=0 buy_residual=0 sell_residual=0
S3_MATCH slot=134 active=0 buy_rank=0 sell_rank=0 price=0 quantity=0 settlement=0 buy_residual=0 sell_residual=0
S3_MATCH slot=135 active=0 buy_rank=0 sell_rank=0 price=0 quantity=0 settlement=0 buy_residual=0 sell_residual=0
S3_MATCH slot=136 active=0 buy_rank=0 sell_rank=0 price=0 quantity=0 settlement=0 buy_residual=0 sell_residual=0
S3_MATCH slot=137 active=0 buy_rank=0 sell_rank=0 price=0 quantity=0 settlement=0 buy_residual=0 sell_residual=0
S3_MATCH slot=138 active=0 buy_rank=0 sell_rank=0 price=0 quantity=0 settlement=0 buy_residual=0 sell_residual=0
S3_MATCH slot=139 active=0 buy_rank=0 sell_rank=0 price=0 quantity=0 settlement=0 buy_residual=0 sell_residual=0
S3_MATCH slot=140 active=0 buy_rank=0 sell_rank=0 price=0 quantity=0 settlement=0 buy_residual=0 sell_residual=0
S3_MATCH slot=141 active=0 buy_rank=0 sell_rank=0 price=0 quantity=0 settlement=0 buy_residual=0 sell_residual=0
S3_MATCH slot=142 active=0 buy_rank=0 sell_rank=0 price=0 quantity=0 settlement=0 buy_residual=0 sell_residual=0
S3_MATCH slot=143 active=0 buy_rank=0 sell_rank=0 price=0 quantity=0 settlement=0 buy_residual=0 sell_residual=0
S3_MATCH slot=144 active=0 buy_rank=0 sell_rank=0 price=0 quantity=0 settlement=0 buy_residual=0 sell_residual=0
S3_MATCH slot=145 active=0 buy_rank=0 sell_rank=0 price=0 quantity=0 settlement=0 buy_residual=0 sell_residual=0
S3_MATCH slot=146 active=0 buy_rank=0 sell_rank=0 price=0 quantity=0 settlement=0 buy_residual=0 sell_residual=0
S3_MATCH slot=147 active=0 buy_rank=0 sell_rank=0 price=0 quantity=0 settlement=0 buy_residual=0 sell_residual=0
S3_MATCH slot=148 active=0 buy_rank=0 sell_rank=0 price=0 quantity=0 settlement=0 buy_residual=0 sell_residual=0
S3_MATCH slot=149 active=0 buy_rank=0 sell_rank=0 price=0 quantity=0 settlement=0 buy_residual=0 sell_residual=0
S3_MATCH slot=150 active=0 buy_rank=0 sell_rank=0 price=0 quantity=0 settlement=0 buy_residual=0 sell_residual=0
S3_MATCH slot=151 active=0 buy_rank=0 sell_rank=0 price=0 quantity=0 settlement=0 buy_residual=0 sell_residual=0
S3_MATCH slot=152 active=0 buy_rank=0 sell_rank=0 price=0 quantity=0 settlement=0 buy_residual=0 sell_residual=0
S3_MATCH slot=153 active=0 buy_rank=0 sell_rank=0 price=0 quantity=0 settlement=0 buy_residual=0 sell_residual=0
S3_MATCH slot=154 active=0 buy_rank=0 sell_rank=0 price=0 quantity=0 settlement=0 buy_residual=0 sell_residual=0
S3_MATCH slot=155 active=0 buy_rank=0 sell_rank=0 price=0 quantity=0 settlement=0 buy_residual=0 sell_residual=0
S3_MATCH slot=156 active=0 buy_rank=0 sell_rank=0 price=0 quantity=0 settlement=0 buy_residual=0 sell_residual=0
S3_MATCH slot=157 active=0 buy_rank=0 sell_rank=0 price=0 quantity=0 settlement=0 buy_residual=0 sell_residual=0
S3_MATCH slot=158 active=0 buy_rank=0 sell_rank=0 price=0 quantity=0 settlement=0 buy_residual=0 sell_residual=0
S3_MATCH slot=159 active=0 buy_rank=0 sell_rank=0 price=0 quantity=0 settlement=0 buy_residual=0 sell_residual=0
S3_MATCH slot=160 active=0 buy_rank=0 sell_rank=0 price=0 quantity=0 settlement=0 buy_residual=0 sell_residual=0
S3_MATCH slot=161 active=0 buy_rank=0 sell_rank=0 price=0 quantity=0 settlement=0 buy_residual=0 sell_residual=0
S3_MATCH slot=162 active=0 buy_rank=0 sell_rank=0 price=0 quantity=0 settlement=0 buy_residual=0 sell_residual=0
S3_MATCH slot=163 active=0 buy_rank=0 sell_rank=0 price=0 quantity=0 settlement=0 buy_residual=0 sell_residual=0
S3_MATCH slot=164 active=0 buy_rank=0 sell_rank=0 price=0 quantity=0 settlement=0 buy_residual=0 sell_residual=0
S3_MATCH slot=165 active=0 buy_rank=0 sell_rank=0 price=0 quantity=0 settlement=0 buy_residual=0 sell_residual=0
S3_MATCH slot=166 active=0 buy_rank=0 sell_rank=0 price=0 quantity=0 settlement=0 buy_residual=0 sell_residual=0
S3_MATCH slot=167 active=0 buy_rank=0 sell_rank=0 price=0 quantity=0 settlement=0 buy_residual=0 sell_residual=0
S3_MATCH slot=168 active=0 buy_rank=0 sell_rank=0 price=0 quantity=0 settlement=0 buy_residual=0 sell_residual=0
S3_MATCH slot=169 active=0 buy_rank=0 sell_rank=0 price=0 quantity=0 settlement=0 buy_residual=0 sell_residual=0
S3_MATCH slot=170 active=0 buy_rank=0 sell_rank=0 price=0 quantity=0 settlement=0 buy_residual=0 sell_residual=0
S3_MATCH slot=171 active=0 buy_rank=0 sell_rank=0 price=0 quantity=0 settlement=0 buy_residual=0 sell_residual=0
S3_MATCH slot=172 active=0 buy_rank=0 sell_rank=0 price=0 quantity=0 settlement=0 buy_residual=0 sell_residual=0
S3_MATCH slot=173 active=0 buy_rank=0 sell_rank=0 price=0 quantity=0 settlement=0 buy_residual=0 sell_residual=0
S3_MATCH slot=174 active=0 buy_rank=0 sell_rank=0 price=0 quantity=0 settlement=0 buy_residual=0 sell_residual=0
S3_MATCH slot=175 active=0 buy_rank=0 sell_rank=0 price=0 quantity=0 settlement=0 buy_residual=0 sell_residual=0
S3_MATCH slot=176 active=0 buy_rank=0 sell_rank=0 price=0 quantity=0 settlement=0 buy_residual=0 sell_residual=0
S3_MATCH slot=177 active=0 buy_rank=0 sell_rank=0 price=0 quantity=0 settlement=0 buy_residual=0 sell_residual=0
S3_MATCH slot=178 active=0 buy_rank=0 sell_rank=0 price=0 quantity=0 settlement=0 buy_residual=0 sell_residual=0
S3_MATCH slot=179 active=0 buy_rank=0 sell_rank=0 price=0 quantity=0 settlement=0 buy_residual=0 sell_residual=0
S3_MATCH slot=180 active=0 buy_rank=0 sell_rank=0 price=0 quantity=0 settlement=0 buy_residual=0 sell_residual=0
S3_MATCH slot=181 active=0 buy_rank=0 sell_rank=0 price=0 quantity=0 settlement=0 buy_residual=0 sell_residual=0
S3_MATCH slot=182 active=0 buy_rank=0 sell_rank=0 price=0 quantity=0 settlement=0 buy_residual=0 sell_residual=0
S3_MATCH slot=183 active=0 buy_rank=0 sell_rank=0 price=0 quantity=0 settlement=0 buy_residual=0 sell_residual=0
S3_MATCH slot=184 active=0 buy_rank=0 sell_rank=0 price=0 quantity=0 settlement=0 buy_residual=0 sell_residual=0
S3_MATCH slot=185 active=0 buy_rank=0 sell_rank=0 price=0 quantity=0 settlement=0 buy_residual=0 sell_residual=0
S3_MATCH slot=186 active=0 buy_rank=0 sell_rank=0 price=0 quantity=0 settlement=0 buy_residual=0 sell_residual=0
S3_MATCH slot=187 active=0 buy_rank=0 sell_rank=0 price=0 quantity=0 settlement=0 buy_residual=0 sell_residual=0
S3_MATCH slot=188 active=0 buy_rank=0 sell_rank=0 price=0 quantity=0 settlement=0 buy_residual=0 sell_residual=0
S3_MATCH slot=189 active=0 buy_rank=0 sell_rank=0 price=0 quantity=0 settlement=0 buy_residual=0 sell_residual=0
S3_MATCH slot=190 active=0 buy_rank=0 sell_rank=0 price=0 quantity=0 settlement=0 buy_residual=0 sell_residual=0
S3_MATCH slot=191 active=0 buy_rank=0 sell_rank=0 price=0 quantity=0 settlement=0 buy_residual=0 sell_residual=0
S3_MATCH slot=192 active=0 buy_rank=0 sell_rank=0 price=0 quantity=0 settlement=0 buy_residual=0 sell_residual=0
S3_MATCH slot=193 active=0 buy_rank=0 sell_rank=0 price=0 quantity=0 settlement=0 buy_residual=0 sell_residual=0
S3_MATCH slot=194 active=0 buy_rank=0 sell_rank=0 price=0 quantity=0 settlement=0 buy_residual=0 sell_residual=0
S3_MATCH slot=195 active=0 buy_rank=0 sell_rank=0 price=0 quantity=0 settlement=0 buy_residual=0 sell_residual=0
S3_MATCH slot=196 active=0 buy_rank=0 sell_rank=0 price=0 quantity=0 settlement=0 buy_residual=0 sell_residual=0
S3_MATCH slot=197 active=0 buy_rank=0 sell_rank=0 price=0 quantity=0 settlement=0 buy_residual=0 sell_residual=0
S3_MATCH slot=198 active=0 buy_rank=0 sell_rank=0 price=0 quantity=0 settlement=0 buy_residual=0 sell_residual=0
S3_MATCH slot=199 active=0 buy_rank=0 sell_rank=0 price=0 quantity=0 settlement=0 buy_residual=0 sell_residual=0
S3_MATCH slot=200 active=0 buy_rank=0 sell_rank=0 price=0 quantity=0 settlement=0 buy_residual=0 sell_residual=0
S3_MATCH slot=201 active=0 buy_rank=0 sell_rank=0 price=0 quantity=0 settlement=0 buy_residual=0 sell_residual=0
S3_MATCH slot=202 active=0 buy_rank=0 sell_rank=0 price=0 quantity=0 settlement=0 buy_residual=0 sell_residual=0
S3_MATCH slot=203 active=0 buy_rank=0 sell_rank=0 price=0 quantity=0 settlement=0 buy_residual=0 sell_residual=0
S3_MATCH slot=204 active=0 buy_rank=0 sell_rank=0 price=0 quantity=0 settlement=0 buy_residual=0 sell_residual=0
S3_MATCH slot=205 active=0 buy_rank=0 sell_rank=0 price=0 quantity=0 settlement=0 buy_residual=0 sell_residual=0
S3_MATCH slot=206 active=0 buy_rank=0 sell_rank=0 price=0 quantity=0 settlement=0 buy_residual=0 sell_residual=0
S3_MATCH slot=207 active=0 buy_rank=0 sell_rank=0 price=0 quantity=0 settlement=0 buy_residual=0 sell_residual=0
S3_MATCH slot=208 active=0 buy_rank=0 sell_rank=0 price=0 quantity=0 settlement=0 buy_residual=0 sell_residual=0
S3_MATCH slot=209 active=0 buy_rank=0 sell_rank=0 price=0 quantity=0 settlement=0 buy_residual=0 sell_residual=0
S3_MATCH slot=210 active=0 buy_rank=0 sell_rank=0 price=0 quantity=0 settlement=0 buy_residual=0 sell_residual=0
S3_MATCH slot=211 active=0 buy_rank=0 sell_rank=0 price=0 quantity=0 settlement=0 buy_residual=0 sell_residual=0
S3_MATCH slot=212 active=0 buy_rank=0 sell_rank=0 price=0 quantity=0 settlement=0 buy_residual=0 sell_residual=0
S3_MATCH slot=213 active=0 buy_rank=0 sell_rank=0 price=0 quantity=0 settlement=0 buy_residual=0 sell_residual=0
S3_MATCH slot=214 active=0 buy_rank=0 sell_rank=0 price=0 quantity=0 settlement=0 buy_residual=0 sell_residual=0
S3_MATCH slot=215 active=0 buy_rank=0 sell_rank=0 price=0 quantity=0 settlement=0 buy_residual=0 sell_residual=0
S3_MATCH slot=216 active=0 buy_rank=0 sell_rank=0 price=0 quantity=0 settlement=0 buy_residual=0 sell_residual=0
S3_MATCH slot=217 active=0 buy_rank=0 sell_rank=0 price=0 quantity=0 settlement=0 buy_residual=0 sell_residual=0
S3_MATCH slot=218 active=0 buy_rank=0 sell_rank=0 price=0 quantity=0 settlement=0 buy_residual=0 sell_residual=0
S3_MATCH slot=219 active=0 buy_rank=0 sell_rank=0 price=0 quantity=0 settlement=0 buy_residual=0 sell_residual=0
S3_MATCH slot=220 active=0 buy_rank=0 sell_rank=0 price=0 quantity=0 settlement=0 buy_residual=0 sell_residual=0
S3_MATCH slot=221 active=0 buy_rank=0 sell_rank=0 price=0 quantity=0 settlement=0 buy_residual=0 sell_residual=0
S3_MATCH slot=222 active=0 buy_rank=0 sell_rank=0 price=0 quantity=0 settlement=0 buy_residual=0 sell_residual=0
S3_MATCH slot=223 active=0 buy_rank=0 sell_rank=0 price=0 quantity=0 settlement=0 buy_residual=0 sell_residual=0
S3_MATCH slot=224 active=0 buy_rank=0 sell_rank=0 price=0 quantity=0 settlement=0 buy_residual=0 sell_residual=0
S3_MATCH slot=225 active=0 buy_rank=0 sell_rank=0 price=0 quantity=0 settlement=0 buy_residual=0 sell_residual=0
S3_MATCH slot=226 active=0 buy_rank=0 sell_rank=0 price=0 quantity=0 settlement=0 buy_residual=0 sell_residual=0
S3_MATCH slot=227 active=0 buy_rank=0 sell_rank=0 price=0 quantity=0 settlement=0 buy_residual=0 sell_residual=0
S3_MATCH slot=228 active=0 buy_rank=0 sell_rank=0 price=0 quantity=0 settlement=0 buy_residual=0 sell_residual=0
S3_MATCH slot=229 active=0 buy_rank=0 sell_rank=0 price=0 quantity=0 settlement=0 buy_residual=0 sell_residual=0
S3_MATCH slot=230 active=0 buy_rank=0 sell_rank=0 price=0 quantity=0 settlement=0 buy_residual=0 sell_residual=0
S3_MATCH slot=231 active=0 buy_rank=0 sell_rank=0 price=0 quantity=0 settlement=0 buy_residual=0 sell_residual=0
S3_MATCH slot=232 active=0 buy_rank=0 sell_rank=0 price=0 quantity=0 settlement=0 buy_residual=0 sell_residual=0
S3_MATCH slot=233 active=0 buy_rank=0 sell_rank=0 price=0 quantity=0 settlement=0 buy_residual=0 sell_residual=0
S3_MATCH slot=234 active=0 buy_rank=0 sell_rank=0 price=0 quantity=0 settlement=0 buy_residual=0 sell_residual=0
S3_MATCH slot=235 active=0 buy_rank=0 sell_rank=0 price=0 quantity=0 settlement=0 buy_residual=0 sell_residual=0
S3_MATCH slot=236 active=0 buy_rank=0 sell_rank=0 price=0 quantity=0 settlement=0 buy_residual=0 sell_residual=0
S3_MATCH slot=237 active=0 buy_rank=0 sell_rank=0 price=0 quantity=0 settlement=0 buy_residual=0 sell_residual=0
S3_MATCH slot=238 active=0 buy_rank=0 sell_rank=0 price=0 quantity=0 settlement=0 buy_residual=0 sell_residual=0
S3_MATCH slot=239 active=0 buy_rank=0 sell_rank=0 price=0 quantity=0 settlement=0 buy_residual=0 sell_residual=0
S3_MATCH slot=240 active=0 buy_rank=0 sell_rank=0 price=0 quantity=0 settlement=0 buy_residual=0 sell_residual=0
S3_MATCH slot=241 active=0 buy_rank=0 sell_rank=0 price=0 quantity=0 settlement=0 buy_residual=0 sell_residual=0
S3_MATCH slot=242 active=0 buy_rank=0 sell_rank=0 price=0 quantity=0 settlement=0 buy_residual=0 sell_residual=0
S3_MATCH slot=243 active=0 buy_rank=0 sell_rank=0 price=0 quantity=0 settlement=0 buy_residual=0 sell_residual=0
S3_MATCH slot=244 active=0 buy_rank=0 sell_rank=0 price=0 quantity=0 settlement=0 buy_residual=0 sell_residual=0
S3_MATCH slot=245 active=0 buy_rank=0 sell_rank=0 price=0 quantity=0 settlement=0 buy_residual=0 sell_residual=0
S3_MATCH slot=246 active=0 buy_rank=0 sell_rank=0 price=0 quantity=0 settlement=0 buy_residual=0 sell_residual=0
S3_MATCH slot=247 active=0 buy_rank=0 sell_rank=0 price=0 quantity=0 settlement=0 buy_residual=0 sell_residual=0
S3_MATCH slot=248 active=0 buy_rank=0 sell_rank=0 price=0 quantity=0 settlement=0 buy_residual=0 sell_residual=0
S3_MATCH slot=249 active=0 buy_rank=0 sell_rank=0 price=0 quantity=0 settlement=0 buy_residual=0 sell_residual=0
S3_MATCH slot=250 active=0 buy_rank=0 sell_rank=0 price=0 quantity=0 settlement=0 buy_residual=0 sell_residual=0
S3_MATCH slot=251 active=0 buy_rank=0 sell_rank=0 price=0 quantity=0 settlement=0 buy_residual=0 sell_residual=0
S3_MATCH slot=252 active=0 buy_rank=0 sell_rank=0 price=0 quantity=0 settlement=0 buy_residual=0 sell_residual=0
S3_MATCH slot=253 active=0 buy_rank=0 sell_rank=0 price=0 quantity=0 settlement=0 buy_residual=0 sell_residual=0
S3_MATCH slot=254 active=0 buy_rank=0 sell_rank=0 price=0 quantity=0 settlement=0 buy_residual=0 sell_residual=0
S3_RESIDUAL side=buy rank=5 quantity=0
S3_RESIDUAL side=buy rank=11 quantity=0
S3_RESIDUAL side=buy rank=10 quantity=0
S3_RESIDUAL side=buy rank=7 quantity=0
S3_RESIDUAL side=buy rank=6 quantity=0
S3_RESIDUAL side=buy rank=2 quantity=0
S3_RESIDUAL side=buy rank=15 quantity=0
S3_RESIDUAL side=buy rank=3 quantity=0
S3_RESIDUAL side=buy rank=8 quantity=0
S3_RESIDUAL side=buy rank=1 quantity=0
S3_RESIDUAL side=buy rank=0 quantity=0
S3_RESIDUAL side=buy rank=16 quantity=151418
S3_RESIDUAL side=buy rank=9 quantity=424794
S3_RESIDUAL side=buy rank=13 quantity=417376
S3_RESIDUAL side=buy rank=4 quantity=825213
S3_RESIDUAL side=buy rank=12 quantity=714744
S3_RESIDUAL side=buy rank=14 quantity=667373
S3_RESIDUAL side=buy rank=17 quantity=0
S3_RESIDUAL side=buy rank=18 quantity=0
S3_RESIDUAL side=buy rank=19 quantity=0
S3_RESIDUAL side=buy rank=20 quantity=0
S3_RESIDUAL side=buy rank=21 quantity=0
S3_RESIDUAL side=buy rank=22 quantity=0
S3_RESIDUAL side=buy rank=23 quantity=0
S3_RESIDUAL side=buy rank=24 quantity=0
S3_RESIDUAL side=buy rank=25 quantity=0
S3_RESIDUAL side=buy rank=26 quantity=0
S3_RESIDUAL side=buy rank=27 quantity=0
S3_RESIDUAL side=buy rank=28 quantity=0
S3_RESIDUAL side=buy rank=29 quantity=0
S3_RESIDUAL side=buy rank=30 quantity=0
S3_RESIDUAL side=buy rank=31 quantity=0
S3_RESIDUAL side=buy rank=32 quantity=0
S3_RESIDUAL side=buy rank=33 quantity=0
S3_RESIDUAL side=buy rank=34 quantity=0
S3_RESIDUAL side=buy rank=35 quantity=0
S3_RESIDUAL side=buy rank=36 quantity=0
S3_RESIDUAL side=buy rank=37 quantity=0
S3_RESIDUAL side=buy rank=38 quantity=0
S3_RESIDUAL side=buy rank=39 quantity=0
S3_RESIDUAL side=buy rank=40 quantity=0
S3_RESIDUAL side=buy rank=41 quantity=0
S3_RESIDUAL side=buy rank=42 quantity=0
S3_RESIDUAL side=buy rank=43 quantity=0
S3_RESIDUAL side=buy rank=44 quantity=0
S3_RESIDUAL side=buy rank=45 quantity=0
S3_RESIDUAL side=buy rank=46 quantity=0
S3_RESIDUAL side=buy rank=47 quantity=0
S3_RESIDUAL side=buy rank=48 quantity=0
S3_RESIDUAL side=buy rank=49 quantity=0
S3_RESIDUAL side=buy rank=50 quantity=0
S3_RESIDUAL side=buy rank=51 quantity=0
S3_RESIDUAL side=buy rank=52 quantity=0
S3_RESIDUAL side=buy rank=53 quantity=0
S3_RESIDUAL side=buy rank=54 quantity=0
S3_RESIDUAL side=buy rank=55 quantity=0
S3_RESIDUAL side=buy rank=56 quantity=0
S3_RESIDUAL side=buy rank=57 quantity=0
S3_RESIDUAL side=buy rank=58 quantity=0
S3_RESIDUAL side=buy rank=59 quantity=0
S3_RESIDUAL side=buy rank=60 quantity=0
S3_RESIDUAL side=buy rank=61 quantity=0
S3_RESIDUAL side=buy rank=62 quantity=0
S3_RESIDUAL side=buy rank=63 quantity=0
S3_RESIDUAL side=buy rank=64 quantity=0
S3_RESIDUAL side=buy rank=65 quantity=0
S3_RESIDUAL side=buy rank=66 quantity=0
S3_RESIDUAL side=buy rank=67 quantity=0
S3_RESIDUAL side=buy rank=68 quantity=0
S3_RESIDUAL side=buy rank=69 quantity=0
S3_RESIDUAL side=buy rank=70 quantity=0
S3_RESIDUAL side=buy rank=71 quantity=0
S3_RESIDUAL side=buy rank=72 quantity=0
S3_RESIDUAL side=buy rank=73 quantity=0
S3_RESIDUAL side=buy rank=74 quantity=0
S3_RESIDUAL side=buy rank=75 quantity=0
S3_RESIDUAL side=buy rank=76 quantity=0
S3_RESIDUAL side=buy rank=77 quantity=0
S3_RESIDUAL side=buy rank=78 quantity=0
S3_RESIDUAL side=buy rank=79 quantity=0
S3_RESIDUAL side=buy rank=80 quantity=0
S3_RESIDUAL side=buy rank=81 quantity=0
S3_RESIDUAL side=buy rank=82 quantity=0
S3_RESIDUAL side=buy rank=83 quantity=0
S3_RESIDUAL side=buy rank=84 quantity=0
S3_RESIDUAL side=buy rank=85 quantity=0
S3_RESIDUAL side=buy rank=86 quantity=0
S3_RESIDUAL side=buy rank=87 quantity=0
S3_RESIDUAL side=buy rank=88 quantity=0
S3_RESIDUAL side=buy rank=89 quantity=0
S3_RESIDUAL side=buy rank=90 quantity=0
S3_RESIDUAL side=buy rank=91 quantity=0
S3_RESIDUAL side=buy rank=92 quantity=0
S3_RESIDUAL side=buy rank=93 quantity=0
S3_RESIDUAL side=buy rank=94 quantity=0
S3_RESIDUAL side=buy rank=95 quantity=0
S3_RESIDUAL side=buy rank=96 quantity=0
S3_RESIDUAL side=buy rank=97 quantity=0
S3_RESIDUAL side=buy rank=98 quantity=0
S3_RESIDUAL side=buy rank=99 quantity=0
S3_RESIDUAL side=buy rank=100 quantity=0
S3_RESIDUAL side=buy rank=101 quantity=0
S3_RESIDUAL side=buy rank=102 quantity=0
S3_RESIDUAL side=buy rank=103 quantity=0
S3_RESIDUAL side=buy rank=104 quantity=0
S3_RESIDUAL side=buy rank=105 quantity=0
S3_RESIDUAL side=buy rank=106 quantity=0
S3_RESIDUAL side=buy rank=107 quantity=0
S3_RESIDUAL side=buy rank=108 quantity=0
S3_RESIDUAL side=buy rank=109 quantity=0
S3_RESIDUAL side=buy rank=110 quantity=0
S3_RESIDUAL side=buy rank=111 quantity=0
S3_RESIDUAL side=buy rank=112 quantity=0
S3_RESIDUAL side=buy rank=113 quantity=0
S3_RESIDUAL side=buy rank=114 quantity=0
S3_RESIDUAL side=buy rank=115 quantity=0
S3_RESIDUAL side=buy rank=116 quantity=0
S3_RESIDUAL side=buy rank=117 quantity=0
S3_RESIDUAL side=buy rank=118 quantity=0
S3_RESIDUAL side=buy rank=119 quantity=0
S3_RESIDUAL side=buy rank=120 quantity=0
S3_RESIDUAL side=buy rank=121 quantity=0
S3_RESIDUAL side=buy rank=122 quantity=0
S3_RESIDUAL side=buy rank=123 quantity=0
S3_RESIDUAL side=buy rank=124 quantity=0
S3_RESIDUAL side=buy rank=125 quantity=0
S3_RESIDUAL side=buy rank=126 quantity=0
S3_RESIDUAL side=buy rank=127 quantity=0
S3_RESIDUAL side=sell rank=39 quantity=0
S3_RESIDUAL side=sell rank=75 quantity=0
S3_RESIDUAL side=sell rank=57 quantity=0
S3_RESIDUAL side=sell rank=71 quantity=190402
S3_RESIDUAL side=sell rank=54 quantity=899954
S3_RESIDUAL side=sell rank=7 quantity=0
S3_RESIDUAL side=sell rank=82 quantity=517145
S3_RESIDUAL side=sell rank=49 quantity=134844
S3_RESIDUAL side=sell rank=26 quantity=617014
S3_RESIDUAL side=sell rank=100 quantity=651178
S3_RESIDUAL side=sell rank=21 quantity=0
S3_RESIDUAL side=sell rank=30 quantity=0
S3_RESIDUAL side=sell rank=93 quantity=584578
S3_RESIDUAL side=sell rank=35 quantity=213443
S3_RESIDUAL side=sell rank=65 quantity=814348
S3_RESIDUAL side=sell rank=6 quantity=245893
S3_RESIDUAL side=sell rank=81 quantity=188778
S3_RESIDUAL side=sell rank=89 quantity=354181
S3_RESIDUAL side=sell rank=61 quantity=328960
S3_RESIDUAL side=sell rank=90 quantity=133533
S3_RESIDUAL side=sell rank=60 quantity=81885
S3_RESIDUAL side=sell rank=73 quantity=570459
S3_RESIDUAL side=sell rank=70 quantity=98250
S3_RESIDUAL side=sell rank=11 quantity=456047
S3_RESIDUAL side=sell rank=101 quantity=876917
S3_RESIDUAL side=sell rank=76 quantity=355095
S3_RESIDUAL side=sell rank=96 quantity=594448
S3_RESIDUAL side=sell rank=59 quantity=68792
S3_RESIDUAL side=sell rank=32 quantity=233248
S3_RESIDUAL side=sell rank=13 quantity=923194
S3_RESIDUAL side=sell rank=48 quantity=443065
S3_RESIDUAL side=sell rank=99 quantity=761640
S3_RESIDUAL side=sell rank=74 quantity=0
S3_RESIDUAL side=sell rank=52 quantity=0
S3_RESIDUAL side=sell rank=42 quantity=0
S3_RESIDUAL side=sell rank=44 quantity=0
S3_RESIDUAL side=sell rank=43 quantity=913470
S3_RESIDUAL side=sell rank=79 quantity=791216
S3_RESIDUAL side=sell rank=63 quantity=0
S3_RESIDUAL side=sell rank=95 quantity=0
S3_RESIDUAL side=sell rank=24 quantity=0
S3_RESIDUAL side=sell rank=17 quantity=684068
S3_RESIDUAL side=sell rank=55 quantity=377925
S3_RESIDUAL side=sell rank=69 quantity=755699
S3_RESIDUAL side=sell rank=2 quantity=156265
S3_RESIDUAL side=sell rank=3 quantity=0
S3_RESIDUAL side=sell rank=5 quantity=110099
S3_RESIDUAL side=sell rank=66 quantity=119388
S3_RESIDUAL side=sell rank=41 quantity=35262
S3_RESIDUAL side=sell rank=80 quantity=72060
S3_RESIDUAL side=sell rank=22 quantity=575243
S3_RESIDUAL side=sell rank=36 quantity=206934
S3_RESIDUAL side=sell rank=28 quantity=247618
S3_RESIDUAL side=sell rank=56 quantity=442690
S3_RESIDUAL side=sell rank=15 quantity=647017
S3_RESIDUAL side=sell rank=10 quantity=840369
S3_RESIDUAL side=sell rank=92 quantity=207807
S3_RESIDUAL side=sell rank=88 quantity=308485
S3_RESIDUAL side=sell rank=16 quantity=838949
S3_RESIDUAL side=sell rank=19 quantity=974552
S3_RESIDUAL side=sell rank=18 quantity=689251
S3_RESIDUAL side=sell rank=62 quantity=204827
S3_RESIDUAL side=sell rank=14 quantity=683042
S3_RESIDUAL side=sell rank=9 quantity=140468
S3_RESIDUAL side=sell rank=85 quantity=706212
S3_RESIDUAL side=sell rank=64 quantity=440171
S3_RESIDUAL side=sell rank=83 quantity=195657
S3_RESIDUAL side=sell rank=68 quantity=979518
S3_RESIDUAL side=sell rank=40 quantity=396631
S3_RESIDUAL side=sell rank=0 quantity=956668
S3_RESIDUAL side=sell rank=46 quantity=938022
S3_RESIDUAL side=sell rank=72 quantity=869965
S3_RESIDUAL side=sell rank=78 quantity=324000
S3_RESIDUAL side=sell rank=98 quantity=346030
S3_RESIDUAL side=sell rank=67 quantity=971464
S3_RESIDUAL side=sell rank=58 quantity=578963
S3_RESIDUAL side=sell rank=86 quantity=1575
S3_RESIDUAL side=sell rank=34 quantity=995342
S3_RESIDUAL side=sell rank=77 quantity=908544
S3_RESIDUAL side=sell rank=12 quantity=81366
S3_RESIDUAL side=sell rank=94 quantity=698302
S3_RESIDUAL side=sell rank=87 quantity=354565
S3_RESIDUAL side=sell rank=33 quantity=933428
S3_RESIDUAL side=sell rank=27 quantity=477585
S3_RESIDUAL side=sell rank=84 quantity=899393
S3_RESIDUAL side=sell rank=4 quantity=200963
S3_RESIDUAL side=sell rank=45 quantity=452799
S3_RESIDUAL side=sell rank=25 quantity=12165
S3_RESIDUAL side=sell rank=23 quantity=20808
S3_RESIDUAL side=sell rank=97 quantity=522196
S3_RESIDUAL side=sell rank=47 quantity=24303
S3_RESIDUAL side=sell rank=38 quantity=780244
S3_RESIDUAL side=sell rank=20 quantity=140383
S3_RESIDUAL side=sell rank=91 quantity=805836
S3_RESIDUAL side=sell rank=8 quantity=30541
S3_RESIDUAL side=sell rank=50 quantity=219091
S3_RESIDUAL side=sell rank=37 quantity=666530
S3_RESIDUAL side=sell rank=53 quantity=422298
S3_RESIDUAL side=sell rank=31 quantity=74836
S3_RESIDUAL side=sell rank=29 quantity=5626
S3_RESIDUAL side=sell rank=51 quantity=551645
S3_RESIDUAL side=sell rank=1 quantity=641555
S3_RESIDUAL side=sell rank=102 quantity=0
S3_RESIDUAL side=sell rank=103 quantity=0
S3_RESIDUAL side=sell rank=104 quantity=0
S3_RESIDUAL side=sell rank=105 quantity=0
S3_RESIDUAL side=sell rank=106 quantity=0
S3_RESIDUAL side=sell rank=107 quantity=0
S3_RESIDUAL side=sell rank=108 quantity=0
S3_RESIDUAL side=sell rank=109 quantity=0
S3_RESIDUAL side=sell rank=110 quantity=0
S3_RESIDUAL side=sell rank=111 quantity=0
S3_RESIDUAL side=sell rank=112 quantity=0
S3_RESIDUAL side=sell rank=113 quantity=0
S3_RESIDUAL side=sell rank=114 quantity=0
S3_RESIDUAL side=sell rank=115 quantity=0
S3_RESIDUAL side=sell rank=116 quantity=0
S3_RESIDUAL side=sell rank=117 quantity=0
S3_RESIDUAL side=sell rank=118 quantity=0
S3_RESIDUAL side=sell rank=119 quantity=0
S3_RESIDUAL side=sell rank=120 quantity=0
S3_RESIDUAL side=sell rank=121 quantity=0
S3_RESIDUAL side=sell rank=122 quantity=0
S3_RESIDUAL side=sell rank=123 quantity=0
S3_RESIDUAL side=sell rank=124 quantity=0
S3_RESIDUAL side=sell rank=125 quantity=0
S3_RESIDUAL side=sell rank=126 quantity=0
S3_RESIDUAL side=sell rank=127 quantity=0
The following benchmarks are including preprocessing (offline phase).
Time = 29.1399 seconds 
Data sent = 659.089 MB in ~179795 rounds (party 0 only; use '-v' for more details)
Global data sent = 1977.27 MB (all parties)
This program might benefit from some protocol options.
Consider adding the following at the beginning of your code:
	program.use_edabit(True)
