Using statistical security parameter 40
Trying to run 255-bit computation (256-bit representation)
S3_FMATCH_TEST valid=1 commitment=-19944021534850179725111795261183413047748217262176593490925536981169801066637 aggregate_quantity=4216783 aggregate_settlement=1469139127851
S3_MATCH slot=0 active=1 buy_rank=7 sell_rank=12 price=612701 quantity=104158 settlement=63817710758 buy_residual=0 sell_residual=26393
S3_MATCH slot=1 active=1 buy_rank=4 sell_rank=12 price=419074 quantity=26393 settlement=11060620082 buy_residual=713567 sell_residual=0
S3_MATCH slot=2 active=1 buy_rank=4 sell_rank=19 price=274049 quantity=553748 settlement=151754085652 buy_residual=159819 sell_residual=0
S3_MATCH slot=3 active=1 buy_rank=4 sell_rank=2 price=293465 quantity=159819 settlement=46901282835 buy_residual=0 sell_residual=295772
S3_MATCH slot=4 active=1 buy_rank=5 sell_rank=2 price=368704 quantity=295772 settlement=109052319488 buy_residual=53090 sell_residual=0
S3_MATCH slot=5 active=1 buy_rank=5 sell_rank=31 price=403285 quantity=53090 settlement=21410400650 buy_residual=0 sell_residual=639614
S3_MATCH slot=6 active=1 buy_rank=8 sell_rank=31 price=246239 quantity=639614 settlement=157497911746 buy_residual=241174 sell_residual=0
S3_MATCH slot=7 active=1 buy_rank=8 sell_rank=0 price=243275 quantity=241174 settlement=58671604850 buy_residual=0 sell_residual=674636
S3_MATCH slot=8 active=1 buy_rank=17 sell_rank=0 price=588873 quantity=111203 settlement=65484444219 buy_residual=0 sell_residual=563433
S3_MATCH slot=9 active=1 buy_rank=12 sell_rank=0 price=594539 quantity=58690 settlement=34893493910 buy_residual=0 sell_residual=504743
S3_MATCH slot=10 active=1 buy_rank=15 sell_rank=0 price=257669 quantity=504743 settlement=130056624067 buy_residual=198139 sell_residual=0
S3_MATCH slot=11 active=1 buy_rank=15 sell_rank=27 price=204213 quantity=198139 settlement=40462559607 buy_residual=0 sell_residual=661353
S3_MATCH slot=12 active=1 buy_rank=1 sell_rank=27 price=328213 quantity=149976 settlement=49224072888 buy_residual=0 sell_residual=511377
S3_MATCH slot=13 active=1 buy_rank=11 sell_rank=27 price=601187 quantity=511377 settlement=307433204499 buy_residual=121389 sell_residual=0
S3_MATCH slot=14 active=1 buy_rank=11 sell_rank=21 price=536829 quantity=52578 settlement=28225395162 buy_residual=68811 sell_residual=0
S3_MATCH slot=15 active=1 buy_rank=11 sell_rank=9 price=641008 quantity=68811 settlement=44108401488 buy_residual=0 sell_residual=255703
S3_MATCH slot=16 active=1 buy_rank=16 sell_rank=9 price=536303 quantity=255703 settlement=137134286009 buy_residual=7112 sell_residual=0
S3_MATCH slot=17 active=1 buy_rank=16 sell_rank=14 price=898928 quantity=7112 settlement=6393175936 buy_residual=0 sell_residual=831009
S3_MATCH slot=18 active=1 buy_rank=3 sell_rank=13 price=24735 quantity=224683 settlement=5557534005 buy_residual=633080 sell_residual=0
S3_MATCH slot=19 active=0 buy_rank=0 sell_rank=0 price=0 quantity=0 settlement=0 buy_residual=0 sell_residual=0
S3_MATCH slot=20 active=0 buy_rank=0 sell_rank=0 price=0 quantity=0 settlement=0 buy_residual=0 sell_residual=0
S3_MATCH slot=21 active=0 buy_rank=0 sell_rank=0 price=0 quantity=0 settlement=0 buy_residual=0 sell_residual=0
S3_MATCH slot=22 active=0 buy_rank=0 sell_rank=0 price=0 quantity=0 settlement=0 buy_residual=0 sell_residual=0
S3_MATCH slot=23 active=0 buy_rank=0 sell_rank=0 price=0 quantity=0 settlement=0 buy_residual=0 sell_residual=0
S3_MATCH slot=24 active=0 buy_rank=0 sell_rank=0 price=0 quantity=0 settlement=0 buy_residual=0 sell_residual=0
S3_MATCH slot=25 active=0 buy_rank=0 sell_rank=0 price=0 quantity=0 settlement=0 buy_residual=0 sell_residual=0
S3_MATCH slot=26 active=0 buy_rank=0 sell_rank=0 price=0 quantity=0 settlement=0 buy_residual=0 sell_residual=0
S3_MATCH slot=27 active=0 buy_rank=0 sell_rank=0 price=0 quantity=0 settlement=0 buy_residual=0 sell_residual=0
S3_MATCH slot=28 active=0 buy_rank=0 sell_rank=0 price=0 quantity=0 settlement=0 buy_residual=0 sell_residual=0
S3_MATCH slot=29 active=0 buy_rank=0 sell_rank=0 price=0 quantity=0 settlement=0 buy_residual=0 sell_residual=0
S3_MATCH slot=30 active=0 buy_rank=0 sell_rank=0 price=0 quantity=0 settlement=0 buy_residual=0 sell_residual=0
S3_MATCH slot=31 active=0 buy_rank=0 sell_rank=0 price=0 quantity=0 settlement=0 buy_residual=0 sell_residual=0
S3_MATCH slot=32 active=0 buy_rank=0 sell_rank=0 price=0 quantity=0 settlement=0 buy_residual=0 sell_residual=0
S3_MATCH slot=33 active=0 buy_rank=0 sell_rank=0 price=0 quantity=0 settlement=0 buy_residual=0 sell_residual=0
S3_MATCH slot=34 active=0 buy_rank=0 sell_rank=0 price=0 quantity=0 settlement=0 buy_residual=0 sell_residual=0
S3_MATCH slot=35 active=0 buy_rank=0 sell_rank=0 price=0 quantity=0 settlement=0 buy_residual=0 sell_residual=0
S3_MATCH slot=36 active=0 buy_rank=0 sell_rank=0 price=0 quantity=0 settlement=0 buy_residual=0 sell_residual=0
S3_MATCH slot=37 active=0 buy_rank=0 sell_rank=0 price=0 quantity=0 settlement=0 buy_residual=0 sell_residual=0
S3_MATCH slot=38 active=0 buy_rank=0 sell_rank=0 price=0 quantity=0 settlement=0 buy_residual=0 sell_residual=0
S3_MATCH slot=39 active=0 buy_rank=0 sell_rank=0 price=0 quantity=0 settlement=0 buy_residual=0 sell_residual=0
S3_MATCH slot=40 active=0 buy_rank=0 sell_rank=0 price=0 quantity=0 settlement=0 buy_residual=0 sell_residual=0
S3_MATCH slot=41 active=0 buy_rank=0 sell_rank=0 price=0 quantity=0 settlement=0 buy_residual=0 sell_residual=0
S3_MATCH slot=42 active=0 buy_rank=0 sell_rank=0 price=0 quantity=0 settlement=0 buy_residual=0 sell_residual=0
S3_MATCH slot=43 active=0 buy_rank=0 sell_rank=0 price=0 quantity=0 settlement=0 buy_residual=0 sell_residual=0
S3_MATCH slot=44 active=0 buy_rank=0 sell_rank=0 price=0 quantity=0 settlement=0 buy_residual=0 sell_residual=0
S3_MATCH slot=45 active=0 buy_rank=0 sell_rank=0 price=0 quantity=0 settlement=0 buy_residual=0 sell_residual=0
S3_MATCH slot=46 active=0 buy_rank=0 sell_rank=0 price=0 quantity=0 settlement=0 buy_residual=0 sell_residual=0
S3_MATCH slot=47 active=0 buy_rank=0 sell_rank=0 price=0 quantity=0 settlement=0 buy_residual=0 sell_residual=0
S3_MATCH slot=48 active=0 buy_rank=0 sell_rank=0 price=0 quantity=0 settlement=0 buy_residual=0 sell_residual=0
S3_MATCH slot=49 active=0 buy_rank=0 sell_rank=0 price=0 quantity=0 settlement=0 buy_residual=0 sell_residual=0
S3_MATCH slot=50 active=0 buy_rank=0 sell_rank=0 price=0 quantity=0 settlement=0 buy_residual=0 sell_residual=0
S3_MATCH slot=51 active=0 buy_rank=0 sell_rank=0 price=0 quantity=0 settlement=0 buy_residual=0 sell_residual=0
S3_MATCH slot=52 active=0 buy_rank=0 sell_rank=0 price=0 quantity=0 settlement=0 buy_residual=0 sell_residual=0
S3_MATCH slot=53 active=0 buy_rank=0 sell_rank=0 price=0 quantity=0 settlement=0 buy_residual=0 sell_residual=0
S3_MATCH slot=54 active=0 buy_rank=0 sell_rank=0 price=0 quantity=0 settlement=0 buy_residual=0 sell_residual=0
S3_MATCH slot=55 active=0 buy_rank=0 sell_rank=0 price=0 quantity=0 settlement=0 buy_residual=0 sell_residual=0
S3_MATCH slot=56 active=0 buy_rank=0 sell_rank=0 price=0 quantity=0 settlement=0 buy_residual=0 sell_residual=0
S3_MATCH slot=57 active=0 buy_rank=0 sell_rank=0 price=0 quantity=0 settlement=0 buy_residual=0 sell_residual=0
S3_MATCH slot=58 active=0 buy_rank=0 sell_rank=0 price=0 quantity=0 settlement=0 buy_residual=0 sell_residual=0
S3_MATCH slot=59 active=0 buy_rank=0 sell_rank=0 price=0 quantity=0 settlement=0 buy_residual=0 sell_residual=0
S3_MATCH slot=60 active=0 buy_rank=0 sell_rank=0 price=0 quantity=0 settlement=0 buy_residual=0 sell_residual=0
S3_MATCH slot=61 active=0 buy_rank=0 sell_rank=0 price=0 quantity=0 settlement=0 buy_residual=0 sell_residual=0
S3_MATCH slot=62 active=0 buy_rank=0 sell_rank=0 price=0 quantity=0 settlement=0 buy_residual=0 sell_residual=0
S3_RESIDUAL side=buy rank=7 quantity=0
S3_RESIDUAL side=buy rank=4 quantity=0
S3_RESIDUAL side=buy rank=5 quantity=0
S3_RESIDUAL side=buy rank=8 quantity=0
S3_RESIDUAL side=buy rank=17 quantity=0
S3_RESIDUAL side=buy rank=12 quantity=0
S3_RESIDUAL side=buy rank=15 quantity=0
S3_RESIDUAL side=buy rank=1 quantity=0
S3_RESIDUAL side=buy rank=11 quantity=0
S3_RESIDUAL side=buy rank=16 quantity=0
S3_RESIDUAL side=buy rank=3 quantity=633080
S3_RESIDUAL side=buy rank=0 quantity=145271
S3_RESIDUAL side=buy rank=13 quantity=948862
S3_RESIDUAL side=buy rank=2 quantity=588702
S3_RESIDUAL side=buy rank=6 quantity=410082
S3_RESIDUAL side=buy rank=10 quantity=843161
S3_RESIDUAL side=buy rank=9 quantity=22995
S3_RESIDUAL side=buy rank=14 quantity=867900
S3_RESIDUAL side=buy rank=18 quantity=0
S3_RESIDUAL side=buy rank=19 quantity=0
S3_RESIDUAL side=buy rank=20 quantity=0
S3_RESIDUAL side=buy rank=21 quantity=0
S3_RESIDUAL side=buy rank=22 quantity=0
S3_RESIDUAL side=buy rank=23 quantity=0
S3_RESIDUAL side=buy rank=24 quantity=0
S3_RESIDUAL side=buy rank=25 quantity=0
S3_RESIDUAL side=buy rank=26 quantity=0
S3_RESIDUAL side=buy rank=27 quantity=0
S3_RESIDUAL side=buy rank=28 quantity=0
S3_RESIDUAL side=buy rank=29 quantity=0
S3_RESIDUAL side=buy rank=30 quantity=0
S3_RESIDUAL side=buy rank=31 quantity=0
S3_RESIDUAL side=sell rank=12 quantity=0
S3_RESIDUAL side=sell rank=19 quantity=0
S3_RESIDUAL side=sell rank=2 quantity=0
S3_RESIDUAL side=sell rank=31 quantity=0
S3_RESIDUAL side=sell rank=0 quantity=0
S3_RESIDUAL side=sell rank=27 quantity=0
S3_RESIDUAL side=sell rank=21 quantity=0
S3_RESIDUAL side=sell rank=9 quantity=0
S3_RESIDUAL side=sell rank=14 quantity=831009
S3_RESIDUAL side=sell rank=30 quantity=906609
S3_RESIDUAL side=sell rank=8 quantity=678799
S3_RESIDUAL side=sell rank=1 quantity=12207
S3_RESIDUAL side=sell rank=7 quantity=485935
S3_RESIDUAL side=sell rank=25 quantity=646646
S3_RESIDUAL side=sell rank=26 quantity=180319
S3_RESIDUAL side=sell rank=13 quantity=0
S3_RESIDUAL side=sell rank=29 quantity=754797
S3_RESIDUAL side=sell rank=15 quantity=594665
S3_RESIDUAL side=sell rank=4 quantity=790119
S3_RESIDUAL side=sell rank=16 quantity=820041
S3_RESIDUAL side=sell rank=3 quantity=64619
S3_RESIDUAL side=sell rank=24 quantity=875018
S3_RESIDUAL side=sell rank=6 quantity=90772
S3_RESIDUAL side=sell rank=28 quantity=970268
S3_RESIDUAL side=sell rank=5 quantity=489539
S3_RESIDUAL side=sell rank=18 quantity=419414
S3_RESIDUAL side=sell rank=17 quantity=439917
S3_RESIDUAL side=sell rank=11 quantity=702135
S3_RESIDUAL side=sell rank=22 quantity=898705
S3_RESIDUAL side=sell rank=10 quantity=949134
S3_RESIDUAL side=sell rank=20 quantity=804777
S3_RESIDUAL side=sell rank=23 quantity=246623
The following benchmarks are including preprocessing (offline phase).
Time = 5.54291 seconds 
Data sent = 124.617 MB in ~31011 rounds (party 0 only; use '-v' for more details)
Global data sent = 373.531 MB (all parties)
This program might benefit from some protocol options.
Consider adding the following at the beginning of your code:
	program.use_edabit(True)
