Using statistical security parameter 40
Trying to run 255-bit computation (256-bit representation)
S3_FMATCH_TEST valid=1 commitment=-8508787722042462870096100677939296486961831693955203935341323724242661543448 aggregate_quantity=2362123 aggregate_settlement=771127086337
S3_MATCH slot=0 active=1 buy_rank=1 sell_rank=6 price=526811 quantity=207090 settlement=109097289990 buy_residual=0 sell_residual=357017
S3_MATCH slot=1 active=1 buy_rank=0 sell_rank=6 price=187144 quantity=357017 settlement=66813589448 buy_residual=368688 sell_residual=0
S3_MATCH slot=2 active=1 buy_rank=0 sell_rank=3 price=268727 quantity=368688 settlement=99076420176 buy_residual=0 sell_residual=614969
S3_MATCH slot=3 active=1 buy_rank=14 sell_rank=3 price=236518 quantity=264023 settlement=62446191914 buy_residual=0 sell_residual=350946
S3_MATCH slot=4 active=1 buy_rank=3 sell_rank=3 price=400649 quantity=350946 settlement=140606163954 buy_residual=121322 sell_residual=0
S3_MATCH slot=5 active=1 buy_rank=3 sell_rank=7 price=224564 quantity=57669 settlement=12950381316 buy_residual=63653 sell_residual=0
S3_MATCH slot=6 active=1 buy_rank=3 sell_rank=0 price=333263 quantity=63653 settlement=21213189739 buy_residual=0 sell_residual=436014
S3_MATCH slot=7 active=1 buy_rank=8 sell_rank=0 price=322372 quantity=436014 settlement=140558705208 buy_residual=18288 sell_residual=0
S3_MATCH slot=8 active=1 buy_rank=8 sell_rank=1 price=251599 quantity=18288 settlement=4601242512 buy_residual=0 sell_residual=238735
S3_MATCH slot=9 active=1 buy_rank=4 sell_rank=1 price=476528 quantity=238735 settlement=113763912080 buy_residual=284721 sell_residual=0
S3_MATCH slot=10 active=0 buy_rank=0 sell_rank=0 price=0 quantity=0 settlement=0 buy_residual=0 sell_residual=0
S3_MATCH slot=11 active=0 buy_rank=0 sell_rank=0 price=0 quantity=0 settlement=0 buy_residual=0 sell_residual=0
S3_MATCH slot=12 active=0 buy_rank=0 sell_rank=0 price=0 quantity=0 settlement=0 buy_residual=0 sell_residual=0
S3_MATCH slot=13 active=0 buy_rank=0 sell_rank=0 price=0 quantity=0 settlement=0 buy_residual=0 sell_residual=0
S3_MATCH slot=14 active=0 buy_rank=0 sell_rank=0 price=0 quantity=0 settlement=0 buy_residual=0 sell_residual=0
S3_MATCH slot=15 active=0 buy_rank=0 sell_rank=0 price=0 quantity=0 settlement=0 buy_residual=0 sell_residual=0
S3_MATCH slot=16 active=0 buy_rank=0 sell_rank=0 price=0 quantity=0 settlement=0 buy_residual=0 sell_residual=0
S3_MATCH slot=17 active=0 buy_rank=0 sell_rank=0 price=0 quantity=0 settlement=0 buy_residual=0 sell_residual=0
S3_MATCH slot=18 active=0 buy_rank=0 sell_rank=0 price=0 quantity=0 settlement=0 buy_residual=0 sell_residual=0
S3_MATCH slot=19 active=0 buy_rank=0 sell_rank=0 price=0 quantity=0 settlement=0 buy_residual=0 sell_residual=0
S3_MATCH slot=20 active=0 buy_rank=0 sell_rank=0 price=0 quantity=0 settlement=0 buy_residual=0 sell_residual=0
S3_MATCH slot=21 active=0 buy_rank=0 sell_rank=0 price=0 quantity=0 settlement=0 buy_residual=0 sell_residual=0
S3_MATCH slot=22 active=0 buy_rank=0 sell_rank=0 price=0 quantity=0 settlement=0 buy_residual=0 sell_residual=0
S3_MATCH slot=23 active=0 buy_rank=0 sell_rank=0 price=0 quantity=0 settlement=0 buy_residual=0 sell_residual=0
S3_MATCH slot=24 active=0 buy_rank=0 sell_rank=0 price=0 quantity=0 settlement=0 buy_residual=0 sell_residual=0
S3_MATCH slot=25 active=0 buy_rank=0 sell_rank=0 price=0 quantity=0 settlement=0 buy_residual=0 sell_residual=0
S3_MATCH slot=26 active=0 buy_rank=0 sell_rank=0 price=0 quantity=0 settlement=0 buy_residual=0 sell_residual=0
S3_MATCH slot=27 active=0 buy_rank=0 sell_rank=0 price=0 quantity=0 settlement=0 buy_residual=0 sell_residual=0
S3_MATCH slot=28 active=0 buy_rank=0 sell_rank=0 price=0 quantity=0 settlement=0 buy_residual=0 sell_residual=0
S3_MATCH slot=29 active=0 buy_rank=0 sell_rank=0 price=0 quantity=0 settlement=0 buy_residual=0 sell_residual=0
S3_MATCH slot=30 active=0 buy_rank=0 sell_rank=0 price=0 quantity=0 settlement=0 buy_residual=0 sell_residual=0
S3_RESIDUAL side=buy rank=1 quantity=0
S3_RESIDUAL side=buy rank=0 quantity=0
S3_RESIDUAL side=buy rank=14 quantity=0
S3_RESIDUAL side=buy rank=3 quantity=0
S3_RESIDUAL side=buy rank=8 quantity=0
S3_RESIDUAL side=buy rank=4 quantity=284721
S3_RESIDUAL side=buy rank=10 quantity=574573
S3_RESIDUAL side=buy rank=15 quantity=584243
S3_RESIDUAL side=buy rank=12 quantity=443288
S3_RESIDUAL side=buy rank=2 quantity=143672
S3_RESIDUAL side=buy rank=13 quantity=886456
S3_RESIDUAL side=buy rank=9 quantity=560366
S3_RESIDUAL side=buy rank=5 quantity=648691
S3_RESIDUAL side=buy rank=7 quantity=649422
S3_RESIDUAL side=buy rank=11 quantity=214223
S3_RESIDUAL side=buy rank=6 quantity=225284
S3_RESIDUAL side=sell rank=6 quantity=0
S3_RESIDUAL side=sell rank=3 quantity=0
S3_RESIDUAL side=sell rank=7 quantity=0
S3_RESIDUAL side=sell rank=0 quantity=0
S3_RESIDUAL side=sell rank=5 quantity=701017
S3_RESIDUAL side=sell rank=2 quantity=584621
S3_RESIDUAL side=sell rank=4 quantity=960902
S3_RESIDUAL side=sell rank=1 quantity=0
S3_RESIDUAL side=sell rank=8 quantity=0
S3_RESIDUAL side=sell rank=9 quantity=0
S3_RESIDUAL side=sell rank=10 quantity=0
S3_RESIDUAL side=sell rank=11 quantity=0
S3_RESIDUAL side=sell rank=12 quantity=0
S3_RESIDUAL side=sell rank=13 quantity=0
S3_RESIDUAL side=sell rank=14 quantity=0
S3_RESIDUAL side=sell rank=15 quantity=0
The following benchmarks are including preprocessing (offline phase).
Time = 2.73074 seconds 
Data sent = 56.5948 MB in ~14142 rounds (party 0 only; use '-v' for more details)
Global data sent = 169.464 MB (all parties)
This program might benefit from some protocol options.
Consider adding the following at the beginning of your code:
	program.use_edabit(True)
