Using statistical security parameter 40
Trying to run 255-bit computation (256-bit representation)
S3_FMATCH_TEST valid=1 commitment=-22525944873843522303488842741149976297246900399210118999113340138261353479872 aggregate_quantity=6577944 aggregate_settlement=2317155995777
S3_MATCH slot=0 active=1 buy_rank=6 sell_rank=6 price=498746 quantity=289937 settlement=144604919002 buy_residual=0 sell_residual=699785
S3_MATCH slot=1 active=1 buy_rank=8 sell_rank=6 price=330034 quantity=699785 settlement=230952842690 buy_residual=153933 sell_residual=0
S3_MATCH slot=2 active=1 buy_rank=8 sell_rank=39 price=378086 quantity=153933 settlement=58199912238 buy_residual=0 sell_residual=308671
S3_MATCH slot=3 active=1 buy_rank=2 sell_rank=39 price=629621 quantity=183216 settlement=115356641136 buy_residual=0 sell_residual=125455
S3_MATCH slot=4 active=1 buy_rank=15 sell_rank=39 price=733671 quantity=125455 settlement=92042695305 buy_residual=835892 sell_residual=0
S3_MATCH slot=5 active=1 buy_rank=15 sell_rank=28 price=502968 quantity=835892 settlement=420426927456 buy_residual=0 sell_residual=6500
S3_MATCH slot=6 active=1 buy_rank=3 sell_rank=28 price=195552 quantity=6500 settlement=1271088000 buy_residual=531813 sell_residual=0
S3_MATCH slot=7 active=1 buy_rank=3 sell_rank=7 price=311587 quantity=531813 settlement=165706017231 buy_residual=0 sell_residual=215837
S3_MATCH slot=8 active=1 buy_rank=11 sell_rank=7 price=340439 quantity=67390 settlement=22942184210 buy_residual=0 sell_residual=148447
S3_MATCH slot=9 active=1 buy_rank=19 sell_rank=7 price=684090 quantity=148447 settlement=101551108230 buy_residual=231493 sell_residual=0
S3_MATCH slot=10 active=1 buy_rank=19 sell_rank=12 price=754939 quantity=231493 settlement=174763093927 buy_residual=0 sell_residual=64672
S3_MATCH slot=11 active=1 buy_rank=23 sell_rank=12 price=611329 quantity=64672 settlement=39535869088 buy_residual=219251 sell_residual=0
S3_MATCH slot=12 active=1 buy_rank=23 sell_rank=54 price=636693 quantity=219251 settlement=139595576943 buy_residual=0 sell_residual=175204
S3_MATCH slot=13 active=1 buy_rank=5 sell_rank=49 price=90423 quantity=28636 settlement=2589353028 buy_residual=641529 sell_residual=0
S3_MATCH slot=14 active=1 buy_rank=5 sell_rank=31 price=173734 quantity=512563 settlement=89049620242 buy_residual=128966 sell_residual=0
S3_MATCH slot=15 active=1 buy_rank=5 sell_rank=29 price=100462 quantity=128966 settlement=12956182292 buy_residual=0 sell_residual=693405
S3_MATCH slot=16 active=1 buy_rank=24 sell_rank=29 price=217810 quantity=564196 settlement=122887530760 buy_residual=0 sell_residual=129209
S3_MATCH slot=17 active=1 buy_rank=26 sell_rank=29 price=159702 quantity=129209 settlement=20634935718 buy_residual=848309 sell_residual=0
S3_MATCH slot=18 active=1 buy_rank=26 sell_rank=2 price=163813 quantity=271244 settlement=44433293372 buy_residual=577065 sell_residual=0
S3_MATCH slot=19 active=1 buy_rank=26 sell_rank=55 price=299596 quantity=412793 settlement=123671131628 buy_residual=164272 sell_residual=0
S3_MATCH slot=20 active=1 buy_rank=26 sell_rank=20 price=281249 quantity=129657 settlement=36465901593 buy_residual=34615 sell_residual=0
S3_MATCH slot=21 active=1 buy_rank=26 sell_rank=33 price=170861 quantity=34615 settlement=5914353515 buy_residual=0 sell_residual=731883
S3_MATCH slot=22 active=1 buy_rank=18 sell_rank=33 price=247265 quantity=262980 settlement=65025749700 buy_residual=0 sell_residual=468903
S3_MATCH slot=23 active=1 buy_rank=10 sell_rank=33 price=163277 quantity=468903 settlement=76561075131 buy_residual=76398 sell_residual=0
S3_MATCH slot=24 active=1 buy_rank=10 sell_rank=14 price=131129 quantity=76398 settlement=10017993342 buy_residual=0 sell_residual=589924
S3_MATCH slot=25 active=0 buy_rank=0 sell_rank=0 price=0 quantity=0 settlement=0 buy_residual=0 sell_residual=0
S3_MATCH slot=26 active=0 buy_rank=0 sell_rank=0 price=0 quantity=0 settlement=0 buy_residual=0 sell_residual=0
S3_MATCH slot=27 active=0 buy_rank=0 sell_rank=0 price=0 quantity=0 settlement=0 buy_residual=0 sell_residual=0
S3_MATCH slot=28 active=0 buy_rank=0 sell_rank=0 price=0 quantity=0 settlement=0 buy_residual=0 sell_residual=0
S3_MATCH slot=29 active=0 buy_rank=0 sell_rank=0 price=0 quantity=0 settlement=0 buy_residual=0 sell_residual=0
S3_MATCH slot=30 active=0 buy_rank=0 sell_rank=0 price=0 quantity=0 settlement=0 buy_residual=0 sell_residual=0
S3_MATCH slot=31 active=0 buy_rank=0 sell_rank=0 price=0 quantity=0 settlement=0 buy_residual=0 sell_residual=0
S3_MATCH slot=32 active=0 buy_rank=0 sell_rank=0 price=0 quantity=0 settlement=0 buy_residual=0 sell_residual=0
S3_MATCH slot=33 active=0 buy_rank=0 sell_rank=0 price=0 quantity=0 settlement=0 buy_residual=0 sell_residual=0
S3_MATCH slot=34 active=0 buy_rank=0 sell_rank=0 price=0 quantity=0 settlement=0 buy_residual=0 sell_residual=0
S3_MATCH slot=35 active=0 buy_rank=0 sell_rank=0 price=0 quantity=0 settlement=0 buy_residual=0 sell_residual=0
S3_MATCH slot=36 active=0 buy_rank=0 sell_rank=0 price=0 quantity=0 settlement=0 buy_residual=0 sell_residual=0
S3_MATCH slot=37 active=0 buy_rank=0 sell_rank=0 price=0 quantity=0 settlement=0 buy_residual=0 sell_residual=0
S3_MATCH slot=38 active=0 buy_rank=0 sell_rank=0 price=0 quantity=0 settlement=0 buy_residual=0 sell_residual=0
S3_MATCH slot=39 active=0 buy_rank=0 sell_rank=0 price=0 quantity=0 settlement=0 buy_residual=0 sell_residual=0
S3_MATCH slot=40 active=0 buy_rank=0 sell_rank=0 price=0 quantity=0 settlement=0 buy_residual=0 sell_residual=0
S3_MATCH slot=41 active=0 buy_rank=0 sell_rank=0 price=0 quantity=0 settlement=0 buy_residual=0 sell_residual=0
S3_MATCH slot=42 active=0 buy_rank=0 sell_rank=0 price=0 quantity=0 settlement=0 buy_residual=0 sell_residual=0
S3_MATCH slot=43 active=0 buy_rank=0 sell_rank=0 price=0 quantity=0 settlement=0 buy_residual=0 sell_residual=0
S3_MATCH slot=44 active=0 buy_rank=0 sell_rank=0 price=0 quantity=0 settlement=0 buy_residual=0 sell_residual=0
S3_MATCH slot=45 active=0 buy_rank=0 sell_rank=0 price=0 quantity=0 settlement=0 buy_residual=0 sell_residual=0
S3_MATCH slot=46 active=0 buy_rank=0 sell_rank=0 price=0 quantity=0 settlement=0 buy_residual=0 sell_residual=0
S3_MATCH slot=47 active=0 buy_rank=0 sell_rank=0 price=0 quantity=0 settlement=0 buy_residual=0 sell_residual=0
S3_MATCH slot=48 active=0 buy_rank=0 sell_rank=0 price=0 quantity=0 settlement=0 buy_residual=0 sell_residual=0
S3_MATCH slot=49 active=0 buy_rank=0 sell_rank=0 price=0 quantity=0 settlement=0 buy_residual=0 sell_residual=0
S3_MATCH slot=50 active=0 buy_rank=0 sell_rank=0 price=0 quantity=0 settlement=0 buy_residual=0 sell_residual=0
S3_MATCH slot=51 active=0 buy_rank=0 sell_rank=0 price=0 quantity=0 settlement=0 buy_residual=0 sell_residual=0
S3_MATCH slot=52 active=0 buy_rank=0 sell_rank=0 price=0 quantity=0 settlement=0 buy_residual=0 sell_residual=0
S3_MATCH slot=53 active=0 buy_rank=0 sell_rank=0 price=0 quantity=0 settlement=0 buy_residual=0 sell_residual=0
S3_MATCH slot=54 active=0 buy_rank=0 sell_rank=0 price=0 quantity=0 settlement=0 buy_residual=0 sell_residual=0
S3_MATCH slot=55 active=0 buy_rank=0 sell_rank=0 price=0 quantity=0 settlement=0 buy_residual=0 sell_residual=0
S3_MATCH slot=56 active=0 buy_rank=0 sell_rank=0 price=0 quantity=0 settlement=0 buy_residual=0 sell_residual=0
S3_MATCH slot=57 active=0 buy_rank=0 sell_rank=0 price=0 quantity=0 settlement=0 buy_residual=0 sell_residual=0
S3_MATCH slot=58 active=0 buy_rank=0 sell_rank=0 price=0 quantity=0 settlement=0 buy_residual=0 sell_residual=0
S3_MATCH slot=59 active=0 buy_rank=0 sell_rank=0 price=0 quantity=0 settlement=0 buy_residual=0 sell_residual=0
S3_MATCH slot=60 active=0 buy_rank=0 sell_rank=0 price=0 quantity=0 settlement=0 buy_residual=0 sell_residual=0
S3_MATCH slot=61 active=0 buy_rank=0 sell_rank=0 price=0 quantity=0 settlement=0 buy_residual=0 sell_residual=0
S3_MATCH slot=62 active=0 buy_rank=0 sell_rank=0 price=0 quantity=0 settlement=0 buy_residual=0 sell_residual=0
S3_MATCH slot=63 active=0 buy_rank=0 sell_rank=0 price=0 quantity=0 settlement=0 buy_residual=0 sell_residual=0
S3_MATCH slot=64 active=0 buy_rank=0 sell_rank=0 price=0 quantity=0 settlement=0 buy_residual=0 sell_residual=0
S3_MATCH slot=65 active=0 buy_rank=0 sell_rank=0 price=0 quantity=0 settlement=0 buy_residual=0 sell_residual=0
S3_MATCH slot=66 active=0 buy_rank=0 sell_rank=0 price=0 quantity=0 settlement=0 buy_residual=0 sell_residual=0
S3_MATCH slot=67 active=0 buy_rank=0 sell_rank=0 price=0 quantity=0 settlement=0 buy_residual=0 sell_residual=0
S3_MATCH slot=68 active=0 buy_rank=0 sell_rank=0 price=0 quantity=0 settlement=0 buy_residual=0 sell_residual=0
S3_MATCH slot=69 active=0 buy_rank=0 sell_rank=0 price=0 quantity=0 settlement=0 buy_residual=0 sell_residual=0
S3_MATCH slot=70 active=0 buy_rank=0 sell_rank=0 price=0 quantity=0 settlement=0 buy_residual=0 sell_residual=0
S3_MATCH slot=71 active=0 buy_rank=0 sell_rank=0 price=0 quantity=0 settlement=0 buy_residual=0 sell_residual=0
S3_MATCH slot=72 active=0 buy_rank=0 sell_rank=0 price=0 quantity=0 settlement=0 buy_residual=0 sell_residual=0
S3_MATCH slot=73 active=0 buy_rank=0 sell_rank=0 price=0 quantity=0 settlement=0 buy_residual=0 sell_residual=0
S3_MATCH slot=74 active=0 buy_rank=0 sell_rank=0 price=0 quantity=0 settlement=0 buy_residual=0 sell_residual=0
S3_MATCH slot=75 active=0 buy_rank=0 sell_rank=0 price=0 quantity=0 settlement=0 buy_residual=0 sell_residual=0
S3_MATCH slot=76 active=0 buy_rank=0 sell_rank=0 price=0 quantity=0 settlement=0 buy_residual=0 sell_residual=0
S3_MATCH slot=77 active=0 buy_rank=0 sell_rank=0 price=0 quantity=0 settlement=0 buy_residual=0 sell_residual=0
S3_MATCH slot=78 active=0 buy_rank=0 sell_rank=0 price=0 quantity=0 settlement=0 buy_residual=0 sell_residual=0
S3_MATCH slot=79 active=0 buy_rank=0 sell_rank=0 price=0 quantity=0 settlement=0 buy_residual=0 sell_residual=0
S3_MATCH slot=80 active=0 buy_rank=0 sell_rank=0 price=0 quantity=0 settlement=0 buy_residual=0 sell_residual=0
S3_MATCH slot=81 active=0 buy_rank=0 sell_rank=0 price=0 quantity=0 settlement=0 buy_residual=0 sell_residual=0
S3_MATCH slot=82 active=0 buy_rank=0 sell_rank=0 price=0 quantity=0 settlement=0 buy_residual=0 sell_residual=0
S3_MATCH slot=83 active=0 buy_rank=0 sell_rank=0 price=0 quantity=0 settlement=0 buy_residual=0 sell_residual=0
S3_MATCH slot=84 active=0 buy_rank=0 sell_rank=0 price=0 quantity=0 settlement=0 buy_residual=0 sell_residual=0
S3_MATCH slot=85 active=0 buy_rank=0 sell_rank=0 price=0 quantity=0 settlement=0 buy_residual=0 sell_residual=0
S3_MATCH slot=86 active=0 buy_rank=0 sell_rank=0 price=0 quantity=0 settlement=0 buy_residual=0 sell_residual=0
S3_MATCH slot=87 active=0 buy_rank=0 sell_rank=0 price=0 quantity=0 settlement=0 buy_residual=0 sell_residual=0
S3_MATCH slot=88 active=0 buy_rank=0 sell_rank=0 price=0 quantity=0 settlement=0 buy_residual=0 sell_residual=0
S3_MATCH slot=89 active=0 buy_rank=0 sell_rank=0 price=0 quantity=0 settlement=0 buy_residual=0 sell_residual=0
S3_MATCH slot=90 active=0 buy_rank=0 sell_rank=0 price=0 quantity=0 settlement=0 buy_residual=0 sell_residual=0
S3_MATCH slot=91 active=0 buy_rank=0 sell_rank=0 price=0 quantity=0 settlement=0 buy_residual=0 sell_residual=0
S3_MATCH slot=92 active=0 buy_rank=0 sell_rank=0 price=0 quantity=0 settlement=0 buy_residual=0 sell_residual=0
S3_MATCH slot=93 active=0 buy_rank=0 sell_rank=0 price=0 quantity=0 settlement=0 buy_residual=0 sell_residual=0
S3_MATCH slot=94 active=0 buy_rank=0 sell_rank=0 price=0 quantity=0 settlement=0 buy_residual=0 sell_residual=0
S3_MATCH slot=95 active=0 buy_rank=0 sell_rank=0 price=0 quantity=0 settlement=0 buy_residual=0 sell_residual=0
S3_MATCH slot=96 active=0 buy_rank=0 sell_rank=0 price=0 quantity=0 settlement=0 buy_residual=0 sell_residual=0
S3_MATCH slot=97 active=0 buy_rank=0 sell_rank=0 price=0 quantity=0 settlement=0 buy_residual=0 sell_residual=0
S3_MATCH slot=98 active=0 buy_rank=0 sell_rank=0 price=0 quantity=0 settlement=0 buy_residual=0 sell_residual=0
S3_MATCH slot=99 active=0 buy_rank=0 sell_rank=0 price=0 quantity=0 settlement=0 buy_residual=0 sell_residual=0
S3_MATCH slot=100 active=0 buy_rank=0 sell_rank=0 price=0 quantity=0 settlement=0 buy_residual=0 sell_residual=0
S3_MATCH slot=101 active=0 buy_rank=0 sell_rank=0 price=0 quantity=0 settlement=0 buy_residual=0 sell_residual=0
S3_MATCH slot=102 active=0 buy_rank=0 sell_rank=0 price=0 quantity=0 settlement=0 buy_residual=0 sell_residual=0
S3_MATCH slot=103 active=0 buy_rank=0 sell_rank=0 price=0 quantity=0 settlement=0 buy_residual=0 sell_residual=0
S3_MATCH slot=104 active=0 buy_rank=0 sell_rank=0 price=0 quantity=0 settlement=0 buy_residual=0 sell_residual=0
S3_MATCH slot=105 active=0 buy_rank=0 sell_rank=0 price=0 quantity=0 settlement=0 buy_residual=0 sell_residual=0
S3_MATCH slot=106 active=0 buy_rank=0 sell_rank=0 price=0 quantity=0 settlement=0 buy_residual=0 sell_residual=0
S3_MATCH slot=107 active=0 buy_rank=0 sell_rank=0 price=0 quantity=0 settlement=0 buy_residual=0 sell_residual=0
S3_MATCH slot=108 active=0 buy_rank=0 sell_rank=0 price=0 quantity=0 settlement=0 buy_residual=0 sell_residual=0
S3_MATCH slot=109 active=0 buy_rank=0 sell_rank=0 price=0 quantity=0 settlement=0 buy_residual=0 sell_residual=0
S3_MATCH slot=110 active=0 buy_rank=0 sell_rank=0 price=0 quantity=0 settlement=0 buy_residual=0 sell_residual=0
S3_MATCH slot=111 active=0 buy_rank=0 sell_rank=0 price=0 quantity=0 settlement=0 buy_residual=0 sell_residual=0
S3_MATCH slot=112 active=0 buy_rank=0 sell_rank=0 price=0 quantity=0 settlement=0 buy_residual=0 sell_residual=0
S3_MATCH slot=113 active=0 buy_rank=0 sell_rank=0 price=0 quantity=0 settlement=0 buy_residual=0 sell_residual=0
S3_MATCH slot=114 active=0 buy_rank=0 sell_rank=0 price=0 quantity=0 settlement=0 buy_residual=0 sell_residual=0
S3_MATCH slot=115 active=0 buy_rank=0 sell_rank=0 price=0 quantity=0 settlement=0 buy_residual=0 sell_residual=0
S3_MATCH slot=116 active=0 buy_rank=0 sell_rank=0 price=0 quantity=0 settlement=0 buy_residual=0 sell_residual=0
S3_MATCH slot=117 active=0 buy_rank=0 sell_rank=0 price=0 quantity=0 settlement=0 buy_residual=0 sell_residual=0
S3_MATCH slot=118 active=0 buy_rank=0 sell_rank=0 price=0 quantity=0 settlement=0 buy_residual=0 sell_residual=0
S3_MATCH slot=119 active=0 buy_rank=0 sell_rank=0 price=0 quantity=0 settlement=0 buy_residual=0 sell_residual=0
S3_MATCH slot=120 active=0 buy_rank=0 sell_rank=0 price=0 quantity=0 settlement=0 buy_residual=0 sell_residual=0
S3_MATCH slot=121 active=0 buy_rank=0 sell_rank=0 price=0 quantity=0 settlement=0 buy_residual=0 sell_residual=0
S3_MATCH slot=122 active=0 buy_rank=0 sell_rank=0 price=0 quantity=0 settlement=0 buy_residual=0 sell_residual=0
S3_MATCH slot=123 active=0 buy_rank=0 sell_rank=0 price=0 quantity=0 settlement=0 buy_residual=0 sell_residual=0
S3_MATCH slot=124 active=0 buy_rank=0 sell_rank=0 price=0 quantity=0 settlement=0 buy_residual=0 sell_residual=0
S3_MATCH slot=125 active=0 buy_rank=0 sell_rank=0 price=0 quantity=0 settlement=0 buy_residual=0 sell_residual=0
S3_MATCH slot=126 active=0 buy_rank=0 sell_rank=0 price=0 quantity=0 settlement=0 buy_residual=0 sell_residual=0
S3_RESIDUAL side=buy rank=6 quantity=0
S3_RESIDUAL side=buy rank=8 quantity=0
S3_RESIDUAL side=buy rank=2 quantity=0
S3_RESIDUAL side=buy rank=15 quantity=0
S3_RESIDUAL side=buy rank=3 quantity=0
S3_RESIDUAL side=buy rank=11 quantity=0
S3_RESIDUAL side=buy rank=19 quantity=0
S3_RESIDUAL side=buy rank=23 quantity=0
S3_RESIDUAL side=buy rank=5 quantity=0
S3_RESIDUAL side=buy rank=24 quantity=0
S3_RESIDUAL side=buy rank=26 quantity=0
S3_RESIDUAL side=buy rank=18 quantity=0
S3_RESIDUAL side=buy rank=10 quantity=0
S3_RESIDUAL side=buy rank=14 quantity=800107
S3_RESIDUAL side=buy rank=22 quantity=622007
S3_RESIDUAL side=buy rank=16 quantity=505789
S3_RESIDUAL side=buy rank=21 quantity=154670
S3_RESIDUAL side=buy rank=1 quantity=408870
S3_RESIDUAL side=buy rank=20 quantity=561046
S3_RESIDUAL side=buy rank=13 quantity=684491
S3_RESIDUAL side=buy rank=12 quantity=696731
S3_RESIDUAL side=buy rank=4 quantity=127188
S3_RESIDUAL side=buy rank=7 quantity=910151
S3_RESIDUAL side=buy rank=9 quantity=208870
S3_RESIDUAL side=buy rank=0 quantity=924231
S3_RESIDUAL side=buy rank=17 quantity=530645
S3_RESIDUAL side=buy rank=25 quantity=85129
S3_RESIDUAL side=buy rank=27 quantity=0
S3_RESIDUAL side=buy rank=28 quantity=0
S3_RESIDUAL side=buy rank=29 quantity=0
S3_RESIDUAL side=buy rank=30 quantity=0
S3_RESIDUAL side=buy rank=31 quantity=0
S3_RESIDUAL side=buy rank=32 quantity=0
S3_RESIDUAL side=buy rank=33 quantity=0
S3_RESIDUAL side=buy rank=34 quantity=0
S3_RESIDUAL side=buy rank=35 quantity=0
S3_RESIDUAL side=buy rank=36 quantity=0
S3_RESIDUAL side=buy rank=37 quantity=0
S3_RESIDUAL side=buy rank=38 quantity=0
S3_RESIDUAL side=buy rank=39 quantity=0
S3_RESIDUAL side=buy rank=40 quantity=0
S3_RESIDUAL side=buy rank=41 quantity=0
S3_RESIDUAL side=buy rank=42 quantity=0
S3_RESIDUAL side=buy rank=43 quantity=0
S3_RESIDUAL side=buy rank=44 quantity=0
S3_RESIDUAL side=buy rank=45 quantity=0
S3_RESIDUAL side=buy rank=46 quantity=0
S3_RESIDUAL side=buy rank=47 quantity=0
S3_RESIDUAL side=buy rank=48 quantity=0
S3_RESIDUAL side=buy rank=49 quantity=0
S3_RESIDUAL side=buy rank=50 quantity=0
S3_RESIDUAL side=buy rank=51 quantity=0
S3_RESIDUAL side=buy rank=52 quantity=0
S3_RESIDUAL side=buy rank=53 quantity=0
S3_RESIDUAL side=buy rank=54 quantity=0
S3_RESIDUAL side=buy rank=55 quantity=0
S3_RESIDUAL side=buy rank=56 quantity=0
S3_RESIDUAL side=buy rank=57 quantity=0
S3_RESIDUAL side=buy rank=58 quantity=0
S3_RESIDUAL side=buy rank=59 quantity=0
S3_RESIDUAL side=buy rank=60 quantity=0
S3_RESIDUAL side=buy rank=61 quantity=0
S3_RESIDUAL side=buy rank=62 quantity=0
S3_RESIDUAL side=buy rank=63 quantity=0
S3_RESIDUAL side=sell rank=6 quantity=0
S3_RESIDUAL side=sell rank=39 quantity=0
S3_RESIDUAL side=sell rank=28 quantity=0
S3_RESIDUAL side=sell rank=7 quantity=0
S3_RESIDUAL side=sell rank=12 quantity=0
S3_RESIDUAL side=sell rank=54 quantity=175204
S3_RESIDUAL side=sell rank=3 quantity=520561
S3_RESIDUAL side=sell rank=42 quantity=209891
S3_RESIDUAL side=sell rank=26 quantity=955579
S3_RESIDUAL side=sell rank=44 quantity=214462
S3_RESIDUAL side=sell rank=49 quantity=0
S3_RESIDUAL side=sell rank=31 quantity=0
S3_RESIDUAL side=sell rank=29 quantity=0
S3_RESIDUAL side=sell rank=2 quantity=0
S3_RESIDUAL side=sell rank=48 quantity=478639
S3_RESIDUAL side=sell rank=55 quantity=0
S3_RESIDUAL side=sell rank=20 quantity=0
S3_RESIDUAL side=sell rank=33 quantity=0
S3_RESIDUAL side=sell rank=1 quantity=482638
S3_RESIDUAL side=sell rank=8 quantity=471539
S3_RESIDUAL side=sell rank=14 quantity=589924
S3_RESIDUAL side=sell rank=41 quantity=194855
S3_RESIDUAL side=sell rank=11 quantity=942826
S3_RESIDUAL side=sell rank=10 quantity=208286
S3_RESIDUAL side=sell rank=56 quantity=631594
S3_RESIDUAL side=sell rank=38 quantity=646484
S3_RESIDUAL side=sell rank=27 quantity=754811
S3_RESIDUAL side=sell rank=36 quantity=98835
S3_RESIDUAL side=sell rank=16 quantity=129074
S3_RESIDUAL side=sell rank=35 quantity=324343
S3_RESIDUAL side=sell rank=51 quantity=243942
S3_RESIDUAL side=sell rank=30 quantity=548718
S3_RESIDUAL side=sell rank=25 quantity=33370
S3_RESIDUAL side=sell rank=4 quantity=566135
S3_RESIDUAL side=sell rank=24 quantity=490036
S3_RESIDUAL side=sell rank=40 quantity=706391
S3_RESIDUAL side=sell rank=45 quantity=248803
S3_RESIDUAL side=sell rank=57 quantity=581233
S3_RESIDUAL side=sell rank=46 quantity=374785
S3_RESIDUAL side=sell rank=13 quantity=401207
S3_RESIDUAL side=sell rank=53 quantity=125351
S3_RESIDUAL side=sell rank=59 quantity=895354
S3_RESIDUAL side=sell rank=22 quantity=191209
S3_RESIDUAL side=sell rank=43 quantity=79799
S3_RESIDUAL side=sell rank=0 quantity=430637
S3_RESIDUAL side=sell rank=18 quantity=846633
S3_RESIDUAL side=sell rank=17 quantity=213805
S3_RESIDUAL side=sell rank=37 quantity=451860
S3_RESIDUAL side=sell rank=23 quantity=936514
S3_RESIDUAL side=sell rank=9 quantity=595631
S3_RESIDUAL side=sell rank=34 quantity=157055
S3_RESIDUAL side=sell rank=5 quantity=657599
S3_RESIDUAL side=sell rank=32 quantity=557296
S3_RESIDUAL side=sell rank=58 quantity=814818
S3_RESIDUAL side=sell rank=52 quantity=606436
S3_RESIDUAL side=sell rank=19 quantity=415166
S3_RESIDUAL side=sell rank=50 quantity=565823
S3_RESIDUAL side=sell rank=47 quantity=336202
S3_RESIDUAL side=sell rank=21 quantity=649390
S3_RESIDUAL side=sell rank=15 quantity=902682
S3_RESIDUAL side=sell rank=60 quantity=0
S3_RESIDUAL side=sell rank=61 quantity=0
S3_RESIDUAL side=sell rank=62 quantity=0
S3_RESIDUAL side=sell rank=63 quantity=0
The following benchmarks are including preprocessing (offline phase).
Time = 12.1073 seconds 
Data sent = 281.644 MB in ~71793 rounds (party 0 only; use '-v' for more details)
Global data sent = 844.932 MB (all parties)
This program might benefit from some protocol options.
Consider adding the following at the beginning of your code:
	program.use_edabit(True)
