Using statistical security parameter 40
Trying to run 255-bit computation (256-bit representation)
S3_FMATCH_TEST valid=1 commitment=25509817465895467414685521411178115412005966881221003737359301706107288078703 aggregate_quantity=1481888 aggregate_settlement=599225256658
S3_MATCH slot=0 active=1 buy_rank=8 sell_rank=0 price=380271 quantity=86870 settlement=33034141770 buy_residual=191095 sell_residual=0
S3_MATCH slot=1 active=1 buy_rank=8 sell_rank=9 price=510408 quantity=191095 settlement=97536416760 buy_residual=0 sell_residual=437852
S3_MATCH slot=2 active=1 buy_rank=7 sell_rank=9 price=453793 quantity=343580 settlement=155914198940 buy_residual=0 sell_residual=94272
S3_MATCH slot=3 active=1 buy_rank=3 sell_rank=9 price=398843 quantity=53207 settlement=21221239501 buy_residual=0 sell_residual=41065
S3_MATCH slot=4 active=1 buy_rank=12 sell_rank=9 price=587846 quantity=13617 settlement=8004698982 buy_residual=0 sell_residual=27448
S3_MATCH slot=5 active=1 buy_rank=1 sell_rank=9 price=339280 quantity=27448 settlement=9312557440 buy_residual=14161 sell_residual=0
S3_MATCH slot=6 active=1 buy_rank=1 sell_rank=1 price=389773 quantity=14161 settlement=5519575453 buy_residual=0 sell_residual=519495
S3_MATCH slot=7 active=1 buy_rank=9 sell_rank=1 price=670436 quantity=206184 settlement=138233176224 buy_residual=0 sell_residual=313311
S3_MATCH slot=8 active=1 buy_rank=11 sell_rank=5 price=239038 quantity=545726 settlement=130449251588 buy_residual=0 sell_residual=53071
S3_MATCH slot=9 active=0 buy_rank=0 sell_rank=0 price=0 quantity=0 settlement=0 buy_residual=0 sell_residual=0
S3_MATCH slot=10 active=0 buy_rank=0 sell_rank=0 price=0 quantity=0 settlement=0 buy_residual=0 sell_residual=0
S3_MATCH slot=11 active=0 buy_rank=0 sell_rank=0 price=0 quantity=0 settlement=0 buy_residual=0 sell_residual=0
S3_MATCH slot=12 active=0 buy_rank=0 sell_rank=0 price=0 quantity=0 settlement=0 buy_residual=0 sell_residual=0
S3_MATCH slot=13 active=0 buy_rank=0 sell_rank=0 price=0 quantity=0 settlement=0 buy_residual=0 sell_residual=0
S3_MATCH slot=14 active=0 buy_rank=0 sell_rank=0 price=0 quantity=0 settlement=0 buy_residual=0 sell_residual=0
S3_MATCH slot=15 active=0 buy_rank=0 sell_rank=0 price=0 quantity=0 settlement=0 buy_residual=0 sell_residual=0
S3_MATCH slot=16 active=0 buy_rank=0 sell_rank=0 price=0 quantity=0 settlement=0 buy_residual=0 sell_residual=0
S3_MATCH slot=17 active=0 buy_rank=0 sell_rank=0 price=0 quantity=0 settlement=0 buy_residual=0 sell_residual=0
S3_MATCH slot=18 active=0 buy_rank=0 sell_rank=0 price=0 quantity=0 settlement=0 buy_residual=0 sell_residual=0
S3_MATCH slot=19 active=0 buy_rank=0 sell_rank=0 price=0 quantity=0 settlement=0 buy_residual=0 sell_residual=0
S3_MATCH slot=20 active=0 buy_rank=0 sell_rank=0 price=0 quantity=0 settlement=0 buy_residual=0 sell_residual=0
S3_MATCH slot=21 active=0 buy_rank=0 sell_rank=0 price=0 quantity=0 settlement=0 buy_residual=0 sell_residual=0
S3_MATCH slot=22 active=0 buy_rank=0 sell_rank=0 price=0 quantity=0 settlement=0 buy_residual=0 sell_residual=0
S3_MATCH slot=23 active=0 buy_rank=0 sell_rank=0 price=0 quantity=0 settlement=0 buy_residual=0 sell_residual=0
S3_MATCH slot=24 active=0 buy_rank=0 sell_rank=0 price=0 quantity=0 settlement=0 buy_residual=0 sell_residual=0
S3_MATCH slot=25 active=0 buy_rank=0 sell_rank=0 price=0 quantity=0 settlement=0 buy_residual=0 sell_residual=0
S3_MATCH slot=26 active=0 buy_rank=0 sell_rank=0 price=0 quantity=0 settlement=0 buy_residual=0 sell_residual=0
S3_MATCH slot=27 active=0 buy_rank=0 sell_rank=0 price=0 quantity=0 settlement=0 buy_residual=0 sell_residual=0
S3_MATCH slot=28 active=0 buy_rank=0 sell_rank=0 price=0 quantity=0 settlement=0 buy_residual=0 sell_residual=0
S3_MATCH slot=29 active=0 buy_rank=0 sell_rank=0 price=0 quantity=0 settlement=0 buy_residual=0 sell_residual=0
S3_MATCH slot=30 active=0 buy_rank=0 sell_rank=0 price=0 quantity=0 settlement=0 buy_residual=0 sell_residual=0
S3_RESIDUAL side=buy rank=8 quantity=0
S3_RESIDUAL side=buy rank=7 quantity=0
S3_RESIDUAL side=buy rank=3 quantity=0
S3_RESIDUAL side=buy rank=12 quantity=0
S3_RESIDUAL side=buy rank=1 quantity=0
S3_RESIDUAL side=buy rank=9 quantity=0
S3_RESIDUAL side=buy rank=11 quantity=0
S3_RESIDUAL side=buy rank=2 quantity=264476
S3_RESIDUAL side=buy rank=6 quantity=586106
S3_RESIDUAL side=buy rank=4 quantity=766342
S3_RESIDUAL side=buy rank=0 quantity=347620
S3_RESIDUAL side=buy rank=10 quantity=482742
S3_RESIDUAL side=buy rank=5 quantity=777867
S3_RESIDUAL side=buy rank=13 quantity=0
S3_RESIDUAL side=buy rank=14 quantity=0
S3_RESIDUAL side=buy rank=15 quantity=0
S3_RESIDUAL side=sell rank=0 quantity=0
S3_RESIDUAL side=sell rank=9 quantity=0
S3_RESIDUAL side=sell rank=1 quantity=313311
S3_RESIDUAL side=sell rank=8 quantity=56470
S3_RESIDUAL side=sell rank=10 quantity=488057
S3_RESIDUAL side=sell rank=6 quantity=81522
S3_RESIDUAL side=sell rank=5 quantity=53071
S3_RESIDUAL side=sell rank=2 quantity=242775
S3_RESIDUAL side=sell rank=3 quantity=219239
S3_RESIDUAL side=sell rank=7 quantity=637973
S3_RESIDUAL side=sell rank=4 quantity=26520
S3_RESIDUAL side=sell rank=11 quantity=0
S3_RESIDUAL side=sell rank=12 quantity=0
S3_RESIDUAL side=sell rank=13 quantity=0
S3_RESIDUAL side=sell rank=14 quantity=0
S3_RESIDUAL side=sell rank=15 quantity=0
The following benchmarks are including preprocessing (offline phase).
Time = 2.4848 seconds 
Data sent = 56.5948 MB in ~14142 rounds (party 0 only; use '-v' for more details)
Global data sent = 169.464 MB (all parties)
This program might benefit from some protocol options.
Consider adding the following at the beginning of your code:
	program.use_edabit(True)
