Using statistical security parameter 40
Trying to run 255-bit computation (256-bit representation)
S3_FMATCH_TEST valid=1 commitment=-15406568246763033020160985015988506492448243961127862040822434885626768387588 aggregate_quantity=3055133 aggregate_settlement=1744093287105
S3_MATCH slot=0 active=1 buy_rank=13 sell_rank=0 price=541597 quantity=696331 settlement=377130780607 buy_residual=0 sell_residual=70512
S3_MATCH slot=1 active=1 buy_rank=3 sell_rank=0 price=488190 quantity=70512 settlement=34423253280 buy_residual=849568 sell_residual=0
S3_MATCH slot=2 active=1 buy_rank=3 sell_rank=7 price=651358 quantity=7368 settlement=4799205744 buy_residual=842200 sell_residual=0
S3_MATCH slot=3 active=1 buy_rank=3 sell_rank=8 price=398760 quantity=331816 settlement=132314948160 buy_residual=510384 sell_residual=0
S3_MATCH slot=4 active=1 buy_rank=3 sell_rank=9 price=682652 quantity=510384 settlement=348414658368 buy_residual=0 sell_residual=112015
S3_MATCH slot=5 active=1 buy_rank=7 sell_rank=9 price=912705 quantity=84320 settlement=76959285600 buy_residual=0 sell_residual=27695
S3_MATCH slot=6 active=1 buy_rank=5 sell_rank=9 price=622739 quantity=27695 settlement=17246756605 buy_residual=739214 sell_residual=0
S3_MATCH slot=7 active=1 buy_rank=5 sell_rank=5 price=523923 quantity=137216 settlement=71890618368 buy_residual=601998 sell_residual=0
S3_MATCH slot=8 active=1 buy_rank=5 sell_rank=4 price=422347 quantity=601998 settlement=254252049306 buy_residual=0 sell_residual=330368
S3_MATCH slot=9 active=1 buy_rank=0 sell_rank=4 price=726044 quantity=330368 settlement=239861704192 buy_residual=257125 sell_residual=0
S3_MATCH slot=10 active=1 buy_rank=0 sell_rank=1 price=726495 quantity=257125 settlement=186800026875 buy_residual=0 sell_residual=611837
S3_MATCH slot=11 active=0 buy_rank=0 sell_rank=0 price=0 quantity=0 settlement=0 buy_residual=0 sell_residual=0
S3_MATCH slot=12 active=0 buy_rank=0 sell_rank=0 price=0 quantity=0 settlement=0 buy_residual=0 sell_residual=0
S3_MATCH slot=13 active=0 buy_rank=0 sell_rank=0 price=0 quantity=0 settlement=0 buy_residual=0 sell_residual=0
S3_MATCH slot=14 active=0 buy_rank=0 sell_rank=0 price=0 quantity=0 settlement=0 buy_residual=0 sell_residual=0
S3_MATCH slot=15 active=0 buy_rank=0 sell_rank=0 price=0 quantity=0 settlement=0 buy_residual=0 sell_residual=0
S3_MATCH slot=16 active=0 buy_rank=0 sell_rank=0 price=0 quantity=0 settlement=0 buy_residual=0 sell_residual=0
S3_MATCH slot=17 active=0 buy_rank=0 sell_rank=0 price=0 quantity=0 settlement=0 buy_residual=0 sell_residual=0
S3_MATCH slot=18 active=0 buy_rank=0 sell_rank=0 price=0 quantity=0 settlement=0 buy_residual=0 sell_residual=0
S3_MATCH slot=19 active=0 buy_rank=0 sell_rank=0 price=0 quantity=0 settlement=0 buy_residual=0 sell_residual=0
S3_MATCH slot=20 active=0 buy_rank=0 sell_rank=0 price=0 quantity=0 settlement=0 buy_residual=0 sell_residual=0
S3_MATCH slot=21 active=0 buy_rank=0 sell_rank=0 price=0 quantity=0 settlement=0 buy_residual=0 sell_residual=0
S3_MATCH slot=22 active=0 buy_rank=0 sell_rank=0 price=0 quantity=0 settlement=0 buy_residual=0 sell_residual=0
S3_MATCH slot=23 active=0 buy_rank=0 sell_rank=0 price=0 quantity=0 settlement=0 buy_residual=0 sell_residual=0
S3_MATCH slot=24 active=0 buy_rank=0 sell_rank=0 price=0 quantity=0 settlement=0 buy_residual=0 sell_residual=0
S3_MATCH slot=25 active=0 buy_rank=0 sell_rank=0 price=0 quantity=0 settlement=0 buy_residual=0 sell_residual=0
S3_MATCH slot=26 active=0 buy_rank=0 sell_rank=0 price=0 quantity=0 settlement=0 buy_residual=0 sell_residual=0
S3_MATCH slot=27 active=0 buy_rank=0 sell_rank=0 price=0 quantity=0 settlement=0 buy_residual=0 sell_residual=0
S3_MATCH slot=28 active=0 buy_rank=0 sell_rank=0 price=0 quantity=0 settlement=0 buy_residual=0 sell_residual=0
S3_MATCH slot=29 active=0 buy_rank=0 sell_rank=0 price=0 quantity=0 settlement=0 buy_residual=0 sell_residual=0
S3_MATCH slot=30 active=0 buy_rank=0 sell_rank=0 price=0 quantity=0 settlement=0 buy_residual=0 sell_residual=0
S3_RESIDUAL side=buy rank=13 quantity=0
S3_RESIDUAL side=buy rank=3 quantity=0
S3_RESIDUAL side=buy rank=7 quantity=0
S3_RESIDUAL side=buy rank=5 quantity=0
S3_RESIDUAL side=buy rank=0 quantity=0
S3_RESIDUAL side=buy rank=9 quantity=125391
S3_RESIDUAL side=buy rank=12 quantity=776509
S3_RESIDUAL side=buy rank=1 quantity=732361
S3_RESIDUAL side=buy rank=10 quantity=864553
S3_RESIDUAL side=buy rank=2 quantity=152907
S3_RESIDUAL side=buy rank=6 quantity=22480
S3_RESIDUAL side=buy rank=4 quantity=354439
S3_RESIDUAL side=buy rank=11 quantity=29783
S3_RESIDUAL side=buy rank=8 quantity=169914
S3_RESIDUAL side=buy rank=14 quantity=0
S3_RESIDUAL side=buy rank=15 quantity=0
S3_RESIDUAL side=sell rank=0 quantity=0
S3_RESIDUAL side=sell rank=7 quantity=0
S3_RESIDUAL side=sell rank=8 quantity=0
S3_RESIDUAL side=sell rank=9 quantity=0
S3_RESIDUAL side=sell rank=5 quantity=0
S3_RESIDUAL side=sell rank=6 quantity=186456
S3_RESIDUAL side=sell rank=4 quantity=0
S3_RESIDUAL side=sell rank=3 quantity=128602
S3_RESIDUAL side=sell rank=2 quantity=201579
S3_RESIDUAL side=sell rank=1 quantity=611837
S3_RESIDUAL side=sell rank=10 quantity=0
S3_RESIDUAL side=sell rank=11 quantity=0
S3_RESIDUAL side=sell rank=12 quantity=0
S3_RESIDUAL side=sell rank=13 quantity=0
S3_RESIDUAL side=sell rank=14 quantity=0
S3_RESIDUAL side=sell rank=15 quantity=0
The following benchmarks are including preprocessing (offline phase).
Time = 2.58459 seconds 
Data sent = 56.5948 MB in ~14142 rounds (party 0 only; use '-v' for more details)
Global data sent = 169.464 MB (all parties)
This program might benefit from some protocol options.
Consider adding the following at the beginning of your code:
	program.use_edabit(True)
