Using statistical security parameter 40
Trying to run 255-bit computation (256-bit representation)
S3_FMATCH_TEST valid=1 commitment=7896952012498274931090697744527111084198569951140400689036170714476548462576 aggregate_quantity=3383910 aggregate_settlement=1538569665288
S3_MATCH slot=0 active=1 buy_rank=7 sell_rank=1 price=505149 quantity=149596 settlement=75568269804 buy_residual=180754 sell_residual=0
S3_MATCH slot=1 active=1 buy_rank=7 sell_rank=11 price=486671 quantity=180754 settlement=87967729934 buy_residual=0 sell_residual=606711
S3_MATCH slot=2 active=1 buy_rank=8 sell_rank=11 price=560116 quantity=187979 settlement=105290045564 buy_residual=0 sell_residual=418732
S3_MATCH slot=3 active=1 buy_rank=9 sell_rank=11 price=401207 quantity=418732 settlement=167998209524 buy_residual=438029 sell_residual=0
S3_MATCH slot=4 active=1 buy_rank=9 sell_rank=3 price=376240 quantity=438029 settlement=164804030960 buy_residual=0 sell_residual=259022
S3_MATCH slot=5 active=1 buy_rank=2 sell_rank=3 price=345193 quantity=259022 settlement=89412581246 buy_residual=99359 sell_residual=0
S3_MATCH slot=6 active=1 buy_rank=2 sell_rank=0 price=319808 quantity=99359 settlement=31775803072 buy_residual=0 sell_residual=866912
S3_MATCH slot=7 active=1 buy_rank=1 sell_rank=0 price=487442 quantity=866912 settlement=422569319104 buy_residual=85861 sell_residual=0
S3_MATCH slot=8 active=1 buy_rank=1 sell_rank=8 price=779320 quantity=85861 settlement=66913194520 buy_residual=0 sell_residual=878769
S3_MATCH slot=9 active=1 buy_rank=10 sell_rank=8 price=467660 quantity=697666 settlement=326270481560 buy_residual=0 sell_residual=181103
S3_MATCH slot=10 active=0 buy_rank=0 sell_rank=0 price=0 quantity=0 settlement=0 buy_residual=0 sell_residual=0
S3_MATCH slot=11 active=0 buy_rank=0 sell_rank=0 price=0 quantity=0 settlement=0 buy_residual=0 sell_residual=0
S3_MATCH slot=12 active=0 buy_rank=0 sell_rank=0 price=0 quantity=0 settlement=0 buy_residual=0 sell_residual=0
S3_MATCH slot=13 active=0 buy_rank=0 sell_rank=0 price=0 quantity=0 settlement=0 buy_residual=0 sell_residual=0
S3_MATCH slot=14 active=0 buy_rank=0 sell_rank=0 price=0 quantity=0 settlement=0 buy_residual=0 sell_residual=0
S3_MATCH slot=15 active=0 buy_rank=0 sell_rank=0 price=0 quantity=0 settlement=0 buy_residual=0 sell_residual=0
S3_MATCH slot=16 active=0 buy_rank=0 sell_rank=0 price=0 quantity=0 settlement=0 buy_residual=0 sell_residual=0
S3_MATCH slot=17 active=0 buy_rank=0 sell_rank=0 price=0 quantity=0 settlement=0 buy_residual=0 sell_residual=0
S3_MATCH slot=18 active=0 buy_rank=0 sell_rank=0 price=0 quantity=0 settlement=0 buy_residual=0 sell_residual=0
S3_MATCH slot=19 active=0 buy_rank=0 sell_rank=0 price=0 quantity=0 settlement=0 buy_residual=0 sell_residual=0
S3_MATCH slot=20 active=0 buy_rank=0 sell_rank=0 price=0 quantity=0 settlement=0 buy_residual=0 sell_residual=0
S3_MATCH slot=21 active=0 buy_rank=0 sell_rank=0 price=0 quantity=0 settlement=0 buy_residual=0 sell_residual=0
S3_MATCH slot=22 active=0 buy_rank=0 sell_rank=0 price=0 quantity=0 settlement=0 buy_residual=0 sell_residual=0
S3_MATCH slot=23 active=0 buy_rank=0 sell_rank=0 price=0 quantity=0 settlement=0 buy_residual=0 sell_residual=0
S3_MATCH slot=24 active=0 buy_rank=0 sell_rank=0 price=0 quantity=0 settlement=0 buy_residual=0 sell_residual=0
S3_MATCH slot=25 active=0 buy_rank=0 sell_rank=0 price=0 quantity=0 settlement=0 buy_residual=0 sell_residual=0
S3_MATCH slot=26 active=0 buy_rank=0 sell_rank=0 price=0 quantity=0 settlement=0 buy_residual=0 sell_residual=0
S3_MATCH slot=27 active=0 buy_rank=0 sell_rank=0 price=0 quantity=0 settlement=0 buy_residual=0 sell_residual=0
S3_MATCH slot=28 active=0 buy_rank=0 sell_rank=0 price=0 quantity=0 settlement=0 buy_residual=0 sell_residual=0
S3_MATCH slot=29 active=0 buy_rank=0 sell_rank=0 price=0 quantity=0 settlement=0 buy_residual=0 sell_residual=0
S3_MATCH slot=30 active=0 buy_rank=0 sell_rank=0 price=0 quantity=0 settlement=0 buy_residual=0 sell_residual=0
S3_RESIDUAL side=buy rank=7 quantity=0
S3_RESIDUAL side=buy rank=8 quantity=0
S3_RESIDUAL side=buy rank=9 quantity=0
S3_RESIDUAL side=buy rank=2 quantity=0
S3_RESIDUAL side=buy rank=1 quantity=0
S3_RESIDUAL side=buy rank=10 quantity=0
S3_RESIDUAL side=buy rank=3 quantity=178984
S3_RESIDUAL side=buy rank=4 quantity=173018
S3_RESIDUAL side=buy rank=6 quantity=27190
S3_RESIDUAL side=buy rank=5 quantity=768521
S3_RESIDUAL side=buy rank=0 quantity=277717
S3_RESIDUAL side=buy rank=11 quantity=0
S3_RESIDUAL side=buy rank=12 quantity=0
S3_RESIDUAL side=buy rank=13 quantity=0
S3_RESIDUAL side=buy rank=14 quantity=0
S3_RESIDUAL side=buy rank=15 quantity=0
S3_RESIDUAL side=sell rank=1 quantity=0
S3_RESIDUAL side=sell rank=11 quantity=0
S3_RESIDUAL side=sell rank=3 quantity=0
S3_RESIDUAL side=sell rank=0 quantity=0
S3_RESIDUAL side=sell rank=8 quantity=181103
S3_RESIDUAL side=sell rank=5 quantity=803466
S3_RESIDUAL side=sell rank=4 quantity=900132
S3_RESIDUAL side=sell rank=14 quantity=586015
S3_RESIDUAL side=sell rank=13 quantity=86396
S3_RESIDUAL side=sell rank=7 quantity=939557
S3_RESIDUAL side=sell rank=10 quantity=273498
S3_RESIDUAL side=sell rank=6 quantity=516211
S3_RESIDUAL side=sell rank=2 quantity=995617
S3_RESIDUAL side=sell rank=12 quantity=759296
S3_RESIDUAL side=sell rank=9 quantity=778983
S3_RESIDUAL side=sell rank=15 quantity=0
The following benchmarks are including preprocessing (offline phase).
Time = 3.01398 seconds 
Data sent = 56.5948 MB in ~14142 rounds (party 0 only; use '-v' for more details)
Global data sent = 169.464 MB (all parties)
This program might benefit from some protocol options.
Consider adding the following at the beginning of your code:
	program.use_edabit(True)
