Using statistical security parameter 40
Trying to run 255-bit computation (256-bit representation)
S3_FMATCH_TEST valid=1 commitment=-25537711273136630821124516500597783340335200870381338028402034941683504319220 aggregate_quantity=3505320 aggregate_settlement=2460605792808
S3_MATCH slot=0 active=1 buy_rank=9 sell_rank=9 price=754056 quantity=266584 settlement=201019264704 buy_residual=0 sell_residual=563591
S3_MATCH slot=1 active=1 buy_rank=5 sell_rank=9 price=803307 quantity=39558 settlement=31777218306 buy_residual=0 sell_residual=524033
S3_MATCH slot=2 active=1 buy_rank=6 sell_rank=9 price=791257 quantity=524033 settlement=414644779481 buy_residual=428310 sell_residual=0
S3_MATCH slot=3 active=1 buy_rank=6 sell_rank=3 price=803629 quantity=428310 settlement=344202336990 buy_residual=0 sell_residual=169752
S3_MATCH slot=4 active=1 buy_rank=0 sell_rank=3 price=888734 quantity=169752 settlement=150864373968 buy_residual=179592 sell_residual=0
S3_MATCH slot=5 active=1 buy_rank=0 sell_rank=4 price=860828 quantity=179592 settlement=154597822176 buy_residual=0 sell_residual=390496
S3_MATCH slot=6 active=1 buy_rank=8 sell_rank=4 price=1085454 quantity=390496 settlement=423865445184 buy_residual=367596 sell_residual=0
S3_MATCH slot=7 active=1 buy_rank=8 sell_rank=7 price=453280 quantity=367596 settlement=166623914880 buy_residual=0 sell_residual=395841
S3_MATCH slot=8 active=1 buy_rank=3 sell_rank=7 price=84899 quantity=115431 settlement=9799976469 buy_residual=0 sell_residual=280410
S3_MATCH slot=9 active=1 buy_rank=10 sell_rank=7 price=412251 quantity=42857 settlement=17667841107 buy_residual=0 sell_residual=237553
S3_MATCH slot=10 active=1 buy_rank=7 sell_rank=7 price=344120 quantity=237553 settlement=81746738360 buy_residual=743558 sell_residual=0
S3_MATCH slot=11 active=1 buy_rank=7 sell_rank=0 price=460850 quantity=325605 settlement=150055064250 buy_residual=417953 sell_residual=0
S3_MATCH slot=12 active=1 buy_rank=7 sell_rank=5 price=750661 quantity=417953 settlement=313741016933 buy_residual=0 sell_residual=274207
S3_MATCH slot=13 active=0 buy_rank=0 sell_rank=0 price=0 quantity=0 settlement=0 buy_residual=0 sell_residual=0
S3_MATCH slot=14 active=0 buy_rank=0 sell_rank=0 price=0 quantity=0 settlement=0 buy_residual=0 sell_residual=0
S3_MATCH slot=15 active=0 buy_rank=0 sell_rank=0 price=0 quantity=0 settlement=0 buy_residual=0 sell_residual=0
S3_MATCH slot=16 active=0 buy_rank=0 sell_rank=0 price=0 quantity=0 settlement=0 buy_residual=0 sell_residual=0
S3_MATCH slot=17 active=0 buy_rank=0 sell_rank=0 price=0 quantity=0 settlement=0 buy_residual=0 sell_residual=0
S3_MATCH slot=18 active=0 buy_rank=0 sell_rank=0 price=0 quantity=0 settlement=0 buy_residual=0 sell_residual=0
S3_MATCH slot=19 active=0 buy_rank=0 sell_rank=0 price=0 quantity=0 settlement=0 buy_residual=0 sell_residual=0
S3_MATCH slot=20 active=0 buy_rank=0 sell_rank=0 price=0 quantity=0 settlement=0 buy_residual=0 sell_residual=0
S3_MATCH slot=21 active=0 buy_rank=0 sell_rank=0 price=0 quantity=0 settlement=0 buy_residual=0 sell_residual=0
S3_MATCH slot=22 active=0 buy_rank=0 sell_rank=0 price=0 quantity=0 settlement=0 buy_residual=0 sell_residual=0
S3_MATCH slot=23 active=0 buy_rank=0 sell_rank=0 price=0 quantity=0 settlement=0 buy_residual=0 sell_residual=0
S3_MATCH slot=24 active=0 buy_rank=0 sell_rank=0 price=0 quantity=0 settlement=0 buy_residual=0 sell_residual=0
S3_MATCH slot=25 active=0 buy_rank=0 sell_rank=0 price=0 quantity=0 settlement=0 buy_residual=0 sell_residual=0
S3_MATCH slot=26 active=0 buy_rank=0 sell_rank=0 price=0 quantity=0 settlement=0 buy_residual=0 sell_residual=0
S3_MATCH slot=27 active=0 buy_rank=0 sell_rank=0 price=0 quantity=0 settlement=0 buy_residual=0 sell_residual=0
S3_MATCH slot=28 active=0 buy_rank=0 sell_rank=0 price=0 quantity=0 settlement=0 buy_residual=0 sell_residual=0
S3_MATCH slot=29 active=0 buy_rank=0 sell_rank=0 price=0 quantity=0 settlement=0 buy_residual=0 sell_residual=0
S3_MATCH slot=30 active=0 buy_rank=0 sell_rank=0 price=0 quantity=0 settlement=0 buy_residual=0 sell_residual=0
S3_RESIDUAL side=buy rank=9 quantity=0
S3_RESIDUAL side=buy rank=5 quantity=0
S3_RESIDUAL side=buy rank=6 quantity=0
S3_RESIDUAL side=buy rank=0 quantity=0
S3_RESIDUAL side=buy rank=8 quantity=0
S3_RESIDUAL side=buy rank=3 quantity=0
S3_RESIDUAL side=buy rank=10 quantity=0
S3_RESIDUAL side=buy rank=7 quantity=0
S3_RESIDUAL side=buy rank=1 quantity=172347
S3_RESIDUAL side=buy rank=4 quantity=746722
S3_RESIDUAL side=buy rank=2 quantity=218073
S3_RESIDUAL side=buy rank=11 quantity=0
S3_RESIDUAL side=buy rank=12 quantity=0
S3_RESIDUAL side=buy rank=13 quantity=0
S3_RESIDUAL side=buy rank=14 quantity=0
S3_RESIDUAL side=buy rank=15 quantity=0
S3_RESIDUAL side=sell rank=9 quantity=0
S3_RESIDUAL side=sell rank=3 quantity=0
S3_RESIDUAL side=sell rank=4 quantity=0
S3_RESIDUAL side=sell rank=7 quantity=0
S3_RESIDUAL side=sell rank=0 quantity=0
S3_RESIDUAL side=sell rank=5 quantity=274207
S3_RESIDUAL side=sell rank=11 quantity=483984
S3_RESIDUAL side=sell rank=1 quantity=383299
S3_RESIDUAL side=sell rank=10 quantity=322513
S3_RESIDUAL side=sell rank=2 quantity=320745
S3_RESIDUAL side=sell rank=6 quantity=353127
S3_RESIDUAL side=sell rank=8 quantity=503188
S3_RESIDUAL side=sell rank=12 quantity=0
S3_RESIDUAL side=sell rank=13 quantity=0
S3_RESIDUAL side=sell rank=14 quantity=0
S3_RESIDUAL side=sell rank=15 quantity=0
The following benchmarks are including preprocessing (offline phase).
Time = 2.81834 seconds 
Data sent = 56.5948 MB in ~14142 rounds (party 0 only; use '-v' for more details)
Global data sent = 169.464 MB (all parties)
This program might benefit from some protocol options.
Consider adding the following at the beginning of your code:
	program.use_edabit(True)
