Using statistical security parameter 40
Trying to run 255-bit computation (256-bit representation)
S3_FMATCH_TEST valid=1 commitment=8425969852240708016528694926118311043426648290017087701805468524496275503514 aggregate_quantity=4568866 aggregate_settlement=2276909711085
S3_MATCH slot=0 active=1 buy_rank=7 sell_rank=10 price=748061 quantity=109532 settlement=81936617452 buy_residual=0 sell_residual=447485
S3_MATCH slot=1 active=1 buy_rank=2 sell_rank=10 price=505237 quantity=447485 settlement=226085978945 buy_residual=202889 sell_residual=0
S3_MATCH slot=2 active=1 buy_rank=2 sell_rank=0 price=477207 quantity=162153 settlement=77380546671 buy_residual=40736 sell_residual=0
S3_MATCH slot=3 active=1 buy_rank=2 sell_rank=5 price=276342 quantity=40736 settlement=11257067712 buy_residual=0 sell_residual=313100
S3_MATCH slot=4 active=1 buy_rank=3 sell_rank=5 price=182987 quantity=12584 settlement=2302708408 buy_residual=0 sell_residual=300516
S3_MATCH slot=5 active=1 buy_rank=11 sell_rank=5 price=269900 quantity=143562 settlement=38747383800 buy_residual=0 sell_residual=156954
S3_MATCH slot=6 active=1 buy_rank=1 sell_rank=5 price=510522 quantity=156954 settlement=80128469988 buy_residual=568931 sell_residual=0
S3_MATCH slot=7 active=1 buy_rank=1 sell_rank=4 price=986645 quantity=476214 settlement=469854162030 buy_residual=92717 sell_residual=0
S3_MATCH slot=8 active=1 buy_rank=1 sell_rank=15 price=585029 quantity=92717 settlement=54242133793 buy_residual=0 sell_residual=669593
S3_MATCH slot=9 active=1 buy_rank=12 sell_rank=15 price=793854 quantity=228143 settlement=181112233122 buy_residual=0 sell_residual=441450
S3_MATCH slot=10 active=1 buy_rank=8 sell_rank=15 price=528948 quantity=285778 settlement=151161701544 buy_residual=0 sell_residual=155672
S3_MATCH slot=11 active=1 buy_rank=10 sell_rank=15 price=388891 quantity=155672 settlement=60539439752 buy_residual=519798 sell_residual=0
S3_MATCH slot=12 active=1 buy_rank=10 sell_rank=11 price=291398 quantity=493548 settlement=143818900104 buy_residual=26250 sell_residual=0
S3_MATCH slot=13 active=1 buy_rank=10 sell_rank=14 price=386906 quantity=26250 settlement=10156282500 buy_residual=0 sell_residual=484227
S3_MATCH slot=14 active=1 buy_rank=5 sell_rank=14 price=472183 quantity=484227 settlement=228643757541 buy_residual=132000 sell_residual=0
S3_MATCH slot=15 active=1 buy_rank=5 sell_rank=13 price=489729 quantity=132000 settlement=64644228000 buy_residual=0 sell_residual=591382
S3_MATCH slot=16 active=1 buy_rank=9 sell_rank=13 price=406715 quantity=591382 settlement=240523930130 buy_residual=398327 sell_residual=0
S3_MATCH slot=17 active=1 buy_rank=9 sell_rank=7 price=275012 quantity=398327 settlement=109544704924 buy_residual=0 sell_residual=14057
S3_MATCH slot=18 active=1 buy_rank=6 sell_rank=7 price=347637 quantity=14057 settlement=4886733309 buy_residual=117545 sell_residual=0
S3_MATCH slot=19 active=1 buy_rank=6 sell_rank=8 price=339808 quantity=117545 settlement=39942731360 buy_residual=0 sell_residual=94946
S3_MATCH slot=20 active=0 buy_rank=0 sell_rank=0 price=0 quantity=0 settlement=0 buy_residual=0 sell_residual=0
S3_MATCH slot=21 active=0 buy_rank=0 sell_rank=0 price=0 quantity=0 settlement=0 buy_residual=0 sell_residual=0
S3_MATCH slot=22 active=0 buy_rank=0 sell_rank=0 price=0 quantity=0 settlement=0 buy_residual=0 sell_residual=0
S3_MATCH slot=23 active=0 buy_rank=0 sell_rank=0 price=0 quantity=0 settlement=0 buy_residual=0 sell_residual=0
S3_MATCH slot=24 active=0 buy_rank=0 sell_rank=0 price=0 quantity=0 settlement=0 buy_residual=0 sell_residual=0
S3_MATCH slot=25 active=0 buy_rank=0 sell_rank=0 price=0 quantity=0 settlement=0 buy_residual=0 sell_residual=0
S3_MATCH slot=26 active=0 buy_rank=0 sell_rank=0 price=0 quantity=0 settlement=0 buy_residual=0 sell_residual=0
S3_MATCH slot=27 active=0 buy_rank=0 sell_rank=0 price=0 quantity=0 settlement=0 buy_residual=0 sell_residual=0
S3_MATCH slot=28 active=0 buy_rank=0 sell_rank=0 price=0 quantity=0 settlement=0 buy_residual=0 sell_residual=0
S3_MATCH slot=29 active=0 buy_rank=0 sell_rank=0 price=0 quantity=0 settlement=0 buy_residual=0 sell_residual=0
S3_MATCH slot=30 active=0 buy_rank=0 sell_rank=0 price=0 quantity=0 settlement=0 buy_residual=0 sell_residual=0
S3_RESIDUAL side=buy rank=7 quantity=0
S3_RESIDUAL side=buy rank=2 quantity=0
S3_RESIDUAL side=buy rank=3 quantity=0
S3_RESIDUAL side=buy rank=11 quantity=0
S3_RESIDUAL side=buy rank=1 quantity=0
S3_RESIDUAL side=buy rank=12 quantity=0
S3_RESIDUAL side=buy rank=8 quantity=0
S3_RESIDUAL side=buy rank=10 quantity=0
S3_RESIDUAL side=buy rank=5 quantity=0
S3_RESIDUAL side=buy rank=9 quantity=0
S3_RESIDUAL side=buy rank=6 quantity=0
S3_RESIDUAL side=buy rank=4 quantity=468375
S3_RESIDUAL side=buy rank=0 quantity=49513
S3_RESIDUAL side=buy rank=13 quantity=0
S3_RESIDUAL side=buy rank=14 quantity=0
S3_RESIDUAL side=buy rank=15 quantity=0
S3_RESIDUAL side=sell rank=10 quantity=0
S3_RESIDUAL side=sell rank=0 quantity=0
S3_RESIDUAL side=sell rank=5 quantity=0
S3_RESIDUAL side=sell rank=4 quantity=0
S3_RESIDUAL side=sell rank=15 quantity=0
S3_RESIDUAL side=sell rank=9 quantity=979725
S3_RESIDUAL side=sell rank=2 quantity=711079
S3_RESIDUAL side=sell rank=1 quantity=370314
S3_RESIDUAL side=sell rank=11 quantity=0
S3_RESIDUAL side=sell rank=14 quantity=0
S3_RESIDUAL side=sell rank=13 quantity=0
S3_RESIDUAL side=sell rank=7 quantity=0
S3_RESIDUAL side=sell rank=8 quantity=94946
S3_RESIDUAL side=sell rank=3 quantity=737301
S3_RESIDUAL side=sell rank=6 quantity=296849
S3_RESIDUAL side=sell rank=12 quantity=644301
The following benchmarks are including preprocessing (offline phase).
Time = 2.62023 seconds 
Data sent = 56.5948 MB in ~14142 rounds (party 0 only; use '-v' for more details)
Global data sent = 169.464 MB (all parties)
This program might benefit from some protocol options.
Consider adding the following at the beginning of your code:
	program.use_edabit(True)
