Using statistical security parameter 40
Trying to run 255-bit computation (256-bit representation)
S3_FMATCH_TEST valid=1 commitment=-12940730451015544972235779132147558788513724523032087601236762327680209123686 aggregate_quantity=801410 aggregate_settlement=386447543054
S3_MATCH slot=0 active=1 buy_rank=0 sell_rank=2 price=437922 quantity=857 settlement=375299154 buy_residual=0 sell_residual=574090
S3_MATCH slot=1 active=1 buy_rank=2 sell_rank=2 price=436641 quantity=574090 settlement=250671231690 buy_residual=145931 sell_residual=0
S3_MATCH slot=2 active=1 buy_rank=2 sell_rank=10 price=469276 quantity=4378 settlement=2054490328 buy_residual=141553 sell_residual=0
S3_MATCH slot=3 active=1 buy_rank=2 sell_rank=14 price=708654 quantity=141553 settlement=100312099662 buy_residual=0 sell_residual=791679
S3_MATCH slot=4 active=1 buy_rank=7 sell_rank=11 price=442946 quantity=48053 settlement=21284884138 buy_residual=0 sell_residual=436231
S3_MATCH slot=5 active=1 buy_rank=8 sell_rank=11 price=361758 quantity=32479 settlement=11749538082 buy_residual=0 sell_residual=403752
S3_MATCH slot=6 active=0 buy_rank=0 sell_rank=0 price=0 quantity=0 settlement=0 buy_residual=0 sell_residual=0
S3_MATCH slot=7 active=0 buy_rank=0 sell_rank=0 price=0 quantity=0 settlement=0 buy_residual=0 sell_residual=0
S3_MATCH slot=8 active=0 buy_rank=0 sell_rank=0 price=0 quantity=0 settlement=0 buy_residual=0 sell_residual=0
S3_MATCH slot=9 active=0 buy_rank=0 sell_rank=0 price=0 quantity=0 settlement=0 buy_residual=0 sell_residual=0
S3_MATCH slot=10 active=0 buy_rank=0 sell_rank=0 price=0 quantity=0 settlement=0 buy_residual=0 sell_residual=0
S3_MATCH slot=11 active=0 buy_rank=0 sell_rank=0 price=0 quantity=0 settlement=0 buy_residual=0 sell_residual=0
S3_MATCH slot=12 active=0 buy_rank=0 sell_rank=0 price=0 quantity=0 settlement=0 buy_residual=0 sell_residual=0
S3_MATCH slot=13 active=0 buy_rank=0 sell_rank=0 price=0 quantity=0 settlement=0 buy_residual=0 sell_residual=0
S3_MATCH slot=14 active=0 buy_rank=0 sell_rank=0 price=0 quantity=0 settlement=0 buy_residual=0 sell_residual=0
S3_MATCH slot=15 active=0 buy_rank=0 sell_rank=0 price=0 quantity=0 settlement=0 buy_residual=0 sell_residual=0
S3_MATCH slot=16 active=0 buy_rank=0 sell_rank=0 price=0 quantity=0 settlement=0 buy_residual=0 sell_residual=0
S3_MATCH slot=17 active=0 buy_rank=0 sell_rank=0 price=0 quantity=0 settlement=0 buy_residual=0 sell_residual=0
S3_MATCH slot=18 active=0 buy_rank=0 sell_rank=0 price=0 quantity=0 settlement=0 buy_residual=0 sell_residual=0
S3_MATCH slot=19 active=0 buy_rank=0 sell_rank=0 price=0 quantity=0 settlement=0 buy_residual=0 sell_residual=0
S3_MATCH slot=20 active=0 buy_rank=0 sell_rank=0 price=0 quantity=0 settlement=0 buy_residual=0 sell_residual=0
S3_MATCH slot=21 active=0 buy_rank=0 sell_rank=0 price=0 quantity=0 settlement=0 buy_residual=0 sell_residual=0
S3_MATCH slot=22 active=0 buy_rank=0 sell_rank=0 price=0 quantity=0 settlement=0 buy_residual=0 sell_residual=0
S3_MATCH slot=23 active=0 buy_rank=0 sell_rank=0 price=0 quantity=0 settlement=0 buy_residual=0 sell_residual=0
S3_MATCH slot=24 active=0 buy_rank=0 sell_rank=0 price=0 quantity=0 settlement=0 buy_residual=0 sell_residual=0
S3_MATCH slot=25 active=0 buy_rank=0 sell_rank=0 price=0 quantity=0 settlement=0 buy_residual=0 sell_residual=0
S3_MATCH slot=26 active=0 buy_rank=0 sell_rank=0 price=0 quantity=0 settlement=0 buy_residual=0 sell_residual=0
S3_MATCH slot=27 active=0 buy_rank=0 sell_rank=0 price=0 quantity=0 settlement=0 buy_residual=0 sell_residual=0
S3_MATCH slot=28 active=0 buy_rank=0 sell_rank=0 price=0 quantity=0 settlement=0 buy_residual=0 sell_residual=0
S3_MATCH slot=29 active=0 buy_rank=0 sell_rank=0 price=0 quantity=0 settlement=0 buy_residual=0 sell_residual=0
S3_MATCH slot=30 active=0 buy_rank=0 sell_rank=0 price=0 quantity=0 settlement=0 buy_residual=0 sell_residual=0
S3_RESIDUAL side=buy rank=0 quantity=0
S3_RESIDUAL side=buy rank=2 quantity=0
S3_RESIDUAL side=buy rank=7 quantity=0
S3_RESIDUAL side=buy rank=8 quantity=0
S3_RESIDUAL side=buy rank=4 quantity=833248
S3_RESIDUAL side=buy rank=5 quantity=409797
S3_RESIDUAL side=buy rank=3 quantity=27303
S3_RESIDUAL side=buy rank=1 quantity=523359
S3_RESIDUAL side=buy rank=9 quantity=295138
S3_RESIDUAL side=buy rank=6 quantity=422954
S3_RESIDUAL side=buy rank=11 quantity=631169
S3_RESIDUAL side=buy rank=10 quantity=760365
S3_RESIDUAL side=buy rank=12 quantity=0
S3_RESIDUAL side=buy rank=13 quantity=0
S3_RESIDUAL side=buy rank=14 quantity=0
S3_RESIDUAL side=buy rank=15 quantity=0
S3_RESIDUAL side=sell rank=2 quantity=0
S3_RESIDUAL side=sell rank=10 quantity=0
S3_RESIDUAL side=sell rank=14 quantity=791679
S3_RESIDUAL side=sell rank=11 quantity=403752
S3_RESIDUAL side=sell rank=7 quantity=792884
S3_RESIDUAL side=sell rank=12 quantity=57070
S3_RESIDUAL side=sell rank=15 quantity=870413
S3_RESIDUAL side=sell rank=6 quantity=355012
S3_RESIDUAL side=sell rank=13 quantity=373985
S3_RESIDUAL side=sell rank=8 quantity=128538
S3_RESIDUAL side=sell rank=5 quantity=388190
S3_RESIDUAL side=sell rank=9 quantity=379758
S3_RESIDUAL side=sell rank=3 quantity=417137
S3_RESIDUAL side=sell rank=0 quantity=971714
S3_RESIDUAL side=sell rank=4 quantity=873815
S3_RESIDUAL side=sell rank=1 quantity=66447
The following benchmarks are including preprocessing (offline phase).
Time = 2.47284 seconds 
Data sent = 56.5948 MB in ~14142 rounds (party 0 only; use '-v' for more details)
Global data sent = 169.464 MB (all parties)
This program might benefit from some protocol options.
Consider adding the following at the beginning of your code:
	program.use_edabit(True)
