Using statistical security parameter 40
Trying to run 255-bit computation (256-bit representation)
S3_FMATCH_TEST valid=1 commitment=-18811207036253672208217357484543445424918891972632427311076068200580341247230 aggregate_quantity=2843990 aggregate_settlement=1832948594683
S3_MATCH slot=0 active=1 buy_rank=8 sell_rank=6 price=605841 quantity=471644 settlement=285741272604 buy_residual=0 sell_residual=418078
S3_MATCH slot=1 active=1 buy_rank=2 sell_rank=6 price=771652 quantity=418078 settlement=322610724856 buy_residual=47191 sell_residual=0
S3_MATCH slot=2 active=1 buy_rank=2 sell_rank=8 price=821470 quantity=47191 settlement=38765990770 buy_residual=0 sell_residual=239366
S3_MATCH slot=3 active=1 buy_rank=13 sell_rank=8 price=904892 quantity=239366 settlement=216600378472 buy_residual=397970 sell_residual=0
S3_MATCH slot=4 active=1 buy_rank=13 sell_rank=4 price=817507 quantity=346462 settlement=283235110234 buy_residual=51508 sell_residual=0
S3_MATCH slot=5 active=1 buy_rank=13 sell_rank=0 price=836845 quantity=51508 settlement=43104212260 buy_residual=0 sell_residual=456858
S3_MATCH slot=6 active=1 buy_rank=5 sell_rank=0 price=709228 quantity=456858 settlement=324016485624 buy_residual=509107 sell_residual=0
S3_MATCH slot=7 active=1 buy_rank=5 sell_rank=7 price=361770 quantity=509107 settlement=184179639390 buy_residual=0 sell_residual=168917
S3_MATCH slot=8 active=1 buy_rank=0 sell_rank=7 price=354793 quantity=168917 settlement=59930569181 buy_residual=234689 sell_residual=0
S3_MATCH slot=9 active=1 buy_rank=0 sell_rank=2 price=554388 quantity=134859 settlement=74764211292 buy_residual=99830 sell_residual=0
S3_MATCH slot=10 active=0 buy_rank=0 sell_rank=0 price=0 quantity=0 settlement=0 buy_residual=0 sell_residual=0
S3_MATCH slot=11 active=0 buy_rank=0 sell_rank=0 price=0 quantity=0 settlement=0 buy_residual=0 sell_residual=0
S3_MATCH slot=12 active=0 buy_rank=0 sell_rank=0 price=0 quantity=0 settlement=0 buy_residual=0 sell_residual=0
S3_MATCH slot=13 active=0 buy_rank=0 sell_rank=0 price=0 quantity=0 settlement=0 buy_residual=0 sell_residual=0
S3_MATCH slot=14 active=0 buy_rank=0 sell_rank=0 price=0 quantity=0 settlement=0 buy_residual=0 sell_residual=0
S3_MATCH slot=15 active=0 buy_rank=0 sell_rank=0 price=0 quantity=0 settlement=0 buy_residual=0 sell_residual=0
S3_MATCH slot=16 active=0 buy_rank=0 sell_rank=0 price=0 quantity=0 settlement=0 buy_residual=0 sell_residual=0
S3_MATCH slot=17 active=0 buy_rank=0 sell_rank=0 price=0 quantity=0 settlement=0 buy_residual=0 sell_residual=0
S3_MATCH slot=18 active=0 buy_rank=0 sell_rank=0 price=0 quantity=0 settlement=0 buy_residual=0 sell_residual=0
S3_MATCH slot=19 active=0 buy_rank=0 sell_rank=0 price=0 quantity=0 settlement=0 buy_residual=0 sell_residual=0
S3_MATCH slot=20 active=0 buy_rank=0 sell_rank=0 price=0 quantity=0 settlement=0 buy_residual=0 sell_residual=0
S3_MATCH slot=21 active=0 buy_rank=0 sell_rank=0 price=0 quantity=0 settlement=0 buy_residual=0 sell_residual=0
S3_MATCH slot=22 active=0 buy_rank=0 sell_rank=0 price=0 quantity=0 settlement=0 buy_residual=0 sell_residual=0
S3_MATCH slot=23 active=0 buy_rank=0 sell_rank=0 price=0 quantity=0 settlement=0 buy_residual=0 sell_residual=0
S3_MATCH slot=24 active=0 buy_rank=0 sell_rank=0 price=0 quantity=0 settlement=0 buy_residual=0 sell_residual=0
S3_MATCH slot=25 active=0 buy_rank=0 sell_rank=0 price=0 quantity=0 settlement=0 buy_residual=0 sell_residual=0
S3_MATCH slot=26 active=0 buy_rank=0 sell_rank=0 price=0 quantity=0 settlement=0 buy_residual=0 sell_residual=0
S3_MATCH slot=27 active=0 buy_rank=0 sell_rank=0 price=0 quantity=0 settlement=0 buy_residual=0 sell_residual=0
S3_MATCH slot=28 active=0 buy_rank=0 sell_rank=0 price=0 quantity=0 settlement=0 buy_residual=0 sell_residual=0
S3_MATCH slot=29 active=0 buy_rank=0 sell_rank=0 price=0 quantity=0 settlement=0 buy_residual=0 sell_residual=0
S3_MATCH slot=30 active=0 buy_rank=0 sell_rank=0 price=0 quantity=0 settlement=0 buy_residual=0 sell_residual=0
S3_RESIDUAL side=buy rank=8 quantity=0
S3_RESIDUAL side=buy rank=2 quantity=0
S3_RESIDUAL side=buy rank=13 quantity=0
S3_RESIDUAL side=buy rank=5 quantity=0
S3_RESIDUAL side=buy rank=0 quantity=99830
S3_RESIDUAL side=buy rank=11 quantity=290892
S3_RESIDUAL side=buy rank=6 quantity=542983
S3_RESIDUAL side=buy rank=4 quantity=246955
S3_RESIDUAL side=buy rank=7 quantity=437359
S3_RESIDUAL side=buy rank=10 quantity=577383
S3_RESIDUAL side=buy rank=3 quantity=606598
S3_RESIDUAL side=buy rank=12 quantity=161478
S3_RESIDUAL side=buy rank=1 quantity=820345
S3_RESIDUAL side=buy rank=9 quantity=123282
S3_RESIDUAL side=buy rank=14 quantity=0
S3_RESIDUAL side=buy rank=15 quantity=0
S3_RESIDUAL side=sell rank=6 quantity=0
S3_RESIDUAL side=sell rank=8 quantity=0
S3_RESIDUAL side=sell rank=4 quantity=0
S3_RESIDUAL side=sell rank=0 quantity=0
S3_RESIDUAL side=sell rank=1 quantity=313687
S3_RESIDUAL side=sell rank=7 quantity=0
S3_RESIDUAL side=sell rank=2 quantity=0
S3_RESIDUAL side=sell rank=5 quantity=745215
S3_RESIDUAL side=sell rank=3 quantity=227284
S3_RESIDUAL side=sell rank=9 quantity=0
S3_RESIDUAL side=sell rank=10 quantity=0
S3_RESIDUAL side=sell rank=11 quantity=0
S3_RESIDUAL side=sell rank=12 quantity=0
S3_RESIDUAL side=sell rank=13 quantity=0
S3_RESIDUAL side=sell rank=14 quantity=0
S3_RESIDUAL side=sell rank=15 quantity=0
The following benchmarks are including preprocessing (offline phase).
Time = 2.51757 seconds 
Data sent = 56.5948 MB in ~14142 rounds (party 0 only; use '-v' for more details)
Global data sent = 169.464 MB (all parties)
This program might benefit from some protocol options.
Consider adding the following at the beginning of your code:
	program.use_edabit(True)
