Using statistical security parameter 40
Trying to run 255-bit computation (256-bit representation)
S3_FMATCH_TEST valid=1 commitment=-14448978946727887118789360933007528317511528031943266495162139622570274459313 aggregate_quantity=5376648 aggregate_settlement=2136529178104
S3_MATCH slot=0 active=1 buy_rank=1 sell_rank=5 price=550139 quantity=537532 settlement=295717316948 buy_residual=163822 sell_residual=0
S3_MATCH slot=1 active=1 buy_rank=1 sell_rank=8 price=438349 quantity=163822 settlement=71811209878 buy_residual=0 sell_residual=350105
S3_MATCH slot=2 active=1 buy_rank=8 sell_rank=8 price=318935 quantity=350105 settlement=111660738175 buy_residual=299721 sell_residual=0
S3_MATCH slot=3 active=1 buy_rank=8 sell_rank=10 price=341345 quantity=299721 settlement=102308264745 buy_residual=0 sell_residual=641515
S3_MATCH slot=4 active=1 buy_rank=12 sell_rank=10 price=258980 quantity=456700 settlement=118276166000 buy_residual=0 sell_residual=184815
S3_MATCH slot=5 active=1 buy_rank=14 sell_rank=10 price=247967 quantity=184815 settlement=45828021105 buy_residual=521954 sell_residual=0
S3_MATCH slot=6 active=1 buy_rank=14 sell_rank=3 price=272804 quantity=521954 settlement=142391139016 buy_residual=0 sell_residual=135380
S3_MATCH slot=7 active=1 buy_rank=15 sell_rank=3 price=254241 quantity=135380 settlement=34419146580 buy_residual=386513 sell_residual=0
S3_MATCH slot=8 active=1 buy_rank=15 sell_rank=4 price=248472 quantity=386513 settlement=96037658136 buy_residual=0 sell_residual=385222
S3_MATCH slot=9 active=1 buy_rank=9 sell_rank=4 price=542932 quantity=184942 settlement=100410929944 buy_residual=0 sell_residual=200280
S3_MATCH slot=10 active=1 buy_rank=0 sell_rank=4 price=445342 quantity=200280 settlement=89193095760 buy_residual=337571 sell_residual=0
S3_MATCH slot=11 active=1 buy_rank=0 sell_rank=15 price=377113 quantity=337571 settlement=127302412523 buy_residual=0 sell_residual=508722
S3_MATCH slot=12 active=1 buy_rank=13 sell_rank=15 price=289451 quantity=38396 settlement=11113760596 buy_residual=0 sell_residual=470326
S3_MATCH slot=13 active=1 buy_rank=3 sell_rank=15 price=175010 quantity=151567 settlement=26525740670 buy_residual=0 sell_residual=318759
S3_MATCH slot=14 active=1 buy_rank=6 sell_rank=15 price=379915 quantity=144051 settlement=54727135665 buy_residual=0 sell_residual=174708
S3_MATCH slot=15 active=1 buy_rank=5 sell_rank=15 price=640075 quantity=174708 settlement=111826223100 buy_residual=188774 sell_residual=0
S3_MATCH slot=16 active=1 buy_rank=5 sell_rank=12 price=1130944 quantity=188774 settlement=213492822656 buy_residual=0 sell_residual=778230
S3_MATCH slot=17 active=1 buy_rank=4 sell_rank=13 price=468923 quantity=450340 settlement=211174783820 buy_residual=469477 sell_residual=0
S3_MATCH slot=18 active=1 buy_rank=4 sell_rank=14 price=367031 quantity=469477 settlement=172312612787 buy_residual=0 sell_residual=526244
S3_MATCH slot=19 active=0 buy_rank=0 sell_rank=0 price=0 quantity=0 settlement=0 buy_residual=0 sell_residual=0
S3_MATCH slot=20 active=0 buy_rank=0 sell_rank=0 price=0 quantity=0 settlement=0 buy_residual=0 sell_residual=0
S3_MATCH slot=21 active=0 buy_rank=0 sell_rank=0 price=0 quantity=0 settlement=0 buy_residual=0 sell_residual=0
S3_MATCH slot=22 active=0 buy_rank=0 sell_rank=0 price=0 quantity=0 settlement=0 buy_residual=0 sell_residual=0
S3_MATCH slot=23 active=0 buy_rank=0 sell_rank=0 price=0 quantity=0 settlement=0 buy_residual=0 sell_residual=0
S3_MATCH slot=24 active=0 buy_rank=0 sell_rank=0 price=0 quantity=0 settlement=0 buy_residual=0 sell_residual=0
S3_MATCH slot=25 active=0 buy_rank=0 sell_rank=0 price=0 quantity=0 settlement=0 buy_residual=0 sell_residual=0
S3_MATCH slot=26 active=0 buy_rank=0 sell_rank=0 price=0 quantity=0 settlement=0 buy_residual=0 sell_residual=0
S3_MATCH slot=27 active=0 buy_rank=0 sell_rank=0 price=0 quantity=0 settlement=0 buy_residual=0 sell_residual=0
S3_MATCH slot=28 active=0 buy_rank=0 sell_rank=0 price=0 quantity=0 settlement=0 buy_residual=0 sell_residual=0
S3_MATCH slot=29 active=0 buy_rank=0 sell_rank=0 price=0 quantity=0 settlement=0 buy_residual=0 sell_residual=0
S3_MATCH slot=30 active=0 buy_rank=0 sell_rank=0 price=0 quantity=0 settlement=0 buy_residual=0 sell_residual=0
S3_RESIDUAL side=buy rank=1 quantity=0
S3_RESIDUAL side=buy rank=8 quantity=0
S3_RESIDUAL side=buy rank=12 quantity=0
S3_RESIDUAL side=buy rank=14 quantity=0
S3_RESIDUAL side=buy rank=15 quantity=0
S3_RESIDUAL side=buy rank=9 quantity=0
S3_RESIDUAL side=buy rank=0 quantity=0
S3_RESIDUAL side=buy rank=13 quantity=0
S3_RESIDUAL side=buy rank=3 quantity=0
S3_RESIDUAL side=buy rank=6 quantity=0
S3_RESIDUAL side=buy rank=5 quantity=0
S3_RESIDUAL side=buy rank=4 quantity=0
S3_RESIDUAL side=buy rank=7 quantity=556834
S3_RESIDUAL side=buy rank=2 quantity=363602
S3_RESIDUAL side=buy rank=11 quantity=470885
S3_RESIDUAL side=buy rank=10 quantity=790399
S3_RESIDUAL side=sell rank=5 quantity=0
S3_RESIDUAL side=sell rank=8 quantity=0
S3_RESIDUAL side=sell rank=10 quantity=0
S3_RESIDUAL side=sell rank=3 quantity=0
S3_RESIDUAL side=sell rank=2 quantity=334137
S3_RESIDUAL side=sell rank=7 quantity=375347
S3_RESIDUAL side=sell rank=4 quantity=0
S3_RESIDUAL side=sell rank=15 quantity=0
S3_RESIDUAL side=sell rank=12 quantity=778230
S3_RESIDUAL side=sell rank=13 quantity=0
S3_RESIDUAL side=sell rank=9 quantity=946030
S3_RESIDUAL side=sell rank=6 quantity=346963
S3_RESIDUAL side=sell rank=14 quantity=526244
S3_RESIDUAL side=sell rank=11 quantity=634526
S3_RESIDUAL side=sell rank=0 quantity=77294
S3_RESIDUAL side=sell rank=1 quantity=619718
The following benchmarks are including preprocessing (offline phase).
Time = 2.42646 seconds 
Data sent = 56.5948 MB in ~14142 rounds (party 0 only; use '-v' for more details)
Global data sent = 169.464 MB (all parties)
This program might benefit from some protocol options.
Consider adding the following at the beginning of your code:
	program.use_edabit(True)
