Using statistical security parameter 40
Trying to run 255-bit computation (256-bit representation)
This program might benefit from some protocol options.
Consider adding the following at the beginning of your code:
	program.use_edabit(True)
Setup took 0.114813 seconds.
S3_FMATCH valid=1 commitment_bits=000100001101101010010110010101010011000101001001001101011010110110101111100101111010010111000001111100001110011001010101001001000010101011100100000100110110100011011000110100001110100111111010110110101110110000000000011000101101101011000101100110101011000
Compiler: ./compile.py -F 255 saib_fmatch 128
	3619 triples of malicious replicated gfp left
	6194 bits of malicious replicated gfp left
Detailed costs:
          3594 integer inputs
       2510988 integer multiplications
       5052333 integer openings
Spent 24.1902 seconds (163.325 MB, 174979 rounds, 33.8749 CPU seconds) on the online phase and 6.5259 seconds (495.454 MB, 2772 rounds, 33.8753 CPU seconds) on the preprocessing/offline phase.
Communication details:
Broadcasting 0.814512 MB in 25395 rounds, taking 4.4276 seconds
Passing around 634.11 MB in 152212 rounds, taking 18.3406 seconds
Receiving directly 23.04 MB in 72 rounds, taking 0.0510515 seconds
Sending directly 23.04 MB in 72 rounds, taking 0.0266763 seconds
CPU time = 33.8781
The following benchmarks are including preprocessing (offline phase).
Time = 30.7457 seconds 
Data sent = 658.779 MB in ~177751 rounds (party 0 only)
Global data sent = 1976.34 MB (all parties)
Actual preprocessing cost of program:
  Type int
       2516381        Triples
       2153806           Bits
This program might benefit from some protocol options.
Consider adding the following at the beginning of your code:
	program.use_edabit(True)
Command line: /mnt/g/paperexper/retf/third_party/MP-SPDZ-s3.1.1-patched/malicious-rep-field-party.x 0 saib_fmatch-128 -pn 27400 -h localhost -P 52435875175126190479447740508185965837690552500527637822603658699938581184513 -v
