Using statistical security parameter 40
Trying to run 255-bit computation (256-bit representation)
S3_FMATCH_TEST valid=1 commitment=8959447513048122364213898671886467054553668333819232942595917842044675490416 aggregate_quantity=2596617 aggregate_settlement=1030643556049
S3_MATCH slot=0 active=1 buy_rank=7 sell_rank=6 price=455446 quantity=136507 settlement=62171567122 buy_residual=498559 sell_residual=0
S3_MATCH slot=1 active=1 buy_rank=7 sell_rank=11 price=359975 quantity=313053 settlement=112691253675 buy_residual=185506 sell_residual=0
S3_MATCH slot=2 active=1 buy_rank=7 sell_rank=10 price=410079 quantity=185506 settlement=76072114974 buy_residual=0 sell_residual=768630
S3_MATCH slot=3 active=1 buy_rank=5 sell_rank=10 price=542858 quantity=768630 settlement=417256944540 buy_residual=70695 sell_residual=0
S3_MATCH slot=4 active=1 buy_rank=5 sell_rank=5 price=681283 quantity=1174 settlement=799826242 buy_residual=69521 sell_residual=0
S3_MATCH slot=5 active=1 buy_rank=5 sell_rank=0 price=874185 quantity=69521 settlement=60774215385 buy_residual=0 sell_residual=105685
S3_MATCH slot=6 active=1 buy_rank=6 sell_rank=7 price=228802 quantity=291906 settlement=66788676612 buy_residual=527390 sell_residual=0
S3_MATCH slot=7 active=1 buy_rank=6 sell_rank=12 price=195812 quantity=527390 settlement=103269290680 buy_residual=0 sell_residual=287183
S3_MATCH slot=8 active=1 buy_rank=4 sell_rank=12 price=421031 quantity=287183 settlement=120912945673 buy_residual=15747 sell_residual=0
S3_MATCH slot=9 active=1 buy_rank=4 sell_rank=9 price=629118 quantity=15747 settlement=9906721146 buy_residual=0 sell_residual=152978
S3_MATCH slot=10 active=0 buy_rank=0 sell_rank=0 price=0 quantity=0 settlement=0 buy_residual=0 sell_residual=0
S3_MATCH slot=11 active=0 buy_rank=0 sell_rank=0 price=0 quantity=0 settlement=0 buy_residual=0 sell_residual=0
S3_MATCH slot=12 active=0 buy_rank=0 sell_rank=0 price=0 quantity=0 settlement=0 buy_residual=0 sell_residual=0
S3_MATCH slot=13 active=0 buy_rank=0 sell_rank=0 price=0 quantity=0 settlement=0 buy_residual=0 sell_residual=0
S3_MATCH slot=14 active=0 buy_rank=0 sell_rank=0 price=0 quantity=0 settlement=0 buy_residual=0 sell_residual=0
S3_MATCH slot=15 active=0 buy_rank=0 sell_rank=0 price=0 quantity=0 settlement=0 buy_residual=0 sell_residual=0
S3_MATCH slot=16 active=0 buy_rank=0 sell_rank=0 price=0 quantity=0 settlement=0 buy_residual=0 sell_residual=0
S3_MATCH slot=17 active=0 buy_rank=0 sell_rank=0 price=0 quantity=0 settlement=0 buy_residual=0 sell_residual=0
S3_MATCH slot=18 active=0 buy_rank=0 sell_rank=0 price=0 quantity=0 settlement=0 buy_residual=0 sell_residual=0
S3_MATCH slot=19 active=0 buy_rank=0 sell_rank=0 price=0 quantity=0 settlement=0 buy_residual=0 sell_residual=0
S3_MATCH slot=20 active=0 buy_rank=0 sell_rank=0 price=0 quantity=0 settlement=0 buy_residual=0 sell_residual=0
S3_MATCH slot=21 active=0 buy_rank=0 sell_rank=0 price=0 quantity=0 settlement=0 buy_residual=0 sell_residual=0
S3_MATCH slot=22 active=0 buy_rank=0 sell_rank=0 price=0 quantity=0 settlement=0 buy_residual=0 sell_residual=0
S3_MATCH slot=23 active=0 buy_rank=0 sell_rank=0 price=0 quantity=0 settlement=0 buy_residual=0 sell_residual=0
S3_MATCH slot=24 active=0 buy_rank=0 sell_rank=0 price=0 quantity=0 settlement=0 buy_residual=0 sell_residual=0
S3_MATCH slot=25 active=0 buy_rank=0 sell_rank=0 price=0 quantity=0 settlement=0 buy_residual=0 sell_residual=0
S3_MATCH slot=26 active=0 buy_rank=0 sell_rank=0 price=0 quantity=0 settlement=0 buy_residual=0 sell_residual=0
S3_MATCH slot=27 active=0 buy_rank=0 sell_rank=0 price=0 quantity=0 settlement=0 buy_residual=0 sell_residual=0
S3_MATCH slot=28 active=0 buy_rank=0 sell_rank=0 price=0 quantity=0 settlement=0 buy_residual=0 sell_residual=0
S3_MATCH slot=29 active=0 buy_rank=0 sell_rank=0 price=0 quantity=0 settlement=0 buy_residual=0 sell_residual=0
S3_MATCH slot=30 active=0 buy_rank=0 sell_rank=0 price=0 quantity=0 settlement=0 buy_residual=0 sell_residual=0
S3_RESIDUAL side=buy rank=7 quantity=0
S3_RESIDUAL side=buy rank=5 quantity=0
S3_RESIDUAL side=buy rank=6 quantity=0
S3_RESIDUAL side=buy rank=4 quantity=0
S3_RESIDUAL side=buy rank=3 quantity=367132
S3_RESIDUAL side=buy rank=9 quantity=828251
S3_RESIDUAL side=buy rank=1 quantity=989536
S3_RESIDUAL side=buy rank=0 quantity=151680
S3_RESIDUAL side=buy rank=8 quantity=279259
S3_RESIDUAL side=buy rank=2 quantity=688062
S3_RESIDUAL side=buy rank=10 quantity=0
S3_RESIDUAL side=buy rank=11 quantity=0
S3_RESIDUAL side=buy rank=12 quantity=0
S3_RESIDUAL side=buy rank=13 quantity=0
S3_RESIDUAL side=buy rank=14 quantity=0
S3_RESIDUAL side=buy rank=15 quantity=0
S3_RESIDUAL side=sell rank=6 quantity=0
S3_RESIDUAL side=sell rank=11 quantity=0
S3_RESIDUAL side=sell rank=10 quantity=0
S3_RESIDUAL side=sell rank=5 quantity=0
S3_RESIDUAL side=sell rank=0 quantity=105685
S3_RESIDUAL side=sell rank=1 quantity=191707
S3_RESIDUAL side=sell rank=8 quantity=989038
S3_RESIDUAL side=sell rank=7 quantity=0
S3_RESIDUAL side=sell rank=3 quantity=59172
S3_RESIDUAL side=sell rank=12 quantity=0
S3_RESIDUAL side=sell rank=9 quantity=152978
S3_RESIDUAL side=sell rank=2 quantity=360451
S3_RESIDUAL side=sell rank=4 quantity=102137
S3_RESIDUAL side=sell rank=13 quantity=0
S3_RESIDUAL side=sell rank=14 quantity=0
S3_RESIDUAL side=sell rank=15 quantity=0
The following benchmarks are including preprocessing (offline phase).
Time = 2.46901 seconds 
Data sent = 56.5948 MB in ~14142 rounds (party 0 only; use '-v' for more details)
Global data sent = 169.464 MB (all parties)
This program might benefit from some protocol options.
Consider adding the following at the beginning of your code:
	program.use_edabit(True)
