Using statistical security parameter 40
Trying to run 255-bit computation (256-bit representation)
This program might benefit from some protocol options.
Consider adding the following at the beginning of your code:
	program.use_edabit(True)
Setup took 0.112227 seconds.
S3_FMATCH valid=1 commitment_bits=011011101001110010001111111001010100010011001000100100011101101000101101011000011010110011101000000011011001100001101101010110111111000000001111100101100011111111010000101110000000010011001110011001111110010101100011010000010000000110010111001111110001010
Compiler: ./compile.py -F 255 saib_fmatch 128
	3619 triples of malicious replicated gfp left
	6194 bits of malicious replicated gfp left
Detailed costs:
          3594 integer inputs
       2510988 integer multiplications
       5052333 integer openings
Spent 24.798 seconds (163.325 MB, 174979 rounds, 34.7751 CPU seconds) on the online phase and 6.78074 seconds (495.454 MB, 2772 rounds, 34.7757 CPU seconds) on the preprocessing/offline phase.
Communication details:
Broadcasting 0.814512 MB in 25395 rounds, taking 4.5038 seconds
Passing around 634.11 MB in 152212 rounds, taking 18.8777 seconds
Receiving directly 23.04 MB in 72 rounds, taking 0.0527323 seconds
Sending directly 23.04 MB in 72 rounds, taking 0.0269212 seconds
CPU time = 34.7789
The following benchmarks are including preprocessing (offline phase).
Time = 31.6075 seconds 
Data sent = 658.779 MB in ~177751 rounds (party 0 only)
Global data sent = 1976.34 MB (all parties)
Actual preprocessing cost of program:
  Type int
       2516381        Triples
       2153806           Bits
This program might benefit from some protocol options.
Consider adding the following at the beginning of your code:
	program.use_edabit(True)
Command line: /mnt/g/paperexper/retf/third_party/MP-SPDZ-s3.1.1-patched/malicious-rep-field-party.x 0 saib_fmatch-128 -pn 27400 -h localhost -P 52435875175126190479447740508185965837690552500527637822603658699938581184513 -v
