Using statistical security parameter 40
Trying to run 255-bit computation (256-bit representation)
S3_FMATCH_TEST valid=1 commitment=-14942803323797802914905822226652258589222910987718862793985888274314037583733 aggregate_quantity=2478857 aggregate_settlement=1340502922215
S3_MATCH slot=0 active=1 buy_rank=12 sell_rank=4 price=618127 quantity=416597 settlement=257509853819 buy_residual=25099 sell_residual=0
S3_MATCH slot=1 active=1 buy_rank=12 sell_rank=12 price=557530 quantity=25099 settlement=13993445470 buy_residual=0 sell_residual=586206
S3_MATCH slot=2 active=1 buy_rank=6 sell_rank=12 price=391534 quantity=340760 settlement=133419125840 buy_residual=0 sell_residual=245446
S3_MATCH slot=3 active=1 buy_rank=10 sell_rank=12 price=604466 quantity=245446 settlement=148363761836 buy_residual=744086 sell_residual=0
S3_MATCH slot=4 active=1 buy_rank=10 sell_rank=0 price=821832 quantity=490729 settlement=403296795528 buy_residual=253357 sell_residual=0
S3_MATCH slot=5 active=1 buy_rank=10 sell_rank=3 price=442190 quantity=167863 settlement=74227339970 buy_residual=85494 sell_residual=0
S3_MATCH slot=6 active=1 buy_rank=10 sell_rank=1 price=851302 quantity=85494 settlement=72781213188 buy_residual=0 sell_residual=619930
S3_MATCH slot=7 active=1 buy_rank=1 sell_rank=2 price=335156 quantity=706869 settlement=236911386564 buy_residual=6652 sell_residual=0
S3_MATCH slot=8 active=0 buy_rank=0 sell_rank=0 price=0 quantity=0 settlement=0 buy_residual=0 sell_residual=0
S3_MATCH slot=9 active=0 buy_rank=0 sell_rank=0 price=0 quantity=0 settlement=0 buy_residual=0 sell_residual=0
S3_MATCH slot=10 active=0 buy_rank=0 sell_rank=0 price=0 quantity=0 settlement=0 buy_residual=0 sell_residual=0
S3_MATCH slot=11 active=0 buy_rank=0 sell_rank=0 price=0 quantity=0 settlement=0 buy_residual=0 sell_residual=0
S3_MATCH slot=12 active=0 buy_rank=0 sell_rank=0 price=0 quantity=0 settlement=0 buy_residual=0 sell_residual=0
S3_MATCH slot=13 active=0 buy_rank=0 sell_rank=0 price=0 quantity=0 settlement=0 buy_residual=0 sell_residual=0
S3_MATCH slot=14 active=0 buy_rank=0 sell_rank=0 price=0 quantity=0 settlement=0 buy_residual=0 sell_residual=0
S3_MATCH slot=15 active=0 buy_rank=0 sell_rank=0 price=0 quantity=0 settlement=0 buy_residual=0 sell_residual=0
S3_MATCH slot=16 active=0 buy_rank=0 sell_rank=0 price=0 quantity=0 settlement=0 buy_residual=0 sell_residual=0
S3_MATCH slot=17 active=0 buy_rank=0 sell_rank=0 price=0 quantity=0 settlement=0 buy_residual=0 sell_residual=0
S3_MATCH slot=18 active=0 buy_rank=0 sell_rank=0 price=0 quantity=0 settlement=0 buy_residual=0 sell_residual=0
S3_MATCH slot=19 active=0 buy_rank=0 sell_rank=0 price=0 quantity=0 settlement=0 buy_residual=0 sell_residual=0
S3_MATCH slot=20 active=0 buy_rank=0 sell_rank=0 price=0 quantity=0 settlement=0 buy_residual=0 sell_residual=0
S3_MATCH slot=21 active=0 buy_rank=0 sell_rank=0 price=0 quantity=0 settlement=0 buy_residual=0 sell_residual=0
S3_MATCH slot=22 active=0 buy_rank=0 sell_rank=0 price=0 quantity=0 settlement=0 buy_residual=0 sell_residual=0
S3_MATCH slot=23 active=0 buy_rank=0 sell_rank=0 price=0 quantity=0 settlement=0 buy_residual=0 sell_residual=0
S3_MATCH slot=24 active=0 buy_rank=0 sell_rank=0 price=0 quantity=0 settlement=0 buy_residual=0 sell_residual=0
S3_MATCH slot=25 active=0 buy_rank=0 sell_rank=0 price=0 quantity=0 settlement=0 buy_residual=0 sell_residual=0
S3_MATCH slot=26 active=0 buy_rank=0 sell_rank=0 price=0 quantity=0 settlement=0 buy_residual=0 sell_residual=0
S3_MATCH slot=27 active=0 buy_rank=0 sell_rank=0 price=0 quantity=0 settlement=0 buy_residual=0 sell_residual=0
S3_MATCH slot=28 active=0 buy_rank=0 sell_rank=0 price=0 quantity=0 settlement=0 buy_residual=0 sell_residual=0
S3_MATCH slot=29 active=0 buy_rank=0 sell_rank=0 price=0 quantity=0 settlement=0 buy_residual=0 sell_residual=0
S3_MATCH slot=30 active=0 buy_rank=0 sell_rank=0 price=0 quantity=0 settlement=0 buy_residual=0 sell_residual=0
S3_RESIDUAL side=buy rank=12 quantity=0
S3_RESIDUAL side=buy rank=6 quantity=0
S3_RESIDUAL side=buy rank=10 quantity=0
S3_RESIDUAL side=buy rank=1 quantity=6652
S3_RESIDUAL side=buy rank=2 quantity=828029
S3_RESIDUAL side=buy rank=8 quantity=577384
S3_RESIDUAL side=buy rank=0 quantity=472099
S3_RESIDUAL side=buy rank=13 quantity=556810
S3_RESIDUAL side=buy rank=9 quantity=578762
S3_RESIDUAL side=buy rank=7 quantity=421045
S3_RESIDUAL side=buy rank=11 quantity=605566
S3_RESIDUAL side=buy rank=3 quantity=275262
S3_RESIDUAL side=buy rank=4 quantity=344124
S3_RESIDUAL side=buy rank=5 quantity=89577
S3_RESIDUAL side=buy rank=14 quantity=0
S3_RESIDUAL side=buy rank=15 quantity=0
S3_RESIDUAL side=sell rank=4 quantity=0
S3_RESIDUAL side=sell rank=12 quantity=0
S3_RESIDUAL side=sell rank=0 quantity=0
S3_RESIDUAL side=sell rank=3 quantity=0
S3_RESIDUAL side=sell rank=1 quantity=619930
S3_RESIDUAL side=sell rank=11 quantity=122266
S3_RESIDUAL side=sell rank=2 quantity=0
S3_RESIDUAL side=sell rank=8 quantity=998928
S3_RESIDUAL side=sell rank=10 quantity=599666
S3_RESIDUAL side=sell rank=7 quantity=853485
S3_RESIDUAL side=sell rank=5 quantity=82385
S3_RESIDUAL side=sell rank=6 quantity=826679
S3_RESIDUAL side=sell rank=9 quantity=832475
S3_RESIDUAL side=sell rank=13 quantity=0
S3_RESIDUAL side=sell rank=14 quantity=0
S3_RESIDUAL side=sell rank=15 quantity=0
The following benchmarks are including preprocessing (offline phase).
Time = 2.69085 seconds 
Data sent = 56.5948 MB in ~14142 rounds (party 0 only; use '-v' for more details)
Global data sent = 169.464 MB (all parties)
This program might benefit from some protocol options.
Consider adding the following at the beginning of your code:
	program.use_edabit(True)
