Using statistical security parameter 40
Trying to run 255-bit computation (256-bit representation)
S3_FMATCH_TEST valid=1 commitment=15332964927432090848665205777889653708281577087730382357716424997749099582834 aggregate_quantity=1863169 aggregate_settlement=914907395181
S3_MATCH slot=0 active=1 buy_rank=2 sell_rank=1 price=420055 quantity=375843 settlement=157874731365 buy_residual=0 sell_residual=572627
S3_MATCH slot=1 active=1 buy_rank=4 sell_rank=1 price=507338 quantity=572627 settlement=290515436926 buy_residual=352750 sell_residual=0
S3_MATCH slot=2 active=1 buy_rank=4 sell_rank=10 price=534006 quantity=352750 settlement=188370616500 buy_residual=0 sell_residual=251242
S3_MATCH slot=3 active=1 buy_rank=5 sell_rank=10 price=848823 quantity=121028 settlement=102731350044 buy_residual=0 sell_residual=130214
S3_MATCH slot=4 active=1 buy_rank=1 sell_rank=10 price=272768 quantity=63940 settlement=17440785920 buy_residual=0 sell_residual=66274
S3_MATCH slot=5 active=1 buy_rank=3 sell_rank=10 price=562134 quantity=66274 settlement=37254868716 buy_residual=130405 sell_residual=0
S3_MATCH slot=6 active=1 buy_rank=3 sell_rank=0 price=476076 quantity=130405 settlement=62082690780 buy_residual=0 sell_residual=641033
S3_MATCH slot=7 active=1 buy_rank=0 sell_rank=0 price=325215 quantity=180302 settlement=58636914930 buy_residual=0 sell_residual=460731
S3_MATCH slot=8 active=0 buy_rank=0 sell_rank=0 price=0 quantity=0 settlement=0 buy_residual=0 sell_residual=0
S3_MATCH slot=9 active=0 buy_rank=0 sell_rank=0 price=0 quantity=0 settlement=0 buy_residual=0 sell_residual=0
S3_MATCH slot=10 active=0 buy_rank=0 sell_rank=0 price=0 quantity=0 settlement=0 buy_residual=0 sell_residual=0
S3_MATCH slot=11 active=0 buy_rank=0 sell_rank=0 price=0 quantity=0 settlement=0 buy_residual=0 sell_residual=0
S3_MATCH slot=12 active=0 buy_rank=0 sell_rank=0 price=0 quantity=0 settlement=0 buy_residual=0 sell_residual=0
S3_MATCH slot=13 active=0 buy_rank=0 sell_rank=0 price=0 quantity=0 settlement=0 buy_residual=0 sell_residual=0
S3_MATCH slot=14 active=0 buy_rank=0 sell_rank=0 price=0 quantity=0 settlement=0 buy_residual=0 sell_residual=0
S3_MATCH slot=15 active=0 buy_rank=0 sell_rank=0 price=0 quantity=0 settlement=0 buy_residual=0 sell_residual=0
S3_MATCH slot=16 active=0 buy_rank=0 sell_rank=0 price=0 quantity=0 settlement=0 buy_residual=0 sell_residual=0
S3_MATCH slot=17 active=0 buy_rank=0 sell_rank=0 price=0 quantity=0 settlement=0 buy_residual=0 sell_residual=0
S3_MATCH slot=18 active=0 buy_rank=0 sell_rank=0 price=0 quantity=0 settlement=0 buy_residual=0 sell_residual=0
S3_MATCH slot=19 active=0 buy_rank=0 sell_rank=0 price=0 quantity=0 settlement=0 buy_residual=0 sell_residual=0
S3_MATCH slot=20 active=0 buy_rank=0 sell_rank=0 price=0 quantity=0 settlement=0 buy_residual=0 sell_residual=0
S3_MATCH slot=21 active=0 buy_rank=0 sell_rank=0 price=0 quantity=0 settlement=0 buy_residual=0 sell_residual=0
S3_MATCH slot=22 active=0 buy_rank=0 sell_rank=0 price=0 quantity=0 settlement=0 buy_residual=0 sell_residual=0
S3_MATCH slot=23 active=0 buy_rank=0 sell_rank=0 price=0 quantity=0 settlement=0 buy_residual=0 sell_residual=0
S3_MATCH slot=24 active=0 buy_rank=0 sell_rank=0 price=0 quantity=0 settlement=0 buy_residual=0 sell_residual=0
S3_MATCH slot=25 active=0 buy_rank=0 sell_rank=0 price=0 quantity=0 settlement=0 buy_residual=0 sell_residual=0
S3_MATCH slot=26 active=0 buy_rank=0 sell_rank=0 price=0 quantity=0 settlement=0 buy_residual=0 sell_residual=0
S3_MATCH slot=27 active=0 buy_rank=0 sell_rank=0 price=0 quantity=0 settlement=0 buy_residual=0 sell_residual=0
S3_MATCH slot=28 active=0 buy_rank=0 sell_rank=0 price=0 quantity=0 settlement=0 buy_residual=0 sell_residual=0
S3_MATCH slot=29 active=0 buy_rank=0 sell_rank=0 price=0 quantity=0 settlement=0 buy_residual=0 sell_residual=0
S3_MATCH slot=30 active=0 buy_rank=0 sell_rank=0 price=0 quantity=0 settlement=0 buy_residual=0 sell_residual=0
S3_RESIDUAL side=buy rank=2 quantity=0
S3_RESIDUAL side=buy rank=4 quantity=0
S3_RESIDUAL side=buy rank=5 quantity=0
S3_RESIDUAL side=buy rank=1 quantity=0
S3_RESIDUAL side=buy rank=3 quantity=0
S3_RESIDUAL side=buy rank=0 quantity=0
S3_RESIDUAL side=buy rank=6 quantity=0
S3_RESIDUAL side=buy rank=7 quantity=0
S3_RESIDUAL side=buy rank=8 quantity=0
S3_RESIDUAL side=buy rank=9 quantity=0
S3_RESIDUAL side=buy rank=10 quantity=0
S3_RESIDUAL side=buy rank=11 quantity=0
S3_RESIDUAL side=buy rank=12 quantity=0
S3_RESIDUAL side=buy rank=13 quantity=0
S3_RESIDUAL side=buy rank=14 quantity=0
S3_RESIDUAL side=buy rank=15 quantity=0
S3_RESIDUAL side=sell rank=1 quantity=0
S3_RESIDUAL side=sell rank=10 quantity=0
S3_RESIDUAL side=sell rank=0 quantity=460731
S3_RESIDUAL side=sell rank=2 quantity=738722
S3_RESIDUAL side=sell rank=3 quantity=414130
S3_RESIDUAL side=sell rank=9 quantity=570969
S3_RESIDUAL side=sell rank=8 quantity=172419
S3_RESIDUAL side=sell rank=4 quantity=987247
S3_RESIDUAL side=sell rank=6 quantity=734949
S3_RESIDUAL side=sell rank=5 quantity=738498
S3_RESIDUAL side=sell rank=7 quantity=573072
S3_RESIDUAL side=sell rank=11 quantity=0
S3_RESIDUAL side=sell rank=12 quantity=0
S3_RESIDUAL side=sell rank=13 quantity=0
S3_RESIDUAL side=sell rank=14 quantity=0
S3_RESIDUAL side=sell rank=15 quantity=0
The following benchmarks are including preprocessing (offline phase).
Time = 2.47306 seconds 
Data sent = 56.5948 MB in ~14142 rounds (party 0 only; use '-v' for more details)
Global data sent = 169.464 MB (all parties)
This program might benefit from some protocol options.
Consider adding the following at the beginning of your code:
	program.use_edabit(True)
