Using statistical security parameter 40
Trying to run 255-bit computation (256-bit representation)
S3_FMATCH_TEST valid=1 commitment=24920266384801647911780714358536577207046763113976130946748876597185986892754 aggregate_quantity=4283925 aggregate_settlement=2080800178873
S3_MATCH slot=0 active=1 buy_rank=16 sell_rank=11 price=345395 quantity=462746 settlement=159830154670 buy_residual=0 sell_residual=392940
S3_MATCH slot=1 active=1 buy_rank=3 sell_rank=11 price=348728 quantity=161597 settlement=56353398616 buy_residual=0 sell_residual=231343
S3_MATCH slot=2 active=1 buy_rank=6 sell_rank=11 price=619287 quantity=231343 settlement=143267712441 buy_residual=405014 sell_residual=0
S3_MATCH slot=3 active=1 buy_rank=6 sell_rank=23 price=687935 quantity=405014 settlement=278623306090 buy_residual=0 sell_residual=107439
S3_MATCH slot=4 active=1 buy_rank=7 sell_rank=23 price=446872 quantity=107439 settlement=48011480808 buy_residual=559002 sell_residual=0
S3_MATCH slot=5 active=1 buy_rank=7 sell_rank=18 price=443433 quantity=271959 settlement=120595595247 buy_residual=287043 sell_residual=0
S3_MATCH slot=6 active=1 buy_rank=7 sell_rank=22 price=599379 quantity=287043 settlement=172047546297 buy_residual=0 sell_residual=646394
S3_MATCH slot=7 active=1 buy_rank=10 sell_rank=22 price=684569 quantity=646394 settlement=442501294186 buy_residual=31574 sell_residual=0
S3_MATCH slot=8 active=1 buy_rank=10 sell_rank=13 price=654502 quantity=31574 settlement=20665246148 buy_residual=0 sell_residual=833623
S3_MATCH slot=9 active=1 buy_rank=22 sell_rank=0 price=300506 quantity=154362 settlement=46386707172 buy_residual=340398 sell_residual=0
S3_MATCH slot=10 active=1 buy_rank=22 sell_rank=17 price=228510 quantity=340398 settlement=77784346980 buy_residual=0 sell_residual=243902
S3_MATCH slot=11 active=1 buy_rank=1 sell_rank=17 price=426045 quantity=3671 settlement=1564011195 buy_residual=0 sell_residual=240231
S3_MATCH slot=12 active=1 buy_rank=17 sell_rank=17 price=458045 quantity=240231 settlement=110036608395 buy_residual=15702 sell_residual=0
S3_MATCH slot=13 active=1 buy_rank=17 sell_rank=3 price=815136 quantity=15702 settlement=12799265472 buy_residual=0 sell_residual=22669
S3_MATCH slot=14 active=1 buy_rank=21 sell_rank=15 price=381963 quantity=510132 settlement=194851549116 buy_residual=0 sell_residual=292930
S3_MATCH slot=15 active=1 buy_rank=4 sell_rank=15 price=419605 quantity=292930 settlement=122914892650 buy_residual=121390 sell_residual=0
S3_MATCH slot=16 active=1 buy_rank=4 sell_rank=19 price=597801 quantity=121390 settlement=72567063390 buy_residual=0 sell_residual=363569
S3_MATCH slot=17 active=0 buy_rank=0 sell_rank=0 price=0 quantity=0 settlement=0 buy_residual=0 sell_residual=0
S3_MATCH slot=18 active=0 buy_rank=0 sell_rank=0 price=0 quantity=0 settlement=0 buy_residual=0 sell_residual=0
S3_MATCH slot=19 active=0 buy_rank=0 sell_rank=0 price=0 quantity=0 settlement=0 buy_residual=0 sell_residual=0
S3_MATCH slot=20 active=0 buy_rank=0 sell_rank=0 price=0 quantity=0 settlement=0 buy_residual=0 sell_residual=0
S3_MATCH slot=21 active=0 buy_rank=0 sell_rank=0 price=0 quantity=0 settlement=0 buy_residual=0 sell_residual=0
S3_MATCH slot=22 active=0 buy_rank=0 sell_rank=0 price=0 quantity=0 settlement=0 buy_residual=0 sell_residual=0
S3_MATCH slot=23 active=0 buy_rank=0 sell_rank=0 price=0 quantity=0 settlement=0 buy_residual=0 sell_residual=0
S3_MATCH slot=24 active=0 buy_rank=0 sell_rank=0 price=0 quantity=0 settlement=0 buy_residual=0 sell_residual=0
S3_MATCH slot=25 active=0 buy_rank=0 sell_rank=0 price=0 quantity=0 settlement=0 buy_residual=0 sell_residual=0
S3_MATCH slot=26 active=0 buy_rank=0 sell_rank=0 price=0 quantity=0 settlement=0 buy_residual=0 sell_residual=0
S3_MATCH slot=27 active=0 buy_rank=0 sell_rank=0 price=0 quantity=0 settlement=0 buy_residual=0 sell_residual=0
S3_MATCH slot=28 active=0 buy_rank=0 sell_rank=0 price=0 quantity=0 settlement=0 buy_residual=0 sell_residual=0
S3_MATCH slot=29 active=0 buy_rank=0 sell_rank=0 price=0 quantity=0 settlement=0 buy_residual=0 sell_residual=0
S3_MATCH slot=30 active=0 buy_rank=0 sell_rank=0 price=0 quantity=0 settlement=0 buy_residual=0 sell_residual=0
S3_MATCH slot=31 active=0 buy_rank=0 sell_rank=0 price=0 quantity=0 settlement=0 buy_residual=0 sell_residual=0
S3_MATCH slot=32 active=0 buy_rank=0 sell_rank=0 price=0 quantity=0 settlement=0 buy_residual=0 sell_residual=0
S3_MATCH slot=33 active=0 buy_rank=0 sell_rank=0 price=0 quantity=0 settlement=0 buy_residual=0 sell_residual=0
S3_MATCH slot=34 active=0 buy_rank=0 sell_rank=0 price=0 quantity=0 settlement=0 buy_residual=0 sell_residual=0
S3_MATCH slot=35 active=0 buy_rank=0 sell_rank=0 price=0 quantity=0 settlement=0 buy_residual=0 sell_residual=0
S3_MATCH slot=36 active=0 buy_rank=0 sell_rank=0 price=0 quantity=0 settlement=0 buy_residual=0 sell_residual=0
S3_MATCH slot=37 active=0 buy_rank=0 sell_rank=0 price=0 quantity=0 settlement=0 buy_residual=0 sell_residual=0
S3_MATCH slot=38 active=0 buy_rank=0 sell_rank=0 price=0 quantity=0 settlement=0 buy_residual=0 sell_residual=0
S3_MATCH slot=39 active=0 buy_rank=0 sell_rank=0 price=0 quantity=0 settlement=0 buy_residual=0 sell_residual=0
S3_MATCH slot=40 active=0 buy_rank=0 sell_rank=0 price=0 quantity=0 settlement=0 buy_residual=0 sell_residual=0
S3_MATCH slot=41 active=0 buy_rank=0 sell_rank=0 price=0 quantity=0 settlement=0 buy_residual=0 sell_residual=0
S3_MATCH slot=42 active=0 buy_rank=0 sell_rank=0 price=0 quantity=0 settlement=0 buy_residual=0 sell_residual=0
S3_MATCH slot=43 active=0 buy_rank=0 sell_rank=0 price=0 quantity=0 settlement=0 buy_residual=0 sell_residual=0
S3_MATCH slot=44 active=0 buy_rank=0 sell_rank=0 price=0 quantity=0 settlement=0 buy_residual=0 sell_residual=0
S3_MATCH slot=45 active=0 buy_rank=0 sell_rank=0 price=0 quantity=0 settlement=0 buy_residual=0 sell_residual=0
S3_MATCH slot=46 active=0 buy_rank=0 sell_rank=0 price=0 quantity=0 settlement=0 buy_residual=0 sell_residual=0
S3_MATCH slot=47 active=0 buy_rank=0 sell_rank=0 price=0 quantity=0 settlement=0 buy_residual=0 sell_residual=0
S3_MATCH slot=48 active=0 buy_rank=0 sell_rank=0 price=0 quantity=0 settlement=0 buy_residual=0 sell_residual=0
S3_MATCH slot=49 active=0 buy_rank=0 sell_rank=0 price=0 quantity=0 settlement=0 buy_residual=0 sell_residual=0
S3_MATCH slot=50 active=0 buy_rank=0 sell_rank=0 price=0 quantity=0 settlement=0 buy_residual=0 sell_residual=0
S3_MATCH slot=51 active=0 buy_rank=0 sell_rank=0 price=0 quantity=0 settlement=0 buy_residual=0 sell_residual=0
S3_MATCH slot=52 active=0 buy_rank=0 sell_rank=0 price=0 quantity=0 settlement=0 buy_residual=0 sell_residual=0
S3_MATCH slot=53 active=0 buy_rank=0 sell_rank=0 price=0 quantity=0 settlement=0 buy_residual=0 sell_residual=0
S3_MATCH slot=54 active=0 buy_rank=0 sell_rank=0 price=0 quantity=0 settlement=0 buy_residual=0 sell_residual=0
S3_MATCH slot=55 active=0 buy_rank=0 sell_rank=0 price=0 quantity=0 settlement=0 buy_residual=0 sell_residual=0
S3_MATCH slot=56 active=0 buy_rank=0 sell_rank=0 price=0 quantity=0 settlement=0 buy_residual=0 sell_residual=0
S3_MATCH slot=57 active=0 buy_rank=0 sell_rank=0 price=0 quantity=0 settlement=0 buy_residual=0 sell_residual=0
S3_MATCH slot=58 active=0 buy_rank=0 sell_rank=0 price=0 quantity=0 settlement=0 buy_residual=0 sell_residual=0
S3_MATCH slot=59 active=0 buy_rank=0 sell_rank=0 price=0 quantity=0 settlement=0 buy_residual=0 sell_residual=0
S3_MATCH slot=60 active=0 buy_rank=0 sell_rank=0 price=0 quantity=0 settlement=0 buy_residual=0 sell_residual=0
S3_MATCH slot=61 active=0 buy_rank=0 sell_rank=0 price=0 quantity=0 settlement=0 buy_residual=0 sell_residual=0
S3_MATCH slot=62 active=0 buy_rank=0 sell_rank=0 price=0 quantity=0 settlement=0 buy_residual=0 sell_residual=0
S3_RESIDUAL side=buy rank=16 quantity=0
S3_RESIDUAL side=buy rank=3 quantity=0
S3_RESIDUAL side=buy rank=6 quantity=0
S3_RESIDUAL side=buy rank=7 quantity=0
S3_RESIDUAL side=buy rank=10 quantity=0
S3_RESIDUAL side=buy rank=22 quantity=0
S3_RESIDUAL side=buy rank=1 quantity=0
S3_RESIDUAL side=buy rank=17 quantity=0
S3_RESIDUAL side=buy rank=21 quantity=0
S3_RESIDUAL side=buy rank=4 quantity=0
S3_RESIDUAL side=buy rank=11 quantity=124430
S3_RESIDUAL side=buy rank=20 quantity=333154
S3_RESIDUAL side=buy rank=24 quantity=238436
S3_RESIDUAL side=buy rank=25 quantity=931786
S3_RESIDUAL side=buy rank=19 quantity=288550
S3_RESIDUAL side=buy rank=0 quantity=799286
S3_RESIDUAL side=buy rank=26 quantity=154536
S3_RESIDUAL side=buy rank=2 quantity=212504
S3_RESIDUAL side=buy rank=5 quantity=899030
S3_RESIDUAL side=buy rank=12 quantity=331008
S3_RESIDUAL side=buy rank=9 quantity=628373
S3_RESIDUAL side=buy rank=23 quantity=346841
S3_RESIDUAL side=buy rank=8 quantity=185657
S3_RESIDUAL side=buy rank=18 quantity=151942
S3_RESIDUAL side=buy rank=15 quantity=104896
S3_RESIDUAL side=buy rank=13 quantity=299847
S3_RESIDUAL side=buy rank=14 quantity=270164
S3_RESIDUAL side=buy rank=27 quantity=0
S3_RESIDUAL side=buy rank=28 quantity=0
S3_RESIDUAL side=buy rank=29 quantity=0
S3_RESIDUAL side=buy rank=30 quantity=0
S3_RESIDUAL side=buy rank=31 quantity=0
S3_RESIDUAL side=sell rank=11 quantity=0
S3_RESIDUAL side=sell rank=23 quantity=0
S3_RESIDUAL side=sell rank=18 quantity=0
S3_RESIDUAL side=sell rank=22 quantity=0
S3_RESIDUAL side=sell rank=13 quantity=833623
S3_RESIDUAL side=sell rank=0 quantity=0
S3_RESIDUAL side=sell rank=17 quantity=0
S3_RESIDUAL side=sell rank=3 quantity=22669
S3_RESIDUAL side=sell rank=15 quantity=0
S3_RESIDUAL side=sell rank=19 quantity=363569
S3_RESIDUAL side=sell rank=4 quantity=96976
S3_RESIDUAL side=sell rank=5 quantity=149463
S3_RESIDUAL side=sell rank=21 quantity=507703
S3_RESIDUAL side=sell rank=12 quantity=933257
S3_RESIDUAL side=sell rank=14 quantity=407955
S3_RESIDUAL side=sell rank=20 quantity=634343
S3_RESIDUAL side=sell rank=10 quantity=167381
S3_RESIDUAL side=sell rank=7 quantity=964362
S3_RESIDUAL side=sell rank=6 quantity=532058
S3_RESIDUAL side=sell rank=2 quantity=74649
S3_RESIDUAL side=sell rank=24 quantity=254643
S3_RESIDUAL side=sell rank=1 quantity=472196
S3_RESIDUAL side=sell rank=9 quantity=610151
S3_RESIDUAL side=sell rank=8 quantity=795849
S3_RESIDUAL side=sell rank=16 quantity=460993
S3_RESIDUAL side=sell rank=25 quantity=0
S3_RESIDUAL side=sell rank=26 quantity=0
S3_RESIDUAL side=sell rank=27 quantity=0
S3_RESIDUAL side=sell rank=28 quantity=0
S3_RESIDUAL side=sell rank=29 quantity=0
S3_RESIDUAL side=sell rank=30 quantity=0
S3_RESIDUAL side=sell rank=31 quantity=0
The following benchmarks are including preprocessing (offline phase).
Time = 5.33484 seconds 
Data sent = 124.617 MB in ~31011 rounds (party 0 only; use '-v' for more details)
Global data sent = 373.531 MB (all parties)
This program might benefit from some protocol options.
Consider adding the following at the beginning of your code:
	program.use_edabit(True)
