Using statistical security parameter 40
Trying to run 255-bit computation (256-bit representation)
S3_FMATCH_TEST valid=1 commitment=15136779734365717550124571838958159362471875132341651668365583888399548112263 aggregate_quantity=3187915 aggregate_settlement=1472460136864
S3_MATCH slot=0 active=1 buy_rank=2 sell_rank=0 price=415248 quantity=289937 settlement=120395759376 buy_residual=0 sell_residual=332070
S3_MATCH slot=1 active=1 buy_rank=7 sell_rank=0 price=259647 quantity=332070 settlement=86220979290 buy_residual=521648 sell_residual=0
S3_MATCH slot=2 active=1 buy_rank=7 sell_rank=9 price=249281 quantity=408870 settlement=101923522470 buy_residual=112778 sell_residual=0
S3_MATCH slot=3 active=1 buy_rank=7 sell_rank=11 price=473641 quantity=112778 settlement=53416284698 buy_residual=0 sell_residual=425535
S3_MATCH slot=4 active=1 buy_rank=10 sell_rank=11 price=741613 quantity=183216 settlement=135875367408 buy_residual=0 sell_residual=242319
S3_MATCH slot=5 active=1 buy_rank=6 sell_rank=11 price=852978 quantity=242319 settlement=206692775982 buy_residual=719028 sell_residual=0
S3_MATCH slot=6 active=1 buy_rank=6 sell_rank=5 price=748021 quantity=719028 settlement=537848043588 buy_residual=0 sell_residual=258490
S3_MATCH slot=7 active=1 buy_rank=0 sell_rank=5 price=629842 quantity=258490 settlement=162807858580 buy_residual=25433 sell_residual=0
S3_MATCH slot=8 active=1 buy_rank=0 sell_rank=2 price=588426 quantity=25433 settlement=14965438458 buy_residual=0 sell_residual=519868
S3_MATCH slot=9 active=1 buy_rank=5 sell_rank=1 price=68916 quantity=85129 settlement=5866750164 buy_residual=585036 sell_residual=0
S3_MATCH slot=10 active=1 buy_rank=5 sell_rank=8 price=87530 quantity=530645 settlement=46447356850 buy_residual=54391 sell_residual=0
S3_MATCH slot=11 active=0 buy_rank=0 sell_rank=0 price=0 quantity=0 settlement=0 buy_residual=0 sell_residual=0
S3_MATCH slot=12 active=0 buy_rank=0 sell_rank=0 price=0 quantity=0 settlement=0 buy_residual=0 sell_residual=0
S3_MATCH slot=13 active=0 buy_rank=0 sell_rank=0 price=0 quantity=0 settlement=0 buy_residual=0 sell_residual=0
S3_MATCH slot=14 active=0 buy_rank=0 sell_rank=0 price=0 quantity=0 settlement=0 buy_residual=0 sell_residual=0
S3_MATCH slot=15 active=0 buy_rank=0 sell_rank=0 price=0 quantity=0 settlement=0 buy_residual=0 sell_residual=0
S3_MATCH slot=16 active=0 buy_rank=0 sell_rank=0 price=0 quantity=0 settlement=0 buy_residual=0 sell_residual=0
S3_MATCH slot=17 active=0 buy_rank=0 sell_rank=0 price=0 quantity=0 settlement=0 buy_residual=0 sell_residual=0
S3_MATCH slot=18 active=0 buy_rank=0 sell_rank=0 price=0 quantity=0 settlement=0 buy_residual=0 sell_residual=0
S3_MATCH slot=19 active=0 buy_rank=0 sell_rank=0 price=0 quantity=0 settlement=0 buy_residual=0 sell_residual=0
S3_MATCH slot=20 active=0 buy_rank=0 sell_rank=0 price=0 quantity=0 settlement=0 buy_residual=0 sell_residual=0
S3_MATCH slot=21 active=0 buy_rank=0 sell_rank=0 price=0 quantity=0 settlement=0 buy_residual=0 sell_residual=0
S3_MATCH slot=22 active=0 buy_rank=0 sell_rank=0 price=0 quantity=0 settlement=0 buy_residual=0 sell_residual=0
S3_MATCH slot=23 active=0 buy_rank=0 sell_rank=0 price=0 quantity=0 settlement=0 buy_residual=0 sell_residual=0
S3_MATCH slot=24 active=0 buy_rank=0 sell_rank=0 price=0 quantity=0 settlement=0 buy_residual=0 sell_residual=0
S3_MATCH slot=25 active=0 buy_rank=0 sell_rank=0 price=0 quantity=0 settlement=0 buy_residual=0 sell_residual=0
S3_MATCH slot=26 active=0 buy_rank=0 sell_rank=0 price=0 quantity=0 settlement=0 buy_residual=0 sell_residual=0
S3_MATCH slot=27 active=0 buy_rank=0 sell_rank=0 price=0 quantity=0 settlement=0 buy_residual=0 sell_residual=0
S3_MATCH slot=28 active=0 buy_rank=0 sell_rank=0 price=0 quantity=0 settlement=0 buy_residual=0 sell_residual=0
S3_MATCH slot=29 active=0 buy_rank=0 sell_rank=0 price=0 quantity=0 settlement=0 buy_residual=0 sell_residual=0
S3_MATCH slot=30 active=0 buy_rank=0 sell_rank=0 price=0 quantity=0 settlement=0 buy_residual=0 sell_residual=0
S3_RESIDUAL side=buy rank=2 quantity=0
S3_RESIDUAL side=buy rank=7 quantity=0
S3_RESIDUAL side=buy rank=10 quantity=0
S3_RESIDUAL side=buy rank=6 quantity=0
S3_RESIDUAL side=buy rank=0 quantity=0
S3_RESIDUAL side=buy rank=5 quantity=54391
S3_RESIDUAL side=buy rank=3 quantity=564196
S3_RESIDUAL side=buy rank=4 quantity=262980
S3_RESIDUAL side=buy rank=8 quantity=800107
S3_RESIDUAL side=buy rank=1 quantity=127188
S3_RESIDUAL side=buy rank=9 quantity=910151
S3_RESIDUAL side=buy rank=11 quantity=0
S3_RESIDUAL side=buy rank=12 quantity=0
S3_RESIDUAL side=buy rank=13 quantity=0
S3_RESIDUAL side=buy rank=14 quantity=0
S3_RESIDUAL side=buy rank=15 quantity=0
S3_RESIDUAL side=sell rank=0 quantity=0
S3_RESIDUAL side=sell rank=9 quantity=0
S3_RESIDUAL side=sell rank=11 quantity=0
S3_RESIDUAL side=sell rank=5 quantity=0
S3_RESIDUAL side=sell rank=2 quantity=519868
S3_RESIDUAL side=sell rank=7 quantity=67390
S3_RESIDUAL side=sell rank=1 quantity=0
S3_RESIDUAL side=sell rank=10 quantity=696731
S3_RESIDUAL side=sell rank=6 quantity=684491
S3_RESIDUAL side=sell rank=8 quantity=0
S3_RESIDUAL side=sell rank=3 quantity=505789
S3_RESIDUAL side=sell rank=4 quantity=379940
S3_RESIDUAL side=sell rank=12 quantity=0
S3_RESIDUAL side=sell rank=13 quantity=0
S3_RESIDUAL side=sell rank=14 quantity=0
S3_RESIDUAL side=sell rank=15 quantity=0
The following benchmarks are including preprocessing (offline phase).
Time = 2.65587 seconds 
Data sent = 56.5948 MB in ~14142 rounds (party 0 only; use '-v' for more details)
Global data sent = 169.464 MB (all parties)
This program might benefit from some protocol options.
Consider adding the following at the beginning of your code:
	program.use_edabit(True)
