Using statistical security parameter 40
Trying to run 255-bit computation (256-bit representation)
S3_FMATCH_TEST valid=1 commitment=-2191394407363371769068809557254224123700535163078890010537309992541003359826 aggregate_quantity=2446254 aggregate_settlement=1612312985767
S3_MATCH slot=0 active=1 buy_rank=4 sell_rank=0 price=729637 quantity=110094 settlement=80328655878 buy_residual=0 sell_residual=129377
S3_MATCH slot=1 active=1 buy_rank=2 sell_rank=0 price=796878 quantity=129377 settlement=103097685006 buy_residual=344730 sell_residual=0
S3_MATCH slot=2 active=1 buy_rank=2 sell_rank=2 price=788246 quantity=103460 settlement=81551931160 buy_residual=241270 sell_residual=0
S3_MATCH slot=3 active=1 buy_rank=2 sell_rank=4 price=895808 quantity=241270 settlement=216131596160 buy_residual=0 sell_residual=86569
S3_MATCH slot=4 active=1 buy_rank=9 sell_rank=4 price=789313 quantity=86569 settlement=68330037097 buy_residual=727130 sell_residual=0
S3_MATCH slot=5 active=1 buy_rank=9 sell_rank=5 price=610754 quantity=656087 settlement=400707759598 buy_residual=71043 sell_residual=0
S3_MATCH slot=6 active=1 buy_rank=9 sell_rank=1 price=280442 quantity=71043 settlement=19923441006 buy_residual=0 sell_residual=512668
S3_MATCH slot=7 active=1 buy_rank=14 sell_rank=1 price=366917 quantity=206670 settlement=75830736390 buy_residual=0 sell_residual=305998
S3_MATCH slot=8 active=1 buy_rank=8 sell_rank=1 price=409604 quantity=305998 settlement=125338004792 buy_residual=537188 sell_residual=0
S3_MATCH slot=9 active=1 buy_rank=8 sell_rank=3 price=823380 quantity=535686 settlement=441073138680 buy_residual=1502 sell_residual=0
S3_MATCH slot=10 active=0 buy_rank=0 sell_rank=0 price=0 quantity=0 settlement=0 buy_residual=0 sell_residual=0
S3_MATCH slot=11 active=0 buy_rank=0 sell_rank=0 price=0 quantity=0 settlement=0 buy_residual=0 sell_residual=0
S3_MATCH slot=12 active=0 buy_rank=0 sell_rank=0 price=0 quantity=0 settlement=0 buy_residual=0 sell_residual=0
S3_MATCH slot=13 active=0 buy_rank=0 sell_rank=0 price=0 quantity=0 settlement=0 buy_residual=0 sell_residual=0
S3_MATCH slot=14 active=0 buy_rank=0 sell_rank=0 price=0 quantity=0 settlement=0 buy_residual=0 sell_residual=0
S3_MATCH slot=15 active=0 buy_rank=0 sell_rank=0 price=0 quantity=0 settlement=0 buy_residual=0 sell_residual=0
S3_MATCH slot=16 active=0 buy_rank=0 sell_rank=0 price=0 quantity=0 settlement=0 buy_residual=0 sell_residual=0
S3_MATCH slot=17 active=0 buy_rank=0 sell_rank=0 price=0 quantity=0 settlement=0 buy_residual=0 sell_residual=0
S3_MATCH slot=18 active=0 buy_rank=0 sell_rank=0 price=0 quantity=0 settlement=0 buy_residual=0 sell_residual=0
S3_MATCH slot=19 active=0 buy_rank=0 sell_rank=0 price=0 quantity=0 settlement=0 buy_residual=0 sell_residual=0
S3_MATCH slot=20 active=0 buy_rank=0 sell_rank=0 price=0 quantity=0 settlement=0 buy_residual=0 sell_residual=0
S3_MATCH slot=21 active=0 buy_rank=0 sell_rank=0 price=0 quantity=0 settlement=0 buy_residual=0 sell_residual=0
S3_MATCH slot=22 active=0 buy_rank=0 sell_rank=0 price=0 quantity=0 settlement=0 buy_residual=0 sell_residual=0
S3_MATCH slot=23 active=0 buy_rank=0 sell_rank=0 price=0 quantity=0 settlement=0 buy_residual=0 sell_residual=0
S3_MATCH slot=24 active=0 buy_rank=0 sell_rank=0 price=0 quantity=0 settlement=0 buy_residual=0 sell_residual=0
S3_MATCH slot=25 active=0 buy_rank=0 sell_rank=0 price=0 quantity=0 settlement=0 buy_residual=0 sell_residual=0
S3_MATCH slot=26 active=0 buy_rank=0 sell_rank=0 price=0 quantity=0 settlement=0 buy_residual=0 sell_residual=0
S3_MATCH slot=27 active=0 buy_rank=0 sell_rank=0 price=0 quantity=0 settlement=0 buy_residual=0 sell_residual=0
S3_MATCH slot=28 active=0 buy_rank=0 sell_rank=0 price=0 quantity=0 settlement=0 buy_residual=0 sell_residual=0
S3_MATCH slot=29 active=0 buy_rank=0 sell_rank=0 price=0 quantity=0 settlement=0 buy_residual=0 sell_residual=0
S3_MATCH slot=30 active=0 buy_rank=0 sell_rank=0 price=0 quantity=0 settlement=0 buy_residual=0 sell_residual=0
S3_RESIDUAL side=buy rank=4 quantity=0
S3_RESIDUAL side=buy rank=2 quantity=0
S3_RESIDUAL side=buy rank=9 quantity=0
S3_RESIDUAL side=buy rank=14 quantity=0
S3_RESIDUAL side=buy rank=8 quantity=1502
S3_RESIDUAL side=buy rank=11 quantity=77907
S3_RESIDUAL side=buy rank=10 quantity=549081
S3_RESIDUAL side=buy rank=5 quantity=660425
S3_RESIDUAL side=buy rank=0 quantity=664279
S3_RESIDUAL side=buy rank=12 quantity=825514
S3_RESIDUAL side=buy rank=1 quantity=14483
S3_RESIDUAL side=buy rank=6 quantity=143553
S3_RESIDUAL side=buy rank=13 quantity=544418
S3_RESIDUAL side=buy rank=7 quantity=931548
S3_RESIDUAL side=buy rank=3 quantity=31312
S3_RESIDUAL side=buy rank=15 quantity=0
S3_RESIDUAL side=sell rank=0 quantity=0
S3_RESIDUAL side=sell rank=2 quantity=0
S3_RESIDUAL side=sell rank=4 quantity=0
S3_RESIDUAL side=sell rank=5 quantity=0
S3_RESIDUAL side=sell rank=1 quantity=0
S3_RESIDUAL side=sell rank=3 quantity=0
S3_RESIDUAL side=sell rank=6 quantity=0
S3_RESIDUAL side=sell rank=7 quantity=0
S3_RESIDUAL side=sell rank=8 quantity=0
S3_RESIDUAL side=sell rank=9 quantity=0
S3_RESIDUAL side=sell rank=10 quantity=0
S3_RESIDUAL side=sell rank=11 quantity=0
S3_RESIDUAL side=sell rank=12 quantity=0
S3_RESIDUAL side=sell rank=13 quantity=0
S3_RESIDUAL side=sell rank=14 quantity=0
S3_RESIDUAL side=sell rank=15 quantity=0
The following benchmarks are including preprocessing (offline phase).
Time = 2.46379 seconds 
Data sent = 56.5948 MB in ~14142 rounds (party 0 only; use '-v' for more details)
Global data sent = 169.464 MB (all parties)
This program might benefit from some protocol options.
Consider adding the following at the beginning of your code:
	program.use_edabit(True)
