Using statistical security parameter 40
Trying to run 255-bit computation (256-bit representation)
S3_FMATCH_TEST valid=1 commitment=-11347805306464970540908173297229580120481967992329734528908144119083514322886 aggregate_quantity=2610122 aggregate_settlement=1965302961967
S3_MATCH slot=0 active=1 buy_rank=4 sell_rank=0 price=405970 quantity=298443 settlement=121158904710 buy_residual=0 sell_residual=19367
S3_MATCH slot=1 active=1 buy_rank=15 sell_rank=0 price=395305 quantity=19367 settlement=7655871935 buy_residual=746882 sell_residual=0
S3_MATCH slot=2 active=1 buy_rank=15 sell_rank=5 price=359524 quantity=82021 settlement=29488518004 buy_residual=664861 sell_residual=0
S3_MATCH slot=3 active=1 buy_rank=15 sell_rank=3 price=560782 quantity=589940 settlement=330827733080 buy_residual=74921 sell_residual=0
S3_MATCH slot=4 active=1 buy_rank=15 sell_rank=2 price=769950 quantity=74921 settlement=57685423950 buy_residual=0 sell_residual=601947
S3_MATCH slot=5 active=1 buy_rank=14 sell_rank=2 price=825686 quantity=388882 settlement=321094423052 buy_residual=0 sell_residual=213065
S3_MATCH slot=6 active=1 buy_rank=3 sell_rank=2 price=964516 quantity=213065 settlement=205504601540 buy_residual=784452 sell_residual=0
S3_MATCH slot=7 active=1 buy_rank=3 sell_rank=1 price=1133516 quantity=299321 settlement=339285142636 buy_residual=485131 sell_residual=0
S3_MATCH slot=8 active=1 buy_rank=3 sell_rank=4 price=818748 quantity=485131 settlement=397200035988 buy_residual=0 sell_residual=78608
S3_MATCH slot=9 active=1 buy_rank=2 sell_rank=4 price=945015 quantity=78608 settlement=74285739120 buy_residual=80423 sell_residual=0
S3_MATCH slot=10 active=1 buy_rank=2 sell_rank=7 price=1008624 quantity=80423 settlement=81116567952 buy_residual=0 sell_residual=436327
S3_MATCH slot=11 active=0 buy_rank=0 sell_rank=0 price=0 quantity=0 settlement=0 buy_residual=0 sell_residual=0
S3_MATCH slot=12 active=0 buy_rank=0 sell_rank=0 price=0 quantity=0 settlement=0 buy_residual=0 sell_residual=0
S3_MATCH slot=13 active=0 buy_rank=0 sell_rank=0 price=0 quantity=0 settlement=0 buy_residual=0 sell_residual=0
S3_MATCH slot=14 active=0 buy_rank=0 sell_rank=0 price=0 quantity=0 settlement=0 buy_residual=0 sell_residual=0
S3_MATCH slot=15 active=0 buy_rank=0 sell_rank=0 price=0 quantity=0 settlement=0 buy_residual=0 sell_residual=0
S3_MATCH slot=16 active=0 buy_rank=0 sell_rank=0 price=0 quantity=0 settlement=0 buy_residual=0 sell_residual=0
S3_MATCH slot=17 active=0 buy_rank=0 sell_rank=0 price=0 quantity=0 settlement=0 buy_residual=0 sell_residual=0
S3_MATCH slot=18 active=0 buy_rank=0 sell_rank=0 price=0 quantity=0 settlement=0 buy_residual=0 sell_residual=0
S3_MATCH slot=19 active=0 buy_rank=0 sell_rank=0 price=0 quantity=0 settlement=0 buy_residual=0 sell_residual=0
S3_MATCH slot=20 active=0 buy_rank=0 sell_rank=0 price=0 quantity=0 settlement=0 buy_residual=0 sell_residual=0
S3_MATCH slot=21 active=0 buy_rank=0 sell_rank=0 price=0 quantity=0 settlement=0 buy_residual=0 sell_residual=0
S3_MATCH slot=22 active=0 buy_rank=0 sell_rank=0 price=0 quantity=0 settlement=0 buy_residual=0 sell_residual=0
S3_MATCH slot=23 active=0 buy_rank=0 sell_rank=0 price=0 quantity=0 settlement=0 buy_residual=0 sell_residual=0
S3_MATCH slot=24 active=0 buy_rank=0 sell_rank=0 price=0 quantity=0 settlement=0 buy_residual=0 sell_residual=0
S3_MATCH slot=25 active=0 buy_rank=0 sell_rank=0 price=0 quantity=0 settlement=0 buy_residual=0 sell_residual=0
S3_MATCH slot=26 active=0 buy_rank=0 sell_rank=0 price=0 quantity=0 settlement=0 buy_residual=0 sell_residual=0
S3_MATCH slot=27 active=0 buy_rank=0 sell_rank=0 price=0 quantity=0 settlement=0 buy_residual=0 sell_residual=0
S3_MATCH slot=28 active=0 buy_rank=0 sell_rank=0 price=0 quantity=0 settlement=0 buy_residual=0 sell_residual=0
S3_MATCH slot=29 active=0 buy_rank=0 sell_rank=0 price=0 quantity=0 settlement=0 buy_residual=0 sell_residual=0
S3_MATCH slot=30 active=0 buy_rank=0 sell_rank=0 price=0 quantity=0 settlement=0 buy_residual=0 sell_residual=0
S3_RESIDUAL side=buy rank=4 quantity=0
S3_RESIDUAL side=buy rank=15 quantity=0
S3_RESIDUAL side=buy rank=14 quantity=0
S3_RESIDUAL side=buy rank=3 quantity=0
S3_RESIDUAL side=buy rank=2 quantity=0
S3_RESIDUAL side=buy rank=1 quantity=853256
S3_RESIDUAL side=buy rank=11 quantity=246570
S3_RESIDUAL side=buy rank=10 quantity=458057
S3_RESIDUAL side=buy rank=12 quantity=849783
S3_RESIDUAL side=buy rank=6 quantity=170443
S3_RESIDUAL side=buy rank=5 quantity=72433
S3_RESIDUAL side=buy rank=9 quantity=29641
S3_RESIDUAL side=buy rank=7 quantity=651309
S3_RESIDUAL side=buy rank=0 quantity=451597
S3_RESIDUAL side=buy rank=8 quantity=606563
S3_RESIDUAL side=buy rank=13 quantity=195139
S3_RESIDUAL side=sell rank=0 quantity=0
S3_RESIDUAL side=sell rank=5 quantity=0
S3_RESIDUAL side=sell rank=3 quantity=0
S3_RESIDUAL side=sell rank=2 quantity=0
S3_RESIDUAL side=sell rank=1 quantity=0
S3_RESIDUAL side=sell rank=4 quantity=0
S3_RESIDUAL side=sell rank=7 quantity=436327
S3_RESIDUAL side=sell rank=6 quantity=180871
S3_RESIDUAL side=sell rank=8 quantity=0
S3_RESIDUAL side=sell rank=9 quantity=0
S3_RESIDUAL side=sell rank=10 quantity=0
S3_RESIDUAL side=sell rank=11 quantity=0
S3_RESIDUAL side=sell rank=12 quantity=0
S3_RESIDUAL side=sell rank=13 quantity=0
S3_RESIDUAL side=sell rank=14 quantity=0
S3_RESIDUAL side=sell rank=15 quantity=0
The following benchmarks are including preprocessing (offline phase).
Time = 3.13416 seconds 
Data sent = 56.5948 MB in ~14142 rounds (party 0 only; use '-v' for more details)
Global data sent = 169.464 MB (all parties)
This program might benefit from some protocol options.
Consider adding the following at the beginning of your code:
	program.use_edabit(True)
