Using statistical security parameter 40
Trying to run 255-bit computation (256-bit representation)
S3_FMATCH_TEST valid=1 commitment=-14050479681466469315201888684880016893239278280108396922971463206038189766020 aggregate_quantity=2754695 aggregate_settlement=1135902168883
S3_MATCH slot=0 active=1 buy_rank=11 sell_rank=11 price=545976 quantity=160042 settlement=87379090992 buy_residual=715778 sell_residual=0
S3_MATCH slot=1 active=1 buy_rank=11 sell_rank=0 price=524858 quantity=104166 settlement=54672358428 buy_residual=611612 sell_residual=0
S3_MATCH slot=2 active=1 buy_rank=11 sell_rank=5 price=365437 quantity=611612 settlement=223505654444 buy_residual=0 sell_residual=136820
S3_MATCH slot=3 active=1 buy_rank=3 sell_rank=5 price=342160 quantity=136820 settlement=46814331200 buy_residual=571240 sell_residual=0
S3_MATCH slot=4 active=1 buy_rank=3 sell_rank=13 price=415208 quantity=571240 settlement=237183417920 buy_residual=0 sell_residual=334409
S3_MATCH slot=5 active=1 buy_rank=7 sell_rank=13 price=393774 quantity=176266 settlement=69408967884 buy_residual=0 sell_residual=158143
S3_MATCH slot=6 active=1 buy_rank=13 sell_rank=13 price=539476 quantity=158143 settlement=85314353068 buy_residual=337280 sell_residual=0
S3_MATCH slot=7 active=1 buy_rank=13 sell_rank=12 price=740944 quantity=261781 settlement=193965061264 buy_residual=75499 sell_residual=0
S3_MATCH slot=8 active=1 buy_rank=13 sell_rank=3 price=334345 quantity=75499 settlement=25242713155 buy_residual=0 sell_residual=499126
S3_MATCH slot=9 active=1 buy_rank=8 sell_rank=3 price=269488 quantity=388166 settlement=104606079008 buy_residual=0 sell_residual=110960
S3_MATCH slot=10 active=1 buy_rank=6 sell_rank=3 price=70387 quantity=110960 settlement=7810141520 buy_residual=473693 sell_residual=0
S3_MATCH slot=11 active=0 buy_rank=0 sell_rank=0 price=0 quantity=0 settlement=0 buy_residual=0 sell_residual=0
S3_MATCH slot=12 active=0 buy_rank=0 sell_rank=0 price=0 quantity=0 settlement=0 buy_residual=0 sell_residual=0
S3_MATCH slot=13 active=0 buy_rank=0 sell_rank=0 price=0 quantity=0 settlement=0 buy_residual=0 sell_residual=0
S3_MATCH slot=14 active=0 buy_rank=0 sell_rank=0 price=0 quantity=0 settlement=0 buy_residual=0 sell_residual=0
S3_MATCH slot=15 active=0 buy_rank=0 sell_rank=0 price=0 quantity=0 settlement=0 buy_residual=0 sell_residual=0
S3_MATCH slot=16 active=0 buy_rank=0 sell_rank=0 price=0 quantity=0 settlement=0 buy_residual=0 sell_residual=0
S3_MATCH slot=17 active=0 buy_rank=0 sell_rank=0 price=0 quantity=0 settlement=0 buy_residual=0 sell_residual=0
S3_MATCH slot=18 active=0 buy_rank=0 sell_rank=0 price=0 quantity=0 settlement=0 buy_residual=0 sell_residual=0
S3_MATCH slot=19 active=0 buy_rank=0 sell_rank=0 price=0 quantity=0 settlement=0 buy_residual=0 sell_residual=0
S3_MATCH slot=20 active=0 buy_rank=0 sell_rank=0 price=0 quantity=0 settlement=0 buy_residual=0 sell_residual=0
S3_MATCH slot=21 active=0 buy_rank=0 sell_rank=0 price=0 quantity=0 settlement=0 buy_residual=0 sell_residual=0
S3_MATCH slot=22 active=0 buy_rank=0 sell_rank=0 price=0 quantity=0 settlement=0 buy_residual=0 sell_residual=0
S3_MATCH slot=23 active=0 buy_rank=0 sell_rank=0 price=0 quantity=0 settlement=0 buy_residual=0 sell_residual=0
S3_MATCH slot=24 active=0 buy_rank=0 sell_rank=0 price=0 quantity=0 settlement=0 buy_residual=0 sell_residual=0
S3_MATCH slot=25 active=0 buy_rank=0 sell_rank=0 price=0 quantity=0 settlement=0 buy_residual=0 sell_residual=0
S3_MATCH slot=26 active=0 buy_rank=0 sell_rank=0 price=0 quantity=0 settlement=0 buy_residual=0 sell_residual=0
S3_MATCH slot=27 active=0 buy_rank=0 sell_rank=0 price=0 quantity=0 settlement=0 buy_residual=0 sell_residual=0
S3_MATCH slot=28 active=0 buy_rank=0 sell_rank=0 price=0 quantity=0 settlement=0 buy_residual=0 sell_residual=0
S3_MATCH slot=29 active=0 buy_rank=0 sell_rank=0 price=0 quantity=0 settlement=0 buy_residual=0 sell_residual=0
S3_MATCH slot=30 active=0 buy_rank=0 sell_rank=0 price=0 quantity=0 settlement=0 buy_residual=0 sell_residual=0
S3_RESIDUAL side=buy rank=11 quantity=0
S3_RESIDUAL side=buy rank=3 quantity=0
S3_RESIDUAL side=buy rank=7 quantity=0
S3_RESIDUAL side=buy rank=13 quantity=0
S3_RESIDUAL side=buy rank=8 quantity=0
S3_RESIDUAL side=buy rank=6 quantity=473693
S3_RESIDUAL side=buy rank=2 quantity=373979
S3_RESIDUAL side=buy rank=12 quantity=976288
S3_RESIDUAL side=buy rank=5 quantity=499700
S3_RESIDUAL side=buy rank=10 quantity=948184
S3_RESIDUAL side=buy rank=14 quantity=278102
S3_RESIDUAL side=buy rank=1 quantity=595880
S3_RESIDUAL side=buy rank=4 quantity=235733
S3_RESIDUAL side=buy rank=9 quantity=86555
S3_RESIDUAL side=buy rank=0 quantity=748808
S3_RESIDUAL side=buy rank=15 quantity=0
S3_RESIDUAL side=sell rank=11 quantity=0
S3_RESIDUAL side=sell rank=0 quantity=0
S3_RESIDUAL side=sell rank=5 quantity=0
S3_RESIDUAL side=sell rank=13 quantity=0
S3_RESIDUAL side=sell rank=12 quantity=0
S3_RESIDUAL side=sell rank=3 quantity=0
S3_RESIDUAL side=sell rank=4 quantity=53605
S3_RESIDUAL side=sell rank=9 quantity=285364
S3_RESIDUAL side=sell rank=1 quantity=77201
S3_RESIDUAL side=sell rank=8 quantity=652199
S3_RESIDUAL side=sell rank=2 quantity=96454
S3_RESIDUAL side=sell rank=7 quantity=442803
S3_RESIDUAL side=sell rank=10 quantity=860754
S3_RESIDUAL side=sell rank=6 quantity=377551
S3_RESIDUAL side=sell rank=14 quantity=0
S3_RESIDUAL side=sell rank=15 quantity=0
The following benchmarks are including preprocessing (offline phase).
Time = 2.51128 seconds 
Data sent = 56.5948 MB in ~14142 rounds (party 0 only; use '-v' for more details)
Global data sent = 169.464 MB (all parties)
This program might benefit from some protocol options.
Consider adding the following at the beginning of your code:
	program.use_edabit(True)
