Using statistical security parameter 40
Trying to run 255-bit computation (256-bit representation)
S3_FMATCH_TEST valid=1 commitment=-11325666710415566553272980827811240991234933927195938761677186630613820181420 aggregate_quantity=3734704 aggregate_settlement=1589039777692
S3_MATCH slot=0 active=1 buy_rank=3 sell_rank=4 price=392441 quantity=656037 settlement=257455816317 buy_residual=0 sell_residual=254645
S3_MATCH slot=1 active=1 buy_rank=6 sell_rank=4 price=547007 quantity=254645 settlement=139292597515 buy_residual=220161 sell_residual=0
S3_MATCH slot=2 active=1 buy_rank=6 sell_rank=10 price=596122 quantity=220161 settlement=131242815642 buy_residual=0 sell_residual=571502
S3_MATCH slot=3 active=1 buy_rank=0 sell_rank=10 price=409104 quantity=150075 settlement=61396282800 buy_residual=0 sell_residual=421427
S3_MATCH slot=4 active=1 buy_rank=1 sell_rank=10 price=659601 quantity=421427 settlement=277973670627 buy_residual=574481 sell_residual=0
S3_MATCH slot=5 active=1 buy_rank=1 sell_rank=3 price=449312 quantity=574481 settlement=258121207072 buy_residual=0 sell_residual=374707
S3_MATCH slot=6 active=1 buy_rank=8 sell_rank=3 price=420757 quantity=374707 settlement=157660593199 buy_residual=68507 sell_residual=0
S3_MATCH slot=7 active=1 buy_rank=8 sell_rank=9 price=803750 quantity=68507 settlement=55062501250 buy_residual=0 sell_residual=759921
S3_MATCH slot=8 active=1 buy_rank=2 sell_rank=8 price=314631 quantity=55741 settlement=17537846571 buy_residual=754137 sell_residual=0
S3_MATCH slot=9 active=1 buy_rank=2 sell_rank=0 price=253231 quantity=754137 settlement=190970866647 buy_residual=0 sell_residual=204786
S3_MATCH slot=10 active=1 buy_rank=9 sell_rank=0 price=206682 quantity=204786 settlement=42325580052 buy_residual=676849 sell_residual=0
S3_MATCH slot=11 active=0 buy_rank=0 sell_rank=0 price=0 quantity=0 settlement=0 buy_residual=0 sell_residual=0
S3_MATCH slot=12 active=0 buy_rank=0 sell_rank=0 price=0 quantity=0 settlement=0 buy_residual=0 sell_residual=0
S3_MATCH slot=13 active=0 buy_rank=0 sell_rank=0 price=0 quantity=0 settlement=0 buy_residual=0 sell_residual=0
S3_MATCH slot=14 active=0 buy_rank=0 sell_rank=0 price=0 quantity=0 settlement=0 buy_residual=0 sell_residual=0
S3_MATCH slot=15 active=0 buy_rank=0 sell_rank=0 price=0 quantity=0 settlement=0 buy_residual=0 sell_residual=0
S3_MATCH slot=16 active=0 buy_rank=0 sell_rank=0 price=0 quantity=0 settlement=0 buy_residual=0 sell_residual=0
S3_MATCH slot=17 active=0 buy_rank=0 sell_rank=0 price=0 quantity=0 settlement=0 buy_residual=0 sell_residual=0
S3_MATCH slot=18 active=0 buy_rank=0 sell_rank=0 price=0 quantity=0 settlement=0 buy_residual=0 sell_residual=0
S3_MATCH slot=19 active=0 buy_rank=0 sell_rank=0 price=0 quantity=0 settlement=0 buy_residual=0 sell_residual=0
S3_MATCH slot=20 active=0 buy_rank=0 sell_rank=0 price=0 quantity=0 settlement=0 buy_residual=0 sell_residual=0
S3_MATCH slot=21 active=0 buy_rank=0 sell_rank=0 price=0 quantity=0 settlement=0 buy_residual=0 sell_residual=0
S3_MATCH slot=22 active=0 buy_rank=0 sell_rank=0 price=0 quantity=0 settlement=0 buy_residual=0 sell_residual=0
S3_MATCH slot=23 active=0 buy_rank=0 sell_rank=0 price=0 quantity=0 settlement=0 buy_residual=0 sell_residual=0
S3_MATCH slot=24 active=0 buy_rank=0 sell_rank=0 price=0 quantity=0 settlement=0 buy_residual=0 sell_residual=0
S3_MATCH slot=25 active=0 buy_rank=0 sell_rank=0 price=0 quantity=0 settlement=0 buy_residual=0 sell_residual=0
S3_MATCH slot=26 active=0 buy_rank=0 sell_rank=0 price=0 quantity=0 settlement=0 buy_residual=0 sell_residual=0
S3_MATCH slot=27 active=0 buy_rank=0 sell_rank=0 price=0 quantity=0 settlement=0 buy_residual=0 sell_residual=0
S3_MATCH slot=28 active=0 buy_rank=0 sell_rank=0 price=0 quantity=0 settlement=0 buy_residual=0 sell_residual=0
S3_MATCH slot=29 active=0 buy_rank=0 sell_rank=0 price=0 quantity=0 settlement=0 buy_residual=0 sell_residual=0
S3_MATCH slot=30 active=0 buy_rank=0 sell_rank=0 price=0 quantity=0 settlement=0 buy_residual=0 sell_residual=0
S3_RESIDUAL side=buy rank=3 quantity=0
S3_RESIDUAL side=buy rank=6 quantity=0
S3_RESIDUAL side=buy rank=0 quantity=0
S3_RESIDUAL side=buy rank=1 quantity=0
S3_RESIDUAL side=buy rank=8 quantity=0
S3_RESIDUAL side=buy rank=2 quantity=0
S3_RESIDUAL side=buy rank=9 quantity=676849
S3_RESIDUAL side=buy rank=13 quantity=437885
S3_RESIDUAL side=buy rank=14 quantity=569001
S3_RESIDUAL side=buy rank=10 quantity=238364
S3_RESIDUAL side=buy rank=4 quantity=549734
S3_RESIDUAL side=buy rank=5 quantity=966297
S3_RESIDUAL side=buy rank=7 quantity=941627
S3_RESIDUAL side=buy rank=12 quantity=799013
S3_RESIDUAL side=buy rank=11 quantity=383431
S3_RESIDUAL side=buy rank=15 quantity=0
S3_RESIDUAL side=sell rank=4 quantity=0
S3_RESIDUAL side=sell rank=10 quantity=0
S3_RESIDUAL side=sell rank=3 quantity=0
S3_RESIDUAL side=sell rank=9 quantity=759921
S3_RESIDUAL side=sell rank=5 quantity=261208
S3_RESIDUAL side=sell rank=8 quantity=0
S3_RESIDUAL side=sell rank=0 quantity=0
S3_RESIDUAL side=sell rank=6 quantity=833996
S3_RESIDUAL side=sell rank=7 quantity=706015
S3_RESIDUAL side=sell rank=2 quantity=77294
S3_RESIDUAL side=sell rank=1 quantity=809237
S3_RESIDUAL side=sell rank=11 quantity=0
S3_RESIDUAL side=sell rank=12 quantity=0
S3_RESIDUAL side=sell rank=13 quantity=0
S3_RESIDUAL side=sell rank=14 quantity=0
S3_RESIDUAL side=sell rank=15 quantity=0
The following benchmarks are including preprocessing (offline phase).
Time = 2.48534 seconds 
Data sent = 56.5948 MB in ~14142 rounds (party 0 only; use '-v' for more details)
Global data sent = 169.464 MB (all parties)
This program might benefit from some protocol options.
Consider adding the following at the beginning of your code:
	program.use_edabit(True)
