Using statistical security parameter 40
Trying to run 255-bit computation (256-bit representation)
S3_FMATCH_TEST valid=1 commitment=5556214590632740899696090936297391569619699402574284489495419093358607681689 aggregate_quantity=28722750 aggregate_settlement=13992779016557
S3_MATCH slot=0 active=1 buy_rank=105 sell_rank=19 price=452480 quantity=44987 settlement=20355717760 buy_residual=696581 sell_residual=0
S3_MATCH slot=1 active=1 buy_rank=105 sell_rank=169 price=486515 quantity=696581 settlement=338897105215 buy_residual=0 sell_residual=160344
S3_MATCH slot=2 active=1 buy_rank=139 sell_rank=169 price=490711 quantity=160344 settlement=78682564584 buy_residual=431228 sell_residual=0
S3_MATCH slot=3 active=1 buy_rank=139 sell_rank=129 price=435187 quantity=360208 settlement=156757838896 buy_residual=71020 sell_residual=0
S3_MATCH slot=4 active=1 buy_rank=139 sell_rank=87 price=459950 quantity=71020 settlement=32665649000 buy_residual=0 sell_residual=383019
S3_MATCH slot=5 active=1 buy_rank=35 sell_rank=87 price=465755 quantity=383019 settlement=178393014345 buy_residual=327885 sell_residual=0
S3_MATCH slot=6 active=1 buy_rank=35 sell_rank=147 price=492665 quantity=40503 settlement=19954410495 buy_residual=287382 sell_residual=0
S3_MATCH slot=7 active=1 buy_rank=35 sell_rank=21 price=424106 quantity=287382 settlement=121880430492 buy_residual=0 sell_residual=506215
S3_MATCH slot=8 active=1 buy_rank=94 sell_rank=21 price=406420 quantity=506215 settlement=205735900300 buy_residual=427616 sell_residual=0
S3_MATCH slot=9 active=1 buy_rank=94 sell_rank=42 price=434183 quantity=256405 settlement=111326692115 buy_residual=171211 sell_residual=0
S3_MATCH slot=10 active=1 buy_rank=94 sell_rank=157 price=404881 quantity=171211 settlement=69320080891 buy_residual=0 sell_residual=649809
S3_MATCH slot=11 active=1 buy_rank=101 sell_rank=157 price=413408 quantity=25789 settlement=10661378912 buy_residual=0 sell_residual=624020
S3_MATCH slot=12 active=1 buy_rank=28 sell_rank=157 price=509876 quantity=37055 settlement=18893455180 buy_residual=0 sell_residual=586965
S3_MATCH slot=13 active=1 buy_rank=144 sell_rank=157 price=408635 quantity=586965 settlement=239854442775 buy_residual=395323 sell_residual=0
S3_MATCH slot=14 active=1 buy_rank=144 sell_rank=1 price=477060 quantity=395323 settlement=188592790380 buy_residual=0 sell_residual=413901
S3_MATCH slot=15 active=1 buy_rank=59 sell_rank=1 price=454072 quantity=413901 settlement=187940854872 buy_residual=3999 sell_residual=0
S3_MATCH slot=16 active=1 buy_rank=59 sell_rank=57 price=597111 quantity=3999 settlement=2387846889 buy_residual=0 sell_residual=15016
S3_MATCH slot=17 active=1 buy_rank=110 sell_rank=57 price=509240 quantity=15016 settlement=7646747840 buy_residual=149793 sell_residual=0
S3_MATCH slot=18 active=1 buy_rank=110 sell_rank=40 price=363683 quantity=149793 settlement=54477167619 buy_residual=0 sell_residual=771487
S3_MATCH slot=19 active=1 buy_rank=134 sell_rank=40 price=561742 quantity=518556 settlement=291294684552 buy_residual=0 sell_residual=252931
S3_MATCH slot=20 active=1 buy_rank=29 sell_rank=40 price=526033 quantity=252931 settlement=133050052723 buy_residual=554112 sell_residual=0
S3_MATCH slot=21 active=1 buy_rank=29 sell_rank=137 price=596761 quantity=554112 settlement=330672431232 buy_residual=0 sell_residual=122945
S3_MATCH slot=22 active=1 buy_rank=115 sell_rank=137 price=590837 quantity=122945 settlement=72640454965 buy_residual=172669 sell_residual=0
S3_MATCH slot=23 active=1 buy_rank=115 sell_rank=84 price=448312 quantity=172669 settlement=77409584728 buy_residual=0 sell_residual=250006
S3_MATCH slot=24 active=1 buy_rank=46 sell_rank=84 price=434433 quantity=250006 settlement=108610856598 buy_residual=113980 sell_residual=0
S3_MATCH slot=25 active=1 buy_rank=46 sell_rank=20 price=601580 quantity=113980 settlement=68568088400 buy_residual=0 sell_residual=436893
S3_MATCH slot=26 active=1 buy_rank=135 sell_rank=20 price=528858 quantity=436893 settlement=231054358194 buy_residual=477190 sell_residual=0
S3_MATCH slot=27 active=1 buy_rank=135 sell_rank=60 price=569487 quantity=477190 settlement=271753501530 buy_residual=0 sell_residual=328837
S3_MATCH slot=28 active=1 buy_rank=22 sell_rank=60 price=801868 quantity=328837 settlement=263683867516 buy_residual=487327 sell_residual=0
S3_MATCH slot=29 active=1 buy_rank=22 sell_rank=161 price=680754 quantity=223256 settlement=151982415024 buy_residual=264071 sell_residual=0
S3_MATCH slot=30 active=1 buy_rank=22 sell_rank=209 price=694043 quantity=264071 settlement=183276629053 buy_residual=0 sell_residual=261264
S3_MATCH slot=31 active=1 buy_rank=56 sell_rank=209 price=363921 quantity=261264 settlement=95079456144 buy_residual=483059 sell_residual=0
S3_MATCH slot=32 active=1 buy_rank=56 sell_rank=120 price=423320 quantity=483059 settlement=204488535880 buy_residual=0 sell_residual=189530
S3_MATCH slot=33 active=1 buy_rank=141 sell_rank=120 price=536594 quantity=189530 settlement=101700660820 buy_residual=151313 sell_residual=0
S3_MATCH slot=34 active=1 buy_rank=141 sell_rank=35 price=346211 quantity=151313 settlement=52386225043 buy_residual=0 sell_residual=23531
S3_MATCH slot=35 active=1 buy_rank=38 sell_rank=35 price=206967 quantity=23531 settlement=4870140477 buy_residual=955088 sell_residual=0
S3_MATCH slot=36 active=1 buy_rank=38 sell_rank=104 price=333779 quantity=665456 settlement=222115238224 buy_residual=289632 sell_residual=0
S3_MATCH slot=37 active=1 buy_rank=38 sell_rank=138 price=196554 quantity=289632 settlement=56928328128 buy_residual=0 sell_residual=140480
S3_MATCH slot=38 active=1 buy_rank=83 sell_rank=138 price=202431 quantity=15529 settlement=3143550999 buy_residual=0 sell_residual=124951
S3_MATCH slot=39 active=1 buy_rank=133 sell_rank=138 price=536180 quantity=124951 settlement=66996227180 buy_residual=268595 sell_residual=0
S3_MATCH slot=40 active=1 buy_rank=133 sell_rank=30 price=854821 quantity=268595 settlement=229600646495 buy_residual=0 sell_residual=585047
S3_MATCH slot=41 active=1 buy_rank=122 sell_rank=30 price=367984 quantity=175966 settlement=64752672544 buy_residual=0 sell_residual=409081
S3_MATCH slot=42 active=1 buy_rank=75 sell_rank=30 price=816382 quantity=409081 settlement=333966364942 buy_residual=149702 sell_residual=0
S3_MATCH slot=43 active=1 buy_rank=75 sell_rank=33 price=646419 quantity=149702 settlement=96770217138 buy_residual=0 sell_residual=230860
S3_MATCH slot=44 active=1 buy_rank=42 sell_rank=33 price=521429 quantity=230860 settlement=120377098940 buy_residual=642628 sell_residual=0
S3_MATCH slot=45 active=1 buy_rank=42 sell_rank=0 price=413175 quantity=90683 settlement=37467948525 buy_residual=551945 sell_residual=0
S3_MATCH slot=46 active=1 buy_rank=42 sell_rank=112 price=564592 quantity=551945 settlement=311623731440 buy_residual=0 sell_residual=300531
S3_MATCH slot=47 active=1 buy_rank=125 sell_rank=112 price=245583 quantity=300531 settlement=73805304573 buy_residual=451449 sell_residual=0
S3_MATCH slot=48 active=1 buy_rank=125 sell_rank=100 price=148349 quantity=451449 settlement=66972007701 buy_residual=0 sell_residual=149800
S3_MATCH slot=49 active=1 buy_rank=45 sell_rank=100 price=351144 quantity=149800 settlement=52601371200 buy_residual=364368 sell_residual=0
S3_MATCH slot=50 active=1 buy_rank=45 sell_rank=24 price=663071 quantity=338276 settlement=224301005596 buy_residual=26092 sell_residual=0
S3_MATCH slot=51 active=1 buy_rank=45 sell_rank=182 price=596550 quantity=26092 settlement=15565182600 buy_residual=0 sell_residual=415648
S3_MATCH slot=52 active=1 buy_rank=58 sell_rank=182 price=419224 quantity=178583 settlement=74866279592 buy_residual=0 sell_residual=237065
S3_MATCH slot=53 active=1 buy_rank=44 sell_rank=51 price=173525 quantity=96526 settlement=16749674150 buy_residual=832811 sell_residual=0
S3_MATCH slot=54 active=1 buy_rank=44 sell_rank=78 price=166516 quantity=306144 settlement=50977874304 buy_residual=526667 sell_residual=0
S3_MATCH slot=55 active=1 buy_rank=44 sell_rank=109 price=182673 quantity=526667 settlement=96207840891 buy_residual=0 sell_residual=428066
S3_MATCH slot=56 active=1 buy_rank=47 sell_rank=109 price=390986 quantity=428066 settlement=167367813076 buy_residual=301326 sell_residual=0
S3_MATCH slot=57 active=1 buy_rank=47 sell_rank=150 price=564584 quantity=301326 settlement=170123838384 buy_residual=0 sell_residual=414167
S3_MATCH slot=58 active=1 buy_rank=20 sell_rank=150 price=704361 quantity=372401 settlement=262304740761 buy_residual=0 sell_residual=41766
S3_MATCH slot=59 active=1 buy_rank=84 sell_rank=150 price=601599 quantity=41766 settlement=25126383834 buy_residual=91331 sell_residual=0
S3_MATCH slot=60 active=1 buy_rank=84 sell_rank=201 price=655354 quantity=4352 settlement=2852100608 buy_residual=86979 sell_residual=0
S3_MATCH slot=61 active=1 buy_rank=84 sell_rank=164 price=662193 quantity=86979 settlement=57596884947 buy_residual=0 sell_residual=159534
S3_MATCH slot=62 active=1 buy_rank=80 sell_rank=206 price=101588 quantity=552290 settlement=56106036520 buy_residual=133569 sell_residual=0
S3_MATCH slot=63 active=1 buy_rank=80 sell_rank=96 price=100043 quantity=133569 settlement=13362643467 buy_residual=0 sell_residual=153474
S3_MATCH slot=64 active=1 buy_rank=69 sell_rank=96 price=285599 quantity=50123 settlement=14315078677 buy_residual=0 sell_residual=103351
S3_MATCH slot=65 active=1 buy_rank=53 sell_rank=96 price=259217 quantity=103351 settlement=26790336167 buy_residual=588510 sell_residual=0
S3_MATCH slot=66 active=1 buy_rank=53 sell_rank=98 price=688359 quantity=113240 settlement=77949773160 buy_residual=475270 sell_residual=0
S3_MATCH slot=67 active=1 buy_rank=53 sell_rank=91 price=567506 quantity=95455 settlement=54171285230 buy_residual=379815 sell_residual=0
S3_MATCH slot=68 active=1 buy_rank=53 sell_rank=80 price=529785 quantity=379815 settlement=201220289775 buy_residual=0 sell_residual=316744
S3_MATCH slot=69 active=1 buy_rank=11 sell_rank=80 price=639649 quantity=147153 settlement=94126269297 buy_residual=0 sell_residual=169591
S3_MATCH slot=70 active=1 buy_rank=2 sell_rank=25 price=208642 quantity=794947 settlement=165859331974 buy_residual=194465 sell_residual=0
S3_MATCH slot=71 active=1 buy_rank=2 sell_rank=197 price=237991 quantity=81955 settlement=19504552405 buy_residual=112510 sell_residual=0
S3_MATCH slot=72 active=1 buy_rank=2 sell_rank=53 price=247825 quantity=112510 settlement=27882790750 buy_residual=0 sell_residual=536444
S3_MATCH slot=73 active=1 buy_rank=43 sell_rank=53 price=520928 quantity=536444 settlement=279448700032 buy_residual=359890 sell_residual=0
S3_MATCH slot=74 active=1 buy_rank=43 sell_rank=11 price=478790 quantity=359890 settlement=172311733100 buy_residual=0 sell_residual=252205
S3_MATCH slot=75 active=1 buy_rank=48 sell_rank=11 price=364838 quantity=55742 settlement=20336799796 buy_residual=0 sell_residual=196463
S3_MATCH slot=76 active=1 buy_rank=86 sell_rank=11 price=340911 quantity=196463 settlement=66976397793 buy_residual=744620 sell_residual=0
S3_MATCH slot=77 active=1 buy_rank=86 sell_rank=151 price=490124 quantity=743173 settlement=364246923452 buy_residual=1447 sell_residual=0
S3_MATCH slot=78 active=1 buy_rank=86 sell_rank=183 price=438487 quantity=1447 settlement=634490689 buy_residual=0 sell_residual=51039
S3_MATCH slot=79 active=1 buy_rank=119 sell_rank=119 price=288217 quantity=228302 settlement=65800517534 buy_residual=0 sell_residual=415039
S3_MATCH slot=80 active=1 buy_rank=41 sell_rank=119 price=368358 quantity=365296 settlement=134559703968 buy_residual=0 sell_residual=49743
S3_MATCH slot=81 active=1 buy_rank=131 sell_rank=119 price=764127 quantity=49743 settlement=38009969361 buy_residual=145352 sell_residual=0
S3_MATCH slot=82 active=1 buy_rank=131 sell_rank=173 price=987676 quantity=145352 settlement=143560681952 buy_residual=0 sell_residual=151512
S3_MATCH slot=83 active=1 buy_rank=5 sell_rank=173 price=846849 quantity=151512 settlement=128307785688 buy_residual=631710 sell_residual=0
S3_MATCH slot=84 active=1 buy_rank=5 sell_rank=68 price=753269 quantity=107419 settlement=80915402711 buy_residual=524291 sell_residual=0
S3_MATCH slot=85 active=1 buy_rank=5 sell_rank=160 price=724959 quantity=524291 settlement=380089479069 buy_residual=0 sell_residual=146095
S3_MATCH slot=86 active=1 buy_rank=126 sell_rank=118 price=405910 quantity=361188 settlement=146609821080 buy_residual=0 sell_residual=367074
S3_MATCH slot=87 active=1 buy_rank=108 sell_rank=118 price=687213 quantity=367074 settlement=252258024762 buy_residual=520492 sell_residual=0
S3_MATCH slot=88 active=1 buy_rank=108 sell_rank=86 price=806843 quantity=376645 settlement=303893381735 buy_residual=143847 sell_residual=0
S3_MATCH slot=89 active=1 buy_rank=108 sell_rank=50 price=437728 quantity=102528 settlement=44879376384 buy_residual=41319 sell_residual=0
S3_MATCH slot=90 active=1 buy_rank=108 sell_rank=85 price=557391 quantity=41319 settlement=23030838729 buy_residual=0 sell_residual=568096
S3_MATCH slot=91 active=1 buy_rank=62 sell_rank=85 price=541779 quantity=568096 settlement=307782482784 buy_residual=195430 sell_residual=0
S3_MATCH slot=92 active=1 buy_rank=62 sell_rank=13 price=422069 quantity=195430 settlement=82484944670 buy_residual=0 sell_residual=567617
S3_MATCH slot=93 active=1 buy_rank=121 sell_rank=13 price=470749 quantity=567617 settlement=267205135133 buy_residual=91574 sell_residual=0
S3_MATCH slot=94 active=1 buy_rank=121 sell_rank=176 price=757423 quantity=91574 settlement=69360253802 buy_residual=0 sell_residual=377864
S3_MATCH slot=95 active=1 buy_rank=13 sell_rank=176 price=569167 quantity=20176 settlement=11483513392 buy_residual=0 sell_residual=357688
S3_MATCH slot=96 active=1 buy_rank=85 sell_rank=176 price=895124 quantity=194367 settlement=173982566508 buy_residual=0 sell_residual=163321
S3_MATCH slot=97 active=1 buy_rank=52 sell_rank=176 price=515439 quantity=163321 settlement=84182012919 buy_residual=510293 sell_residual=0
S3_MATCH slot=98 active=1 buy_rank=52 sell_rank=200 price=560476 quantity=510293 settlement=286006979468 buy_residual=0 sell_residual=54534
S3_MATCH slot=99 active=1 buy_rank=73 sell_rank=200 price=781787 quantity=54534 settlement=42633972258 buy_residual=918284 sell_residual=0
S3_MATCH slot=100 active=1 buy_rank=73 sell_rank=203 price=604672 quantity=90607 settlement=54787515904 buy_residual=827677 sell_residual=0
S3_MATCH slot=101 active=1 buy_rank=73 sell_rank=29 price=901403 quantity=445430 settlement=401511938290 buy_residual=382247 sell_residual=0
S3_MATCH slot=102 active=1 buy_rank=73 sell_rank=193 price=513717 quantity=382247 settlement=196366782099 buy_residual=0 sell_residual=357237
S3_MATCH slot=103 active=1 buy_rank=17 sell_rank=193 price=459018 quantity=357237 settlement=163978213266 buy_residual=397060 sell_residual=0
S3_MATCH slot=104 active=1 buy_rank=17 sell_rank=116 price=862803 quantity=397060 settlement=342584559180 buy_residual=0 sell_residual=590725
S3_MATCH slot=105 active=1 buy_rank=57 sell_rank=43 price=99503 quantity=433068 settlement=43091565204 buy_residual=100751 sell_residual=0
S3_MATCH slot=106 active=1 buy_rank=57 sell_rank=178 price=102328 quantity=100751 settlement=10309648328 buy_residual=0 sell_residual=480957
S3_MATCH slot=107 active=1 buy_rank=6 sell_rank=178 price=499616 quantity=480957 settlement=240293812512 buy_residual=380074 sell_residual=0
S3_MATCH slot=108 active=1 buy_rank=6 sell_rank=170 price=603689 quantity=380074 settlement=229446492986 buy_residual=0 sell_residual=324545
S3_MATCH slot=109 active=1 buy_rank=51 sell_rank=123 price=47717 quantity=458 settlement=21854386 buy_residual=382065 sell_residual=0
S3_MATCH slot=110 active=0 buy_rank=0 sell_rank=0 price=0 quantity=0 settlement=0 buy_residual=0 sell_residual=0
S3_MATCH slot=111 active=0 buy_rank=0 sell_rank=0 price=0 quantity=0 settlement=0 buy_residual=0 sell_residual=0
S3_MATCH slot=112 active=0 buy_rank=0 sell_rank=0 price=0 quantity=0 settlement=0 buy_residual=0 sell_residual=0
S3_MATCH slot=113 active=0 buy_rank=0 sell_rank=0 price=0 quantity=0 settlement=0 buy_residual=0 sell_residual=0
S3_MATCH slot=114 active=0 buy_rank=0 sell_rank=0 price=0 quantity=0 settlement=0 buy_residual=0 sell_residual=0
S3_MATCH slot=115 active=0 buy_rank=0 sell_rank=0 price=0 quantity=0 settlement=0 buy_residual=0 sell_residual=0
S3_MATCH slot=116 active=0 buy_rank=0 sell_rank=0 price=0 quantity=0 settlement=0 buy_residual=0 sell_residual=0
S3_MATCH slot=117 active=0 buy_rank=0 sell_rank=0 price=0 quantity=0 settlement=0 buy_residual=0 sell_residual=0
S3_MATCH slot=118 active=0 buy_rank=0 sell_rank=0 price=0 quantity=0 settlement=0 buy_residual=0 sell_residual=0
S3_MATCH slot=119 active=0 buy_rank=0 sell_rank=0 price=0 quantity=0 settlement=0 buy_residual=0 sell_residual=0
S3_MATCH slot=120 active=0 buy_rank=0 sell_rank=0 price=0 quantity=0 settlement=0 buy_residual=0 sell_residual=0
S3_MATCH slot=121 active=0 buy_rank=0 sell_rank=0 price=0 quantity=0 settlement=0 buy_residual=0 sell_residual=0
S3_MATCH slot=122 active=0 buy_rank=0 sell_rank=0 price=0 quantity=0 settlement=0 buy_residual=0 sell_residual=0
S3_MATCH slot=123 active=0 buy_rank=0 sell_rank=0 price=0 quantity=0 settlement=0 buy_residual=0 sell_residual=0
S3_MATCH slot=124 active=0 buy_rank=0 sell_rank=0 price=0 quantity=0 settlement=0 buy_residual=0 sell_residual=0
S3_MATCH slot=125 active=0 buy_rank=0 sell_rank=0 price=0 quantity=0 settlement=0 buy_residual=0 sell_residual=0
S3_MATCH slot=126 active=0 buy_rank=0 sell_rank=0 price=0 quantity=0 settlement=0 buy_residual=0 sell_residual=0
S3_MATCH slot=127 active=0 buy_rank=0 sell_rank=0 price=0 quantity=0 settlement=0 buy_residual=0 sell_residual=0
S3_MATCH slot=128 active=0 buy_rank=0 sell_rank=0 price=0 quantity=0 settlement=0 buy_residual=0 sell_residual=0
S3_MATCH slot=129 active=0 buy_rank=0 sell_rank=0 price=0 quantity=0 settlement=0 buy_residual=0 sell_residual=0
S3_MATCH slot=130 active=0 buy_rank=0 sell_rank=0 price=0 quantity=0 settlement=0 buy_residual=0 sell_residual=0
S3_MATCH slot=131 active=0 buy_rank=0 sell_rank=0 price=0 quantity=0 settlement=0 buy_residual=0 sell_residual=0
S3_MATCH slot=132 active=0 buy_rank=0 sell_rank=0 price=0 quantity=0 settlement=0 buy_residual=0 sell_residual=0
S3_MATCH slot=133 active=0 buy_rank=0 sell_rank=0 price=0 quantity=0 settlement=0 buy_residual=0 sell_residual=0
S3_MATCH slot=134 active=0 buy_rank=0 sell_rank=0 price=0 quantity=0 settlement=0 buy_residual=0 sell_residual=0
S3_MATCH slot=135 active=0 buy_rank=0 sell_rank=0 price=0 quantity=0 settlement=0 buy_residual=0 sell_residual=0
S3_MATCH slot=136 active=0 buy_rank=0 sell_rank=0 price=0 quantity=0 settlement=0 buy_residual=0 sell_residual=0
S3_MATCH slot=137 active=0 buy_rank=0 sell_rank=0 price=0 quantity=0 settlement=0 buy_residual=0 sell_residual=0
S3_MATCH slot=138 active=0 buy_rank=0 sell_rank=0 price=0 quantity=0 settlement=0 buy_residual=0 sell_residual=0
S3_MATCH slot=139 active=0 buy_rank=0 sell_rank=0 price=0 quantity=0 settlement=0 buy_residual=0 sell_residual=0
S3_MATCH slot=140 active=0 buy_rank=0 sell_rank=0 price=0 quantity=0 settlement=0 buy_residual=0 sell_residual=0
S3_MATCH slot=141 active=0 buy_rank=0 sell_rank=0 price=0 quantity=0 settlement=0 buy_residual=0 sell_residual=0
S3_MATCH slot=142 active=0 buy_rank=0 sell_rank=0 price=0 quantity=0 settlement=0 buy_residual=0 sell_residual=0
S3_MATCH slot=143 active=0 buy_rank=0 sell_rank=0 price=0 quantity=0 settlement=0 buy_residual=0 sell_residual=0
S3_MATCH slot=144 active=0 buy_rank=0 sell_rank=0 price=0 quantity=0 settlement=0 buy_residual=0 sell_residual=0
S3_MATCH slot=145 active=0 buy_rank=0 sell_rank=0 price=0 quantity=0 settlement=0 buy_residual=0 sell_residual=0
S3_MATCH slot=146 active=0 buy_rank=0 sell_rank=0 price=0 quantity=0 settlement=0 buy_residual=0 sell_residual=0
S3_MATCH slot=147 active=0 buy_rank=0 sell_rank=0 price=0 quantity=0 settlement=0 buy_residual=0 sell_residual=0
S3_MATCH slot=148 active=0 buy_rank=0 sell_rank=0 price=0 quantity=0 settlement=0 buy_residual=0 sell_residual=0
S3_MATCH slot=149 active=0 buy_rank=0 sell_rank=0 price=0 quantity=0 settlement=0 buy_residual=0 sell_residual=0
S3_MATCH slot=150 active=0 buy_rank=0 sell_rank=0 price=0 quantity=0 settlement=0 buy_residual=0 sell_residual=0
S3_MATCH slot=151 active=0 buy_rank=0 sell_rank=0 price=0 quantity=0 settlement=0 buy_residual=0 sell_residual=0
S3_MATCH slot=152 active=0 buy_rank=0 sell_rank=0 price=0 quantity=0 settlement=0 buy_residual=0 sell_residual=0
S3_MATCH slot=153 active=0 buy_rank=0 sell_rank=0 price=0 quantity=0 settlement=0 buy_residual=0 sell_residual=0
S3_MATCH slot=154 active=0 buy_rank=0 sell_rank=0 price=0 quantity=0 settlement=0 buy_residual=0 sell_residual=0
S3_MATCH slot=155 active=0 buy_rank=0 sell_rank=0 price=0 quantity=0 settlement=0 buy_residual=0 sell_residual=0
S3_MATCH slot=156 active=0 buy_rank=0 sell_rank=0 price=0 quantity=0 settlement=0 buy_residual=0 sell_residual=0
S3_MATCH slot=157 active=0 buy_rank=0 sell_rank=0 price=0 quantity=0 settlement=0 buy_residual=0 sell_residual=0
S3_MATCH slot=158 active=0 buy_rank=0 sell_rank=0 price=0 quantity=0 settlement=0 buy_residual=0 sell_residual=0
S3_MATCH slot=159 active=0 buy_rank=0 sell_rank=0 price=0 quantity=0 settlement=0 buy_residual=0 sell_residual=0
S3_MATCH slot=160 active=0 buy_rank=0 sell_rank=0 price=0 quantity=0 settlement=0 buy_residual=0 sell_residual=0
S3_MATCH slot=161 active=0 buy_rank=0 sell_rank=0 price=0 quantity=0 settlement=0 buy_residual=0 sell_residual=0
S3_MATCH slot=162 active=0 buy_rank=0 sell_rank=0 price=0 quantity=0 settlement=0 buy_residual=0 sell_residual=0
S3_MATCH slot=163 active=0 buy_rank=0 sell_rank=0 price=0 quantity=0 settlement=0 buy_residual=0 sell_residual=0
S3_MATCH slot=164 active=0 buy_rank=0 sell_rank=0 price=0 quantity=0 settlement=0 buy_residual=0 sell_residual=0
S3_MATCH slot=165 active=0 buy_rank=0 sell_rank=0 price=0 quantity=0 settlement=0 buy_residual=0 sell_residual=0
S3_MATCH slot=166 active=0 buy_rank=0 sell_rank=0 price=0 quantity=0 settlement=0 buy_residual=0 sell_residual=0
S3_MATCH slot=167 active=0 buy_rank=0 sell_rank=0 price=0 quantity=0 settlement=0 buy_residual=0 sell_residual=0
S3_MATCH slot=168 active=0 buy_rank=0 sell_rank=0 price=0 quantity=0 settlement=0 buy_residual=0 sell_residual=0
S3_MATCH slot=169 active=0 buy_rank=0 sell_rank=0 price=0 quantity=0 settlement=0 buy_residual=0 sell_residual=0
S3_MATCH slot=170 active=0 buy_rank=0 sell_rank=0 price=0 quantity=0 settlement=0 buy_residual=0 sell_residual=0
S3_MATCH slot=171 active=0 buy_rank=0 sell_rank=0 price=0 quantity=0 settlement=0 buy_residual=0 sell_residual=0
S3_MATCH slot=172 active=0 buy_rank=0 sell_rank=0 price=0 quantity=0 settlement=0 buy_residual=0 sell_residual=0
S3_MATCH slot=173 active=0 buy_rank=0 sell_rank=0 price=0 quantity=0 settlement=0 buy_residual=0 sell_residual=0
S3_MATCH slot=174 active=0 buy_rank=0 sell_rank=0 price=0 quantity=0 settlement=0 buy_residual=0 sell_residual=0
S3_MATCH slot=175 active=0 buy_rank=0 sell_rank=0 price=0 quantity=0 settlement=0 buy_residual=0 sell_residual=0
S3_MATCH slot=176 active=0 buy_rank=0 sell_rank=0 price=0 quantity=0 settlement=0 buy_residual=0 sell_residual=0
S3_MATCH slot=177 active=0 buy_rank=0 sell_rank=0 price=0 quantity=0 settlement=0 buy_residual=0 sell_residual=0
S3_MATCH slot=178 active=0 buy_rank=0 sell_rank=0 price=0 quantity=0 settlement=0 buy_residual=0 sell_residual=0
S3_MATCH slot=179 active=0 buy_rank=0 sell_rank=0 price=0 quantity=0 settlement=0 buy_residual=0 sell_residual=0
S3_MATCH slot=180 active=0 buy_rank=0 sell_rank=0 price=0 quantity=0 settlement=0 buy_residual=0 sell_residual=0
S3_MATCH slot=181 active=0 buy_rank=0 sell_rank=0 price=0 quantity=0 settlement=0 buy_residual=0 sell_residual=0
S3_MATCH slot=182 active=0 buy_rank=0 sell_rank=0 price=0 quantity=0 settlement=0 buy_residual=0 sell_residual=0
S3_MATCH slot=183 active=0 buy_rank=0 sell_rank=0 price=0 quantity=0 settlement=0 buy_residual=0 sell_residual=0
S3_MATCH slot=184 active=0 buy_rank=0 sell_rank=0 price=0 quantity=0 settlement=0 buy_residual=0 sell_residual=0
S3_MATCH slot=185 active=0 buy_rank=0 sell_rank=0 price=0 quantity=0 settlement=0 buy_residual=0 sell_residual=0
S3_MATCH slot=186 active=0 buy_rank=0 sell_rank=0 price=0 quantity=0 settlement=0 buy_residual=0 sell_residual=0
S3_MATCH slot=187 active=0 buy_rank=0 sell_rank=0 price=0 quantity=0 settlement=0 buy_residual=0 sell_residual=0
S3_MATCH slot=188 active=0 buy_rank=0 sell_rank=0 price=0 quantity=0 settlement=0 buy_residual=0 sell_residual=0
S3_MATCH slot=189 active=0 buy_rank=0 sell_rank=0 price=0 quantity=0 settlement=0 buy_residual=0 sell_residual=0
S3_MATCH slot=190 active=0 buy_rank=0 sell_rank=0 price=0 quantity=0 settlement=0 buy_residual=0 sell_residual=0
S3_MATCH slot=191 active=0 buy_rank=0 sell_rank=0 price=0 quantity=0 settlement=0 buy_residual=0 sell_residual=0
S3_MATCH slot=192 active=0 buy_rank=0 sell_rank=0 price=0 quantity=0 settlement=0 buy_residual=0 sell_residual=0
S3_MATCH slot=193 active=0 buy_rank=0 sell_rank=0 price=0 quantity=0 settlement=0 buy_residual=0 sell_residual=0
S3_MATCH slot=194 active=0 buy_rank=0 sell_rank=0 price=0 quantity=0 settlement=0 buy_residual=0 sell_residual=0
S3_MATCH slot=195 active=0 buy_rank=0 sell_rank=0 price=0 quantity=0 settlement=0 buy_residual=0 sell_residual=0
S3_MATCH slot=196 active=0 buy_rank=0 sell_rank=0 price=0 quantity=0 settlement=0 buy_residual=0 sell_residual=0
S3_MATCH slot=197 active=0 buy_rank=0 sell_rank=0 price=0 quantity=0 settlement=0 buy_residual=0 sell_residual=0
S3_MATCH slot=198 active=0 buy_rank=0 sell_rank=0 price=0 quantity=0 settlement=0 buy_residual=0 sell_residual=0
S3_MATCH slot=199 active=0 buy_rank=0 sell_rank=0 price=0 quantity=0 settlement=0 buy_residual=0 sell_residual=0
S3_MATCH slot=200 active=0 buy_rank=0 sell_rank=0 price=0 quantity=0 settlement=0 buy_residual=0 sell_residual=0
S3_MATCH slot=201 active=0 buy_rank=0 sell_rank=0 price=0 quantity=0 settlement=0 buy_residual=0 sell_residual=0
S3_MATCH slot=202 active=0 buy_rank=0 sell_rank=0 price=0 quantity=0 settlement=0 buy_residual=0 sell_residual=0
S3_MATCH slot=203 active=0 buy_rank=0 sell_rank=0 price=0 quantity=0 settlement=0 buy_residual=0 sell_residual=0
S3_MATCH slot=204 active=0 buy_rank=0 sell_rank=0 price=0 quantity=0 settlement=0 buy_residual=0 sell_residual=0
S3_MATCH slot=205 active=0 buy_rank=0 sell_rank=0 price=0 quantity=0 settlement=0 buy_residual=0 sell_residual=0
S3_MATCH slot=206 active=0 buy_rank=0 sell_rank=0 price=0 quantity=0 settlement=0 buy_residual=0 sell_residual=0
S3_MATCH slot=207 active=0 buy_rank=0 sell_rank=0 price=0 quantity=0 settlement=0 buy_residual=0 sell_residual=0
S3_MATCH slot=208 active=0 buy_rank=0 sell_rank=0 price=0 quantity=0 settlement=0 buy_residual=0 sell_residual=0
S3_MATCH slot=209 active=0 buy_rank=0 sell_rank=0 price=0 quantity=0 settlement=0 buy_residual=0 sell_residual=0
S3_MATCH slot=210 active=0 buy_rank=0 sell_rank=0 price=0 quantity=0 settlement=0 buy_residual=0 sell_residual=0
S3_MATCH slot=211 active=0 buy_rank=0 sell_rank=0 price=0 quantity=0 settlement=0 buy_residual=0 sell_residual=0
S3_MATCH slot=212 active=0 buy_rank=0 sell_rank=0 price=0 quantity=0 settlement=0 buy_residual=0 sell_residual=0
S3_MATCH slot=213 active=0 buy_rank=0 sell_rank=0 price=0 quantity=0 settlement=0 buy_residual=0 sell_residual=0
S3_MATCH slot=214 active=0 buy_rank=0 sell_rank=0 price=0 quantity=0 settlement=0 buy_residual=0 sell_residual=0
S3_MATCH slot=215 active=0 buy_rank=0 sell_rank=0 price=0 quantity=0 settlement=0 buy_residual=0 sell_residual=0
S3_MATCH slot=216 active=0 buy_rank=0 sell_rank=0 price=0 quantity=0 settlement=0 buy_residual=0 sell_residual=0
S3_MATCH slot=217 active=0 buy_rank=0 sell_rank=0 price=0 quantity=0 settlement=0 buy_residual=0 sell_residual=0
S3_MATCH slot=218 active=0 buy_rank=0 sell_rank=0 price=0 quantity=0 settlement=0 buy_residual=0 sell_residual=0
S3_MATCH slot=219 active=0 buy_rank=0 sell_rank=0 price=0 quantity=0 settlement=0 buy_residual=0 sell_residual=0
S3_MATCH slot=220 active=0 buy_rank=0 sell_rank=0 price=0 quantity=0 settlement=0 buy_residual=0 sell_residual=0
S3_MATCH slot=221 active=0 buy_rank=0 sell_rank=0 price=0 quantity=0 settlement=0 buy_residual=0 sell_residual=0
S3_MATCH slot=222 active=0 buy_rank=0 sell_rank=0 price=0 quantity=0 settlement=0 buy_residual=0 sell_residual=0
S3_MATCH slot=223 active=0 buy_rank=0 sell_rank=0 price=0 quantity=0 settlement=0 buy_residual=0 sell_residual=0
S3_MATCH slot=224 active=0 buy_rank=0 sell_rank=0 price=0 quantity=0 settlement=0 buy_residual=0 sell_residual=0
S3_MATCH slot=225 active=0 buy_rank=0 sell_rank=0 price=0 quantity=0 settlement=0 buy_residual=0 sell_residual=0
S3_MATCH slot=226 active=0 buy_rank=0 sell_rank=0 price=0 quantity=0 settlement=0 buy_residual=0 sell_residual=0
S3_MATCH slot=227 active=0 buy_rank=0 sell_rank=0 price=0 quantity=0 settlement=0 buy_residual=0 sell_residual=0
S3_MATCH slot=228 active=0 buy_rank=0 sell_rank=0 price=0 quantity=0 settlement=0 buy_residual=0 sell_residual=0
S3_MATCH slot=229 active=0 buy_rank=0 sell_rank=0 price=0 quantity=0 settlement=0 buy_residual=0 sell_residual=0
S3_MATCH slot=230 active=0 buy_rank=0 sell_rank=0 price=0 quantity=0 settlement=0 buy_residual=0 sell_residual=0
S3_MATCH slot=231 active=0 buy_rank=0 sell_rank=0 price=0 quantity=0 settlement=0 buy_residual=0 sell_residual=0
S3_MATCH slot=232 active=0 buy_rank=0 sell_rank=0 price=0 quantity=0 settlement=0 buy_residual=0 sell_residual=0
S3_MATCH slot=233 active=0 buy_rank=0 sell_rank=0 price=0 quantity=0 settlement=0 buy_residual=0 sell_residual=0
S3_MATCH slot=234 active=0 buy_rank=0 sell_rank=0 price=0 quantity=0 settlement=0 buy_residual=0 sell_residual=0
S3_MATCH slot=235 active=0 buy_rank=0 sell_rank=0 price=0 quantity=0 settlement=0 buy_residual=0 sell_residual=0
S3_MATCH slot=236 active=0 buy_rank=0 sell_rank=0 price=0 quantity=0 settlement=0 buy_residual=0 sell_residual=0
S3_MATCH slot=237 active=0 buy_rank=0 sell_rank=0 price=0 quantity=0 settlement=0 buy_residual=0 sell_residual=0
S3_MATCH slot=238 active=0 buy_rank=0 sell_rank=0 price=0 quantity=0 settlement=0 buy_residual=0 sell_residual=0
S3_MATCH slot=239 active=0 buy_rank=0 sell_rank=0 price=0 quantity=0 settlement=0 buy_residual=0 sell_residual=0
S3_MATCH slot=240 active=0 buy_rank=0 sell_rank=0 price=0 quantity=0 settlement=0 buy_residual=0 sell_residual=0
S3_MATCH slot=241 active=0 buy_rank=0 sell_rank=0 price=0 quantity=0 settlement=0 buy_residual=0 sell_residual=0
S3_MATCH slot=242 active=0 buy_rank=0 sell_rank=0 price=0 quantity=0 settlement=0 buy_residual=0 sell_residual=0
S3_MATCH slot=243 active=0 buy_rank=0 sell_rank=0 price=0 quantity=0 settlement=0 buy_residual=0 sell_residual=0
S3_MATCH slot=244 active=0 buy_rank=0 sell_rank=0 price=0 quantity=0 settlement=0 buy_residual=0 sell_residual=0
S3_MATCH slot=245 active=0 buy_rank=0 sell_rank=0 price=0 quantity=0 settlement=0 buy_residual=0 sell_residual=0
S3_MATCH slot=246 active=0 buy_rank=0 sell_rank=0 price=0 quantity=0 settlement=0 buy_residual=0 sell_residual=0
S3_MATCH slot=247 active=0 buy_rank=0 sell_rank=0 price=0 quantity=0 settlement=0 buy_residual=0 sell_residual=0
S3_MATCH slot=248 active=0 buy_rank=0 sell_rank=0 price=0 quantity=0 settlement=0 buy_residual=0 sell_residual=0
S3_MATCH slot=249 active=0 buy_rank=0 sell_rank=0 price=0 quantity=0 settlement=0 buy_residual=0 sell_residual=0
S3_MATCH slot=250 active=0 buy_rank=0 sell_rank=0 price=0 quantity=0 settlement=0 buy_residual=0 sell_residual=0
S3_MATCH slot=251 active=0 buy_rank=0 sell_rank=0 price=0 quantity=0 settlement=0 buy_residual=0 sell_residual=0
S3_MATCH slot=252 active=0 buy_rank=0 sell_rank=0 price=0 quantity=0 settlement=0 buy_residual=0 sell_residual=0
S3_MATCH slot=253 active=0 buy_rank=0 sell_rank=0 price=0 quantity=0 settlement=0 buy_residual=0 sell_residual=0
S3_MATCH slot=254 active=0 buy_rank=0 sell_rank=0 price=0 quantity=0 settlement=0 buy_residual=0 sell_residual=0
S3_MATCH slot=255 active=0 buy_rank=0 sell_rank=0 price=0 quantity=0 settlement=0 buy_residual=0 sell_residual=0
S3_MATCH slot=256 active=0 buy_rank=0 sell_rank=0 price=0 quantity=0 settlement=0 buy_residual=0 sell_residual=0
S3_MATCH slot=257 active=0 buy_rank=0 sell_rank=0 price=0 quantity=0 settlement=0 buy_residual=0 sell_residual=0
S3_MATCH slot=258 active=0 buy_rank=0 sell_rank=0 price=0 quantity=0 settlement=0 buy_residual=0 sell_residual=0
S3_MATCH slot=259 active=0 buy_rank=0 sell_rank=0 price=0 quantity=0 settlement=0 buy_residual=0 sell_residual=0
S3_MATCH slot=260 active=0 buy_rank=0 sell_rank=0 price=0 quantity=0 settlement=0 buy_residual=0 sell_residual=0
S3_MATCH slot=261 active=0 buy_rank=0 sell_rank=0 price=0 quantity=0 settlement=0 buy_residual=0 sell_residual=0
S3_MATCH slot=262 active=0 buy_rank=0 sell_rank=0 price=0 quantity=0 settlement=0 buy_residual=0 sell_residual=0
S3_MATCH slot=263 active=0 buy_rank=0 sell_rank=0 price=0 quantity=0 settlement=0 buy_residual=0 sell_residual=0
S3_MATCH slot=264 active=0 buy_rank=0 sell_rank=0 price=0 quantity=0 settlement=0 buy_residual=0 sell_residual=0
S3_MATCH slot=265 active=0 buy_rank=0 sell_rank=0 price=0 quantity=0 settlement=0 buy_residual=0 sell_residual=0
S3_MATCH slot=266 active=0 buy_rank=0 sell_rank=0 price=0 quantity=0 settlement=0 buy_residual=0 sell_residual=0
S3_MATCH slot=267 active=0 buy_rank=0 sell_rank=0 price=0 quantity=0 settlement=0 buy_residual=0 sell_residual=0
S3_MATCH slot=268 active=0 buy_rank=0 sell_rank=0 price=0 quantity=0 settlement=0 buy_residual=0 sell_residual=0
S3_MATCH slot=269 active=0 buy_rank=0 sell_rank=0 price=0 quantity=0 settlement=0 buy_residual=0 sell_residual=0
S3_MATCH slot=270 active=0 buy_rank=0 sell_rank=0 price=0 quantity=0 settlement=0 buy_residual=0 sell_residual=0
S3_MATCH slot=271 active=0 buy_rank=0 sell_rank=0 price=0 quantity=0 settlement=0 buy_residual=0 sell_residual=0
S3_MATCH slot=272 active=0 buy_rank=0 sell_rank=0 price=0 quantity=0 settlement=0 buy_residual=0 sell_residual=0
S3_MATCH slot=273 active=0 buy_rank=0 sell_rank=0 price=0 quantity=0 settlement=0 buy_residual=0 sell_residual=0
S3_MATCH slot=274 active=0 buy_rank=0 sell_rank=0 price=0 quantity=0 settlement=0 buy_residual=0 sell_residual=0
S3_MATCH slot=275 active=0 buy_rank=0 sell_rank=0 price=0 quantity=0 settlement=0 buy_residual=0 sell_residual=0
S3_MATCH slot=276 active=0 buy_rank=0 sell_rank=0 price=0 quantity=0 settlement=0 buy_residual=0 sell_residual=0
S3_MATCH slot=277 active=0 buy_rank=0 sell_rank=0 price=0 quantity=0 settlement=0 buy_residual=0 sell_residual=0
S3_MATCH slot=278 active=0 buy_rank=0 sell_rank=0 price=0 quantity=0 settlement=0 buy_residual=0 sell_residual=0
S3_MATCH slot=279 active=0 buy_rank=0 sell_rank=0 price=0 quantity=0 settlement=0 buy_residual=0 sell_residual=0
S3_MATCH slot=280 active=0 buy_rank=0 sell_rank=0 price=0 quantity=0 settlement=0 buy_residual=0 sell_residual=0
S3_MATCH slot=281 active=0 buy_rank=0 sell_rank=0 price=0 quantity=0 settlement=0 buy_residual=0 sell_residual=0
S3_MATCH slot=282 active=0 buy_rank=0 sell_rank=0 price=0 quantity=0 settlement=0 buy_residual=0 sell_residual=0
S3_MATCH slot=283 active=0 buy_rank=0 sell_rank=0 price=0 quantity=0 settlement=0 buy_residual=0 sell_residual=0
S3_MATCH slot=284 active=0 buy_rank=0 sell_rank=0 price=0 quantity=0 settlement=0 buy_residual=0 sell_residual=0
S3_MATCH slot=285 active=0 buy_rank=0 sell_rank=0 price=0 quantity=0 settlement=0 buy_residual=0 sell_residual=0
S3_MATCH slot=286 active=0 buy_rank=0 sell_rank=0 price=0 quantity=0 settlement=0 buy_residual=0 sell_residual=0
S3_MATCH slot=287 active=0 buy_rank=0 sell_rank=0 price=0 quantity=0 settlement=0 buy_residual=0 sell_residual=0
S3_MATCH slot=288 active=0 buy_rank=0 sell_rank=0 price=0 quantity=0 settlement=0 buy_residual=0 sell_residual=0
S3_MATCH slot=289 active=0 buy_rank=0 sell_rank=0 price=0 quantity=0 settlement=0 buy_residual=0 sell_residual=0
S3_MATCH slot=290 active=0 buy_rank=0 sell_rank=0 price=0 quantity=0 settlement=0 buy_residual=0 sell_residual=0
S3_MATCH slot=291 active=0 buy_rank=0 sell_rank=0 price=0 quantity=0 settlement=0 buy_residual=0 sell_residual=0
S3_MATCH slot=292 active=0 buy_rank=0 sell_rank=0 price=0 quantity=0 settlement=0 buy_residual=0 sell_residual=0
S3_MATCH slot=293 active=0 buy_rank=0 sell_rank=0 price=0 quantity=0 settlement=0 buy_residual=0 sell_residual=0
S3_MATCH slot=294 active=0 buy_rank=0 sell_rank=0 price=0 quantity=0 settlement=0 buy_residual=0 sell_residual=0
S3_MATCH slot=295 active=0 buy_rank=0 sell_rank=0 price=0 quantity=0 settlement=0 buy_residual=0 sell_residual=0
S3_MATCH slot=296 active=0 buy_rank=0 sell_rank=0 price=0 quantity=0 settlement=0 buy_residual=0 sell_residual=0
S3_MATCH slot=297 active=0 buy_rank=0 sell_rank=0 price=0 quantity=0 settlement=0 buy_residual=0 sell_residual=0
S3_MATCH slot=298 active=0 buy_rank=0 sell_rank=0 price=0 quantity=0 settlement=0 buy_residual=0 sell_residual=0
S3_MATCH slot=299 active=0 buy_rank=0 sell_rank=0 price=0 quantity=0 settlement=0 buy_residual=0 sell_residual=0
S3_MATCH slot=300 active=0 buy_rank=0 sell_rank=0 price=0 quantity=0 settlement=0 buy_residual=0 sell_residual=0
S3_MATCH slot=301 active=0 buy_rank=0 sell_rank=0 price=0 quantity=0 settlement=0 buy_residual=0 sell_residual=0
S3_MATCH slot=302 active=0 buy_rank=0 sell_rank=0 price=0 quantity=0 settlement=0 buy_residual=0 sell_residual=0
S3_MATCH slot=303 active=0 buy_rank=0 sell_rank=0 price=0 quantity=0 settlement=0 buy_residual=0 sell_residual=0
S3_MATCH slot=304 active=0 buy_rank=0 sell_rank=0 price=0 quantity=0 settlement=0 buy_residual=0 sell_residual=0
S3_MATCH slot=305 active=0 buy_rank=0 sell_rank=0 price=0 quantity=0 settlement=0 buy_residual=0 sell_residual=0
S3_MATCH slot=306 active=0 buy_rank=0 sell_rank=0 price=0 quantity=0 settlement=0 buy_residual=0 sell_residual=0
S3_MATCH slot=307 active=0 buy_rank=0 sell_rank=0 price=0 quantity=0 settlement=0 buy_residual=0 sell_residual=0
S3_MATCH slot=308 active=0 buy_rank=0 sell_rank=0 price=0 quantity=0 settlement=0 buy_residual=0 sell_residual=0
S3_MATCH slot=309 active=0 buy_rank=0 sell_rank=0 price=0 quantity=0 settlement=0 buy_residual=0 sell_residual=0
S3_MATCH slot=310 active=0 buy_rank=0 sell_rank=0 price=0 quantity=0 settlement=0 buy_residual=0 sell_residual=0
S3_MATCH slot=311 active=0 buy_rank=0 sell_rank=0 price=0 quantity=0 settlement=0 buy_residual=0 sell_residual=0
S3_MATCH slot=312 active=0 buy_rank=0 sell_rank=0 price=0 quantity=0 settlement=0 buy_residual=0 sell_residual=0
S3_MATCH slot=313 active=0 buy_rank=0 sell_rank=0 price=0 quantity=0 settlement=0 buy_residual=0 sell_residual=0
S3_MATCH slot=314 active=0 buy_rank=0 sell_rank=0 price=0 quantity=0 settlement=0 buy_residual=0 sell_residual=0
S3_MATCH slot=315 active=0 buy_rank=0 sell_rank=0 price=0 quantity=0 settlement=0 buy_residual=0 sell_residual=0
S3_MATCH slot=316 active=0 buy_rank=0 sell_rank=0 price=0 quantity=0 settlement=0 buy_residual=0 sell_residual=0
S3_MATCH slot=317 active=0 buy_rank=0 sell_rank=0 price=0 quantity=0 settlement=0 buy_residual=0 sell_residual=0
S3_MATCH slot=318 active=0 buy_rank=0 sell_rank=0 price=0 quantity=0 settlement=0 buy_residual=0 sell_residual=0
S3_MATCH slot=319 active=0 buy_rank=0 sell_rank=0 price=0 quantity=0 settlement=0 buy_residual=0 sell_residual=0
S3_MATCH slot=320 active=0 buy_rank=0 sell_rank=0 price=0 quantity=0 settlement=0 buy_residual=0 sell_residual=0
S3_MATCH slot=321 active=0 buy_rank=0 sell_rank=0 price=0 quantity=0 settlement=0 buy_residual=0 sell_residual=0
S3_MATCH slot=322 active=0 buy_rank=0 sell_rank=0 price=0 quantity=0 settlement=0 buy_residual=0 sell_residual=0
S3_MATCH slot=323 active=0 buy_rank=0 sell_rank=0 price=0 quantity=0 settlement=0 buy_residual=0 sell_residual=0
S3_MATCH slot=324 active=0 buy_rank=0 sell_rank=0 price=0 quantity=0 settlement=0 buy_residual=0 sell_residual=0
S3_MATCH slot=325 active=0 buy_rank=0 sell_rank=0 price=0 quantity=0 settlement=0 buy_residual=0 sell_residual=0
S3_MATCH slot=326 active=0 buy_rank=0 sell_rank=0 price=0 quantity=0 settlement=0 buy_residual=0 sell_residual=0
S3_MATCH slot=327 active=0 buy_rank=0 sell_rank=0 price=0 quantity=0 settlement=0 buy_residual=0 sell_residual=0
S3_MATCH slot=328 active=0 buy_rank=0 sell_rank=0 price=0 quantity=0 settlement=0 buy_residual=0 sell_residual=0
S3_MATCH slot=329 active=0 buy_rank=0 sell_rank=0 price=0 quantity=0 settlement=0 buy_residual=0 sell_residual=0
S3_MATCH slot=330 active=0 buy_rank=0 sell_rank=0 price=0 quantity=0 settlement=0 buy_residual=0 sell_residual=0
S3_MATCH slot=331 active=0 buy_rank=0 sell_rank=0 price=0 quantity=0 settlement=0 buy_residual=0 sell_residual=0
S3_MATCH slot=332 active=0 buy_rank=0 sell_rank=0 price=0 quantity=0 settlement=0 buy_residual=0 sell_residual=0
S3_MATCH slot=333 active=0 buy_rank=0 sell_rank=0 price=0 quantity=0 settlement=0 buy_residual=0 sell_residual=0
S3_MATCH slot=334 active=0 buy_rank=0 sell_rank=0 price=0 quantity=0 settlement=0 buy_residual=0 sell_residual=0
S3_MATCH slot=335 active=0 buy_rank=0 sell_rank=0 price=0 quantity=0 settlement=0 buy_residual=0 sell_residual=0
S3_MATCH slot=336 active=0 buy_rank=0 sell_rank=0 price=0 quantity=0 settlement=0 buy_residual=0 sell_residual=0
S3_MATCH slot=337 active=0 buy_rank=0 sell_rank=0 price=0 quantity=0 settlement=0 buy_residual=0 sell_residual=0
S3_MATCH slot=338 active=0 buy_rank=0 sell_rank=0 price=0 quantity=0 settlement=0 buy_residual=0 sell_residual=0
S3_MATCH slot=339 active=0 buy_rank=0 sell_rank=0 price=0 quantity=0 settlement=0 buy_residual=0 sell_residual=0
S3_MATCH slot=340 active=0 buy_rank=0 sell_rank=0 price=0 quantity=0 settlement=0 buy_residual=0 sell_residual=0
S3_MATCH slot=341 active=0 buy_rank=0 sell_rank=0 price=0 quantity=0 settlement=0 buy_residual=0 sell_residual=0
S3_MATCH slot=342 active=0 buy_rank=0 sell_rank=0 price=0 quantity=0 settlement=0 buy_residual=0 sell_residual=0
S3_MATCH slot=343 active=0 buy_rank=0 sell_rank=0 price=0 quantity=0 settlement=0 buy_residual=0 sell_residual=0
S3_MATCH slot=344 active=0 buy_rank=0 sell_rank=0 price=0 quantity=0 settlement=0 buy_residual=0 sell_residual=0
S3_MATCH slot=345 active=0 buy_rank=0 sell_rank=0 price=0 quantity=0 settlement=0 buy_residual=0 sell_residual=0
S3_MATCH slot=346 active=0 buy_rank=0 sell_rank=0 price=0 quantity=0 settlement=0 buy_residual=0 sell_residual=0
S3_MATCH slot=347 active=0 buy_rank=0 sell_rank=0 price=0 quantity=0 settlement=0 buy_residual=0 sell_residual=0
S3_MATCH slot=348 active=0 buy_rank=0 sell_rank=0 price=0 quantity=0 settlement=0 buy_residual=0 sell_residual=0
S3_MATCH slot=349 active=0 buy_rank=0 sell_rank=0 price=0 quantity=0 settlement=0 buy_residual=0 sell_residual=0
S3_MATCH slot=350 active=0 buy_rank=0 sell_rank=0 price=0 quantity=0 settlement=0 buy_residual=0 sell_residual=0
S3_MATCH slot=351 active=0 buy_rank=0 sell_rank=0 price=0 quantity=0 settlement=0 buy_residual=0 sell_residual=0
S3_MATCH slot=352 active=0 buy_rank=0 sell_rank=0 price=0 quantity=0 settlement=0 buy_residual=0 sell_residual=0
S3_MATCH slot=353 active=0 buy_rank=0 sell_rank=0 price=0 quantity=0 settlement=0 buy_residual=0 sell_residual=0
S3_MATCH slot=354 active=0 buy_rank=0 sell_rank=0 price=0 quantity=0 settlement=0 buy_residual=0 sell_residual=0
S3_MATCH slot=355 active=0 buy_rank=0 sell_rank=0 price=0 quantity=0 settlement=0 buy_residual=0 sell_residual=0
S3_MATCH slot=356 active=0 buy_rank=0 sell_rank=0 price=0 quantity=0 settlement=0 buy_residual=0 sell_residual=0
S3_MATCH slot=357 active=0 buy_rank=0 sell_rank=0 price=0 quantity=0 settlement=0 buy_residual=0 sell_residual=0
S3_MATCH slot=358 active=0 buy_rank=0 sell_rank=0 price=0 quantity=0 settlement=0 buy_residual=0 sell_residual=0
S3_MATCH slot=359 active=0 buy_rank=0 sell_rank=0 price=0 quantity=0 settlement=0 buy_residual=0 sell_residual=0
S3_MATCH slot=360 active=0 buy_rank=0 sell_rank=0 price=0 quantity=0 settlement=0 buy_residual=0 sell_residual=0
S3_MATCH slot=361 active=0 buy_rank=0 sell_rank=0 price=0 quantity=0 settlement=0 buy_residual=0 sell_residual=0
S3_MATCH slot=362 active=0 buy_rank=0 sell_rank=0 price=0 quantity=0 settlement=0 buy_residual=0 sell_residual=0
S3_MATCH slot=363 active=0 buy_rank=0 sell_rank=0 price=0 quantity=0 settlement=0 buy_residual=0 sell_residual=0
S3_MATCH slot=364 active=0 buy_rank=0 sell_rank=0 price=0 quantity=0 settlement=0 buy_residual=0 sell_residual=0
S3_MATCH slot=365 active=0 buy_rank=0 sell_rank=0 price=0 quantity=0 settlement=0 buy_residual=0 sell_residual=0
S3_MATCH slot=366 active=0 buy_rank=0 sell_rank=0 price=0 quantity=0 settlement=0 buy_residual=0 sell_residual=0
S3_MATCH slot=367 active=0 buy_rank=0 sell_rank=0 price=0 quantity=0 settlement=0 buy_residual=0 sell_residual=0
S3_MATCH slot=368 active=0 buy_rank=0 sell_rank=0 price=0 quantity=0 settlement=0 buy_residual=0 sell_residual=0
S3_MATCH slot=369 active=0 buy_rank=0 sell_rank=0 price=0 quantity=0 settlement=0 buy_residual=0 sell_residual=0
S3_MATCH slot=370 active=0 buy_rank=0 sell_rank=0 price=0 quantity=0 settlement=0 buy_residual=0 sell_residual=0
S3_MATCH slot=371 active=0 buy_rank=0 sell_rank=0 price=0 quantity=0 settlement=0 buy_residual=0 sell_residual=0
S3_MATCH slot=372 active=0 buy_rank=0 sell_rank=0 price=0 quantity=0 settlement=0 buy_residual=0 sell_residual=0
S3_MATCH slot=373 active=0 buy_rank=0 sell_rank=0 price=0 quantity=0 settlement=0 buy_residual=0 sell_residual=0
S3_MATCH slot=374 active=0 buy_rank=0 sell_rank=0 price=0 quantity=0 settlement=0 buy_residual=0 sell_residual=0
S3_MATCH slot=375 active=0 buy_rank=0 sell_rank=0 price=0 quantity=0 settlement=0 buy_residual=0 sell_residual=0
S3_MATCH slot=376 active=0 buy_rank=0 sell_rank=0 price=0 quantity=0 settlement=0 buy_residual=0 sell_residual=0
S3_MATCH slot=377 active=0 buy_rank=0 sell_rank=0 price=0 quantity=0 settlement=0 buy_residual=0 sell_residual=0
S3_MATCH slot=378 active=0 buy_rank=0 sell_rank=0 price=0 quantity=0 settlement=0 buy_residual=0 sell_residual=0
S3_MATCH slot=379 active=0 buy_rank=0 sell_rank=0 price=0 quantity=0 settlement=0 buy_residual=0 sell_residual=0
S3_MATCH slot=380 active=0 buy_rank=0 sell_rank=0 price=0 quantity=0 settlement=0 buy_residual=0 sell_residual=0
S3_MATCH slot=381 active=0 buy_rank=0 sell_rank=0 price=0 quantity=0 settlement=0 buy_residual=0 sell_residual=0
S3_MATCH slot=382 active=0 buy_rank=0 sell_rank=0 price=0 quantity=0 settlement=0 buy_residual=0 sell_residual=0
S3_MATCH slot=383 active=0 buy_rank=0 sell_rank=0 price=0 quantity=0 settlement=0 buy_residual=0 sell_residual=0
S3_MATCH slot=384 active=0 buy_rank=0 sell_rank=0 price=0 quantity=0 settlement=0 buy_residual=0 sell_residual=0
S3_MATCH slot=385 active=0 buy_rank=0 sell_rank=0 price=0 quantity=0 settlement=0 buy_residual=0 sell_residual=0
S3_MATCH slot=386 active=0 buy_rank=0 sell_rank=0 price=0 quantity=0 settlement=0 buy_residual=0 sell_residual=0
S3_MATCH slot=387 active=0 buy_rank=0 sell_rank=0 price=0 quantity=0 settlement=0 buy_residual=0 sell_residual=0
S3_MATCH slot=388 active=0 buy_rank=0 sell_rank=0 price=0 quantity=0 settlement=0 buy_residual=0 sell_residual=0
S3_MATCH slot=389 active=0 buy_rank=0 sell_rank=0 price=0 quantity=0 settlement=0 buy_residual=0 sell_residual=0
S3_MATCH slot=390 active=0 buy_rank=0 sell_rank=0 price=0 quantity=0 settlement=0 buy_residual=0 sell_residual=0
S3_MATCH slot=391 active=0 buy_rank=0 sell_rank=0 price=0 quantity=0 settlement=0 buy_residual=0 sell_residual=0
S3_MATCH slot=392 active=0 buy_rank=0 sell_rank=0 price=0 quantity=0 settlement=0 buy_residual=0 sell_residual=0
S3_MATCH slot=393 active=0 buy_rank=0 sell_rank=0 price=0 quantity=0 settlement=0 buy_residual=0 sell_residual=0
S3_MATCH slot=394 active=0 buy_rank=0 sell_rank=0 price=0 quantity=0 settlement=0 buy_residual=0 sell_residual=0
S3_MATCH slot=395 active=0 buy_rank=0 sell_rank=0 price=0 quantity=0 settlement=0 buy_residual=0 sell_residual=0
S3_MATCH slot=396 active=0 buy_rank=0 sell_rank=0 price=0 quantity=0 settlement=0 buy_residual=0 sell_residual=0
S3_MATCH slot=397 active=0 buy_rank=0 sell_rank=0 price=0 quantity=0 settlement=0 buy_residual=0 sell_residual=0
S3_MATCH slot=398 active=0 buy_rank=0 sell_rank=0 price=0 quantity=0 settlement=0 buy_residual=0 sell_residual=0
S3_MATCH slot=399 active=0 buy_rank=0 sell_rank=0 price=0 quantity=0 settlement=0 buy_residual=0 sell_residual=0
S3_MATCH slot=400 active=0 buy_rank=0 sell_rank=0 price=0 quantity=0 settlement=0 buy_residual=0 sell_residual=0
S3_MATCH slot=401 active=0 buy_rank=0 sell_rank=0 price=0 quantity=0 settlement=0 buy_residual=0 sell_residual=0
S3_MATCH slot=402 active=0 buy_rank=0 sell_rank=0 price=0 quantity=0 settlement=0 buy_residual=0 sell_residual=0
S3_MATCH slot=403 active=0 buy_rank=0 sell_rank=0 price=0 quantity=0 settlement=0 buy_residual=0 sell_residual=0
S3_MATCH slot=404 active=0 buy_rank=0 sell_rank=0 price=0 quantity=0 settlement=0 buy_residual=0 sell_residual=0
S3_MATCH slot=405 active=0 buy_rank=0 sell_rank=0 price=0 quantity=0 settlement=0 buy_residual=0 sell_residual=0
S3_MATCH slot=406 active=0 buy_rank=0 sell_rank=0 price=0 quantity=0 settlement=0 buy_residual=0 sell_residual=0
S3_MATCH slot=407 active=0 buy_rank=0 sell_rank=0 price=0 quantity=0 settlement=0 buy_residual=0 sell_residual=0
S3_MATCH slot=408 active=0 buy_rank=0 sell_rank=0 price=0 quantity=0 settlement=0 buy_residual=0 sell_residual=0
S3_MATCH slot=409 active=0 buy_rank=0 sell_rank=0 price=0 quantity=0 settlement=0 buy_residual=0 sell_residual=0
S3_MATCH slot=410 active=0 buy_rank=0 sell_rank=0 price=0 quantity=0 settlement=0 buy_residual=0 sell_residual=0
S3_MATCH slot=411 active=0 buy_rank=0 sell_rank=0 price=0 quantity=0 settlement=0 buy_residual=0 sell_residual=0
S3_MATCH slot=412 active=0 buy_rank=0 sell_rank=0 price=0 quantity=0 settlement=0 buy_residual=0 sell_residual=0
S3_MATCH slot=413 active=0 buy_rank=0 sell_rank=0 price=0 quantity=0 settlement=0 buy_residual=0 sell_residual=0
S3_MATCH slot=414 active=0 buy_rank=0 sell_rank=0 price=0 quantity=0 settlement=0 buy_residual=0 sell_residual=0
S3_MATCH slot=415 active=0 buy_rank=0 sell_rank=0 price=0 quantity=0 settlement=0 buy_residual=0 sell_residual=0
S3_MATCH slot=416 active=0 buy_rank=0 sell_rank=0 price=0 quantity=0 settlement=0 buy_residual=0 sell_residual=0
S3_MATCH slot=417 active=0 buy_rank=0 sell_rank=0 price=0 quantity=0 settlement=0 buy_residual=0 sell_residual=0
S3_MATCH slot=418 active=0 buy_rank=0 sell_rank=0 price=0 quantity=0 settlement=0 buy_residual=0 sell_residual=0
S3_MATCH slot=419 active=0 buy_rank=0 sell_rank=0 price=0 quantity=0 settlement=0 buy_residual=0 sell_residual=0
S3_MATCH slot=420 active=0 buy_rank=0 sell_rank=0 price=0 quantity=0 settlement=0 buy_residual=0 sell_residual=0
S3_MATCH slot=421 active=0 buy_rank=0 sell_rank=0 price=0 quantity=0 settlement=0 buy_residual=0 sell_residual=0
S3_MATCH slot=422 active=0 buy_rank=0 sell_rank=0 price=0 quantity=0 settlement=0 buy_residual=0 sell_residual=0
S3_MATCH slot=423 active=0 buy_rank=0 sell_rank=0 price=0 quantity=0 settlement=0 buy_residual=0 sell_residual=0
S3_MATCH slot=424 active=0 buy_rank=0 sell_rank=0 price=0 quantity=0 settlement=0 buy_residual=0 sell_residual=0
S3_MATCH slot=425 active=0 buy_rank=0 sell_rank=0 price=0 quantity=0 settlement=0 buy_residual=0 sell_residual=0
S3_MATCH slot=426 active=0 buy_rank=0 sell_rank=0 price=0 quantity=0 settlement=0 buy_residual=0 sell_residual=0
S3_MATCH slot=427 active=0 buy_rank=0 sell_rank=0 price=0 quantity=0 settlement=0 buy_residual=0 sell_residual=0
S3_MATCH slot=428 active=0 buy_rank=0 sell_rank=0 price=0 quantity=0 settlement=0 buy_residual=0 sell_residual=0
S3_MATCH slot=429 active=0 buy_rank=0 sell_rank=0 price=0 quantity=0 settlement=0 buy_residual=0 sell_residual=0
S3_MATCH slot=430 active=0 buy_rank=0 sell_rank=0 price=0 quantity=0 settlement=0 buy_residual=0 sell_residual=0
S3_MATCH slot=431 active=0 buy_rank=0 sell_rank=0 price=0 quantity=0 settlement=0 buy_residual=0 sell_residual=0
S3_MATCH slot=432 active=0 buy_rank=0 sell_rank=0 price=0 quantity=0 settlement=0 buy_residual=0 sell_residual=0
S3_MATCH slot=433 active=0 buy_rank=0 sell_rank=0 price=0 quantity=0 settlement=0 buy_residual=0 sell_residual=0
S3_MATCH slot=434 active=0 buy_rank=0 sell_rank=0 price=0 quantity=0 settlement=0 buy_residual=0 sell_residual=0
S3_MATCH slot=435 active=0 buy_rank=0 sell_rank=0 price=0 quantity=0 settlement=0 buy_residual=0 sell_residual=0
S3_MATCH slot=436 active=0 buy_rank=0 sell_rank=0 price=0 quantity=0 settlement=0 buy_residual=0 sell_residual=0
S3_MATCH slot=437 active=0 buy_rank=0 sell_rank=0 price=0 quantity=0 settlement=0 buy_residual=0 sell_residual=0
S3_MATCH slot=438 active=0 buy_rank=0 sell_rank=0 price=0 quantity=0 settlement=0 buy_residual=0 sell_residual=0
S3_MATCH slot=439 active=0 buy_rank=0 sell_rank=0 price=0 quantity=0 settlement=0 buy_residual=0 sell_residual=0
S3_MATCH slot=440 active=0 buy_rank=0 sell_rank=0 price=0 quantity=0 settlement=0 buy_residual=0 sell_residual=0
S3_MATCH slot=441 active=0 buy_rank=0 sell_rank=0 price=0 quantity=0 settlement=0 buy_residual=0 sell_residual=0
S3_MATCH slot=442 active=0 buy_rank=0 sell_rank=0 price=0 quantity=0 settlement=0 buy_residual=0 sell_residual=0
S3_MATCH slot=443 active=0 buy_rank=0 sell_rank=0 price=0 quantity=0 settlement=0 buy_residual=0 sell_residual=0
S3_MATCH slot=444 active=0 buy_rank=0 sell_rank=0 price=0 quantity=0 settlement=0 buy_residual=0 sell_residual=0
S3_MATCH slot=445 active=0 buy_rank=0 sell_rank=0 price=0 quantity=0 settlement=0 buy_residual=0 sell_residual=0
S3_MATCH slot=446 active=0 buy_rank=0 sell_rank=0 price=0 quantity=0 settlement=0 buy_residual=0 sell_residual=0
S3_MATCH slot=447 active=0 buy_rank=0 sell_rank=0 price=0 quantity=0 settlement=0 buy_residual=0 sell_residual=0
S3_MATCH slot=448 active=0 buy_rank=0 sell_rank=0 price=0 quantity=0 settlement=0 buy_residual=0 sell_residual=0
S3_MATCH slot=449 active=0 buy_rank=0 sell_rank=0 price=0 quantity=0 settlement=0 buy_residual=0 sell_residual=0
S3_MATCH slot=450 active=0 buy_rank=0 sell_rank=0 price=0 quantity=0 settlement=0 buy_residual=0 sell_residual=0
S3_MATCH slot=451 active=0 buy_rank=0 sell_rank=0 price=0 quantity=0 settlement=0 buy_residual=0 sell_residual=0
S3_MATCH slot=452 active=0 buy_rank=0 sell_rank=0 price=0 quantity=0 settlement=0 buy_residual=0 sell_residual=0
S3_MATCH slot=453 active=0 buy_rank=0 sell_rank=0 price=0 quantity=0 settlement=0 buy_residual=0 sell_residual=0
S3_MATCH slot=454 active=0 buy_rank=0 sell_rank=0 price=0 quantity=0 settlement=0 buy_residual=0 sell_residual=0
S3_MATCH slot=455 active=0 buy_rank=0 sell_rank=0 price=0 quantity=0 settlement=0 buy_residual=0 sell_residual=0
S3_MATCH slot=456 active=0 buy_rank=0 sell_rank=0 price=0 quantity=0 settlement=0 buy_residual=0 sell_residual=0
S3_MATCH slot=457 active=0 buy_rank=0 sell_rank=0 price=0 quantity=0 settlement=0 buy_residual=0 sell_residual=0
S3_MATCH slot=458 active=0 buy_rank=0 sell_rank=0 price=0 quantity=0 settlement=0 buy_residual=0 sell_residual=0
S3_MATCH slot=459 active=0 buy_rank=0 sell_rank=0 price=0 quantity=0 settlement=0 buy_residual=0 sell_residual=0
S3_MATCH slot=460 active=0 buy_rank=0 sell_rank=0 price=0 quantity=0 settlement=0 buy_residual=0 sell_residual=0
S3_MATCH slot=461 active=0 buy_rank=0 sell_rank=0 price=0 quantity=0 settlement=0 buy_residual=0 sell_residual=0
S3_MATCH slot=462 active=0 buy_rank=0 sell_rank=0 price=0 quantity=0 settlement=0 buy_residual=0 sell_residual=0
S3_MATCH slot=463 active=0 buy_rank=0 sell_rank=0 price=0 quantity=0 settlement=0 buy_residual=0 sell_residual=0
S3_MATCH slot=464 active=0 buy_rank=0 sell_rank=0 price=0 quantity=0 settlement=0 buy_residual=0 sell_residual=0
S3_MATCH slot=465 active=0 buy_rank=0 sell_rank=0 price=0 quantity=0 settlement=0 buy_residual=0 sell_residual=0
S3_MATCH slot=466 active=0 buy_rank=0 sell_rank=0 price=0 quantity=0 settlement=0 buy_residual=0 sell_residual=0
S3_MATCH slot=467 active=0 buy_rank=0 sell_rank=0 price=0 quantity=0 settlement=0 buy_residual=0 sell_residual=0
S3_MATCH slot=468 active=0 buy_rank=0 sell_rank=0 price=0 quantity=0 settlement=0 buy_residual=0 sell_residual=0
S3_MATCH slot=469 active=0 buy_rank=0 sell_rank=0 price=0 quantity=0 settlement=0 buy_residual=0 sell_residual=0
S3_MATCH slot=470 active=0 buy_rank=0 sell_rank=0 price=0 quantity=0 settlement=0 buy_residual=0 sell_residual=0
S3_MATCH slot=471 active=0 buy_rank=0 sell_rank=0 price=0 quantity=0 settlement=0 buy_residual=0 sell_residual=0
S3_MATCH slot=472 active=0 buy_rank=0 sell_rank=0 price=0 quantity=0 settlement=0 buy_residual=0 sell_residual=0
S3_MATCH slot=473 active=0 buy_rank=0 sell_rank=0 price=0 quantity=0 settlement=0 buy_residual=0 sell_residual=0
S3_MATCH slot=474 active=0 buy_rank=0 sell_rank=0 price=0 quantity=0 settlement=0 buy_residual=0 sell_residual=0
S3_MATCH slot=475 active=0 buy_rank=0 sell_rank=0 price=0 quantity=0 settlement=0 buy_residual=0 sell_residual=0
S3_MATCH slot=476 active=0 buy_rank=0 sell_rank=0 price=0 quantity=0 settlement=0 buy_residual=0 sell_residual=0
S3_MATCH slot=477 active=0 buy_rank=0 sell_rank=0 price=0 quantity=0 settlement=0 buy_residual=0 sell_residual=0
S3_MATCH slot=478 active=0 buy_rank=0 sell_rank=0 price=0 quantity=0 settlement=0 buy_residual=0 sell_residual=0
S3_MATCH slot=479 active=0 buy_rank=0 sell_rank=0 price=0 quantity=0 settlement=0 buy_residual=0 sell_residual=0
S3_MATCH slot=480 active=0 buy_rank=0 sell_rank=0 price=0 quantity=0 settlement=0 buy_residual=0 sell_residual=0
S3_MATCH slot=481 active=0 buy_rank=0 sell_rank=0 price=0 quantity=0 settlement=0 buy_residual=0 sell_residual=0
S3_MATCH slot=482 active=0 buy_rank=0 sell_rank=0 price=0 quantity=0 settlement=0 buy_residual=0 sell_residual=0
S3_MATCH slot=483 active=0 buy_rank=0 sell_rank=0 price=0 quantity=0 settlement=0 buy_residual=0 sell_residual=0
S3_MATCH slot=484 active=0 buy_rank=0 sell_rank=0 price=0 quantity=0 settlement=0 buy_residual=0 sell_residual=0
S3_MATCH slot=485 active=0 buy_rank=0 sell_rank=0 price=0 quantity=0 settlement=0 buy_residual=0 sell_residual=0
S3_MATCH slot=486 active=0 buy_rank=0 sell_rank=0 price=0 quantity=0 settlement=0 buy_residual=0 sell_residual=0
S3_MATCH slot=487 active=0 buy_rank=0 sell_rank=0 price=0 quantity=0 settlement=0 buy_residual=0 sell_residual=0
S3_MATCH slot=488 active=0 buy_rank=0 sell_rank=0 price=0 quantity=0 settlement=0 buy_residual=0 sell_residual=0
S3_MATCH slot=489 active=0 buy_rank=0 sell_rank=0 price=0 quantity=0 settlement=0 buy_residual=0 sell_residual=0
S3_MATCH slot=490 active=0 buy_rank=0 sell_rank=0 price=0 quantity=0 settlement=0 buy_residual=0 sell_residual=0
S3_MATCH slot=491 active=0 buy_rank=0 sell_rank=0 price=0 quantity=0 settlement=0 buy_residual=0 sell_residual=0
S3_MATCH slot=492 active=0 buy_rank=0 sell_rank=0 price=0 quantity=0 settlement=0 buy_residual=0 sell_residual=0
S3_MATCH slot=493 active=0 buy_rank=0 sell_rank=0 price=0 quantity=0 settlement=0 buy_residual=0 sell_residual=0
S3_MATCH slot=494 active=0 buy_rank=0 sell_rank=0 price=0 quantity=0 settlement=0 buy_residual=0 sell_residual=0
S3_MATCH slot=495 active=0 buy_rank=0 sell_rank=0 price=0 quantity=0 settlement=0 buy_residual=0 sell_residual=0
S3_MATCH slot=496 active=0 buy_rank=0 sell_rank=0 price=0 quantity=0 settlement=0 buy_residual=0 sell_residual=0
S3_MATCH slot=497 active=0 buy_rank=0 sell_rank=0 price=0 quantity=0 settlement=0 buy_residual=0 sell_residual=0
S3_MATCH slot=498 active=0 buy_rank=0 sell_rank=0 price=0 quantity=0 settlement=0 buy_residual=0 sell_residual=0
S3_MATCH slot=499 active=0 buy_rank=0 sell_rank=0 price=0 quantity=0 settlement=0 buy_residual=0 sell_residual=0
S3_MATCH slot=500 active=0 buy_rank=0 sell_rank=0 price=0 quantity=0 settlement=0 buy_residual=0 sell_residual=0
S3_MATCH slot=501 active=0 buy_rank=0 sell_rank=0 price=0 quantity=0 settlement=0 buy_residual=0 sell_residual=0
S3_MATCH slot=502 active=0 buy_rank=0 sell_rank=0 price=0 quantity=0 settlement=0 buy_residual=0 sell_residual=0
S3_MATCH slot=503 active=0 buy_rank=0 sell_rank=0 price=0 quantity=0 settlement=0 buy_residual=0 sell_residual=0
S3_MATCH slot=504 active=0 buy_rank=0 sell_rank=0 price=0 quantity=0 settlement=0 buy_residual=0 sell_residual=0
S3_MATCH slot=505 active=0 buy_rank=0 sell_rank=0 price=0 quantity=0 settlement=0 buy_residual=0 sell_residual=0
S3_MATCH slot=506 active=0 buy_rank=0 sell_rank=0 price=0 quantity=0 settlement=0 buy_residual=0 sell_residual=0
S3_MATCH slot=507 active=0 buy_rank=0 sell_rank=0 price=0 quantity=0 settlement=0 buy_residual=0 sell_residual=0
S3_MATCH slot=508 active=0 buy_rank=0 sell_rank=0 price=0 quantity=0 settlement=0 buy_residual=0 sell_residual=0
S3_MATCH slot=509 active=0 buy_rank=0 sell_rank=0 price=0 quantity=0 settlement=0 buy_residual=0 sell_residual=0
S3_MATCH slot=510 active=0 buy_rank=0 sell_rank=0 price=0 quantity=0 settlement=0 buy_residual=0 sell_residual=0
S3_RESIDUAL side=buy rank=105 quantity=0
S3_RESIDUAL side=buy rank=139 quantity=0
S3_RESIDUAL side=buy rank=35 quantity=0
S3_RESIDUAL side=buy rank=94 quantity=0
S3_RESIDUAL side=buy rank=101 quantity=0
S3_RESIDUAL side=buy rank=28 quantity=0
S3_RESIDUAL side=buy rank=144 quantity=0
S3_RESIDUAL side=buy rank=59 quantity=0
S3_RESIDUAL side=buy rank=110 quantity=0
S3_RESIDUAL side=buy rank=134 quantity=0
S3_RESIDUAL side=buy rank=29 quantity=0
S3_RESIDUAL side=buy rank=115 quantity=0
S3_RESIDUAL side=buy rank=46 quantity=0
S3_RESIDUAL side=buy rank=135 quantity=0
S3_RESIDUAL side=buy rank=22 quantity=0
S3_RESIDUAL side=buy rank=56 quantity=0
S3_RESIDUAL side=buy rank=141 quantity=0
S3_RESIDUAL side=buy rank=38 quantity=0
S3_RESIDUAL side=buy rank=83 quantity=0
S3_RESIDUAL side=buy rank=133 quantity=0
S3_RESIDUAL side=buy rank=122 quantity=0
S3_RESIDUAL side=buy rank=75 quantity=0
S3_RESIDUAL side=buy rank=42 quantity=0
S3_RESIDUAL side=buy rank=125 quantity=0
S3_RESIDUAL side=buy rank=45 quantity=0
S3_RESIDUAL side=buy rank=58 quantity=0
S3_RESIDUAL side=buy rank=44 quantity=0
S3_RESIDUAL side=buy rank=47 quantity=0
S3_RESIDUAL side=buy rank=20 quantity=0
S3_RESIDUAL side=buy rank=84 quantity=0
S3_RESIDUAL side=buy rank=80 quantity=0
S3_RESIDUAL side=buy rank=69 quantity=0
S3_RESIDUAL side=buy rank=53 quantity=0
S3_RESIDUAL side=buy rank=11 quantity=0
S3_RESIDUAL side=buy rank=2 quantity=0
S3_RESIDUAL side=buy rank=43 quantity=0
S3_RESIDUAL side=buy rank=48 quantity=0
S3_RESIDUAL side=buy rank=86 quantity=0
S3_RESIDUAL side=buy rank=119 quantity=0
S3_RESIDUAL side=buy rank=41 quantity=0
S3_RESIDUAL side=buy rank=131 quantity=0
S3_RESIDUAL side=buy rank=5 quantity=0
S3_RESIDUAL side=buy rank=126 quantity=0
S3_RESIDUAL side=buy rank=108 quantity=0
S3_RESIDUAL side=buy rank=62 quantity=0
S3_RESIDUAL side=buy rank=121 quantity=0
S3_RESIDUAL side=buy rank=13 quantity=0
S3_RESIDUAL side=buy rank=85 quantity=0
S3_RESIDUAL side=buy rank=52 quantity=0
S3_RESIDUAL side=buy rank=73 quantity=0
S3_RESIDUAL side=buy rank=17 quantity=0
S3_RESIDUAL side=buy rank=57 quantity=0
S3_RESIDUAL side=buy rank=6 quantity=0
S3_RESIDUAL side=buy rank=51 quantity=382065
S3_RESIDUAL side=buy rank=113 quantity=999974
S3_RESIDUAL side=buy rank=79 quantity=406404
S3_RESIDUAL side=buy rank=112 quantity=312060
S3_RESIDUAL side=buy rank=36 quantity=293999
S3_RESIDUAL side=buy rank=129 quantity=907132
S3_RESIDUAL side=buy rank=39 quantity=191359
S3_RESIDUAL side=buy rank=88 quantity=6518
S3_RESIDUAL side=buy rank=82 quantity=315598
S3_RESIDUAL side=buy rank=10 quantity=685674
S3_RESIDUAL side=buy rank=64 quantity=587923
S3_RESIDUAL side=buy rank=68 quantity=432849
S3_RESIDUAL side=buy rank=65 quantity=12871
S3_RESIDUAL side=buy rank=103 quantity=713724
S3_RESIDUAL side=buy rank=21 quantity=902607
S3_RESIDUAL side=buy rank=92 quantity=300343
S3_RESIDUAL side=buy rank=60 quantity=547241
S3_RESIDUAL side=buy rank=12 quantity=128793
S3_RESIDUAL side=buy rank=142 quantity=224752
S3_RESIDUAL side=buy rank=132 quantity=285398
S3_RESIDUAL side=buy rank=106 quantity=121956
S3_RESIDUAL side=buy rank=111 quantity=916686
S3_RESIDUAL side=buy rank=100 quantity=264058
S3_RESIDUAL side=buy rank=107 quantity=985951
S3_RESIDUAL side=buy rank=81 quantity=992104
S3_RESIDUAL side=buy rank=32 quantity=369016
S3_RESIDUAL side=buy rank=50 quantity=18301
S3_RESIDUAL side=buy rank=78 quantity=583055
S3_RESIDUAL side=buy rank=0 quantity=786250
S3_RESIDUAL side=buy rank=8 quantity=482888
S3_RESIDUAL side=buy rank=74 quantity=720368
S3_RESIDUAL side=buy rank=7 quantity=475779
S3_RESIDUAL side=buy rank=95 quantity=193855
S3_RESIDUAL side=buy rank=120 quantity=750350
S3_RESIDUAL side=buy rank=70 quantity=60497
S3_RESIDUAL side=buy rank=90 quantity=853974
S3_RESIDUAL side=buy rank=130 quantity=924190
S3_RESIDUAL side=buy rank=49 quantity=642249
S3_RESIDUAL side=buy rank=25 quantity=12115
S3_RESIDUAL side=buy rank=98 quantity=313131
S3_RESIDUAL side=buy rank=55 quantity=656816
S3_RESIDUAL side=buy rank=18 quantity=978534
S3_RESIDUAL side=buy rank=63 quantity=680650
S3_RESIDUAL side=buy rank=140 quantity=720085
S3_RESIDUAL side=buy rank=138 quantity=170784
S3_RESIDUAL side=buy rank=114 quantity=270220
S3_RESIDUAL side=buy rank=24 quantity=647465
S3_RESIDUAL side=buy rank=76 quantity=325476
S3_RESIDUAL side=buy rank=117 quantity=934788
S3_RESIDUAL side=buy rank=128 quantity=262129
S3_RESIDUAL side=buy rank=136 quantity=577786
S3_RESIDUAL side=buy rank=26 quantity=310470
S3_RESIDUAL side=buy rank=23 quantity=450809
S3_RESIDUAL side=buy rank=34 quantity=12395
S3_RESIDUAL side=buy rank=40 quantity=337992
S3_RESIDUAL side=buy rank=9 quantity=263008
S3_RESIDUAL side=buy rank=91 quantity=245897
S3_RESIDUAL side=buy rank=1 quantity=488360
S3_RESIDUAL side=buy rank=118 quantity=676067
S3_RESIDUAL side=buy rank=61 quantity=703749
S3_RESIDUAL side=buy rank=116 quantity=343438
S3_RESIDUAL side=buy rank=66 quantity=666098
S3_RESIDUAL side=buy rank=137 quantity=109204
S3_RESIDUAL side=buy rank=16 quantity=779251
S3_RESIDUAL side=buy rank=33 quantity=580169
S3_RESIDUAL side=buy rank=89 quantity=628389
S3_RESIDUAL side=buy rank=15 quantity=329509
S3_RESIDUAL side=buy rank=19 quantity=725713
S3_RESIDUAL side=buy rank=123 quantity=179018
S3_RESIDUAL side=buy rank=96 quantity=598119
S3_RESIDUAL side=buy rank=4 quantity=352347
S3_RESIDUAL side=buy rank=109 quantity=32317
S3_RESIDUAL side=buy rank=77 quantity=56745
S3_RESIDUAL side=buy rank=102 quantity=836629
S3_RESIDUAL side=buy rank=93 quantity=78149
S3_RESIDUAL side=buy rank=127 quantity=364071
S3_RESIDUAL side=buy rank=27 quantity=905945
S3_RESIDUAL side=buy rank=54 quantity=945975
S3_RESIDUAL side=buy rank=143 quantity=106674
S3_RESIDUAL side=buy rank=67 quantity=175906
S3_RESIDUAL side=buy rank=37 quantity=307195
S3_RESIDUAL side=buy rank=97 quantity=461567
S3_RESIDUAL side=buy rank=124 quantity=851115
S3_RESIDUAL side=buy rank=3 quantity=910635
S3_RESIDUAL side=buy rank=104 quantity=716940
S3_RESIDUAL side=buy rank=72 quantity=730610
S3_RESIDUAL side=buy rank=30 quantity=629118
S3_RESIDUAL side=buy rank=71 quantity=956917
S3_RESIDUAL side=buy rank=87 quantity=636440
S3_RESIDUAL side=buy rank=14 quantity=407979
S3_RESIDUAL side=buy rank=31 quantity=211329
S3_RESIDUAL side=buy rank=99 quantity=679394
S3_RESIDUAL side=buy rank=146 quantity=741382
S3_RESIDUAL side=buy rank=145 quantity=55956
S3_RESIDUAL side=buy rank=147 quantity=0
S3_RESIDUAL side=buy rank=148 quantity=0
S3_RESIDUAL side=buy rank=149 quantity=0
S3_RESIDUAL side=buy rank=150 quantity=0
S3_RESIDUAL side=buy rank=151 quantity=0
S3_RESIDUAL side=buy rank=152 quantity=0
S3_RESIDUAL side=buy rank=153 quantity=0
S3_RESIDUAL side=buy rank=154 quantity=0
S3_RESIDUAL side=buy rank=155 quantity=0
S3_RESIDUAL side=buy rank=156 quantity=0
S3_RESIDUAL side=buy rank=157 quantity=0
S3_RESIDUAL side=buy rank=158 quantity=0
S3_RESIDUAL side=buy rank=159 quantity=0
S3_RESIDUAL side=buy rank=160 quantity=0
S3_RESIDUAL side=buy rank=161 quantity=0
S3_RESIDUAL side=buy rank=162 quantity=0
S3_RESIDUAL side=buy rank=163 quantity=0
S3_RESIDUAL side=buy rank=164 quantity=0
S3_RESIDUAL side=buy rank=165 quantity=0
S3_RESIDUAL side=buy rank=166 quantity=0
S3_RESIDUAL side=buy rank=167 quantity=0
S3_RESIDUAL side=buy rank=168 quantity=0
S3_RESIDUAL side=buy rank=169 quantity=0
S3_RESIDUAL side=buy rank=170 quantity=0
S3_RESIDUAL side=buy rank=171 quantity=0
S3_RESIDUAL side=buy rank=172 quantity=0
S3_RESIDUAL side=buy rank=173 quantity=0
S3_RESIDUAL side=buy rank=174 quantity=0
S3_RESIDUAL side=buy rank=175 quantity=0
S3_RESIDUAL side=buy rank=176 quantity=0
S3_RESIDUAL side=buy rank=177 quantity=0
S3_RESIDUAL side=buy rank=178 quantity=0
S3_RESIDUAL side=buy rank=179 quantity=0
S3_RESIDUAL side=buy rank=180 quantity=0
S3_RESIDUAL side=buy rank=181 quantity=0
S3_RESIDUAL side=buy rank=182 quantity=0
S3_RESIDUAL side=buy rank=183 quantity=0
S3_RESIDUAL side=buy rank=184 quantity=0
S3_RESIDUAL side=buy rank=185 quantity=0
S3_RESIDUAL side=buy rank=186 quantity=0
S3_RESIDUAL side=buy rank=187 quantity=0
S3_RESIDUAL side=buy rank=188 quantity=0
S3_RESIDUAL side=buy rank=189 quantity=0
S3_RESIDUAL side=buy rank=190 quantity=0
S3_RESIDUAL side=buy rank=191 quantity=0
S3_RESIDUAL side=buy rank=192 quantity=0
S3_RESIDUAL side=buy rank=193 quantity=0
S3_RESIDUAL side=buy rank=194 quantity=0
S3_RESIDUAL side=buy rank=195 quantity=0
S3_RESIDUAL side=buy rank=196 quantity=0
S3_RESIDUAL side=buy rank=197 quantity=0
S3_RESIDUAL side=buy rank=198 quantity=0
S3_RESIDUAL side=buy rank=199 quantity=0
S3_RESIDUAL side=buy rank=200 quantity=0
S3_RESIDUAL side=buy rank=201 quantity=0
S3_RESIDUAL side=buy rank=202 quantity=0
S3_RESIDUAL side=buy rank=203 quantity=0
S3_RESIDUAL side=buy rank=204 quantity=0
S3_RESIDUAL side=buy rank=205 quantity=0
S3_RESIDUAL side=buy rank=206 quantity=0
S3_RESIDUAL side=buy rank=207 quantity=0
S3_RESIDUAL side=buy rank=208 quantity=0
S3_RESIDUAL side=buy rank=209 quantity=0
S3_RESIDUAL side=buy rank=210 quantity=0
S3_RESIDUAL side=buy rank=211 quantity=0
S3_RESIDUAL side=buy rank=212 quantity=0
S3_RESIDUAL side=buy rank=213 quantity=0
S3_RESIDUAL side=buy rank=214 quantity=0
S3_RESIDUAL side=buy rank=215 quantity=0
S3_RESIDUAL side=buy rank=216 quantity=0
S3_RESIDUAL side=buy rank=217 quantity=0
S3_RESIDUAL side=buy rank=218 quantity=0
S3_RESIDUAL side=buy rank=219 quantity=0
S3_RESIDUAL side=buy rank=220 quantity=0
S3_RESIDUAL side=buy rank=221 quantity=0
S3_RESIDUAL side=buy rank=222 quantity=0
S3_RESIDUAL side=buy rank=223 quantity=0
S3_RESIDUAL side=buy rank=224 quantity=0
S3_RESIDUAL side=buy rank=225 quantity=0
S3_RESIDUAL side=buy rank=226 quantity=0
S3_RESIDUAL side=buy rank=227 quantity=0
S3_RESIDUAL side=buy rank=228 quantity=0
S3_RESIDUAL side=buy rank=229 quantity=0
S3_RESIDUAL side=buy rank=230 quantity=0
S3_RESIDUAL side=buy rank=231 quantity=0
S3_RESIDUAL side=buy rank=232 quantity=0
S3_RESIDUAL side=buy rank=233 quantity=0
S3_RESIDUAL side=buy rank=234 quantity=0
S3_RESIDUAL side=buy rank=235 quantity=0
S3_RESIDUAL side=buy rank=236 quantity=0
S3_RESIDUAL side=buy rank=237 quantity=0
S3_RESIDUAL side=buy rank=238 quantity=0
S3_RESIDUAL side=buy rank=239 quantity=0
S3_RESIDUAL side=buy rank=240 quantity=0
S3_RESIDUAL side=buy rank=241 quantity=0
S3_RESIDUAL side=buy rank=242 quantity=0
S3_RESIDUAL side=buy rank=243 quantity=0
S3_RESIDUAL side=buy rank=244 quantity=0
S3_RESIDUAL side=buy rank=245 quantity=0
S3_RESIDUAL side=buy rank=246 quantity=0
S3_RESIDUAL side=buy rank=247 quantity=0
S3_RESIDUAL side=buy rank=248 quantity=0
S3_RESIDUAL side=buy rank=249 quantity=0
S3_RESIDUAL side=buy rank=250 quantity=0
S3_RESIDUAL side=buy rank=251 quantity=0
S3_RESIDUAL side=buy rank=252 quantity=0
S3_RESIDUAL side=buy rank=253 quantity=0
S3_RESIDUAL side=buy rank=254 quantity=0
S3_RESIDUAL side=buy rank=255 quantity=0
S3_RESIDUAL side=sell rank=19 quantity=0
S3_RESIDUAL side=sell rank=169 quantity=0
S3_RESIDUAL side=sell rank=129 quantity=0
S3_RESIDUAL side=sell rank=87 quantity=0
S3_RESIDUAL side=sell rank=147 quantity=0
S3_RESIDUAL side=sell rank=21 quantity=0
S3_RESIDUAL side=sell rank=42 quantity=0
S3_RESIDUAL side=sell rank=157 quantity=0
S3_RESIDUAL side=sell rank=1 quantity=0
S3_RESIDUAL side=sell rank=57 quantity=0
S3_RESIDUAL side=sell rank=40 quantity=0
S3_RESIDUAL side=sell rank=137 quantity=0
S3_RESIDUAL side=sell rank=84 quantity=0
S3_RESIDUAL side=sell rank=20 quantity=0
S3_RESIDUAL side=sell rank=60 quantity=0
S3_RESIDUAL side=sell rank=161 quantity=0
S3_RESIDUAL side=sell rank=209 quantity=0
S3_RESIDUAL side=sell rank=120 quantity=0
S3_RESIDUAL side=sell rank=35 quantity=0
S3_RESIDUAL side=sell rank=104 quantity=0
S3_RESIDUAL side=sell rank=138 quantity=0
S3_RESIDUAL side=sell rank=30 quantity=0
S3_RESIDUAL side=sell rank=33 quantity=0
S3_RESIDUAL side=sell rank=0 quantity=0
S3_RESIDUAL side=sell rank=112 quantity=0
S3_RESIDUAL side=sell rank=155 quantity=375476
S3_RESIDUAL side=sell rank=100 quantity=0
S3_RESIDUAL side=sell rank=24 quantity=0
S3_RESIDUAL side=sell rank=182 quantity=237065
S3_RESIDUAL side=sell rank=130 quantity=184090
S3_RESIDUAL side=sell rank=196 quantity=16252
S3_RESIDUAL side=sell rank=167 quantity=932875
S3_RESIDUAL side=sell rank=28 quantity=523086
S3_RESIDUAL side=sell rank=177 quantity=241394
S3_RESIDUAL side=sell rank=122 quantity=444875
S3_RESIDUAL side=sell rank=4 quantity=424749
S3_RESIDUAL side=sell rank=126 quantity=727458
S3_RESIDUAL side=sell rank=51 quantity=0
S3_RESIDUAL side=sell rank=198 quantity=250912
S3_RESIDUAL side=sell rank=78 quantity=0
S3_RESIDUAL side=sell rank=41 quantity=812325
S3_RESIDUAL side=sell rank=109 quantity=0
S3_RESIDUAL side=sell rank=150 quantity=0
S3_RESIDUAL side=sell rank=201 quantity=0
S3_RESIDUAL side=sell rank=164 quantity=159534
S3_RESIDUAL side=sell rank=165 quantity=289256
S3_RESIDUAL side=sell rank=105 quantity=193997
S3_RESIDUAL side=sell rank=206 quantity=0
S3_RESIDUAL side=sell rank=96 quantity=0
S3_RESIDUAL side=sell rank=98 quantity=0
S3_RESIDUAL side=sell rank=91 quantity=0
S3_RESIDUAL side=sell rank=80 quantity=169591
S3_RESIDUAL side=sell rank=64 quantity=494591
S3_RESIDUAL side=sell rank=25 quantity=0
S3_RESIDUAL side=sell rank=83 quantity=153367
S3_RESIDUAL side=sell rank=197 quantity=0
S3_RESIDUAL side=sell rank=172 quantity=398692
S3_RESIDUAL side=sell rank=53 quantity=0
S3_RESIDUAL side=sell rank=11 quantity=0
S3_RESIDUAL side=sell rank=151 quantity=0
S3_RESIDUAL side=sell rank=183 quantity=51039
S3_RESIDUAL side=sell rank=140 quantity=207644
S3_RESIDUAL side=sell rank=119 quantity=0
S3_RESIDUAL side=sell rank=173 quantity=0
S3_RESIDUAL side=sell rank=68 quantity=0
S3_RESIDUAL side=sell rank=160 quantity=146095
S3_RESIDUAL side=sell rank=118 quantity=0
S3_RESIDUAL side=sell rank=86 quantity=0
S3_RESIDUAL side=sell rank=50 quantity=0
S3_RESIDUAL side=sell rank=85 quantity=0
S3_RESIDUAL side=sell rank=13 quantity=0
S3_RESIDUAL side=sell rank=176 quantity=0
S3_RESIDUAL side=sell rank=200 quantity=0
S3_RESIDUAL side=sell rank=203 quantity=0
S3_RESIDUAL side=sell rank=29 quantity=0
S3_RESIDUAL side=sell rank=193 quantity=0
S3_RESIDUAL side=sell rank=116 quantity=590725
S3_RESIDUAL side=sell rank=149 quantity=590129
S3_RESIDUAL side=sell rank=131 quantity=325933
S3_RESIDUAL side=sell rank=55 quantity=280289
S3_RESIDUAL side=sell rank=32 quantity=713795
S3_RESIDUAL side=sell rank=73 quantity=80493
S3_RESIDUAL side=sell rank=139 quantity=489049
S3_RESIDUAL side=sell rank=43 quantity=0
S3_RESIDUAL side=sell rank=6 quantity=6886
S3_RESIDUAL side=sell rank=207 quantity=96557
S3_RESIDUAL side=sell rank=192 quantity=519364
S3_RESIDUAL side=sell rank=178 quantity=0
S3_RESIDUAL side=sell rank=170 quantity=324545
S3_RESIDUAL side=sell rank=158 quantity=722998
S3_RESIDUAL side=sell rank=7 quantity=778780
S3_RESIDUAL side=sell rank=154 quantity=166305
S3_RESIDUAL side=sell rank=111 quantity=896478
S3_RESIDUAL side=sell rank=128 quantity=474553
S3_RESIDUAL side=sell rank=195 quantity=695647
S3_RESIDUAL side=sell rank=8 quantity=604552
S3_RESIDUAL side=sell rank=123 quantity=0
S3_RESIDUAL side=sell rank=210 quantity=399834
S3_RESIDUAL side=sell rank=67 quantity=846661
S3_RESIDUAL side=sell rank=144 quantity=849844
S3_RESIDUAL side=sell rank=72 quantity=775348
S3_RESIDUAL side=sell rank=52 quantity=886892
S3_RESIDUAL side=sell rank=82 quantity=625515
S3_RESIDUAL side=sell rank=77 quantity=521469
S3_RESIDUAL side=sell rank=141 quantity=86633
S3_RESIDUAL side=sell rank=168 quantity=145690
S3_RESIDUAL side=sell rank=184 quantity=251446
S3_RESIDUAL side=sell rank=162 quantity=558875
S3_RESIDUAL side=sell rank=171 quantity=509002
S3_RESIDUAL side=sell rank=208 quantity=407955
S3_RESIDUAL side=sell rank=153 quantity=341548
S3_RESIDUAL side=sell rank=36 quantity=433785
S3_RESIDUAL side=sell rank=44 quantity=954198
S3_RESIDUAL side=sell rank=133 quantity=913792
S3_RESIDUAL side=sell rank=125 quantity=195726
S3_RESIDUAL side=sell rank=186 quantity=199025
S3_RESIDUAL side=sell rank=99 quantity=100097
S3_RESIDUAL side=sell rank=75 quantity=292549
S3_RESIDUAL side=sell rank=95 quantity=627708
S3_RESIDUAL side=sell rank=71 quantity=676096
S3_RESIDUAL side=sell rank=31 quantity=97793
S3_RESIDUAL side=sell rank=79 quantity=931626
S3_RESIDUAL side=sell rank=27 quantity=216734
S3_RESIDUAL side=sell rank=94 quantity=986871
S3_RESIDUAL side=sell rank=204 quantity=263539
S3_RESIDUAL side=sell rank=39 quantity=546621
S3_RESIDUAL side=sell rank=142 quantity=270264
S3_RESIDUAL side=sell rank=14 quantity=302650
S3_RESIDUAL side=sell rank=143 quantity=13282
S3_RESIDUAL side=sell rank=89 quantity=390869
S3_RESIDUAL side=sell rank=166 quantity=410150
S3_RESIDUAL side=sell rank=45 quantity=161892
S3_RESIDUAL side=sell rank=66 quantity=363482
S3_RESIDUAL side=sell rank=10 quantity=536896
S3_RESIDUAL side=sell rank=127 quantity=558207
S3_RESIDUAL side=sell rank=194 quantity=922296
S3_RESIDUAL side=sell rank=135 quantity=264840
S3_RESIDUAL side=sell rank=16 quantity=982392
S3_RESIDUAL side=sell rank=202 quantity=267355
S3_RESIDUAL side=sell rank=101 quantity=43059
S3_RESIDUAL side=sell rank=93 quantity=208565
S3_RESIDUAL side=sell rank=65 quantity=801834
S3_RESIDUAL side=sell rank=26 quantity=939955
S3_RESIDUAL side=sell rank=56 quantity=193387
S3_RESIDUAL side=sell rank=38 quantity=633484
S3_RESIDUAL side=sell rank=110 quantity=48201
S3_RESIDUAL side=sell rank=205 quantity=293177
S3_RESIDUAL side=sell rank=61 quantity=708141
S3_RESIDUAL side=sell rank=103 quantity=132824
S3_RESIDUAL side=sell rank=48 quantity=346667
S3_RESIDUAL side=sell rank=146 quantity=620524
S3_RESIDUAL side=sell rank=134 quantity=875745
S3_RESIDUAL side=sell rank=46 quantity=499999
S3_RESIDUAL side=sell rank=18 quantity=766416
S3_RESIDUAL side=sell rank=70 quantity=260946
S3_RESIDUAL side=sell rank=211 quantity=255390
S3_RESIDUAL side=sell rank=113 quantity=943052
S3_RESIDUAL side=sell rank=22 quantity=647293
S3_RESIDUAL side=sell rank=187 quantity=211623
S3_RESIDUAL side=sell rank=76 quantity=773242
S3_RESIDUAL side=sell rank=106 quantity=607938
S3_RESIDUAL side=sell rank=152 quantity=869667
S3_RESIDUAL side=sell rank=58 quantity=18481
S3_RESIDUAL side=sell rank=97 quantity=618366
S3_RESIDUAL side=sell rank=17 quantity=852496
S3_RESIDUAL side=sell rank=132 quantity=66493
S3_RESIDUAL side=sell rank=3 quantity=117027
S3_RESIDUAL side=sell rank=37 quantity=971809
S3_RESIDUAL side=sell rank=54 quantity=163249
S3_RESIDUAL side=sell rank=81 quantity=682861
S3_RESIDUAL side=sell rank=69 quantity=385183
S3_RESIDUAL side=sell rank=5 quantity=381255
S3_RESIDUAL side=sell rank=90 quantity=653795
S3_RESIDUAL side=sell rank=124 quantity=780649
S3_RESIDUAL side=sell rank=49 quantity=428842
S3_RESIDUAL side=sell rank=12 quantity=415376
S3_RESIDUAL side=sell rank=159 quantity=816109
S3_RESIDUAL side=sell rank=115 quantity=655116
S3_RESIDUAL side=sell rank=179 quantity=708152
S3_RESIDUAL side=sell rank=188 quantity=653958
S3_RESIDUAL side=sell rank=92 quantity=853622
S3_RESIDUAL side=sell rank=136 quantity=649758
S3_RESIDUAL side=sell rank=74 quantity=445997
S3_RESIDUAL side=sell rank=148 quantity=435061
S3_RESIDUAL side=sell rank=174 quantity=667354
S3_RESIDUAL side=sell rank=163 quantity=902759
S3_RESIDUAL side=sell rank=145 quantity=380601
S3_RESIDUAL side=sell rank=108 quantity=326773
S3_RESIDUAL side=sell rank=175 quantity=49325
S3_RESIDUAL side=sell rank=88 quantity=204613
S3_RESIDUAL side=sell rank=199 quantity=618035
S3_RESIDUAL side=sell rank=47 quantity=517400
S3_RESIDUAL side=sell rank=190 quantity=213333
S3_RESIDUAL side=sell rank=156 quantity=307661
S3_RESIDUAL side=sell rank=2 quantity=380602
S3_RESIDUAL side=sell rank=15 quantity=82286
S3_RESIDUAL side=sell rank=107 quantity=116369
S3_RESIDUAL side=sell rank=23 quantity=126955
S3_RESIDUAL side=sell rank=9 quantity=12249
S3_RESIDUAL side=sell rank=114 quantity=648134
S3_RESIDUAL side=sell rank=212 quantity=514367
S3_RESIDUAL side=sell rank=191 quantity=20929
S3_RESIDUAL side=sell rank=117 quantity=508038
S3_RESIDUAL side=sell rank=102 quantity=308045
S3_RESIDUAL side=sell rank=180 quantity=423564
S3_RESIDUAL side=sell rank=34 quantity=291584
S3_RESIDUAL side=sell rank=185 quantity=656101
S3_RESIDUAL side=sell rank=121 quantity=944252
S3_RESIDUAL side=sell rank=59 quantity=153611
S3_RESIDUAL side=sell rank=62 quantity=846200
S3_RESIDUAL side=sell rank=189 quantity=121814
S3_RESIDUAL side=sell rank=63 quantity=837687
S3_RESIDUAL side=sell rank=181 quantity=77057
S3_RESIDUAL side=sell rank=213 quantity=0
S3_RESIDUAL side=sell rank=214 quantity=0
S3_RESIDUAL side=sell rank=215 quantity=0
S3_RESIDUAL side=sell rank=216 quantity=0
S3_RESIDUAL side=sell rank=217 quantity=0
S3_RESIDUAL side=sell rank=218 quantity=0
S3_RESIDUAL side=sell rank=219 quantity=0
S3_RESIDUAL side=sell rank=220 quantity=0
S3_RESIDUAL side=sell rank=221 quantity=0
S3_RESIDUAL side=sell rank=222 quantity=0
S3_RESIDUAL side=sell rank=223 quantity=0
S3_RESIDUAL side=sell rank=224 quantity=0
S3_RESIDUAL side=sell rank=225 quantity=0
S3_RESIDUAL side=sell rank=226 quantity=0
S3_RESIDUAL side=sell rank=227 quantity=0
S3_RESIDUAL side=sell rank=228 quantity=0
S3_RESIDUAL side=sell rank=229 quantity=0
S3_RESIDUAL side=sell rank=230 quantity=0
S3_RESIDUAL side=sell rank=231 quantity=0
S3_RESIDUAL side=sell rank=232 quantity=0
S3_RESIDUAL side=sell rank=233 quantity=0
S3_RESIDUAL side=sell rank=234 quantity=0
S3_RESIDUAL side=sell rank=235 quantity=0
S3_RESIDUAL side=sell rank=236 quantity=0
S3_RESIDUAL side=sell rank=237 quantity=0
S3_RESIDUAL side=sell rank=238 quantity=0
S3_RESIDUAL side=sell rank=239 quantity=0
S3_RESIDUAL side=sell rank=240 quantity=0
S3_RESIDUAL side=sell rank=241 quantity=0
S3_RESIDUAL side=sell rank=242 quantity=0
S3_RESIDUAL side=sell rank=243 quantity=0
S3_RESIDUAL side=sell rank=244 quantity=0
S3_RESIDUAL side=sell rank=245 quantity=0
S3_RESIDUAL side=sell rank=246 quantity=0
S3_RESIDUAL side=sell rank=247 quantity=0
S3_RESIDUAL side=sell rank=248 quantity=0
S3_RESIDUAL side=sell rank=249 quantity=0
S3_RESIDUAL side=sell rank=250 quantity=0
S3_RESIDUAL side=sell rank=251 quantity=0
S3_RESIDUAL side=sell rank=252 quantity=0
S3_RESIDUAL side=sell rank=253 quantity=0
S3_RESIDUAL side=sell rank=254 quantity=0
S3_RESIDUAL side=sell rank=255 quantity=0
The following benchmarks are including preprocessing (offline phase).
Time = 76.7915 seconds 
Data sent = 1611.9 MB in ~499247 rounds (party 0 only; use '-v' for more details)
Global data sent = 4835.37 MB (all parties)
This program might benefit from some protocol options.
Consider adding the following at the beginning of your code:
	program.use_edabit(True)
