Using statistical security parameter 40
Trying to run 255-bit computation (256-bit representation)
S3_FMATCH_TEST valid=1 commitment=5670918992585011554320636659825459838863402715813752249502421239921768557970 aggregate_quantity=2387979 aggregate_settlement=1279504386475
S3_MATCH slot=0 active=1 buy_rank=7 sell_rank=7 price=551024 quantity=52865 settlement=29129883760 buy_residual=519834 sell_residual=0
S3_MATCH slot=1 active=1 buy_rank=7 sell_rank=5 price=492014 quantity=377201 settlement=185588172814 buy_residual=142633 sell_residual=0
S3_MATCH slot=2 active=1 buy_rank=7 sell_rank=1 price=532025 quantity=142633 settlement=75884321825 buy_residual=0 sell_residual=46361
S3_MATCH slot=3 active=1 buy_rank=11 sell_rank=1 price=754781 quantity=46361 settlement=34992401941 buy_residual=145529 sell_residual=0
S3_MATCH slot=4 active=1 buy_rank=11 sell_rank=10 price=733584 quantity=145529 settlement=106757745936 buy_residual=0 sell_residual=88894
S3_MATCH slot=5 active=1 buy_rank=10 sell_rank=10 price=407770 quantity=88894 settlement=36248306380 buy_residual=267387 sell_residual=0
S3_MATCH slot=6 active=1 buy_rank=10 sell_rank=8 price=202453 quantity=265017 settlement=53653486701 buy_residual=2370 sell_residual=0
S3_MATCH slot=7 active=1 buy_rank=10 sell_rank=2 price=313341 quantity=2370 settlement=742618170 buy_residual=0 sell_residual=245106
S3_MATCH slot=8 active=1 buy_rank=5 sell_rank=2 price=608026 quantity=245106 settlement=149030820756 buy_residual=273001 sell_residual=0
S3_MATCH slot=9 active=1 buy_rank=5 sell_rank=0 price=471995 quantity=273001 settlement=128855106995 buy_residual=0 sell_residual=541053
S3_MATCH slot=10 active=1 buy_rank=9 sell_rank=0 price=270086 quantity=13422 settlement=3625094292 buy_residual=0 sell_residual=527631
S3_MATCH slot=11 active=1 buy_rank=0 sell_rank=0 price=575729 quantity=527631 settlement=303772467999 buy_residual=207949 sell_residual=0
S3_MATCH slot=12 active=1 buy_rank=0 sell_rank=6 price=823394 quantity=207949 settlement=171223958906 buy_residual=0 sell_residual=784082
S3_MATCH slot=13 active=0 buy_rank=0 sell_rank=0 price=0 quantity=0 settlement=0 buy_residual=0 sell_residual=0
S3_MATCH slot=14 active=0 buy_rank=0 sell_rank=0 price=0 quantity=0 settlement=0 buy_residual=0 sell_residual=0
S3_MATCH slot=15 active=0 buy_rank=0 sell_rank=0 price=0 quantity=0 settlement=0 buy_residual=0 sell_residual=0
S3_MATCH slot=16 active=0 buy_rank=0 sell_rank=0 price=0 quantity=0 settlement=0 buy_residual=0 sell_residual=0
S3_MATCH slot=17 active=0 buy_rank=0 sell_rank=0 price=0 quantity=0 settlement=0 buy_residual=0 sell_residual=0
S3_MATCH slot=18 active=0 buy_rank=0 sell_rank=0 price=0 quantity=0 settlement=0 buy_residual=0 sell_residual=0
S3_MATCH slot=19 active=0 buy_rank=0 sell_rank=0 price=0 quantity=0 settlement=0 buy_residual=0 sell_residual=0
S3_MATCH slot=20 active=0 buy_rank=0 sell_rank=0 price=0 quantity=0 settlement=0 buy_residual=0 sell_residual=0
S3_MATCH slot=21 active=0 buy_rank=0 sell_rank=0 price=0 quantity=0 settlement=0 buy_residual=0 sell_residual=0
S3_MATCH slot=22 active=0 buy_rank=0 sell_rank=0 price=0 quantity=0 settlement=0 buy_residual=0 sell_residual=0
S3_MATCH slot=23 active=0 buy_rank=0 sell_rank=0 price=0 quantity=0 settlement=0 buy_residual=0 sell_residual=0
S3_MATCH slot=24 active=0 buy_rank=0 sell_rank=0 price=0 quantity=0 settlement=0 buy_residual=0 sell_residual=0
S3_MATCH slot=25 active=0 buy_rank=0 sell_rank=0 price=0 quantity=0 settlement=0 buy_residual=0 sell_residual=0
S3_MATCH slot=26 active=0 buy_rank=0 sell_rank=0 price=0 quantity=0 settlement=0 buy_residual=0 sell_residual=0
S3_MATCH slot=27 active=0 buy_rank=0 sell_rank=0 price=0 quantity=0 settlement=0 buy_residual=0 sell_residual=0
S3_MATCH slot=28 active=0 buy_rank=0 sell_rank=0 price=0 quantity=0 settlement=0 buy_residual=0 sell_residual=0
S3_MATCH slot=29 active=0 buy_rank=0 sell_rank=0 price=0 quantity=0 settlement=0 buy_residual=0 sell_residual=0
S3_MATCH slot=30 active=0 buy_rank=0 sell_rank=0 price=0 quantity=0 settlement=0 buy_residual=0 sell_residual=0
S3_RESIDUAL side=buy rank=7 quantity=0
S3_RESIDUAL side=buy rank=11 quantity=0
S3_RESIDUAL side=buy rank=10 quantity=0
S3_RESIDUAL side=buy rank=5 quantity=0
S3_RESIDUAL side=buy rank=9 quantity=0
S3_RESIDUAL side=buy rank=0 quantity=0
S3_RESIDUAL side=buy rank=2 quantity=793160
S3_RESIDUAL side=buy rank=8 quantity=661725
S3_RESIDUAL side=buy rank=12 quantity=634586
S3_RESIDUAL side=buy rank=3 quantity=773375
S3_RESIDUAL side=buy rank=4 quantity=904100
S3_RESIDUAL side=buy rank=13 quantity=561278
S3_RESIDUAL side=buy rank=6 quantity=826655
S3_RESIDUAL side=buy rank=1 quantity=498844
S3_RESIDUAL side=buy rank=14 quantity=0
S3_RESIDUAL side=buy rank=15 quantity=0
S3_RESIDUAL side=sell rank=7 quantity=0
S3_RESIDUAL side=sell rank=5 quantity=0
S3_RESIDUAL side=sell rank=1 quantity=0
S3_RESIDUAL side=sell rank=10 quantity=0
S3_RESIDUAL side=sell rank=3 quantity=698346
S3_RESIDUAL side=sell rank=11 quantity=297811
S3_RESIDUAL side=sell rank=8 quantity=0
S3_RESIDUAL side=sell rank=9 quantity=211939
S3_RESIDUAL side=sell rank=2 quantity=0
S3_RESIDUAL side=sell rank=0 quantity=0
S3_RESIDUAL side=sell rank=6 quantity=784082
S3_RESIDUAL side=sell rank=4 quantity=129841
S3_RESIDUAL side=sell rank=12 quantity=402574
S3_RESIDUAL side=sell rank=13 quantity=0
S3_RESIDUAL side=sell rank=14 quantity=0
S3_RESIDUAL side=sell rank=15 quantity=0
The following benchmarks are including preprocessing (offline phase).
Time = 2.47118 seconds 
Data sent = 56.5948 MB in ~14142 rounds (party 0 only; use '-v' for more details)
Global data sent = 169.464 MB (all parties)
This program might benefit from some protocol options.
Consider adding the following at the beginning of your code:
	program.use_edabit(True)
