mode: set
github.com/retf/source/v2/mpc/inputbinding/binding.go:180.89,199.2 1 1
github.com/retf/source/v2/mpc/inputbinding/binding.go:204.72,205.99 1 1
github.com/retf/source/v2/mpc/inputbinding/binding.go:205.99,207.3 1 0
github.com/retf/source/v2/mpc/inputbinding/binding.go:208.2,213.4 1 1
github.com/retf/source/v2/mpc/inputbinding/binding.go:213.4,214.37 1 1
github.com/retf/source/v2/mpc/inputbinding/binding.go:214.37,216.4 1 0
github.com/retf/source/v2/mpc/inputbinding/binding.go:218.2,228.4 1 1
github.com/retf/source/v2/mpc/inputbinding/binding.go:228.4,229.56 1 1
github.com/retf/source/v2/mpc/inputbinding/binding.go:229.56,231.4 1 0
github.com/retf/source/v2/mpc/inputbinding/binding.go:233.2,233.61 1 1
github.com/retf/source/v2/mpc/inputbinding/binding.go:233.61,235.3 1 0
github.com/retf/source/v2/mpc/inputbinding/binding.go:236.2,237.75 1 1
github.com/retf/source/v2/mpc/inputbinding/binding.go:237.75,239.3 1 0
github.com/retf/source/v2/mpc/inputbinding/binding.go:240.2,240.54 1 1
github.com/retf/source/v2/mpc/inputbinding/binding.go:243.71,245.16 2 1
github.com/retf/source/v2/mpc/inputbinding/binding.go:245.16,247.3 1 0
github.com/retf/source/v2/mpc/inputbinding/binding.go:248.2,249.42 2 1
github.com/retf/source/v2/mpc/inputbinding/binding.go:252.62,254.16 2 1
github.com/retf/source/v2/mpc/inputbinding/binding.go:254.16,256.3 1 0
github.com/retf/source/v2/mpc/inputbinding/binding.go:257.2,257.78 1 1
github.com/retf/source/v2/mpc/inputbinding/binding.go:257.78,259.3 1 1
github.com/retf/source/v2/mpc/inputbinding/binding.go:260.2,260.12 1 1
github.com/retf/source/v2/mpc/inputbinding/binding.go:289.48,291.2 1 1
github.com/retf/source/v2/mpc/inputbinding/binding.go:293.82,296.59 3 1
github.com/retf/source/v2/mpc/inputbinding/binding.go:296.59,298.3 1 1
github.com/retf/source/v2/mpc/inputbinding/binding.go:299.2,299.59 1 1
github.com/retf/source/v2/mpc/inputbinding/binding.go:299.59,301.3 1 1
github.com/retf/source/v2/mpc/inputbinding/binding.go:302.2,304.18 3 1
github.com/retf/source/v2/mpc/inputbinding/binding.go:351.54,352.90 1 1
github.com/retf/source/v2/mpc/inputbinding/binding.go:352.90,354.3 1 1
github.com/retf/source/v2/mpc/inputbinding/binding.go:355.2,365.4 1 1
github.com/retf/source/v2/mpc/inputbinding/binding.go:365.4,366.37 1 1
github.com/retf/source/v2/mpc/inputbinding/binding.go:366.37,368.4 1 1
github.com/retf/source/v2/mpc/inputbinding/binding.go:370.2,371.35 1 1
github.com/retf/source/v2/mpc/inputbinding/binding.go:371.35,373.3 1 1
github.com/retf/source/v2/mpc/inputbinding/binding.go:374.2,386.4 1 1
github.com/retf/source/v2/mpc/inputbinding/binding.go:386.4,387.56 1 1
github.com/retf/source/v2/mpc/inputbinding/binding.go:387.56,389.4 1 1
github.com/retf/source/v2/mpc/inputbinding/binding.go:391.2,391.62 1 1
github.com/retf/source/v2/mpc/inputbinding/binding.go:391.62,393.3 1 1
github.com/retf/source/v2/mpc/inputbinding/binding.go:394.2,394.80 1 1
github.com/retf/source/v2/mpc/inputbinding/binding.go:394.80,396.3 1 1
github.com/retf/source/v2/mpc/inputbinding/binding.go:397.2,397.12 1 1
github.com/retf/source/v2/mpc/inputbinding/binding.go:400.65,401.48 1 1
github.com/retf/source/v2/mpc/inputbinding/binding.go:401.48,403.3 1 0
github.com/retf/source/v2/mpc/inputbinding/binding.go:404.2,404.35 1 1
github.com/retf/source/v2/mpc/inputbinding/binding.go:407.57,409.16 2 1
github.com/retf/source/v2/mpc/inputbinding/binding.go:409.16,411.3 1 0
github.com/retf/source/v2/mpc/inputbinding/binding.go:412.2,413.43 2 1
github.com/retf/source/v2/mpc/inputbinding/binding.go:416.67,418.16 2 1
github.com/retf/source/v2/mpc/inputbinding/binding.go:418.16,420.3 1 0
github.com/retf/source/v2/mpc/inputbinding/binding.go:421.2,422.23 2 1
github.com/retf/source/v2/mpc/inputbinding/binding.go:426.39,430.16 4 1
github.com/retf/source/v2/mpc/inputbinding/binding.go:430.16,432.3 1 0
github.com/retf/source/v2/mpc/inputbinding/binding.go:433.2,434.12 2 1
github.com/retf/source/v2/mpc/inputbinding/binding.go:437.77,439.2 1 1
github.com/retf/source/v2/mpc/inputbinding/binding.go:441.79,443.2 1 1
github.com/retf/source/v2/mpc/inputbinding/binding.go:445.81,452.16 2 1
github.com/retf/source/v2/mpc/inputbinding/binding.go:452.16,453.13 1 0
github.com/retf/source/v2/mpc/inputbinding/binding.go:455.2,455.58 1 1
github.com/retf/source/v2/mpc/inputbinding/binding.go:458.50,464.2 5 1
github.com/retf/source/v2/mpc/inputbinding/binding.go:466.85,467.102 1 1
github.com/retf/source/v2/mpc/inputbinding/binding.go:467.102,469.3 1 1
github.com/retf/source/v2/mpc/inputbinding/binding.go:470.2,471.55 2 1
github.com/retf/source/v2/mpc/inputbinding/binding.go:471.55,472.39 1 1
github.com/retf/source/v2/mpc/inputbinding/binding.go:472.39,474.4 1 1
github.com/retf/source/v2/mpc/inputbinding/binding.go:475.3,477.33 3 1
github.com/retf/source/v2/mpc/inputbinding/binding.go:477.33,479.4 1 0
github.com/retf/source/v2/mpc/inputbinding/binding.go:479.9,481.4 1 1
github.com/retf/source/v2/mpc/inputbinding/binding.go:483.2,484.105 2 1
github.com/retf/source/v2/mpc/inputbinding/binding.go:484.105,486.3 1 1
github.com/retf/source/v2/mpc/inputbinding/binding.go:487.2,487.12 1 1
github.com/retf/source/v2/mpc/inputbinding/binding.go:490.79,491.91 1 1
github.com/retf/source/v2/mpc/inputbinding/binding.go:491.91,493.3 1 1
github.com/retf/source/v2/mpc/inputbinding/binding.go:494.2,494.57 1 1
github.com/retf/source/v2/mpc/inputbinding/binding.go:494.57,496.3 1 0
github.com/retf/source/v2/mpc/inputbinding/binding.go:497.2,498.76 2 1
github.com/retf/source/v2/mpc/inputbinding/binding.go:498.76,500.3 1 1
github.com/retf/source/v2/mpc/inputbinding/binding.go:501.2,503.100 1 1
github.com/retf/source/v2/mpc/inputbinding/binding.go:503.100,505.3 1 1
github.com/retf/source/v2/mpc/inputbinding/binding.go:506.2,508.53 1 1
github.com/retf/source/v2/mpc/inputbinding/binding.go:508.53,510.3 1 1
github.com/retf/source/v2/mpc/inputbinding/binding.go:511.2,513.24 3 1
github.com/retf/source/v2/mpc/inputbinding/binding.go:513.24,515.3 1 0
github.com/retf/source/v2/mpc/inputbinding/binding.go:516.2,516.97 1 1
github.com/retf/source/v2/mpc/inputbinding/binding.go:516.97,518.3 1 1
github.com/retf/source/v2/mpc/inputbinding/binding.go:519.2,524.31 2 1
github.com/retf/source/v2/mpc/inputbinding/binding.go:524.31,526.3 1 1
github.com/retf/source/v2/mpc/inputbinding/binding.go:527.2,553.90 2 1
github.com/retf/source/v2/mpc/inputbinding/binding.go:553.90,555.3 1 1
github.com/retf/source/v2/mpc/inputbinding/binding.go:556.2,561.56 2 1
github.com/retf/source/v2/mpc/inputbinding/binding.go:561.56,563.3 1 1
github.com/retf/source/v2/mpc/inputbinding/binding.go:564.2,565.79 1 1
github.com/retf/source/v2/mpc/inputbinding/binding.go:565.79,567.3 1 1
github.com/retf/source/v2/mpc/inputbinding/binding.go:568.2,569.67 1 1
github.com/retf/source/v2/mpc/inputbinding/binding.go:569.67,571.3 1 1
github.com/retf/source/v2/mpc/inputbinding/binding.go:572.2,573.63 1 1
github.com/retf/source/v2/mpc/inputbinding/binding.go:573.63,575.3 1 1
github.com/retf/source/v2/mpc/inputbinding/binding.go:576.2,577.67 1 1
github.com/retf/source/v2/mpc/inputbinding/binding.go:577.67,579.3 1 1
github.com/retf/source/v2/mpc/inputbinding/binding.go:580.2,582.54 2 1
github.com/retf/source/v2/mpc/inputbinding/binding.go:582.54,584.3 1 0
github.com/retf/source/v2/mpc/inputbinding/binding.go:585.2,587.63 2 1
github.com/retf/source/v2/mpc/inputbinding/binding.go:587.63,589.3 1 1
github.com/retf/source/v2/mpc/inputbinding/binding.go:590.2,590.80 1 1
github.com/retf/source/v2/mpc/inputbinding/binding.go:590.80,592.3 1 1
github.com/retf/source/v2/mpc/inputbinding/binding.go:593.2,594.16 2 1
github.com/retf/source/v2/mpc/inputbinding/binding.go:594.16,596.3 1 0
github.com/retf/source/v2/mpc/inputbinding/binding.go:597.2,602.16 4 1
github.com/retf/source/v2/mpc/inputbinding/binding.go:602.16,604.3 1 0
github.com/retf/source/v2/mpc/inputbinding/binding.go:605.2,605.15 1 1
github.com/retf/source/v2/mpc/inputbinding/binding.go:605.15,607.3 1 1
github.com/retf/source/v2/mpc/inputbinding/binding.go:608.2,609.84 1 1
github.com/retf/source/v2/mpc/inputbinding/binding.go:612.56,614.48 2 1
github.com/retf/source/v2/mpc/inputbinding/binding.go:614.48,616.3 1 0
github.com/retf/source/v2/mpc/inputbinding/binding.go:617.2,618.61 2 1
github.com/retf/source/v2/mpc/inputbinding/binding.go:621.49,623.77 2 1
github.com/retf/source/v2/mpc/inputbinding/binding.go:623.77,625.3 1 1
github.com/retf/source/v2/mpc/inputbinding/binding.go:626.2,626.12 1 1
github.com/retf/source/v2/mpc/inputbinding/input_record_state.go:17.81,29.43 2 1
github.com/retf/source/v2/mpc/inputbinding/input_record_state.go:29.43,31.3 1 0
github.com/retf/source/v2/mpc/inputbinding/input_record_state.go:32.2,32.43 1 1
github.com/retf/source/v2/mpc/inputbinding/input_record_state.go:32.43,34.3 1 1
github.com/retf/source/v2/mpc/inputbinding/input_record_state.go:35.2,37.22 3 1
github.com/retf/source/v2/mpc/inputbinding/input_record_state.go:37.22,39.3 1 1
github.com/retf/source/v2/mpc/inputbinding/input_record_state.go:40.2,40.12 1 1
github.com/retf/source/v2/mpc/inputbinding/persistent_replay.go:35.85,36.38 1 1
github.com/retf/source/v2/mpc/inputbinding/persistent_replay.go:36.38,38.3 1 1
github.com/retf/source/v2/mpc/inputbinding/persistent_replay.go:39.2,39.22 1 1
github.com/retf/source/v2/mpc/inputbinding/persistent_replay.go:39.22,41.3 1 1
github.com/retf/source/v2/mpc/inputbinding/persistent_replay.go:42.2,43.18 2 1
github.com/retf/source/v2/mpc/inputbinding/persistent_replay.go:43.18,45.3 1 1
github.com/retf/source/v2/mpc/inputbinding/persistent_replay.go:46.2,46.69 1 1
github.com/retf/source/v2/mpc/inputbinding/persistent_replay.go:46.69,48.3 1 1
github.com/retf/source/v2/mpc/inputbinding/persistent_replay.go:49.2,50.16 2 1
github.com/retf/source/v2/mpc/inputbinding/persistent_replay.go:50.16,52.3 1 1
github.com/retf/source/v2/mpc/inputbinding/persistent_replay.go:53.2,56.16 3 1
github.com/retf/source/v2/mpc/inputbinding/persistent_replay.go:56.16,58.3 1 0
github.com/retf/source/v2/mpc/inputbinding/persistent_replay.go:59.2,60.52 2 1
github.com/retf/source/v2/mpc/inputbinding/persistent_replay.go:60.52,62.3 1 0
github.com/retf/source/v2/mpc/inputbinding/persistent_replay.go:64.2,67.16 4 1
github.com/retf/source/v2/mpc/inputbinding/persistent_replay.go:67.16,69.3 1 1
github.com/retf/source/v2/mpc/inputbinding/persistent_replay.go:70.2,70.42 1 0
github.com/retf/source/v2/mpc/inputbinding/persistent_replay.go:70.42,72.3 1 0
github.com/retf/source/v2/mpc/inputbinding/persistent_replay.go:73.2,73.42 1 0
github.com/retf/source/v2/mpc/inputbinding/persistent_replay.go:73.42,75.3 1 0
github.com/retf/source/v2/mpc/inputbinding/persistent_replay.go:77.2,78.22 2 0
github.com/retf/source/v2/mpc/inputbinding/persistent_replay.go:78.22,80.3 1 0
github.com/retf/source/v2/mpc/inputbinding/persistent_replay.go:81.2,86.16 3 0
github.com/retf/source/v2/mpc/inputbinding/persistent_replay.go:86.16,88.3 1 0
github.com/retf/source/v2/mpc/inputbinding/persistent_replay.go:89.2,90.55 2 0
github.com/retf/source/v2/mpc/inputbinding/persistent_replay.go:90.55,92.3 1 0
github.com/retf/source/v2/mpc/inputbinding/persistent_replay.go:93.2,94.43 2 0
github.com/retf/source/v2/mpc/inputbinding/persistent_replay.go:94.43,97.3 1 0
github.com/retf/source/v2/mpc/inputbinding/persistent_replay.go:98.2,98.39 1 0
github.com/retf/source/v2/mpc/inputbinding/persistent_replay.go:98.39,100.3 1 0
github.com/retf/source/v2/mpc/inputbinding/persistent_replay.go:101.2,101.18 1 0
github.com/retf/source/v2/mpc/inputbinding/persistent_replay.go:104.92,105.57 1 1
github.com/retf/source/v2/mpc/inputbinding/persistent_replay.go:105.57,107.3 1 0
github.com/retf/source/v2/mpc/inputbinding/persistent_replay.go:108.2,109.16 2 1
github.com/retf/source/v2/mpc/inputbinding/persistent_replay.go:109.16,111.3 1 0
github.com/retf/source/v2/mpc/inputbinding/persistent_replay.go:112.2,112.27 1 1
github.com/retf/source/v2/mpc/inputbinding/persistent_replay.go:112.27,114.3 1 1
github.com/retf/source/v2/mpc/inputbinding/persistent_replay.go:115.2,116.16 2 1
github.com/retf/source/v2/mpc/inputbinding/persistent_replay.go:116.16,118.3 1 0
github.com/retf/source/v2/mpc/inputbinding/persistent_replay.go:119.2,119.57 1 1
github.com/retf/source/v2/mpc/inputbinding/persistent_replay.go:119.57,121.3 1 1
github.com/retf/source/v2/mpc/inputbinding/persistent_replay.go:122.2,127.21 6 1
github.com/retf/source/v2/mpc/inputbinding/persistent_replay.go:127.21,132.49 5 1
github.com/retf/source/v2/mpc/inputbinding/persistent_replay.go:132.49,134.4 1 1
github.com/retf/source/v2/mpc/inputbinding/persistent_replay.go:135.3,137.58 1 1
github.com/retf/source/v2/mpc/inputbinding/persistent_replay.go:137.58,139.4 1 1
github.com/retf/source/v2/mpc/inputbinding/persistent_replay.go:140.3,140.63 1 1
github.com/retf/source/v2/mpc/inputbinding/persistent_replay.go:140.63,142.4 1 1
github.com/retf/source/v2/mpc/inputbinding/persistent_replay.go:143.3,143.63 1 1
github.com/retf/source/v2/mpc/inputbinding/persistent_replay.go:143.63,145.4 1 1
github.com/retf/source/v2/mpc/inputbinding/persistent_replay.go:146.3,147.45 2 1
github.com/retf/source/v2/mpc/inputbinding/persistent_replay.go:149.2,149.38 1 0
github.com/retf/source/v2/mpc/inputbinding/persistent_replay.go:149.38,151.3 1 0
github.com/retf/source/v2/mpc/inputbinding/persistent_replay.go:152.2,152.28 1 0
github.com/retf/source/v2/mpc/inputbinding/persistent_replay.go:155.49,158.2 2 1
github.com/retf/source/v2/mpc/inputbinding/persistent_replay_lock_unix.go:16.89,18.16 2 1
github.com/retf/source/v2/mpc/inputbinding/persistent_replay_lock_unix.go:18.16,20.3 1 0
github.com/retf/source/v2/mpc/inputbinding/persistent_replay_lock_unix.go:21.2,22.6 2 1
github.com/retf/source/v2/mpc/inputbinding/persistent_replay_lock_unix.go:22.6,24.17 2 1
github.com/retf/source/v2/mpc/inputbinding/persistent_replay_lock_unix.go:24.17,26.4 1 1
github.com/retf/source/v2/mpc/inputbinding/persistent_replay_lock_unix.go:27.3,27.78 1 1
github.com/retf/source/v2/mpc/inputbinding/persistent_replay_lock_unix.go:27.78,30.4 2 0
github.com/retf/source/v2/mpc/inputbinding/persistent_replay_lock_unix.go:31.3,31.33 1 1
github.com/retf/source/v2/mpc/inputbinding/persistent_replay_lock_unix.go:31.33,34.4 2 1
github.com/retf/source/v2/mpc/inputbinding/persistent_replay_lock_unix.go:35.3,35.36 1 1
github.com/retf/source/v2/mpc/inputbinding/persistent_replay_lock_unix.go:39.39,42.2 2 1
