Using statistical security parameter 40
Trying to run 255-bit computation (256-bit representation)
S3_FMATCH_TEST valid=1 commitment=17059984098519632545871927712098283495233049386223722899436714091563915373100 aggregate_quantity=2850790 aggregate_settlement=1442783340274
S3_MATCH slot=0 active=1 buy_rank=0 sell_rank=11 price=438092 quantity=33867 settlement=14836861764 buy_residual=549740 sell_residual=0
S3_MATCH slot=1 active=1 buy_rank=0 sell_rank=5 price=565135 quantity=91309 settlement=51601911715 buy_residual=458431 sell_residual=0
S3_MATCH slot=2 active=1 buy_rank=0 sell_rank=15 price=516333 quantity=458431 settlement=236703053523 buy_residual=0 sell_residual=422631
S3_MATCH slot=3 active=1 buy_rank=1 sell_rank=15 price=539739 quantity=161817 settlement=87338945763 buy_residual=0 sell_residual=260814
S3_MATCH slot=4 active=1 buy_rank=6 sell_rank=15 price=728278 quantity=260814 settlement=189945098292 buy_residual=422536 sell_residual=0
S3_MATCH slot=5 active=1 buy_rank=6 sell_rank=9 price=742929 quantity=392863 settlement=291869315727 buy_residual=29673 sell_residual=0
S3_MATCH slot=6 active=1 buy_rank=6 sell_rank=2 price=554169 quantity=29673 settlement=16443856737 buy_residual=0 sell_residual=481943
S3_MATCH slot=7 active=1 buy_rank=5 sell_rank=2 price=394055 quantity=19938 settlement=7856668590 buy_residual=0 sell_residual=462005
S3_MATCH slot=8 active=1 buy_rank=4 sell_rank=2 price=421694 quantity=450182 settlement=189839048308 buy_residual=0 sell_residual=11823
S3_MATCH slot=9 active=1 buy_rank=2 sell_rank=2 price=321381 quantity=11823 settlement=3799687563 buy_residual=298883 sell_residual=0
S3_MATCH slot=10 active=1 buy_rank=2 sell_rank=8 price=593263 quantity=182336 settlement=108173202368 buy_residual=116547 sell_residual=0
S3_MATCH slot=11 active=1 buy_rank=2 sell_rank=1 price=334052 quantity=116547 settlement=38932758444 buy_residual=0 sell_residual=821606
S3_MATCH slot=12 active=1 buy_rank=3 sell_rank=1 price=401512 quantity=188990 settlement=75881752880 buy_residual=0 sell_residual=632616
S3_MATCH slot=13 active=1 buy_rank=7 sell_rank=1 price=286513 quantity=452200 settlement=129561178600 buy_residual=0 sell_residual=180416
S3_MATCH slot=14 active=0 buy_rank=0 sell_rank=0 price=0 quantity=0 settlement=0 buy_residual=0 sell_residual=0
S3_MATCH slot=15 active=0 buy_rank=0 sell_rank=0 price=0 quantity=0 settlement=0 buy_residual=0 sell_residual=0
S3_MATCH slot=16 active=0 buy_rank=0 sell_rank=0 price=0 quantity=0 settlement=0 buy_residual=0 sell_residual=0
S3_MATCH slot=17 active=0 buy_rank=0 sell_rank=0 price=0 quantity=0 settlement=0 buy_residual=0 sell_residual=0
S3_MATCH slot=18 active=0 buy_rank=0 sell_rank=0 price=0 quantity=0 settlement=0 buy_residual=0 sell_residual=0
S3_MATCH slot=19 active=0 buy_rank=0 sell_rank=0 price=0 quantity=0 settlement=0 buy_residual=0 sell_residual=0
S3_MATCH slot=20 active=0 buy_rank=0 sell_rank=0 price=0 quantity=0 settlement=0 buy_residual=0 sell_residual=0
S3_MATCH slot=21 active=0 buy_rank=0 sell_rank=0 price=0 quantity=0 settlement=0 buy_residual=0 sell_residual=0
S3_MATCH slot=22 active=0 buy_rank=0 sell_rank=0 price=0 quantity=0 settlement=0 buy_residual=0 sell_residual=0
S3_MATCH slot=23 active=0 buy_rank=0 sell_rank=0 price=0 quantity=0 settlement=0 buy_residual=0 sell_residual=0
S3_MATCH slot=24 active=0 buy_rank=0 sell_rank=0 price=0 quantity=0 settlement=0 buy_residual=0 sell_residual=0
S3_MATCH slot=25 active=0 buy_rank=0 sell_rank=0 price=0 quantity=0 settlement=0 buy_residual=0 sell_residual=0
S3_MATCH slot=26 active=0 buy_rank=0 sell_rank=0 price=0 quantity=0 settlement=0 buy_residual=0 sell_residual=0
S3_MATCH slot=27 active=0 buy_rank=0 sell_rank=0 price=0 quantity=0 settlement=0 buy_residual=0 sell_residual=0
S3_MATCH slot=28 active=0 buy_rank=0 sell_rank=0 price=0 quantity=0 settlement=0 buy_residual=0 sell_residual=0
S3_MATCH slot=29 active=0 buy_rank=0 sell_rank=0 price=0 quantity=0 settlement=0 buy_residual=0 sell_residual=0
S3_MATCH slot=30 active=0 buy_rank=0 sell_rank=0 price=0 quantity=0 settlement=0 buy_residual=0 sell_residual=0
S3_RESIDUAL side=buy rank=0 quantity=0
S3_RESIDUAL side=buy rank=1 quantity=0
S3_RESIDUAL side=buy rank=6 quantity=0
S3_RESIDUAL side=buy rank=5 quantity=0
S3_RESIDUAL side=buy rank=4 quantity=0
S3_RESIDUAL side=buy rank=2 quantity=0
S3_RESIDUAL side=buy rank=3 quantity=0
S3_RESIDUAL side=buy rank=7 quantity=0
S3_RESIDUAL side=buy rank=8 quantity=0
S3_RESIDUAL side=buy rank=9 quantity=0
S3_RESIDUAL side=buy rank=10 quantity=0
S3_RESIDUAL side=buy rank=11 quantity=0
S3_RESIDUAL side=buy rank=12 quantity=0
S3_RESIDUAL side=buy rank=13 quantity=0
S3_RESIDUAL side=buy rank=14 quantity=0
S3_RESIDUAL side=buy rank=15 quantity=0
S3_RESIDUAL side=sell rank=11 quantity=0
S3_RESIDUAL side=sell rank=5 quantity=0
S3_RESIDUAL side=sell rank=15 quantity=0
S3_RESIDUAL side=sell rank=9 quantity=0
S3_RESIDUAL side=sell rank=2 quantity=0
S3_RESIDUAL side=sell rank=8 quantity=0
S3_RESIDUAL side=sell rank=1 quantity=180416
S3_RESIDUAL side=sell rank=13 quantity=616761
S3_RESIDUAL side=sell rank=12 quantity=338122
S3_RESIDUAL side=sell rank=3 quantity=703165
S3_RESIDUAL side=sell rank=7 quantity=978782
S3_RESIDUAL side=sell rank=6 quantity=174167
S3_RESIDUAL side=sell rank=14 quantity=860439
S3_RESIDUAL side=sell rank=0 quantity=736286
S3_RESIDUAL side=sell rank=10 quantity=855658
S3_RESIDUAL side=sell rank=4 quantity=447837
The following benchmarks are including preprocessing (offline phase).
Time = 2.47791 seconds 
Data sent = 56.5948 MB in ~14142 rounds (party 0 only; use '-v' for more details)
Global data sent = 169.464 MB (all parties)
This program might benefit from some protocol options.
Consider adding the following at the beginning of your code:
	program.use_edabit(True)
