Using statistical security parameter 40
Trying to run 255-bit computation (256-bit representation)
S3_FMATCH_TEST valid=1 commitment=-6489771255233705619639539672732068370248617607132705367889378587244967564122 aggregate_quantity=3406041 aggregate_settlement=2715394835318
S3_MATCH slot=0 active=1 buy_rank=5 sell_rank=10 price=441659 quantity=110526 settlement=48814802634 buy_residual=352455 sell_residual=0
S3_MATCH slot=1 active=1 buy_rank=5 sell_rank=12 price=399272 quantity=302550 settlement=120799743600 buy_residual=49905 sell_residual=0
S3_MATCH slot=2 active=1 buy_rank=5 sell_rank=11 price=729019 quantity=49905 settlement=36381693195 buy_residual=0 sell_residual=651351
S3_MATCH slot=3 active=1 buy_rank=1 sell_rank=11 price=882474 quantity=651351 settlement=574800322374 buy_residual=336916 sell_residual=0
S3_MATCH slot=4 active=1 buy_rank=1 sell_rank=13 price=1072400 quantity=336916 settlement=361308718400 buy_residual=0 sell_residual=318491
S3_MATCH slot=5 active=1 buy_rank=2 sell_rank=13 price=889520 quantity=318491 settlement=283304114320 buy_residual=673545 sell_residual=0
S3_MATCH slot=6 active=1 buy_rank=2 sell_rank=3 price=665152 quantity=562284 settlement=374004327168 buy_residual=111261 sell_residual=0
S3_MATCH slot=7 active=1 buy_rank=2 sell_rank=7 price=662368 quantity=111261 settlement=73695726048 buy_residual=0 sell_residual=759634
S3_MATCH slot=8 active=1 buy_rank=3 sell_rank=7 price=884600 quantity=759634 settlement=671972236400 buy_residual=203123 sell_residual=0
S3_MATCH slot=9 active=1 buy_rank=3 sell_rank=8 price=838473 quantity=203123 settlement=170313151179 buy_residual=0 sell_residual=467176
S3_MATCH slot=10 active=0 buy_rank=0 sell_rank=0 price=0 quantity=0 settlement=0 buy_residual=0 sell_residual=0
S3_MATCH slot=11 active=0 buy_rank=0 sell_rank=0 price=0 quantity=0 settlement=0 buy_residual=0 sell_residual=0
S3_MATCH slot=12 active=0 buy_rank=0 sell_rank=0 price=0 quantity=0 settlement=0 buy_residual=0 sell_residual=0
S3_MATCH slot=13 active=0 buy_rank=0 sell_rank=0 price=0 quantity=0 settlement=0 buy_residual=0 sell_residual=0
S3_MATCH slot=14 active=0 buy_rank=0 sell_rank=0 price=0 quantity=0 settlement=0 buy_residual=0 sell_residual=0
S3_MATCH slot=15 active=0 buy_rank=0 sell_rank=0 price=0 quantity=0 settlement=0 buy_residual=0 sell_residual=0
S3_MATCH slot=16 active=0 buy_rank=0 sell_rank=0 price=0 quantity=0 settlement=0 buy_residual=0 sell_residual=0
S3_MATCH slot=17 active=0 buy_rank=0 sell_rank=0 price=0 quantity=0 settlement=0 buy_residual=0 sell_residual=0
S3_MATCH slot=18 active=0 buy_rank=0 sell_rank=0 price=0 quantity=0 settlement=0 buy_residual=0 sell_residual=0
S3_MATCH slot=19 active=0 buy_rank=0 sell_rank=0 price=0 quantity=0 settlement=0 buy_residual=0 sell_residual=0
S3_MATCH slot=20 active=0 buy_rank=0 sell_rank=0 price=0 quantity=0 settlement=0 buy_residual=0 sell_residual=0
S3_MATCH slot=21 active=0 buy_rank=0 sell_rank=0 price=0 quantity=0 settlement=0 buy_residual=0 sell_residual=0
S3_MATCH slot=22 active=0 buy_rank=0 sell_rank=0 price=0 quantity=0 settlement=0 buy_residual=0 sell_residual=0
S3_MATCH slot=23 active=0 buy_rank=0 sell_rank=0 price=0 quantity=0 settlement=0 buy_residual=0 sell_residual=0
S3_MATCH slot=24 active=0 buy_rank=0 sell_rank=0 price=0 quantity=0 settlement=0 buy_residual=0 sell_residual=0
S3_MATCH slot=25 active=0 buy_rank=0 sell_rank=0 price=0 quantity=0 settlement=0 buy_residual=0 sell_residual=0
S3_MATCH slot=26 active=0 buy_rank=0 sell_rank=0 price=0 quantity=0 settlement=0 buy_residual=0 sell_residual=0
S3_MATCH slot=27 active=0 buy_rank=0 sell_rank=0 price=0 quantity=0 settlement=0 buy_residual=0 sell_residual=0
S3_MATCH slot=28 active=0 buy_rank=0 sell_rank=0 price=0 quantity=0 settlement=0 buy_residual=0 sell_residual=0
S3_MATCH slot=29 active=0 buy_rank=0 sell_rank=0 price=0 quantity=0 settlement=0 buy_residual=0 sell_residual=0
S3_MATCH slot=30 active=0 buy_rank=0 sell_rank=0 price=0 quantity=0 settlement=0 buy_residual=0 sell_residual=0
S3_RESIDUAL side=buy rank=5 quantity=0
S3_RESIDUAL side=buy rank=1 quantity=0
S3_RESIDUAL side=buy rank=2 quantity=0
S3_RESIDUAL side=buy rank=3 quantity=0
S3_RESIDUAL side=buy rank=7 quantity=84024
S3_RESIDUAL side=buy rank=4 quantity=476277
S3_RESIDUAL side=buy rank=0 quantity=431494
S3_RESIDUAL side=buy rank=6 quantity=151544
S3_RESIDUAL side=buy rank=8 quantity=0
S3_RESIDUAL side=buy rank=9 quantity=0
S3_RESIDUAL side=buy rank=10 quantity=0
S3_RESIDUAL side=buy rank=11 quantity=0
S3_RESIDUAL side=buy rank=12 quantity=0
S3_RESIDUAL side=buy rank=13 quantity=0
S3_RESIDUAL side=buy rank=14 quantity=0
S3_RESIDUAL side=buy rank=15 quantity=0
S3_RESIDUAL side=sell rank=10 quantity=0
S3_RESIDUAL side=sell rank=12 quantity=0
S3_RESIDUAL side=sell rank=11 quantity=0
S3_RESIDUAL side=sell rank=13 quantity=0
S3_RESIDUAL side=sell rank=3 quantity=0
S3_RESIDUAL side=sell rank=6 quantity=562553
S3_RESIDUAL side=sell rank=7 quantity=0
S3_RESIDUAL side=sell rank=8 quantity=467176
S3_RESIDUAL side=sell rank=4 quantity=799111
S3_RESIDUAL side=sell rank=2 quantity=299510
S3_RESIDUAL side=sell rank=1 quantity=606879
S3_RESIDUAL side=sell rank=5 quantity=107546
S3_RESIDUAL side=sell rank=15 quantity=16753
S3_RESIDUAL side=sell rank=0 quantity=850476
S3_RESIDUAL side=sell rank=9 quantity=53342
S3_RESIDUAL side=sell rank=14 quantity=821700
The following benchmarks are including preprocessing (offline phase).
Time = 2.97767 seconds 
Data sent = 56.5948 MB in ~14142 rounds (party 0 only; use '-v' for more details)
Global data sent = 169.464 MB (all parties)
This program might benefit from some protocol options.
Consider adding the following at the beginning of your code:
	program.use_edabit(True)
