Using statistical security parameter 40
Trying to run 255-bit computation (256-bit representation)
S3_FMATCH_TEST valid=1 commitment=-9564023930921062380188260060712145783693028933442750562411665138350731547147 aggregate_quantity=2177545 aggregate_settlement=1334139139227
S3_MATCH slot=0 active=1 buy_rank=10 sell_rank=4 price=654115 quantity=110053 settlement=71987318095 buy_residual=28268 sell_residual=0
S3_MATCH slot=1 active=1 buy_rank=10 sell_rank=8 price=907447 quantity=28268 settlement=25651711796 buy_residual=0 sell_residual=268735
S3_MATCH slot=2 active=1 buy_rank=5 sell_rank=8 price=781632 quantity=248887 settlement=194538043584 buy_residual=0 sell_residual=19848
S3_MATCH slot=3 active=1 buy_rank=3 sell_rank=8 price=931798 quantity=19848 settlement=18494326704 buy_residual=98435 sell_residual=0
S3_MATCH slot=4 active=1 buy_rank=3 sell_rank=5 price=789019 quantity=98435 settlement=77667085265 buy_residual=0 sell_residual=524907
S3_MATCH slot=5 active=1 buy_rank=8 sell_rank=5 price=608300 quantity=524907 settlement=319300928100 buy_residual=276529 sell_residual=0
S3_MATCH slot=6 active=1 buy_rank=8 sell_rank=3 price=300609 quantity=276529 settlement=83127106161 buy_residual=0 sell_residual=409036
S3_MATCH slot=7 active=1 buy_rank=11 sell_rank=3 price=463535 quantity=409036 settlement=189602502260 buy_residual=461582 sell_residual=0
S3_MATCH slot=8 active=1 buy_rank=11 sell_rank=6 price=1171227 quantity=134535 settlement=157571024445 buy_residual=327047 sell_residual=0
S3_MATCH slot=9 active=1 buy_rank=11 sell_rank=0 price=599911 quantity=327047 settlement=196199092817 buy_residual=0 sell_residual=59992
S3_MATCH slot=10 active=0 buy_rank=0 sell_rank=0 price=0 quantity=0 settlement=0 buy_residual=0 sell_residual=0
S3_MATCH slot=11 active=0 buy_rank=0 sell_rank=0 price=0 quantity=0 settlement=0 buy_residual=0 sell_residual=0
S3_MATCH slot=12 active=0 buy_rank=0 sell_rank=0 price=0 quantity=0 settlement=0 buy_residual=0 sell_residual=0
S3_MATCH slot=13 active=0 buy_rank=0 sell_rank=0 price=0 quantity=0 settlement=0 buy_residual=0 sell_residual=0
S3_MATCH slot=14 active=0 buy_rank=0 sell_rank=0 price=0 quantity=0 settlement=0 buy_residual=0 sell_residual=0
S3_MATCH slot=15 active=0 buy_rank=0 sell_rank=0 price=0 quantity=0 settlement=0 buy_residual=0 sell_residual=0
S3_MATCH slot=16 active=0 buy_rank=0 sell_rank=0 price=0 quantity=0 settlement=0 buy_residual=0 sell_residual=0
S3_MATCH slot=17 active=0 buy_rank=0 sell_rank=0 price=0 quantity=0 settlement=0 buy_residual=0 sell_residual=0
S3_MATCH slot=18 active=0 buy_rank=0 sell_rank=0 price=0 quantity=0 settlement=0 buy_residual=0 sell_residual=0
S3_MATCH slot=19 active=0 buy_rank=0 sell_rank=0 price=0 quantity=0 settlement=0 buy_residual=0 sell_residual=0
S3_MATCH slot=20 active=0 buy_rank=0 sell_rank=0 price=0 quantity=0 settlement=0 buy_residual=0 sell_residual=0
S3_MATCH slot=21 active=0 buy_rank=0 sell_rank=0 price=0 quantity=0 settlement=0 buy_residual=0 sell_residual=0
S3_MATCH slot=22 active=0 buy_rank=0 sell_rank=0 price=0 quantity=0 settlement=0 buy_residual=0 sell_residual=0
S3_MATCH slot=23 active=0 buy_rank=0 sell_rank=0 price=0 quantity=0 settlement=0 buy_residual=0 sell_residual=0
S3_MATCH slot=24 active=0 buy_rank=0 sell_rank=0 price=0 quantity=0 settlement=0 buy_residual=0 sell_residual=0
S3_MATCH slot=25 active=0 buy_rank=0 sell_rank=0 price=0 quantity=0 settlement=0 buy_residual=0 sell_residual=0
S3_MATCH slot=26 active=0 buy_rank=0 sell_rank=0 price=0 quantity=0 settlement=0 buy_residual=0 sell_residual=0
S3_MATCH slot=27 active=0 buy_rank=0 sell_rank=0 price=0 quantity=0 settlement=0 buy_residual=0 sell_residual=0
S3_MATCH slot=28 active=0 buy_rank=0 sell_rank=0 price=0 quantity=0 settlement=0 buy_residual=0 sell_residual=0
S3_MATCH slot=29 active=0 buy_rank=0 sell_rank=0 price=0 quantity=0 settlement=0 buy_residual=0 sell_residual=0
S3_MATCH slot=30 active=0 buy_rank=0 sell_rank=0 price=0 quantity=0 settlement=0 buy_residual=0 sell_residual=0
S3_RESIDUAL side=buy rank=10 quantity=0
S3_RESIDUAL side=buy rank=5 quantity=0
S3_RESIDUAL side=buy rank=3 quantity=0
S3_RESIDUAL side=buy rank=8 quantity=0
S3_RESIDUAL side=buy rank=11 quantity=0
S3_RESIDUAL side=buy rank=1 quantity=599790
S3_RESIDUAL side=buy rank=0 quantity=488656
S3_RESIDUAL side=buy rank=9 quantity=417558
S3_RESIDUAL side=buy rank=14 quantity=977736
S3_RESIDUAL side=buy rank=7 quantity=897003
S3_RESIDUAL side=buy rank=13 quantity=183471
S3_RESIDUAL side=buy rank=12 quantity=428134
S3_RESIDUAL side=buy rank=4 quantity=817150
S3_RESIDUAL side=buy rank=2 quantity=580059
S3_RESIDUAL side=buy rank=6 quantity=562568
S3_RESIDUAL side=buy rank=15 quantity=0
S3_RESIDUAL side=sell rank=4 quantity=0
S3_RESIDUAL side=sell rank=8 quantity=0
S3_RESIDUAL side=sell rank=5 quantity=0
S3_RESIDUAL side=sell rank=3 quantity=0
S3_RESIDUAL side=sell rank=6 quantity=0
S3_RESIDUAL side=sell rank=0 quantity=59992
S3_RESIDUAL side=sell rank=2 quantity=167077
S3_RESIDUAL side=sell rank=1 quantity=661712
S3_RESIDUAL side=sell rank=7 quantity=344848
S3_RESIDUAL side=sell rank=9 quantity=0
S3_RESIDUAL side=sell rank=10 quantity=0
S3_RESIDUAL side=sell rank=11 quantity=0
S3_RESIDUAL side=sell rank=12 quantity=0
S3_RESIDUAL side=sell rank=13 quantity=0
S3_RESIDUAL side=sell rank=14 quantity=0
S3_RESIDUAL side=sell rank=15 quantity=0
The following benchmarks are including preprocessing (offline phase).
Time = 2.80605 seconds 
Data sent = 56.5948 MB in ~14142 rounds (party 0 only; use '-v' for more details)
Global data sent = 169.464 MB (all parties)
This program might benefit from some protocol options.
Consider adding the following at the beginning of your code:
	program.use_edabit(True)
