Using statistical security parameter 40
Trying to run 255-bit computation (256-bit representation)
This program might benefit from some protocol options.
Consider adding the following at the beginning of your code:
	program.use_edabit(True)
Setup took 0.141134 seconds.
S3_FMATCH valid=1 commitment_bits=001000010110000110101110110011001110011100111000001111011111001000101011001010001001111001101001010001010101000111011111101011001110101000011010001000100100100100101100111010101000000010011011111110010000010000101010101001110101010111100010100010110111011
Compiler: ./compile.py -F 255 saib_fmatch 256
	6915 triples of malicious replicated gfp left
	9394 bits of malicious replicated gfp left
Detailed costs:
          7178 integer inputs
       6562316 integer multiplications
      13189165 integer openings
Spent 70.7351 seconds (425.45 MB, 488561 rounds, 94.7488 CPU seconds) on the online phase and 17.0502 seconds (1185.83 MB, 6594 rounds, 94.7494 CPU seconds) on the preprocessing/offline phase.
Communication details:
Broadcasting 1.69652 MB in 52875 rounds, taking 10.172 seconds
Passing around 1557.64 MB in 441966 rounds, taking 56.3364 seconds
Receiving directly 50.24 MB in 157 rounds, taking 0.12175 seconds
Sending directly 50.24 MB in 157 rounds, taking 0.0649027 seconds
CPU time = 94.7533
The following benchmarks are including preprocessing (offline phase).
Time = 87.8244 seconds 
Data sent = 1611.28 MB in ~495155 rounds (party 0 only)
Global data sent = 4833.51 MB (all parties)
Actual preprocessing cost of program:
  Type int
       6573085        Triples
       4710606           Bits
This program might benefit from some protocol options.
Consider adding the following at the beginning of your code:
	program.use_edabit(True)
Command line: /mnt/g/paperexper/retf/third_party/MP-SPDZ-s3.1.1-patched/malicious-rep-field-party.x 0 saib_fmatch-256 -pn 27500 -h localhost -P 52435875175126190479447740508185965837690552500527637822603658699938581184513 -v
