Using statistical security parameter 40
Trying to run 255-bit computation (256-bit representation)
S3_FMATCH_TEST valid=1 commitment=23269452066192196971575244241305708938884787878090292542043835900017977942539 aggregate_quantity=3334343 aggregate_settlement=1618289720037
S3_MATCH slot=0 active=1 buy_rank=4 sell_rank=5 price=702550 quantity=213904 settlement=150278255200 buy_residual=0 sell_residual=375871
S3_MATCH slot=1 active=1 buy_rank=6 sell_rank=5 price=745496 quantity=371841 settlement=277205978136 buy_residual=0 sell_residual=4030
S3_MATCH slot=2 active=1 buy_rank=2 sell_rank=15 price=97811 quantity=128532 settlement=12571843452 buy_residual=0 sell_residual=490606
S3_MATCH slot=3 active=1 buy_rank=9 sell_rank=15 price=670179 quantity=227259 settlement=152304209361 buy_residual=0 sell_residual=263347
S3_MATCH slot=4 active=1 buy_rank=13 sell_rank=15 price=334312 quantity=81445 settlement=27228040840 buy_residual=0 sell_residual=181902
S3_MATCH slot=5 active=1 buy_rank=7 sell_rank=15 price=373057 quantity=181902 settlement=67859814414 buy_residual=804987 sell_residual=0
S3_MATCH slot=6 active=1 buy_rank=7 sell_rank=0 price=697882 quantity=798369 settlement=557167354458 buy_residual=6618 sell_residual=0
S3_MATCH slot=7 active=1 buy_rank=7 sell_rank=13 price=485770 quantity=6618 settlement=3214825860 buy_residual=0 sell_residual=550387
S3_MATCH slot=8 active=1 buy_rank=3 sell_rank=13 price=376468 quantity=401844 settlement=151281406992 buy_residual=0 sell_residual=148543
S3_MATCH slot=9 active=1 buy_rank=12 sell_rank=13 price=361437 quantity=78990 settlement=28549908630 buy_residual=0 sell_residual=69553
S3_MATCH slot=10 active=1 buy_rank=5 sell_rank=10 price=102356 quantity=66526 settlement=6809335256 buy_residual=214611 sell_residual=0
S3_MATCH slot=11 active=1 buy_rank=5 sell_rank=1 price=175244 quantity=214611 settlement=37609290084 buy_residual=0 sell_residual=562502
S3_MATCH slot=12 active=1 buy_rank=11 sell_rank=1 price=259927 quantity=562502 settlement=146209457354 buy_residual=211450 sell_residual=0
S3_MATCH slot=13 active=0 buy_rank=0 sell_rank=0 price=0 quantity=0 settlement=0 buy_residual=0 sell_residual=0
S3_MATCH slot=14 active=0 buy_rank=0 sell_rank=0 price=0 quantity=0 settlement=0 buy_residual=0 sell_residual=0
S3_MATCH slot=15 active=0 buy_rank=0 sell_rank=0 price=0 quantity=0 settlement=0 buy_residual=0 sell_residual=0
S3_MATCH slot=16 active=0 buy_rank=0 sell_rank=0 price=0 quantity=0 settlement=0 buy_residual=0 sell_residual=0
S3_MATCH slot=17 active=0 buy_rank=0 sell_rank=0 price=0 quantity=0 settlement=0 buy_residual=0 sell_residual=0
S3_MATCH slot=18 active=0 buy_rank=0 sell_rank=0 price=0 quantity=0 settlement=0 buy_residual=0 sell_residual=0
S3_MATCH slot=19 active=0 buy_rank=0 sell_rank=0 price=0 quantity=0 settlement=0 buy_residual=0 sell_residual=0
S3_MATCH slot=20 active=0 buy_rank=0 sell_rank=0 price=0 quantity=0 settlement=0 buy_residual=0 sell_residual=0
S3_MATCH slot=21 active=0 buy_rank=0 sell_rank=0 price=0 quantity=0 settlement=0 buy_residual=0 sell_residual=0
S3_MATCH slot=22 active=0 buy_rank=0 sell_rank=0 price=0 quantity=0 settlement=0 buy_residual=0 sell_residual=0
S3_MATCH slot=23 active=0 buy_rank=0 sell_rank=0 price=0 quantity=0 settlement=0 buy_residual=0 sell_residual=0
S3_MATCH slot=24 active=0 buy_rank=0 sell_rank=0 price=0 quantity=0 settlement=0 buy_residual=0 sell_residual=0
S3_MATCH slot=25 active=0 buy_rank=0 sell_rank=0 price=0 quantity=0 settlement=0 buy_residual=0 sell_residual=0
S3_MATCH slot=26 active=0 buy_rank=0 sell_rank=0 price=0 quantity=0 settlement=0 buy_residual=0 sell_residual=0
S3_MATCH slot=27 active=0 buy_rank=0 sell_rank=0 price=0 quantity=0 settlement=0 buy_residual=0 sell_residual=0
S3_MATCH slot=28 active=0 buy_rank=0 sell_rank=0 price=0 quantity=0 settlement=0 buy_residual=0 sell_residual=0
S3_MATCH slot=29 active=0 buy_rank=0 sell_rank=0 price=0 quantity=0 settlement=0 buy_residual=0 sell_residual=0
S3_MATCH slot=30 active=0 buy_rank=0 sell_rank=0 price=0 quantity=0 settlement=0 buy_residual=0 sell_residual=0
S3_RESIDUAL side=buy rank=4 quantity=0
S3_RESIDUAL side=buy rank=6 quantity=0
S3_RESIDUAL side=buy rank=2 quantity=0
S3_RESIDUAL side=buy rank=9 quantity=0
S3_RESIDUAL side=buy rank=13 quantity=0
S3_RESIDUAL side=buy rank=7 quantity=0
S3_RESIDUAL side=buy rank=3 quantity=0
S3_RESIDUAL side=buy rank=12 quantity=0
S3_RESIDUAL side=buy rank=5 quantity=0
S3_RESIDUAL side=buy rank=11 quantity=211450
S3_RESIDUAL side=buy rank=1 quantity=184
S3_RESIDUAL side=buy rank=10 quantity=575258
S3_RESIDUAL side=buy rank=0 quantity=941700
S3_RESIDUAL side=buy rank=8 quantity=826383
S3_RESIDUAL side=buy rank=14 quantity=0
S3_RESIDUAL side=buy rank=15 quantity=0
S3_RESIDUAL side=sell rank=5 quantity=4030
S3_RESIDUAL side=sell rank=15 quantity=0
S3_RESIDUAL side=sell rank=0 quantity=0
S3_RESIDUAL side=sell rank=13 quantity=69553
S3_RESIDUAL side=sell rank=4 quantity=816715
S3_RESIDUAL side=sell rank=6 quantity=552218
S3_RESIDUAL side=sell rank=8 quantity=722988
S3_RESIDUAL side=sell rank=10 quantity=0
S3_RESIDUAL side=sell rank=3 quantity=9694
S3_RESIDUAL side=sell rank=12 quantity=745902
S3_RESIDUAL side=sell rank=11 quantity=626267
S3_RESIDUAL side=sell rank=1 quantity=0
S3_RESIDUAL side=sell rank=9 quantity=554525
S3_RESIDUAL side=sell rank=14 quantity=955634
S3_RESIDUAL side=sell rank=7 quantity=749183
S3_RESIDUAL side=sell rank=2 quantity=582531
The following benchmarks are including preprocessing (offline phase).
Time = 2.49717 seconds 
Data sent = 56.5948 MB in ~14142 rounds (party 0 only; use '-v' for more details)
Global data sent = 169.464 MB (all parties)
This program might benefit from some protocol options.
Consider adding the following at the beginning of your code:
	program.use_edabit(True)
