Using statistical security parameter 40
Trying to run 255-bit computation (256-bit representation)
S3_FMATCH_TEST valid=1 commitment=-20236424463951384014774062871319651344006902393886833391238028883644178935227 aggregate_quantity=2143385 aggregate_settlement=691845367142
S3_MATCH slot=0 active=1 buy_rank=13 sell_rank=3 price=377033 quantity=479783 settlement=180894023839 buy_residual=502220 sell_residual=0
S3_MATCH slot=1 active=1 buy_rank=13 sell_rank=4 price=506439 quantity=502220 settlement=254343794580 buy_residual=0 sell_residual=141458
S3_MATCH slot=2 active=1 buy_rank=7 sell_rank=4 price=448994 quantity=141458 settlement=63513793252 buy_residual=500815 sell_residual=0
S3_MATCH slot=3 active=1 buy_rank=7 sell_rank=2 price=466833 quantity=20925 settlement=9768480525 buy_residual=479890 sell_residual=0
S3_MATCH slot=4 active=1 buy_rank=7 sell_rank=0 price=183048 quantity=479890 settlement=87842904720 buy_residual=0 sell_residual=519109
S3_MATCH slot=5 active=1 buy_rank=11 sell_rank=0 price=130621 quantity=268188 settlement=35030984748 buy_residual=0 sell_residual=250921
S3_MATCH slot=6 active=1 buy_rank=8 sell_rank=0 price=240918 quantity=250921 settlement=60451385478 buy_residual=632487 sell_residual=0
S3_MATCH slot=7 active=0 buy_rank=0 sell_rank=0 price=0 quantity=0 settlement=0 buy_residual=0 sell_residual=0
S3_MATCH slot=8 active=0 buy_rank=0 sell_rank=0 price=0 quantity=0 settlement=0 buy_residual=0 sell_residual=0
S3_MATCH slot=9 active=0 buy_rank=0 sell_rank=0 price=0 quantity=0 settlement=0 buy_residual=0 sell_residual=0
S3_MATCH slot=10 active=0 buy_rank=0 sell_rank=0 price=0 quantity=0 settlement=0 buy_residual=0 sell_residual=0
S3_MATCH slot=11 active=0 buy_rank=0 sell_rank=0 price=0 quantity=0 settlement=0 buy_residual=0 sell_residual=0
S3_MATCH slot=12 active=0 buy_rank=0 sell_rank=0 price=0 quantity=0 settlement=0 buy_residual=0 sell_residual=0
S3_MATCH slot=13 active=0 buy_rank=0 sell_rank=0 price=0 quantity=0 settlement=0 buy_residual=0 sell_residual=0
S3_MATCH slot=14 active=0 buy_rank=0 sell_rank=0 price=0 quantity=0 settlement=0 buy_residual=0 sell_residual=0
S3_MATCH slot=15 active=0 buy_rank=0 sell_rank=0 price=0 quantity=0 settlement=0 buy_residual=0 sell_residual=0
S3_MATCH slot=16 active=0 buy_rank=0 sell_rank=0 price=0 quantity=0 settlement=0 buy_residual=0 sell_residual=0
S3_MATCH slot=17 active=0 buy_rank=0 sell_rank=0 price=0 quantity=0 settlement=0 buy_residual=0 sell_residual=0
S3_MATCH slot=18 active=0 buy_rank=0 sell_rank=0 price=0 quantity=0 settlement=0 buy_residual=0 sell_residual=0
S3_MATCH slot=19 active=0 buy_rank=0 sell_rank=0 price=0 quantity=0 settlement=0 buy_residual=0 sell_residual=0
S3_MATCH slot=20 active=0 buy_rank=0 sell_rank=0 price=0 quantity=0 settlement=0 buy_residual=0 sell_residual=0
S3_MATCH slot=21 active=0 buy_rank=0 sell_rank=0 price=0 quantity=0 settlement=0 buy_residual=0 sell_residual=0
S3_MATCH slot=22 active=0 buy_rank=0 sell_rank=0 price=0 quantity=0 settlement=0 buy_residual=0 sell_residual=0
S3_MATCH slot=23 active=0 buy_rank=0 sell_rank=0 price=0 quantity=0 settlement=0 buy_residual=0 sell_residual=0
S3_MATCH slot=24 active=0 buy_rank=0 sell_rank=0 price=0 quantity=0 settlement=0 buy_residual=0 sell_residual=0
S3_MATCH slot=25 active=0 buy_rank=0 sell_rank=0 price=0 quantity=0 settlement=0 buy_residual=0 sell_residual=0
S3_MATCH slot=26 active=0 buy_rank=0 sell_rank=0 price=0 quantity=0 settlement=0 buy_residual=0 sell_residual=0
S3_MATCH slot=27 active=0 buy_rank=0 sell_rank=0 price=0 quantity=0 settlement=0 buy_residual=0 sell_residual=0
S3_MATCH slot=28 active=0 buy_rank=0 sell_rank=0 price=0 quantity=0 settlement=0 buy_residual=0 sell_residual=0
S3_MATCH slot=29 active=0 buy_rank=0 sell_rank=0 price=0 quantity=0 settlement=0 buy_residual=0 sell_residual=0
S3_MATCH slot=30 active=0 buy_rank=0 sell_rank=0 price=0 quantity=0 settlement=0 buy_residual=0 sell_residual=0
S3_RESIDUAL side=buy rank=13 quantity=0
S3_RESIDUAL side=buy rank=7 quantity=0
S3_RESIDUAL side=buy rank=11 quantity=0
S3_RESIDUAL side=buy rank=8 quantity=632487
S3_RESIDUAL side=buy rank=6 quantity=824774
S3_RESIDUAL side=buy rank=14 quantity=82623
S3_RESIDUAL side=buy rank=12 quantity=65382
S3_RESIDUAL side=buy rank=10 quantity=127458
S3_RESIDUAL side=buy rank=5 quantity=492913
S3_RESIDUAL side=buy rank=2 quantity=592155
S3_RESIDUAL side=buy rank=3 quantity=629151
S3_RESIDUAL side=buy rank=1 quantity=695215
S3_RESIDUAL side=buy rank=4 quantity=865607
S3_RESIDUAL side=buy rank=9 quantity=634603
S3_RESIDUAL side=buy rank=0 quantity=809898
S3_RESIDUAL side=buy rank=15 quantity=0
S3_RESIDUAL side=sell rank=3 quantity=0
S3_RESIDUAL side=sell rank=4 quantity=0
S3_RESIDUAL side=sell rank=2 quantity=0
S3_RESIDUAL side=sell rank=0 quantity=0
S3_RESIDUAL side=sell rank=5 quantity=416881
S3_RESIDUAL side=sell rank=1 quantity=716179
S3_RESIDUAL side=sell rank=6 quantity=106012
S3_RESIDUAL side=sell rank=8 quantity=739038
S3_RESIDUAL side=sell rank=7 quantity=452073
S3_RESIDUAL side=sell rank=9 quantity=0
S3_RESIDUAL side=sell rank=10 quantity=0
S3_RESIDUAL side=sell rank=11 quantity=0
S3_RESIDUAL side=sell rank=12 quantity=0
S3_RESIDUAL side=sell rank=13 quantity=0
S3_RESIDUAL side=sell rank=14 quantity=0
S3_RESIDUAL side=sell rank=15 quantity=0
The following benchmarks are including preprocessing (offline phase).
Time = 2.63403 seconds 
Data sent = 56.5948 MB in ~14142 rounds (party 0 only; use '-v' for more details)
Global data sent = 169.464 MB (all parties)
This program might benefit from some protocol options.
Consider adding the following at the beginning of your code:
	program.use_edabit(True)
