Using statistical security parameter 40
Trying to run 255-bit computation (256-bit representation)
S3_FMATCH_TEST valid=1 commitment=5982101787370559120865632041757527489501698403374500462720092611059207103074 aggregate_quantity=5307579 aggregate_settlement=2735859736709
S3_MATCH slot=0 active=1 buy_rank=13 sell_rank=8 price=407562 quantity=921619 settlement=375616882878 buy_residual=0 sell_residual=49181
S3_MATCH slot=1 active=1 buy_rank=4 sell_rank=8 price=444582 quantity=49181 settlement=21864987342 buy_residual=708498 sell_residual=0
S3_MATCH slot=2 active=1 buy_rank=4 sell_rank=2 price=496630 quantity=708498 settlement=351861361740 buy_residual=0 sell_residual=155515
S3_MATCH slot=3 active=1 buy_rank=7 sell_rank=2 price=445525 quantity=155515 settlement=69285820375 buy_residual=422478 sell_residual=0
S3_MATCH slot=4 active=1 buy_rank=7 sell_rank=6 price=640394 quantity=422478 settlement=270552376332 buy_residual=0 sell_residual=270614
S3_MATCH slot=5 active=1 buy_rank=10 sell_rank=6 price=817156 quantity=270614 settlement=221133853784 buy_residual=719879 sell_residual=0
S3_MATCH slot=6 active=1 buy_rank=10 sell_rank=15 price=499904 quantity=403027 settlement=201474809408 buy_residual=316852 sell_residual=0
S3_MATCH slot=7 active=1 buy_rank=10 sell_rank=10 price=539993 quantity=316852 settlement=171097862036 buy_residual=0 sell_residual=662040
S3_MATCH slot=8 active=1 buy_rank=2 sell_rank=10 price=693308 quantity=112154 settlement=77757265432 buy_residual=0 sell_residual=549886
S3_MATCH slot=9 active=1 buy_rank=5 sell_rank=10 price=613101 quantity=549886 settlement=337135656486 buy_residual=423931 sell_residual=0
S3_MATCH slot=10 active=1 buy_rank=5 sell_rank=4 price=424598 quantity=423931 settlement=180000254738 buy_residual=0 sell_residual=96941
S3_MATCH slot=11 active=1 buy_rank=3 sell_rank=4 price=301708 quantity=96941 settlement=29247875228 buy_residual=876883 sell_residual=0
S3_MATCH slot=12 active=1 buy_rank=3 sell_rank=13 price=293864 quantity=6893 settlement=2025604552 buy_residual=869990 sell_residual=0
S3_MATCH slot=13 active=1 buy_rank=3 sell_rank=3 price=403418 quantity=399189 settlement=161040028002 buy_residual=470801 sell_residual=0
S3_MATCH slot=14 active=1 buy_rank=3 sell_rank=9 price=378218 quantity=66843 settlement=25281225774 buy_residual=403958 sell_residual=0
S3_MATCH slot=15 active=1 buy_rank=3 sell_rank=5 price=595319 quantity=403958 settlement=240483872602 buy_residual=0 sell_residual=453422
S3_MATCH slot=16 active=0 buy_rank=0 sell_rank=0 price=0 quantity=0 settlement=0 buy_residual=0 sell_residual=0
S3_MATCH slot=17 active=0 buy_rank=0 sell_rank=0 price=0 quantity=0 settlement=0 buy_residual=0 sell_residual=0
S3_MATCH slot=18 active=0 buy_rank=0 sell_rank=0 price=0 quantity=0 settlement=0 buy_residual=0 sell_residual=0
S3_MATCH slot=19 active=0 buy_rank=0 sell_rank=0 price=0 quantity=0 settlement=0 buy_residual=0 sell_residual=0
S3_MATCH slot=20 active=0 buy_rank=0 sell_rank=0 price=0 quantity=0 settlement=0 buy_residual=0 sell_residual=0
S3_MATCH slot=21 active=0 buy_rank=0 sell_rank=0 price=0 quantity=0 settlement=0 buy_residual=0 sell_residual=0
S3_MATCH slot=22 active=0 buy_rank=0 sell_rank=0 price=0 quantity=0 settlement=0 buy_residual=0 sell_residual=0
S3_MATCH slot=23 active=0 buy_rank=0 sell_rank=0 price=0 quantity=0 settlement=0 buy_residual=0 sell_residual=0
S3_MATCH slot=24 active=0 buy_rank=0 sell_rank=0 price=0 quantity=0 settlement=0 buy_residual=0 sell_residual=0
S3_MATCH slot=25 active=0 buy_rank=0 sell_rank=0 price=0 quantity=0 settlement=0 buy_residual=0 sell_residual=0
S3_MATCH slot=26 active=0 buy_rank=0 sell_rank=0 price=0 quantity=0 settlement=0 buy_residual=0 sell_residual=0
S3_MATCH slot=27 active=0 buy_rank=0 sell_rank=0 price=0 quantity=0 settlement=0 buy_residual=0 sell_residual=0
S3_MATCH slot=28 active=0 buy_rank=0 sell_rank=0 price=0 quantity=0 settlement=0 buy_residual=0 sell_residual=0
S3_MATCH slot=29 active=0 buy_rank=0 sell_rank=0 price=0 quantity=0 settlement=0 buy_residual=0 sell_residual=0
S3_MATCH slot=30 active=0 buy_rank=0 sell_rank=0 price=0 quantity=0 settlement=0 buy_residual=0 sell_residual=0
S3_RESIDUAL side=buy rank=13 quantity=0
S3_RESIDUAL side=buy rank=4 quantity=0
S3_RESIDUAL side=buy rank=7 quantity=0
S3_RESIDUAL side=buy rank=10 quantity=0
S3_RESIDUAL side=buy rank=2 quantity=0
S3_RESIDUAL side=buy rank=5 quantity=0
S3_RESIDUAL side=buy rank=3 quantity=0
S3_RESIDUAL side=buy rank=0 quantity=274734
S3_RESIDUAL side=buy rank=12 quantity=492136
S3_RESIDUAL side=buy rank=11 quantity=594133
S3_RESIDUAL side=buy rank=8 quantity=598227
S3_RESIDUAL side=buy rank=9 quantity=92126
S3_RESIDUAL side=buy rank=6 quantity=60421
S3_RESIDUAL side=buy rank=1 quantity=129724
S3_RESIDUAL side=buy rank=14 quantity=0
S3_RESIDUAL side=buy rank=15 quantity=0
S3_RESIDUAL side=sell rank=8 quantity=0
S3_RESIDUAL side=sell rank=2 quantity=0
S3_RESIDUAL side=sell rank=6 quantity=0
S3_RESIDUAL side=sell rank=15 quantity=0
S3_RESIDUAL side=sell rank=10 quantity=0
S3_RESIDUAL side=sell rank=4 quantity=0
S3_RESIDUAL side=sell rank=13 quantity=0
S3_RESIDUAL side=sell rank=3 quantity=0
S3_RESIDUAL side=sell rank=9 quantity=0
S3_RESIDUAL side=sell rank=7 quantity=410467
S3_RESIDUAL side=sell rank=5 quantity=453422
S3_RESIDUAL side=sell rank=0 quantity=860008
S3_RESIDUAL side=sell rank=14 quantity=58174
S3_RESIDUAL side=sell rank=1 quantity=160660
S3_RESIDUAL side=sell rank=11 quantity=792112
S3_RESIDUAL side=sell rank=12 quantity=324304
The following benchmarks are including preprocessing (offline phase).
Time = 2.49306 seconds 
Data sent = 56.5948 MB in ~14142 rounds (party 0 only; use '-v' for more details)
Global data sent = 169.464 MB (all parties)
This program might benefit from some protocol options.
Consider adding the following at the beginning of your code:
	program.use_edabit(True)
