Using statistical security parameter 40
Trying to run 255-bit computation (256-bit representation)
S3_FMATCH_TEST valid=1 commitment=-5412705927774101419038765358842615631114962662031691145248825146100190987980 aggregate_quantity=2465145 aggregate_settlement=1145813099759
S3_MATCH slot=0 active=1 buy_rank=9 sell_rank=5 price=320821 quantity=462746 settlement=148458634466 buy_residual=0 sell_residual=336540
S3_MATCH slot=1 active=1 buy_rank=7 sell_rank=5 price=593830 quantity=336540 settlement=199847548200 buy_residual=299817 sell_residual=0
S3_MATCH slot=2 active=1 buy_rank=7 sell_rank=8 price=669366 quantity=299817 settlement=200687306022 buy_residual=0 sell_residual=631969
S3_MATCH slot=3 active=1 buy_rank=8 sell_rank=8 price=534446 quantity=255933 settlement=136782368118 buy_residual=0 sell_residual=376036
S3_MATCH slot=4 active=1 buy_rank=1 sell_rank=8 price=445266 quantity=376036 settlement=167436045576 buy_residual=134096 sell_residual=0
S3_MATCH slot=5 active=1 buy_rank=1 sell_rank=3 price=481147 quantity=134096 settlement=64519888112 buy_residual=0 sell_residual=104340
S3_MATCH slot=6 active=1 buy_rank=6 sell_rank=3 price=523943 quantity=104340 settlement=54668212620 buy_residual=309980 sell_residual=0
S3_MATCH slot=7 active=1 buy_rank=6 sell_rank=7 price=382424 quantity=212504 settlement=81266629696 buy_residual=97476 sell_residual=0
S3_MATCH slot=8 active=1 buy_rank=6 sell_rank=6 price=795534 quantity=97476 settlement=77545472184 buy_residual=0 sell_residual=64121
S3_MATCH slot=9 active=1 buy_rank=10 sell_rank=2 price=78645 quantity=185657 settlement=14600994765 buy_residual=102893 sell_residual=0
S3_MATCH slot=10 active=0 buy_rank=0 sell_rank=0 price=0 quantity=0 settlement=0 buy_residual=0 sell_residual=0
S3_MATCH slot=11 active=0 buy_rank=0 sell_rank=0 price=0 quantity=0 settlement=0 buy_residual=0 sell_residual=0
S3_MATCH slot=12 active=0 buy_rank=0 sell_rank=0 price=0 quantity=0 settlement=0 buy_residual=0 sell_residual=0
S3_MATCH slot=13 active=0 buy_rank=0 sell_rank=0 price=0 quantity=0 settlement=0 buy_residual=0 sell_residual=0
S3_MATCH slot=14 active=0 buy_rank=0 sell_rank=0 price=0 quantity=0 settlement=0 buy_residual=0 sell_residual=0
S3_MATCH slot=15 active=0 buy_rank=0 sell_rank=0 price=0 quantity=0 settlement=0 buy_residual=0 sell_residual=0
S3_MATCH slot=16 active=0 buy_rank=0 sell_rank=0 price=0 quantity=0 settlement=0 buy_residual=0 sell_residual=0
S3_MATCH slot=17 active=0 buy_rank=0 sell_rank=0 price=0 quantity=0 settlement=0 buy_residual=0 sell_residual=0
S3_MATCH slot=18 active=0 buy_rank=0 sell_rank=0 price=0 quantity=0 settlement=0 buy_residual=0 sell_residual=0
S3_MATCH slot=19 active=0 buy_rank=0 sell_rank=0 price=0 quantity=0 settlement=0 buy_residual=0 sell_residual=0
S3_MATCH slot=20 active=0 buy_rank=0 sell_rank=0 price=0 quantity=0 settlement=0 buy_residual=0 sell_residual=0
S3_MATCH slot=21 active=0 buy_rank=0 sell_rank=0 price=0 quantity=0 settlement=0 buy_residual=0 sell_residual=0
S3_MATCH slot=22 active=0 buy_rank=0 sell_rank=0 price=0 quantity=0 settlement=0 buy_residual=0 sell_residual=0
S3_MATCH slot=23 active=0 buy_rank=0 sell_rank=0 price=0 quantity=0 settlement=0 buy_residual=0 sell_residual=0
S3_MATCH slot=24 active=0 buy_rank=0 sell_rank=0 price=0 quantity=0 settlement=0 buy_residual=0 sell_residual=0
S3_MATCH slot=25 active=0 buy_rank=0 sell_rank=0 price=0 quantity=0 settlement=0 buy_residual=0 sell_residual=0
S3_MATCH slot=26 active=0 buy_rank=0 sell_rank=0 price=0 quantity=0 settlement=0 buy_residual=0 sell_residual=0
S3_MATCH slot=27 active=0 buy_rank=0 sell_rank=0 price=0 quantity=0 settlement=0 buy_residual=0 sell_residual=0
S3_MATCH slot=28 active=0 buy_rank=0 sell_rank=0 price=0 quantity=0 settlement=0 buy_residual=0 sell_residual=0
S3_MATCH slot=29 active=0 buy_rank=0 sell_rank=0 price=0 quantity=0 settlement=0 buy_residual=0 sell_residual=0
S3_MATCH slot=30 active=0 buy_rank=0 sell_rank=0 price=0 quantity=0 settlement=0 buy_residual=0 sell_residual=0
S3_RESIDUAL side=buy rank=9 quantity=0
S3_RESIDUAL side=buy rank=7 quantity=0
S3_RESIDUAL side=buy rank=8 quantity=0
S3_RESIDUAL side=buy rank=1 quantity=0
S3_RESIDUAL side=buy rank=6 quantity=0
S3_RESIDUAL side=buy rank=10 quantity=102893
S3_RESIDUAL side=buy rank=4 quantity=154536
S3_RESIDUAL side=buy rank=5 quantity=331008
S3_RESIDUAL side=buy rank=0 quantity=628373
S3_RESIDUAL side=buy rank=3 quantity=299847
S3_RESIDUAL side=buy rank=2 quantity=270164
S3_RESIDUAL side=buy rank=11 quantity=0
S3_RESIDUAL side=buy rank=12 quantity=0
S3_RESIDUAL side=buy rank=13 quantity=0
S3_RESIDUAL side=buy rank=14 quantity=0
S3_RESIDUAL side=buy rank=15 quantity=0
S3_RESIDUAL side=sell rank=5 quantity=0
S3_RESIDUAL side=sell rank=8 quantity=0
S3_RESIDUAL side=sell rank=3 quantity=0
S3_RESIDUAL side=sell rank=7 quantity=0
S3_RESIDUAL side=sell rank=6 quantity=64121
S3_RESIDUAL side=sell rank=2 quantity=0
S3_RESIDUAL side=sell rank=0 quantity=151942
S3_RESIDUAL side=sell rank=4 quantity=104896
S3_RESIDUAL side=sell rank=1 quantity=899030
S3_RESIDUAL side=sell rank=9 quantity=0
S3_RESIDUAL side=sell rank=10 quantity=0
S3_RESIDUAL side=sell rank=11 quantity=0
S3_RESIDUAL side=sell rank=12 quantity=0
S3_RESIDUAL side=sell rank=13 quantity=0
S3_RESIDUAL side=sell rank=14 quantity=0
S3_RESIDUAL side=sell rank=15 quantity=0
The following benchmarks are including preprocessing (offline phase).
Time = 2.6924 seconds 
Data sent = 56.5948 MB in ~14142 rounds (party 0 only; use '-v' for more details)
Global data sent = 169.464 MB (all parties)
This program might benefit from some protocol options.
Consider adding the following at the beginning of your code:
	program.use_edabit(True)
