Using statistical security parameter 40
Trying to run 255-bit computation (256-bit representation)
S3_FMATCH_TEST valid=1 commitment=2094835736698540450525041637865743437607358552754665859069615353560220372882 aggregate_quantity=3000433 aggregate_settlement=1725931208639
S3_MATCH slot=0 active=1 buy_rank=3 sell_rank=10 price=302932 quantity=31405 settlement=9513579460 buy_residual=193779 sell_residual=0
S3_MATCH slot=1 active=1 buy_rank=3 sell_rank=8 price=194317 quantity=193779 settlement=37654553943 buy_residual=0 sell_residual=662867
S3_MATCH slot=2 active=1 buy_rank=6 sell_rank=8 price=333677 quantity=352225 settlement=117529381325 buy_residual=0 sell_residual=310642
S3_MATCH slot=3 active=1 buy_rank=0 sell_rank=8 price=457953 quantity=310642 settlement=142259435826 buy_residual=280858 sell_residual=0
S3_MATCH slot=4 active=1 buy_rank=0 sell_rank=3 price=640610 quantity=221949 settlement=142182748890 buy_residual=58909 sell_residual=0
S3_MATCH slot=5 active=1 buy_rank=0 sell_rank=6 price=661995 quantity=58909 settlement=38997463455 buy_residual=0 sell_residual=372542
S3_MATCH slot=6 active=1 buy_rank=2 sell_rank=6 price=799151 quantity=372542 settlement=297717311842 buy_residual=352192 sell_residual=0
S3_MATCH slot=7 active=1 buy_rank=2 sell_rank=12 price=950589 quantity=332121 settlement=315710569269 buy_residual=20071 sell_residual=0
S3_MATCH slot=8 active=1 buy_rank=2 sell_rank=13 price=795507 quantity=20071 settlement=15966620997 buy_residual=0 sell_residual=903073
S3_MATCH slot=9 active=1 buy_rank=1 sell_rank=13 price=410921 quantity=724426 settlement=297681856346 buy_residual=0 sell_residual=178647
S3_MATCH slot=10 active=1 buy_rank=5 sell_rank=13 price=714238 quantity=178647 settlement=127596475986 buy_residual=203717 sell_residual=0
S3_MATCH slot=11 active=1 buy_rank=5 sell_rank=2 price=898900 quantity=203717 settlement=183121211300 buy_residual=0 sell_residual=588693
S3_MATCH slot=12 active=0 buy_rank=0 sell_rank=0 price=0 quantity=0 settlement=0 buy_residual=0 sell_residual=0
S3_MATCH slot=13 active=0 buy_rank=0 sell_rank=0 price=0 quantity=0 settlement=0 buy_residual=0 sell_residual=0
S3_MATCH slot=14 active=0 buy_rank=0 sell_rank=0 price=0 quantity=0 settlement=0 buy_residual=0 sell_residual=0
S3_MATCH slot=15 active=0 buy_rank=0 sell_rank=0 price=0 quantity=0 settlement=0 buy_residual=0 sell_residual=0
S3_MATCH slot=16 active=0 buy_rank=0 sell_rank=0 price=0 quantity=0 settlement=0 buy_residual=0 sell_residual=0
S3_MATCH slot=17 active=0 buy_rank=0 sell_rank=0 price=0 quantity=0 settlement=0 buy_residual=0 sell_residual=0
S3_MATCH slot=18 active=0 buy_rank=0 sell_rank=0 price=0 quantity=0 settlement=0 buy_residual=0 sell_residual=0
S3_MATCH slot=19 active=0 buy_rank=0 sell_rank=0 price=0 quantity=0 settlement=0 buy_residual=0 sell_residual=0
S3_MATCH slot=20 active=0 buy_rank=0 sell_rank=0 price=0 quantity=0 settlement=0 buy_residual=0 sell_residual=0
S3_MATCH slot=21 active=0 buy_rank=0 sell_rank=0 price=0 quantity=0 settlement=0 buy_residual=0 sell_residual=0
S3_MATCH slot=22 active=0 buy_rank=0 sell_rank=0 price=0 quantity=0 settlement=0 buy_residual=0 sell_residual=0
S3_MATCH slot=23 active=0 buy_rank=0 sell_rank=0 price=0 quantity=0 settlement=0 buy_residual=0 sell_residual=0
S3_MATCH slot=24 active=0 buy_rank=0 sell_rank=0 price=0 quantity=0 settlement=0 buy_residual=0 sell_residual=0
S3_MATCH slot=25 active=0 buy_rank=0 sell_rank=0 price=0 quantity=0 settlement=0 buy_residual=0 sell_residual=0
S3_MATCH slot=26 active=0 buy_rank=0 sell_rank=0 price=0 quantity=0 settlement=0 buy_residual=0 sell_residual=0
S3_MATCH slot=27 active=0 buy_rank=0 sell_rank=0 price=0 quantity=0 settlement=0 buy_residual=0 sell_residual=0
S3_MATCH slot=28 active=0 buy_rank=0 sell_rank=0 price=0 quantity=0 settlement=0 buy_residual=0 sell_residual=0
S3_MATCH slot=29 active=0 buy_rank=0 sell_rank=0 price=0 quantity=0 settlement=0 buy_residual=0 sell_residual=0
S3_MATCH slot=30 active=0 buy_rank=0 sell_rank=0 price=0 quantity=0 settlement=0 buy_residual=0 sell_residual=0
S3_RESIDUAL side=buy rank=3 quantity=0
S3_RESIDUAL side=buy rank=6 quantity=0
S3_RESIDUAL side=buy rank=0 quantity=0
S3_RESIDUAL side=buy rank=2 quantity=0
S3_RESIDUAL side=buy rank=1 quantity=0
S3_RESIDUAL side=buy rank=5 quantity=0
S3_RESIDUAL side=buy rank=4 quantity=566676
S3_RESIDUAL side=buy rank=7 quantity=793984
S3_RESIDUAL side=buy rank=8 quantity=0
S3_RESIDUAL side=buy rank=9 quantity=0
S3_RESIDUAL side=buy rank=10 quantity=0
S3_RESIDUAL side=buy rank=11 quantity=0
S3_RESIDUAL side=buy rank=12 quantity=0
S3_RESIDUAL side=buy rank=13 quantity=0
S3_RESIDUAL side=buy rank=14 quantity=0
S3_RESIDUAL side=buy rank=15 quantity=0
S3_RESIDUAL side=sell rank=10 quantity=0
S3_RESIDUAL side=sell rank=8 quantity=0
S3_RESIDUAL side=sell rank=3 quantity=0
S3_RESIDUAL side=sell rank=6 quantity=0
S3_RESIDUAL side=sell rank=12 quantity=0
S3_RESIDUAL side=sell rank=13 quantity=0
S3_RESIDUAL side=sell rank=2 quantity=588693
S3_RESIDUAL side=sell rank=11 quantity=429721
S3_RESIDUAL side=sell rank=5 quantity=339538
S3_RESIDUAL side=sell rank=15 quantity=9091
S3_RESIDUAL side=sell rank=4 quantity=462367
S3_RESIDUAL side=sell rank=9 quantity=286047
S3_RESIDUAL side=sell rank=14 quantity=360158
S3_RESIDUAL side=sell rank=0 quantity=813524
S3_RESIDUAL side=sell rank=7 quantity=458056
S3_RESIDUAL side=sell rank=1 quantity=79935
The following benchmarks are including preprocessing (offline phase).
Time = 2.68518 seconds 
Data sent = 56.5948 MB in ~14142 rounds (party 0 only; use '-v' for more details)
Global data sent = 169.464 MB (all parties)
This program might benefit from some protocol options.
Consider adding the following at the beginning of your code:
	program.use_edabit(True)
