Using statistical security parameter 40
Trying to run 255-bit computation (256-bit representation)
S3_FMATCH_TEST valid=1 commitment=-4434572251872448693243121641759502313999269523341924496749237509247397768638 aggregate_quantity=1504758 aggregate_settlement=731330381444
S3_MATCH slot=0 active=1 buy_rank=9 sell_rank=4 price=543040 quantity=312052 settlement=169456718080 buy_residual=0 sell_residual=426958
S3_MATCH slot=1 active=1 buy_rank=5 sell_rank=4 price=450917 quantity=247565 settlement=111631267105 buy_residual=0 sell_residual=179393
S3_MATCH slot=2 active=1 buy_rank=10 sell_rank=4 price=665017 quantity=179393 settlement=119299394681 buy_residual=378722 sell_residual=0
S3_MATCH slot=3 active=1 buy_rank=10 sell_rank=3 price=574909 quantity=378722 settlement=217730686298 buy_residual=0 sell_residual=213136
S3_MATCH slot=4 active=1 buy_rank=4 sell_rank=3 price=252183 quantity=213136 settlement=53749275888 buy_residual=173890 sell_residual=0
S3_MATCH slot=5 active=1 buy_rank=4 sell_rank=6 price=334134 quantity=134309 settlement=44877203406 buy_residual=39581 sell_residual=0
S3_MATCH slot=6 active=1 buy_rank=4 sell_rank=10 price=368506 quantity=39581 settlement=14585835986 buy_residual=0 sell_residual=512213
S3_MATCH slot=7 active=0 buy_rank=0 sell_rank=0 price=0 quantity=0 settlement=0 buy_residual=0 sell_residual=0
S3_MATCH slot=8 active=0 buy_rank=0 sell_rank=0 price=0 quantity=0 settlement=0 buy_residual=0 sell_residual=0
S3_MATCH slot=9 active=0 buy_rank=0 sell_rank=0 price=0 quantity=0 settlement=0 buy_residual=0 sell_residual=0
S3_MATCH slot=10 active=0 buy_rank=0 sell_rank=0 price=0 quantity=0 settlement=0 buy_residual=0 sell_residual=0
S3_MATCH slot=11 active=0 buy_rank=0 sell_rank=0 price=0 quantity=0 settlement=0 buy_residual=0 sell_residual=0
S3_MATCH slot=12 active=0 buy_rank=0 sell_rank=0 price=0 quantity=0 settlement=0 buy_residual=0 sell_residual=0
S3_MATCH slot=13 active=0 buy_rank=0 sell_rank=0 price=0 quantity=0 settlement=0 buy_residual=0 sell_residual=0
S3_MATCH slot=14 active=0 buy_rank=0 sell_rank=0 price=0 quantity=0 settlement=0 buy_residual=0 sell_residual=0
S3_MATCH slot=15 active=0 buy_rank=0 sell_rank=0 price=0 quantity=0 settlement=0 buy_residual=0 sell_residual=0
S3_MATCH slot=16 active=0 buy_rank=0 sell_rank=0 price=0 quantity=0 settlement=0 buy_residual=0 sell_residual=0
S3_MATCH slot=17 active=0 buy_rank=0 sell_rank=0 price=0 quantity=0 settlement=0 buy_residual=0 sell_residual=0
S3_MATCH slot=18 active=0 buy_rank=0 sell_rank=0 price=0 quantity=0 settlement=0 buy_residual=0 sell_residual=0
S3_MATCH slot=19 active=0 buy_rank=0 sell_rank=0 price=0 quantity=0 settlement=0 buy_residual=0 sell_residual=0
S3_MATCH slot=20 active=0 buy_rank=0 sell_rank=0 price=0 quantity=0 settlement=0 buy_residual=0 sell_residual=0
S3_MATCH slot=21 active=0 buy_rank=0 sell_rank=0 price=0 quantity=0 settlement=0 buy_residual=0 sell_residual=0
S3_MATCH slot=22 active=0 buy_rank=0 sell_rank=0 price=0 quantity=0 settlement=0 buy_residual=0 sell_residual=0
S3_MATCH slot=23 active=0 buy_rank=0 sell_rank=0 price=0 quantity=0 settlement=0 buy_residual=0 sell_residual=0
S3_MATCH slot=24 active=0 buy_rank=0 sell_rank=0 price=0 quantity=0 settlement=0 buy_residual=0 sell_residual=0
S3_MATCH slot=25 active=0 buy_rank=0 sell_rank=0 price=0 quantity=0 settlement=0 buy_residual=0 sell_residual=0
S3_MATCH slot=26 active=0 buy_rank=0 sell_rank=0 price=0 quantity=0 settlement=0 buy_residual=0 sell_residual=0
S3_MATCH slot=27 active=0 buy_rank=0 sell_rank=0 price=0 quantity=0 settlement=0 buy_residual=0 sell_residual=0
S3_MATCH slot=28 active=0 buy_rank=0 sell_rank=0 price=0 quantity=0 settlement=0 buy_residual=0 sell_residual=0
S3_MATCH slot=29 active=0 buy_rank=0 sell_rank=0 price=0 quantity=0 settlement=0 buy_residual=0 sell_residual=0
S3_MATCH slot=30 active=0 buy_rank=0 sell_rank=0 price=0 quantity=0 settlement=0 buy_residual=0 sell_residual=0
S3_RESIDUAL side=buy rank=9 quantity=0
S3_RESIDUAL side=buy rank=5 quantity=0
S3_RESIDUAL side=buy rank=10 quantity=0
S3_RESIDUAL side=buy rank=4 quantity=0
S3_RESIDUAL side=buy rank=12 quantity=823786
S3_RESIDUAL side=buy rank=13 quantity=444373
S3_RESIDUAL side=buy rank=3 quantity=666486
S3_RESIDUAL side=buy rank=11 quantity=52421
S3_RESIDUAL side=buy rank=6 quantity=10423
S3_RESIDUAL side=buy rank=1 quantity=396190
S3_RESIDUAL side=buy rank=2 quantity=43682
S3_RESIDUAL side=buy rank=7 quantity=312430
S3_RESIDUAL side=buy rank=8 quantity=362094
S3_RESIDUAL side=buy rank=0 quantity=81792
S3_RESIDUAL side=buy rank=14 quantity=0
S3_RESIDUAL side=buy rank=15 quantity=0
S3_RESIDUAL side=sell rank=4 quantity=0
S3_RESIDUAL side=sell rank=3 quantity=0
S3_RESIDUAL side=sell rank=11 quantity=944593
S3_RESIDUAL side=sell rank=1 quantity=779419
S3_RESIDUAL side=sell rank=6 quantity=0
S3_RESIDUAL side=sell rank=10 quantity=512213
S3_RESIDUAL side=sell rank=9 quantity=544932
S3_RESIDUAL side=sell rank=7 quantity=32541
S3_RESIDUAL side=sell rank=8 quantity=356951
S3_RESIDUAL side=sell rank=2 quantity=868826
S3_RESIDUAL side=sell rank=5 quantity=907044
S3_RESIDUAL side=sell rank=0 quantity=189353
S3_RESIDUAL side=sell rank=12 quantity=0
S3_RESIDUAL side=sell rank=13 quantity=0
S3_RESIDUAL side=sell rank=14 quantity=0
S3_RESIDUAL side=sell rank=15 quantity=0
The following benchmarks are including preprocessing (offline phase).
Time = 2.75227 seconds 
Data sent = 56.5948 MB in ~14142 rounds (party 0 only; use '-v' for more details)
Global data sent = 169.464 MB (all parties)
This program might benefit from some protocol options.
Consider adding the following at the beginning of your code:
	program.use_edabit(True)
