Using statistical security parameter 40
Trying to run 255-bit computation (256-bit representation)
S3_FMATCH_TEST valid=1 commitment=1721396433211778038897220516115080431722280849801790895880207170103644617063 aggregate_quantity=18677368 aggregate_settlement=9489714868151
S3_MATCH slot=0 active=1 buy_rank=19 sell_rank=41 price=380485 quantity=602037 settlement=229066047945 buy_residual=61583 sell_residual=0
S3_MATCH slot=1 active=1 buy_rank=19 sell_rank=88 price=429493 quantity=61583 settlement=26449467419 buy_residual=0 sell_residual=104634
S3_MATCH slot=2 active=1 buy_rank=30 sell_rank=88 price=414822 quantity=104634 settlement=43404485148 buy_residual=649013 sell_residual=0
S3_MATCH slot=3 active=1 buy_rank=30 sell_rank=69 price=381851 quantity=649013 settlement=247826263063 buy_residual=0 sell_residual=314811
S3_MATCH slot=4 active=1 buy_rank=47 sell_rank=69 price=366609 quantity=314811 settlement=115412545899 buy_residual=19418 sell_residual=0
S3_MATCH slot=5 active=1 buy_rank=47 sell_rank=61 price=387183 quantity=19418 settlement=7518319494 buy_residual=0 sell_residual=701685
S3_MATCH slot=6 active=1 buy_rank=35 sell_rank=61 price=582070 quantity=701685 settlement=408429787950 buy_residual=270904 sell_residual=0
S3_MATCH slot=7 active=1 buy_rank=35 sell_rank=84 price=631121 quantity=270904 settlement=170973203384 buy_residual=0 sell_residual=628518
S3_MATCH slot=8 active=1 buy_rank=66 sell_rank=84 price=432322 quantity=621288 settlement=268596470736 buy_residual=0 sell_residual=7230
S3_MATCH slot=9 active=1 buy_rank=59 sell_rank=84 price=719180 quantity=7230 settlement=5199671400 buy_residual=654695 sell_residual=0
S3_MATCH slot=10 active=1 buy_rank=59 sell_rank=29 price=783168 quantity=3608 settlement=2825670144 buy_residual=651087 sell_residual=0
S3_MATCH slot=11 active=1 buy_rank=59 sell_rank=17 price=578504 quantity=651087 settlement=376656433848 buy_residual=0 sell_residual=308715
S3_MATCH slot=12 active=1 buy_rank=63 sell_rank=17 price=234280 quantity=225346 settlement=52794060880 buy_residual=0 sell_residual=83369
S3_MATCH slot=13 active=1 buy_rank=42 sell_rank=17 price=579360 quantity=83369 settlement=48300663840 buy_residual=112805 sell_residual=0
S3_MATCH slot=14 active=1 buy_rank=42 sell_rank=72 price=816219 quantity=112805 settlement=92073584295 buy_residual=0 sell_residual=246016
S3_MATCH slot=15 active=1 buy_rank=56 sell_rank=72 price=551503 quantity=246016 settlement=135678562048 buy_residual=614199 sell_residual=0
S3_MATCH slot=16 active=1 buy_rank=56 sell_rank=37 price=382626 quantity=200179 settlement=76593690054 buy_residual=414020 sell_residual=0
S3_MATCH slot=17 active=1 buy_rank=56 sell_rank=25 price=493948 quantity=379096 settlement=187253711008 buy_residual=34924 sell_residual=0
S3_MATCH slot=18 active=1 buy_rank=56 sell_rank=96 price=418729 quantity=34924 settlement=14623691596 buy_residual=0 sell_residual=107024
S3_MATCH slot=19 active=1 buy_rank=61 sell_rank=96 price=299151 quantity=107024 settlement=32016336624 buy_residual=431960 sell_residual=0
S3_MATCH slot=20 active=1 buy_rank=61 sell_rank=80 price=378246 quantity=17802 settlement=6733535292 buy_residual=414158 sell_residual=0
S3_MATCH slot=21 active=1 buy_rank=61 sell_rank=49 price=479211 quantity=414158 settlement=198469069338 buy_residual=0 sell_residual=565787
S3_MATCH slot=22 active=1 buy_rank=70 sell_rank=49 price=924973 quantity=142014 settlement=131359115622 buy_residual=0 sell_residual=423773
S3_MATCH slot=23 active=1 buy_rank=4 sell_rank=49 price=840817 quantity=423773 settlement=356315542541 buy_residual=322230 sell_residual=0
S3_MATCH slot=24 active=1 buy_rank=4 sell_rank=87 price=530319 quantity=322230 settlement=170884691370 buy_residual=0 sell_residual=448899
S3_MATCH slot=25 active=1 buy_rank=46 sell_rank=87 price=471650 quantity=231092 settlement=108994541800 buy_residual=0 sell_residual=217807
S3_MATCH slot=26 active=1 buy_rank=51 sell_rank=87 price=486163 quantity=217807 settlement=105889704541 buy_residual=755692 sell_residual=0
S3_MATCH slot=27 active=1 buy_rank=51 sell_rank=83 price=537387 quantity=116244 settlement=62468014428 buy_residual=639448 sell_residual=0
S3_MATCH slot=28 active=1 buy_rank=51 sell_rank=73 price=621786 quantity=63112 settlement=39242158032 buy_residual=576336 sell_residual=0
S3_MATCH slot=29 active=1 buy_rank=51 sell_rank=24 price=504191 quantity=270559 settlement=136413412769 buy_residual=305777 sell_residual=0
S3_MATCH slot=30 active=1 buy_rank=51 sell_rank=22 price=716908 quantity=305777 settlement=219213977516 buy_residual=0 sell_residual=334720
S3_MATCH slot=31 active=1 buy_rank=73 sell_rank=22 price=545952 quantity=334720 settlement=182741053440 buy_residual=223765 sell_residual=0
S3_MATCH slot=32 active=1 buy_rank=73 sell_rank=94 price=393120 quantity=223765 settlement=87966496800 buy_residual=0 sell_residual=475158
S3_MATCH slot=33 active=1 buy_rank=12 sell_rank=94 price=498513 quantity=310767 settlement=154921389471 buy_residual=0 sell_residual=164391
S3_MATCH slot=34 active=1 buy_rank=78 sell_rank=94 price=675316 quantity=164391 settlement=111015872556 buy_residual=573490 sell_residual=0
S3_MATCH slot=35 active=1 buy_rank=78 sell_rank=86 price=644501 quantity=573490 settlement=369614878490 buy_residual=0 sell_residual=83660
S3_MATCH slot=36 active=1 buy_rank=37 sell_rank=86 price=429491 quantity=83660 settlement=35931217060 buy_residual=528809 sell_residual=0
S3_MATCH slot=37 active=1 buy_rank=37 sell_rank=35 price=734685 quantity=528809 settlement=388508040165 buy_residual=0 sell_residual=344804
S3_MATCH slot=38 active=1 buy_rank=24 sell_rank=35 price=743415 quantity=344804 settlement=256332465660 buy_residual=123724 sell_residual=0
S3_MATCH slot=39 active=1 buy_rank=24 sell_rank=4 price=617003 quantity=123724 settlement=76338079172 buy_residual=0 sell_residual=808054
S3_MATCH slot=40 active=1 buy_rank=1 sell_rank=4 price=637513 quantity=775479 settlement=494377943727 buy_residual=0 sell_residual=32575
S3_MATCH slot=41 active=1 buy_rank=25 sell_rank=4 price=525446 quantity=32575 settlement=17116403450 buy_residual=106912 sell_residual=0
S3_MATCH slot=42 active=1 buy_rank=25 sell_rank=13 price=263516 quantity=106912 settlement=28173022592 buy_residual=0 sell_residual=228964
S3_MATCH slot=43 active=1 buy_rank=39 sell_rank=13 price=364962 quantity=77494 settlement=28282365228 buy_residual=0 sell_residual=151470
S3_MATCH slot=44 active=1 buy_rank=36 sell_rank=13 price=458087 quantity=151470 settlement=69386437890 buy_residual=547701 sell_residual=0
S3_MATCH slot=45 active=1 buy_rank=36 sell_rank=70 price=1032779 quantity=547701 settlement=565654091079 buy_residual=0 sell_residual=162514
S3_MATCH slot=46 active=1 buy_rank=43 sell_rank=3 price=255485 quantity=302028 settlement=77163623580 buy_residual=522210 sell_residual=0
S3_MATCH slot=47 active=1 buy_rank=43 sell_rank=38 price=318633 quantity=309401 settlement=98585368833 buy_residual=212809 sell_residual=0
S3_MATCH slot=48 active=1 buy_rank=43 sell_rank=47 price=185927 quantity=212809 settlement=39566938943 buy_residual=0 sell_residual=598823
S3_MATCH slot=49 active=1 buy_rank=13 sell_rank=47 price=156768 quantity=598823 settlement=93876284064 buy_residual=283573 sell_residual=0
S3_MATCH slot=50 active=1 buy_rank=13 sell_rank=74 price=174394 quantity=283573 settlement=49453429762 buy_residual=0 sell_residual=34133
S3_MATCH slot=51 active=1 buy_rank=41 sell_rank=74 price=556262 quantity=34133 settlement=18986890846 buy_residual=633355 sell_residual=0
S3_MATCH slot=52 active=1 buy_rank=41 sell_rank=92 price=1065622 quantity=633355 settlement=674917021810 buy_residual=0 sell_residual=327035
S3_MATCH slot=53 active=1 buy_rank=3 sell_rank=9 price=526570 quantity=209159 settlement=110136854630 buy_residual=384135 sell_residual=0
S3_MATCH slot=54 active=1 buy_rank=3 sell_rank=65 price=210428 quantity=205581 settlement=43259998668 buy_residual=178554 sell_residual=0
S3_MATCH slot=55 active=1 buy_rank=3 sell_rank=68 price=416689 quantity=178554 settlement=74401487706 buy_residual=0 sell_residual=294140
S3_MATCH slot=56 active=1 buy_rank=80 sell_rank=68 price=448311 quantity=294140 settlement=131866197540 buy_residual=273802 sell_residual=0
S3_MATCH slot=57 active=1 buy_rank=80 sell_rank=93 price=397325 quantity=273802 settlement=108788379650 buy_residual=0 sell_residual=378694
S3_MATCH slot=58 active=1 buy_rank=38 sell_rank=93 price=692668 quantity=378694 settlement=262309215592 buy_residual=416758 sell_residual=0
S3_MATCH slot=59 active=1 buy_rank=38 sell_rank=71 price=1016734 quantity=416758 settlement=423732028372 buy_residual=0 sell_residual=147447
S3_MATCH slot=60 active=1 buy_rank=67 sell_rank=10 price=89447 quantity=665374 settlement=59515708178 buy_residual=0 sell_residual=191643
S3_MATCH slot=61 active=1 buy_rank=10 sell_rank=10 price=447885 quantity=191643 settlement=85834025055 buy_residual=73877 sell_residual=0
S3_MATCH slot=62 active=1 buy_rank=10 sell_rank=28 price=372863 quantity=73877 settlement=27545999851 buy_residual=0 sell_residual=395345
S3_MATCH slot=63 active=1 buy_rank=0 sell_rank=28 price=84354 quantity=395345 settlement=33348932130 buy_residual=49805 sell_residual=0
S3_MATCH slot=64 active=1 buy_rank=0 sell_rank=97 price=103277 quantity=49805 settlement=5143710985 buy_residual=0 sell_residual=757438
S3_MATCH slot=65 active=1 buy_rank=18 sell_rank=97 price=189884 quantity=670128 settlement=127246585152 buy_residual=0 sell_residual=87310
S3_MATCH slot=66 active=0 buy_rank=0 sell_rank=0 price=0 quantity=0 settlement=0 buy_residual=0 sell_residual=0
S3_MATCH slot=67 active=0 buy_rank=0 sell_rank=0 price=0 quantity=0 settlement=0 buy_residual=0 sell_residual=0
S3_MATCH slot=68 active=0 buy_rank=0 sell_rank=0 price=0 quantity=0 settlement=0 buy_residual=0 sell_residual=0
S3_MATCH slot=69 active=0 buy_rank=0 sell_rank=0 price=0 quantity=0 settlement=0 buy_residual=0 sell_residual=0
S3_MATCH slot=70 active=0 buy_rank=0 sell_rank=0 price=0 quantity=0 settlement=0 buy_residual=0 sell_residual=0
S3_MATCH slot=71 active=0 buy_rank=0 sell_rank=0 price=0 quantity=0 settlement=0 buy_residual=0 sell_residual=0
S3_MATCH slot=72 active=0 buy_rank=0 sell_rank=0 price=0 quantity=0 settlement=0 buy_residual=0 sell_residual=0
S3_MATCH slot=73 active=0 buy_rank=0 sell_rank=0 price=0 quantity=0 settlement=0 buy_residual=0 sell_residual=0
S3_MATCH slot=74 active=0 buy_rank=0 sell_rank=0 price=0 quantity=0 settlement=0 buy_residual=0 sell_residual=0
S3_MATCH slot=75 active=0 buy_rank=0 sell_rank=0 price=0 quantity=0 settlement=0 buy_residual=0 sell_residual=0
S3_MATCH slot=76 active=0 buy_rank=0 sell_rank=0 price=0 quantity=0 settlement=0 buy_residual=0 sell_residual=0
S3_MATCH slot=77 active=0 buy_rank=0 sell_rank=0 price=0 quantity=0 settlement=0 buy_residual=0 sell_residual=0
S3_MATCH slot=78 active=0 buy_rank=0 sell_rank=0 price=0 quantity=0 settlement=0 buy_residual=0 sell_residual=0
S3_MATCH slot=79 active=0 buy_rank=0 sell_rank=0 price=0 quantity=0 settlement=0 buy_residual=0 sell_residual=0
S3_MATCH slot=80 active=0 buy_rank=0 sell_rank=0 price=0 quantity=0 settlement=0 buy_residual=0 sell_residual=0
S3_MATCH slot=81 active=0 buy_rank=0 sell_rank=0 price=0 quantity=0 settlement=0 buy_residual=0 sell_residual=0
S3_MATCH slot=82 active=0 buy_rank=0 sell_rank=0 price=0 quantity=0 settlement=0 buy_residual=0 sell_residual=0
S3_MATCH slot=83 active=0 buy_rank=0 sell_rank=0 price=0 quantity=0 settlement=0 buy_residual=0 sell_residual=0
S3_MATCH slot=84 active=0 buy_rank=0 sell_rank=0 price=0 quantity=0 settlement=0 buy_residual=0 sell_residual=0
S3_MATCH slot=85 active=0 buy_rank=0 sell_rank=0 price=0 quantity=0 settlement=0 buy_residual=0 sell_residual=0
S3_MATCH slot=86 active=0 buy_rank=0 sell_rank=0 price=0 quantity=0 settlement=0 buy_residual=0 sell_residual=0
S3_MATCH slot=87 active=0 buy_rank=0 sell_rank=0 price=0 quantity=0 settlement=0 buy_residual=0 sell_residual=0
S3_MATCH slot=88 active=0 buy_rank=0 sell_rank=0 price=0 quantity=0 settlement=0 buy_residual=0 sell_residual=0
S3_MATCH slot=89 active=0 buy_rank=0 sell_rank=0 price=0 quantity=0 settlement=0 buy_residual=0 sell_residual=0
S3_MATCH slot=90 active=0 buy_rank=0 sell_rank=0 price=0 quantity=0 settlement=0 buy_residual=0 sell_residual=0
S3_MATCH slot=91 active=0 buy_rank=0 sell_rank=0 price=0 quantity=0 settlement=0 buy_residual=0 sell_residual=0
S3_MATCH slot=92 active=0 buy_rank=0 sell_rank=0 price=0 quantity=0 settlement=0 buy_residual=0 sell_residual=0
S3_MATCH slot=93 active=0 buy_rank=0 sell_rank=0 price=0 quantity=0 settlement=0 buy_residual=0 sell_residual=0
S3_MATCH slot=94 active=0 buy_rank=0 sell_rank=0 price=0 quantity=0 settlement=0 buy_residual=0 sell_residual=0
S3_MATCH slot=95 active=0 buy_rank=0 sell_rank=0 price=0 quantity=0 settlement=0 buy_residual=0 sell_residual=0
S3_MATCH slot=96 active=0 buy_rank=0 sell_rank=0 price=0 quantity=0 settlement=0 buy_residual=0 sell_residual=0
S3_MATCH slot=97 active=0 buy_rank=0 sell_rank=0 price=0 quantity=0 settlement=0 buy_residual=0 sell_residual=0
S3_MATCH slot=98 active=0 buy_rank=0 sell_rank=0 price=0 quantity=0 settlement=0 buy_residual=0 sell_residual=0
S3_MATCH slot=99 active=0 buy_rank=0 sell_rank=0 price=0 quantity=0 settlement=0 buy_residual=0 sell_residual=0
S3_MATCH slot=100 active=0 buy_rank=0 sell_rank=0 price=0 quantity=0 settlement=0 buy_residual=0 sell_residual=0
S3_MATCH slot=101 active=0 buy_rank=0 sell_rank=0 price=0 quantity=0 settlement=0 buy_residual=0 sell_residual=0
S3_MATCH slot=102 active=0 buy_rank=0 sell_rank=0 price=0 quantity=0 settlement=0 buy_residual=0 sell_residual=0
S3_MATCH slot=103 active=0 buy_rank=0 sell_rank=0 price=0 quantity=0 settlement=0 buy_residual=0 sell_residual=0
S3_MATCH slot=104 active=0 buy_rank=0 sell_rank=0 price=0 quantity=0 settlement=0 buy_residual=0 sell_residual=0
S3_MATCH slot=105 active=0 buy_rank=0 sell_rank=0 price=0 quantity=0 settlement=0 buy_residual=0 sell_residual=0
S3_MATCH slot=106 active=0 buy_rank=0 sell_rank=0 price=0 quantity=0 settlement=0 buy_residual=0 sell_residual=0
S3_MATCH slot=107 active=0 buy_rank=0 sell_rank=0 price=0 quantity=0 settlement=0 buy_residual=0 sell_residual=0
S3_MATCH slot=108 active=0 buy_rank=0 sell_rank=0 price=0 quantity=0 settlement=0 buy_residual=0 sell_residual=0
S3_MATCH slot=109 active=0 buy_rank=0 sell_rank=0 price=0 quantity=0 settlement=0 buy_residual=0 sell_residual=0
S3_MATCH slot=110 active=0 buy_rank=0 sell_rank=0 price=0 quantity=0 settlement=0 buy_residual=0 sell_residual=0
S3_MATCH slot=111 active=0 buy_rank=0 sell_rank=0 price=0 quantity=0 settlement=0 buy_residual=0 sell_residual=0
S3_MATCH slot=112 active=0 buy_rank=0 sell_rank=0 price=0 quantity=0 settlement=0 buy_residual=0 sell_residual=0
S3_MATCH slot=113 active=0 buy_rank=0 sell_rank=0 price=0 quantity=0 settlement=0 buy_residual=0 sell_residual=0
S3_MATCH slot=114 active=0 buy_rank=0 sell_rank=0 price=0 quantity=0 settlement=0 buy_residual=0 sell_residual=0
S3_MATCH slot=115 active=0 buy_rank=0 sell_rank=0 price=0 quantity=0 settlement=0 buy_residual=0 sell_residual=0
S3_MATCH slot=116 active=0 buy_rank=0 sell_rank=0 price=0 quantity=0 settlement=0 buy_residual=0 sell_residual=0
S3_MATCH slot=117 active=0 buy_rank=0 sell_rank=0 price=0 quantity=0 settlement=0 buy_residual=0 sell_residual=0
S3_MATCH slot=118 active=0 buy_rank=0 sell_rank=0 price=0 quantity=0 settlement=0 buy_residual=0 sell_residual=0
S3_MATCH slot=119 active=0 buy_rank=0 sell_rank=0 price=0 quantity=0 settlement=0 buy_residual=0 sell_residual=0
S3_MATCH slot=120 active=0 buy_rank=0 sell_rank=0 price=0 quantity=0 settlement=0 buy_residual=0 sell_residual=0
S3_MATCH slot=121 active=0 buy_rank=0 sell_rank=0 price=0 quantity=0 settlement=0 buy_residual=0 sell_residual=0
S3_MATCH slot=122 active=0 buy_rank=0 sell_rank=0 price=0 quantity=0 settlement=0 buy_residual=0 sell_residual=0
S3_MATCH slot=123 active=0 buy_rank=0 sell_rank=0 price=0 quantity=0 settlement=0 buy_residual=0 sell_residual=0
S3_MATCH slot=124 active=0 buy_rank=0 sell_rank=0 price=0 quantity=0 settlement=0 buy_residual=0 sell_residual=0
S3_MATCH slot=125 active=0 buy_rank=0 sell_rank=0 price=0 quantity=0 settlement=0 buy_residual=0 sell_residual=0
S3_MATCH slot=126 active=0 buy_rank=0 sell_rank=0 price=0 quantity=0 settlement=0 buy_residual=0 sell_residual=0
S3_MATCH slot=127 active=0 buy_rank=0 sell_rank=0 price=0 quantity=0 settlement=0 buy_residual=0 sell_residual=0
S3_MATCH slot=128 active=0 buy_rank=0 sell_rank=0 price=0 quantity=0 settlement=0 buy_residual=0 sell_residual=0
S3_MATCH slot=129 active=0 buy_rank=0 sell_rank=0 price=0 quantity=0 settlement=0 buy_residual=0 sell_residual=0
S3_MATCH slot=130 active=0 buy_rank=0 sell_rank=0 price=0 quantity=0 settlement=0 buy_residual=0 sell_residual=0
S3_MATCH slot=131 active=0 buy_rank=0 sell_rank=0 price=0 quantity=0 settlement=0 buy_residual=0 sell_residual=0
S3_MATCH slot=132 active=0 buy_rank=0 sell_rank=0 price=0 quantity=0 settlement=0 buy_residual=0 sell_residual=0
S3_MATCH slot=133 active=0 buy_rank=0 sell_rank=0 price=0 quantity=0 settlement=0 buy_residual=0 sell_residual=0
S3_MATCH slot=134 active=0 buy_rank=0 sell_rank=0 price=0 quantity=0 settlement=0 buy_residual=0 sell_residual=0
S3_MATCH slot=135 active=0 buy_rank=0 sell_rank=0 price=0 quantity=0 settlement=0 buy_residual=0 sell_residual=0
S3_MATCH slot=136 active=0 buy_rank=0 sell_rank=0 price=0 quantity=0 settlement=0 buy_residual=0 sell_residual=0
S3_MATCH slot=137 active=0 buy_rank=0 sell_rank=0 price=0 quantity=0 settlement=0 buy_residual=0 sell_residual=0
S3_MATCH slot=138 active=0 buy_rank=0 sell_rank=0 price=0 quantity=0 settlement=0 buy_residual=0 sell_residual=0
S3_MATCH slot=139 active=0 buy_rank=0 sell_rank=0 price=0 quantity=0 settlement=0 buy_residual=0 sell_residual=0
S3_MATCH slot=140 active=0 buy_rank=0 sell_rank=0 price=0 quantity=0 settlement=0 buy_residual=0 sell_residual=0
S3_MATCH slot=141 active=0 buy_rank=0 sell_rank=0 price=0 quantity=0 settlement=0 buy_residual=0 sell_residual=0
S3_MATCH slot=142 active=0 buy_rank=0 sell_rank=0 price=0 quantity=0 settlement=0 buy_residual=0 sell_residual=0
S3_MATCH slot=143 active=0 buy_rank=0 sell_rank=0 price=0 quantity=0 settlement=0 buy_residual=0 sell_residual=0
S3_MATCH slot=144 active=0 buy_rank=0 sell_rank=0 price=0 quantity=0 settlement=0 buy_residual=0 sell_residual=0
S3_MATCH slot=145 active=0 buy_rank=0 sell_rank=0 price=0 quantity=0 settlement=0 buy_residual=0 sell_residual=0
S3_MATCH slot=146 active=0 buy_rank=0 sell_rank=0 price=0 quantity=0 settlement=0 buy_residual=0 sell_residual=0
S3_MATCH slot=147 active=0 buy_rank=0 sell_rank=0 price=0 quantity=0 settlement=0 buy_residual=0 sell_residual=0
S3_MATCH slot=148 active=0 buy_rank=0 sell_rank=0 price=0 quantity=0 settlement=0 buy_residual=0 sell_residual=0
S3_MATCH slot=149 active=0 buy_rank=0 sell_rank=0 price=0 quantity=0 settlement=0 buy_residual=0 sell_residual=0
S3_MATCH slot=150 active=0 buy_rank=0 sell_rank=0 price=0 quantity=0 settlement=0 buy_residual=0 sell_residual=0
S3_MATCH slot=151 active=0 buy_rank=0 sell_rank=0 price=0 quantity=0 settlement=0 buy_residual=0 sell_residual=0
S3_MATCH slot=152 active=0 buy_rank=0 sell_rank=0 price=0 quantity=0 settlement=0 buy_residual=0 sell_residual=0
S3_MATCH slot=153 active=0 buy_rank=0 sell_rank=0 price=0 quantity=0 settlement=0 buy_residual=0 sell_residual=0
S3_MATCH slot=154 active=0 buy_rank=0 sell_rank=0 price=0 quantity=0 settlement=0 buy_residual=0 sell_residual=0
S3_MATCH slot=155 active=0 buy_rank=0 sell_rank=0 price=0 quantity=0 settlement=0 buy_residual=0 sell_residual=0
S3_MATCH slot=156 active=0 buy_rank=0 sell_rank=0 price=0 quantity=0 settlement=0 buy_residual=0 sell_residual=0
S3_MATCH slot=157 active=0 buy_rank=0 sell_rank=0 price=0 quantity=0 settlement=0 buy_residual=0 sell_residual=0
S3_MATCH slot=158 active=0 buy_rank=0 sell_rank=0 price=0 quantity=0 settlement=0 buy_residual=0 sell_residual=0
S3_MATCH slot=159 active=0 buy_rank=0 sell_rank=0 price=0 quantity=0 settlement=0 buy_residual=0 sell_residual=0
S3_MATCH slot=160 active=0 buy_rank=0 sell_rank=0 price=0 quantity=0 settlement=0 buy_residual=0 sell_residual=0
S3_MATCH slot=161 active=0 buy_rank=0 sell_rank=0 price=0 quantity=0 settlement=0 buy_residual=0 sell_residual=0
S3_MATCH slot=162 active=0 buy_rank=0 sell_rank=0 price=0 quantity=0 settlement=0 buy_residual=0 sell_residual=0
S3_MATCH slot=163 active=0 buy_rank=0 sell_rank=0 price=0 quantity=0 settlement=0 buy_residual=0 sell_residual=0
S3_MATCH slot=164 active=0 buy_rank=0 sell_rank=0 price=0 quantity=0 settlement=0 buy_residual=0 sell_residual=0
S3_MATCH slot=165 active=0 buy_rank=0 sell_rank=0 price=0 quantity=0 settlement=0 buy_residual=0 sell_residual=0
S3_MATCH slot=166 active=0 buy_rank=0 sell_rank=0 price=0 quantity=0 settlement=0 buy_residual=0 sell_residual=0
S3_MATCH slot=167 active=0 buy_rank=0 sell_rank=0 price=0 quantity=0 settlement=0 buy_residual=0 sell_residual=0
S3_MATCH slot=168 active=0 buy_rank=0 sell_rank=0 price=0 quantity=0 settlement=0 buy_residual=0 sell_residual=0
S3_MATCH slot=169 active=0 buy_rank=0 sell_rank=0 price=0 quantity=0 settlement=0 buy_residual=0 sell_residual=0
S3_MATCH slot=170 active=0 buy_rank=0 sell_rank=0 price=0 quantity=0 settlement=0 buy_residual=0 sell_residual=0
S3_MATCH slot=171 active=0 buy_rank=0 sell_rank=0 price=0 quantity=0 settlement=0 buy_residual=0 sell_residual=0
S3_MATCH slot=172 active=0 buy_rank=0 sell_rank=0 price=0 quantity=0 settlement=0 buy_residual=0 sell_residual=0
S3_MATCH slot=173 active=0 buy_rank=0 sell_rank=0 price=0 quantity=0 settlement=0 buy_residual=0 sell_residual=0
S3_MATCH slot=174 active=0 buy_rank=0 sell_rank=0 price=0 quantity=0 settlement=0 buy_residual=0 sell_residual=0
S3_MATCH slot=175 active=0 buy_rank=0 sell_rank=0 price=0 quantity=0 settlement=0 buy_residual=0 sell_residual=0
S3_MATCH slot=176 active=0 buy_rank=0 sell_rank=0 price=0 quantity=0 settlement=0 buy_residual=0 sell_residual=0
S3_MATCH slot=177 active=0 buy_rank=0 sell_rank=0 price=0 quantity=0 settlement=0 buy_residual=0 sell_residual=0
S3_MATCH slot=178 active=0 buy_rank=0 sell_rank=0 price=0 quantity=0 settlement=0 buy_residual=0 sell_residual=0
S3_MATCH slot=179 active=0 buy_rank=0 sell_rank=0 price=0 quantity=0 settlement=0 buy_residual=0 sell_residual=0
S3_MATCH slot=180 active=0 buy_rank=0 sell_rank=0 price=0 quantity=0 settlement=0 buy_residual=0 sell_residual=0
S3_MATCH slot=181 active=0 buy_rank=0 sell_rank=0 price=0 quantity=0 settlement=0 buy_residual=0 sell_residual=0
S3_MATCH slot=182 active=0 buy_rank=0 sell_rank=0 price=0 quantity=0 settlement=0 buy_residual=0 sell_residual=0
S3_MATCH slot=183 active=0 buy_rank=0 sell_rank=0 price=0 quantity=0 settlement=0 buy_residual=0 sell_residual=0
S3_MATCH slot=184 active=0 buy_rank=0 sell_rank=0 price=0 quantity=0 settlement=0 buy_residual=0 sell_residual=0
S3_MATCH slot=185 active=0 buy_rank=0 sell_rank=0 price=0 quantity=0 settlement=0 buy_residual=0 sell_residual=0
S3_MATCH slot=186 active=0 buy_rank=0 sell_rank=0 price=0 quantity=0 settlement=0 buy_residual=0 sell_residual=0
S3_MATCH slot=187 active=0 buy_rank=0 sell_rank=0 price=0 quantity=0 settlement=0 buy_residual=0 sell_residual=0
S3_MATCH slot=188 active=0 buy_rank=0 sell_rank=0 price=0 quantity=0 settlement=0 buy_residual=0 sell_residual=0
S3_MATCH slot=189 active=0 buy_rank=0 sell_rank=0 price=0 quantity=0 settlement=0 buy_residual=0 sell_residual=0
S3_MATCH slot=190 active=0 buy_rank=0 sell_rank=0 price=0 quantity=0 settlement=0 buy_residual=0 sell_residual=0
S3_MATCH slot=191 active=0 buy_rank=0 sell_rank=0 price=0 quantity=0 settlement=0 buy_residual=0 sell_residual=0
S3_MATCH slot=192 active=0 buy_rank=0 sell_rank=0 price=0 quantity=0 settlement=0 buy_residual=0 sell_residual=0
S3_MATCH slot=193 active=0 buy_rank=0 sell_rank=0 price=0 quantity=0 settlement=0 buy_residual=0 sell_residual=0
S3_MATCH slot=194 active=0 buy_rank=0 sell_rank=0 price=0 quantity=0 settlement=0 buy_residual=0 sell_residual=0
S3_MATCH slot=195 active=0 buy_rank=0 sell_rank=0 price=0 quantity=0 settlement=0 buy_residual=0 sell_residual=0
S3_MATCH slot=196 active=0 buy_rank=0 sell_rank=0 price=0 quantity=0 settlement=0 buy_residual=0 sell_residual=0
S3_MATCH slot=197 active=0 buy_rank=0 sell_rank=0 price=0 quantity=0 settlement=0 buy_residual=0 sell_residual=0
S3_MATCH slot=198 active=0 buy_rank=0 sell_rank=0 price=0 quantity=0 settlement=0 buy_residual=0 sell_residual=0
S3_MATCH slot=199 active=0 buy_rank=0 sell_rank=0 price=0 quantity=0 settlement=0 buy_residual=0 sell_residual=0
S3_MATCH slot=200 active=0 buy_rank=0 sell_rank=0 price=0 quantity=0 settlement=0 buy_residual=0 sell_residual=0
S3_MATCH slot=201 active=0 buy_rank=0 sell_rank=0 price=0 quantity=0 settlement=0 buy_residual=0 sell_residual=0
S3_MATCH slot=202 active=0 buy_rank=0 sell_rank=0 price=0 quantity=0 settlement=0 buy_residual=0 sell_residual=0
S3_MATCH slot=203 active=0 buy_rank=0 sell_rank=0 price=0 quantity=0 settlement=0 buy_residual=0 sell_residual=0
S3_MATCH slot=204 active=0 buy_rank=0 sell_rank=0 price=0 quantity=0 settlement=0 buy_residual=0 sell_residual=0
S3_MATCH slot=205 active=0 buy_rank=0 sell_rank=0 price=0 quantity=0 settlement=0 buy_residual=0 sell_residual=0
S3_MATCH slot=206 active=0 buy_rank=0 sell_rank=0 price=0 quantity=0 settlement=0 buy_residual=0 sell_residual=0
S3_MATCH slot=207 active=0 buy_rank=0 sell_rank=0 price=0 quantity=0 settlement=0 buy_residual=0 sell_residual=0
S3_MATCH slot=208 active=0 buy_rank=0 sell_rank=0 price=0 quantity=0 settlement=0 buy_residual=0 sell_residual=0
S3_MATCH slot=209 active=0 buy_rank=0 sell_rank=0 price=0 quantity=0 settlement=0 buy_residual=0 sell_residual=0
S3_MATCH slot=210 active=0 buy_rank=0 sell_rank=0 price=0 quantity=0 settlement=0 buy_residual=0 sell_residual=0
S3_MATCH slot=211 active=0 buy_rank=0 sell_rank=0 price=0 quantity=0 settlement=0 buy_residual=0 sell_residual=0
S3_MATCH slot=212 active=0 buy_rank=0 sell_rank=0 price=0 quantity=0 settlement=0 buy_residual=0 sell_residual=0
S3_MATCH slot=213 active=0 buy_rank=0 sell_rank=0 price=0 quantity=0 settlement=0 buy_residual=0 sell_residual=0
S3_MATCH slot=214 active=0 buy_rank=0 sell_rank=0 price=0 quantity=0 settlement=0 buy_residual=0 sell_residual=0
S3_MATCH slot=215 active=0 buy_rank=0 sell_rank=0 price=0 quantity=0 settlement=0 buy_residual=0 sell_residual=0
S3_MATCH slot=216 active=0 buy_rank=0 sell_rank=0 price=0 quantity=0 settlement=0 buy_residual=0 sell_residual=0
S3_MATCH slot=217 active=0 buy_rank=0 sell_rank=0 price=0 quantity=0 settlement=0 buy_residual=0 sell_residual=0
S3_MATCH slot=218 active=0 buy_rank=0 sell_rank=0 price=0 quantity=0 settlement=0 buy_residual=0 sell_residual=0
S3_MATCH slot=219 active=0 buy_rank=0 sell_rank=0 price=0 quantity=0 settlement=0 buy_residual=0 sell_residual=0
S3_MATCH slot=220 active=0 buy_rank=0 sell_rank=0 price=0 quantity=0 settlement=0 buy_residual=0 sell_residual=0
S3_MATCH slot=221 active=0 buy_rank=0 sell_rank=0 price=0 quantity=0 settlement=0 buy_residual=0 sell_residual=0
S3_MATCH slot=222 active=0 buy_rank=0 sell_rank=0 price=0 quantity=0 settlement=0 buy_residual=0 sell_residual=0
S3_MATCH slot=223 active=0 buy_rank=0 sell_rank=0 price=0 quantity=0 settlement=0 buy_residual=0 sell_residual=0
S3_MATCH slot=224 active=0 buy_rank=0 sell_rank=0 price=0 quantity=0 settlement=0 buy_residual=0 sell_residual=0
S3_MATCH slot=225 active=0 buy_rank=0 sell_rank=0 price=0 quantity=0 settlement=0 buy_residual=0 sell_residual=0
S3_MATCH slot=226 active=0 buy_rank=0 sell_rank=0 price=0 quantity=0 settlement=0 buy_residual=0 sell_residual=0
S3_MATCH slot=227 active=0 buy_rank=0 sell_rank=0 price=0 quantity=0 settlement=0 buy_residual=0 sell_residual=0
S3_MATCH slot=228 active=0 buy_rank=0 sell_rank=0 price=0 quantity=0 settlement=0 buy_residual=0 sell_residual=0
S3_MATCH slot=229 active=0 buy_rank=0 sell_rank=0 price=0 quantity=0 settlement=0 buy_residual=0 sell_residual=0
S3_MATCH slot=230 active=0 buy_rank=0 sell_rank=0 price=0 quantity=0 settlement=0 buy_residual=0 sell_residual=0
S3_MATCH slot=231 active=0 buy_rank=0 sell_rank=0 price=0 quantity=0 settlement=0 buy_residual=0 sell_residual=0
S3_MATCH slot=232 active=0 buy_rank=0 sell_rank=0 price=0 quantity=0 settlement=0 buy_residual=0 sell_residual=0
S3_MATCH slot=233 active=0 buy_rank=0 sell_rank=0 price=0 quantity=0 settlement=0 buy_residual=0 sell_residual=0
S3_MATCH slot=234 active=0 buy_rank=0 sell_rank=0 price=0 quantity=0 settlement=0 buy_residual=0 sell_residual=0
S3_MATCH slot=235 active=0 buy_rank=0 sell_rank=0 price=0 quantity=0 settlement=0 buy_residual=0 sell_residual=0
S3_MATCH slot=236 active=0 buy_rank=0 sell_rank=0 price=0 quantity=0 settlement=0 buy_residual=0 sell_residual=0
S3_MATCH slot=237 active=0 buy_rank=0 sell_rank=0 price=0 quantity=0 settlement=0 buy_residual=0 sell_residual=0
S3_MATCH slot=238 active=0 buy_rank=0 sell_rank=0 price=0 quantity=0 settlement=0 buy_residual=0 sell_residual=0
S3_MATCH slot=239 active=0 buy_rank=0 sell_rank=0 price=0 quantity=0 settlement=0 buy_residual=0 sell_residual=0
S3_MATCH slot=240 active=0 buy_rank=0 sell_rank=0 price=0 quantity=0 settlement=0 buy_residual=0 sell_residual=0
S3_MATCH slot=241 active=0 buy_rank=0 sell_rank=0 price=0 quantity=0 settlement=0 buy_residual=0 sell_residual=0
S3_MATCH slot=242 active=0 buy_rank=0 sell_rank=0 price=0 quantity=0 settlement=0 buy_residual=0 sell_residual=0
S3_MATCH slot=243 active=0 buy_rank=0 sell_rank=0 price=0 quantity=0 settlement=0 buy_residual=0 sell_residual=0
S3_MATCH slot=244 active=0 buy_rank=0 sell_rank=0 price=0 quantity=0 settlement=0 buy_residual=0 sell_residual=0
S3_MATCH slot=245 active=0 buy_rank=0 sell_rank=0 price=0 quantity=0 settlement=0 buy_residual=0 sell_residual=0
S3_MATCH slot=246 active=0 buy_rank=0 sell_rank=0 price=0 quantity=0 settlement=0 buy_residual=0 sell_residual=0
S3_MATCH slot=247 active=0 buy_rank=0 sell_rank=0 price=0 quantity=0 settlement=0 buy_residual=0 sell_residual=0
S3_MATCH slot=248 active=0 buy_rank=0 sell_rank=0 price=0 quantity=0 settlement=0 buy_residual=0 sell_residual=0
S3_MATCH slot=249 active=0 buy_rank=0 sell_rank=0 price=0 quantity=0 settlement=0 buy_residual=0 sell_residual=0
S3_MATCH slot=250 active=0 buy_rank=0 sell_rank=0 price=0 quantity=0 settlement=0 buy_residual=0 sell_residual=0
S3_MATCH slot=251 active=0 buy_rank=0 sell_rank=0 price=0 quantity=0 settlement=0 buy_residual=0 sell_residual=0
S3_MATCH slot=252 active=0 buy_rank=0 sell_rank=0 price=0 quantity=0 settlement=0 buy_residual=0 sell_residual=0
S3_MATCH slot=253 active=0 buy_rank=0 sell_rank=0 price=0 quantity=0 settlement=0 buy_residual=0 sell_residual=0
S3_MATCH slot=254 active=0 buy_rank=0 sell_rank=0 price=0 quantity=0 settlement=0 buy_residual=0 sell_residual=0
S3_RESIDUAL side=buy rank=19 quantity=0
S3_RESIDUAL side=buy rank=30 quantity=0
S3_RESIDUAL side=buy rank=47 quantity=0
S3_RESIDUAL side=buy rank=35 quantity=0
S3_RESIDUAL side=buy rank=66 quantity=0
S3_RESIDUAL side=buy rank=59 quantity=0
S3_RESIDUAL side=buy rank=63 quantity=0
S3_RESIDUAL side=buy rank=42 quantity=0
S3_RESIDUAL side=buy rank=56 quantity=0
S3_RESIDUAL side=buy rank=61 quantity=0
S3_RESIDUAL side=buy rank=70 quantity=0
S3_RESIDUAL side=buy rank=4 quantity=0
S3_RESIDUAL side=buy rank=46 quantity=0
S3_RESIDUAL side=buy rank=51 quantity=0
S3_RESIDUAL side=buy rank=73 quantity=0
S3_RESIDUAL side=buy rank=12 quantity=0
S3_RESIDUAL side=buy rank=78 quantity=0
S3_RESIDUAL side=buy rank=37 quantity=0
S3_RESIDUAL side=buy rank=24 quantity=0
S3_RESIDUAL side=buy rank=1 quantity=0
S3_RESIDUAL side=buy rank=25 quantity=0
S3_RESIDUAL side=buy rank=39 quantity=0
S3_RESIDUAL side=buy rank=36 quantity=0
S3_RESIDUAL side=buy rank=43 quantity=0
S3_RESIDUAL side=buy rank=13 quantity=0
S3_RESIDUAL side=buy rank=41 quantity=0
S3_RESIDUAL side=buy rank=3 quantity=0
S3_RESIDUAL side=buy rank=80 quantity=0
S3_RESIDUAL side=buy rank=38 quantity=0
S3_RESIDUAL side=buy rank=67 quantity=0
S3_RESIDUAL side=buy rank=10 quantity=0
S3_RESIDUAL side=buy rank=0 quantity=0
S3_RESIDUAL side=buy rank=18 quantity=0
S3_RESIDUAL side=buy rank=50 quantity=911090
S3_RESIDUAL side=buy rank=26 quantity=949057
S3_RESIDUAL side=buy rank=15 quantity=440132
S3_RESIDUAL side=buy rank=69 quantity=444963
S3_RESIDUAL side=buy rank=40 quantity=404021
S3_RESIDUAL side=buy rank=2 quantity=274506
S3_RESIDUAL side=buy rank=44 quantity=969258
S3_RESIDUAL side=buy rank=49 quantity=731080
S3_RESIDUAL side=buy rank=17 quantity=445400
S3_RESIDUAL side=buy rank=31 quantity=259011
S3_RESIDUAL side=buy rank=75 quantity=491661
S3_RESIDUAL side=buy rank=48 quantity=332176
S3_RESIDUAL side=buy rank=14 quantity=624104
S3_RESIDUAL side=buy rank=77 quantity=15974
S3_RESIDUAL side=buy rank=20 quantity=776489
S3_RESIDUAL side=buy rank=11 quantity=83163
S3_RESIDUAL side=buy rank=29 quantity=353339
S3_RESIDUAL side=buy rank=27 quantity=554242
S3_RESIDUAL side=buy rank=22 quantity=659389
S3_RESIDUAL side=buy rank=57 quantity=294843
S3_RESIDUAL side=buy rank=62 quantity=8039
S3_RESIDUAL side=buy rank=58 quantity=799688
S3_RESIDUAL side=buy rank=21 quantity=397044
S3_RESIDUAL side=buy rank=60 quantity=425148
S3_RESIDUAL side=buy rank=68 quantity=849942
S3_RESIDUAL side=buy rank=53 quantity=830241
S3_RESIDUAL side=buy rank=54 quantity=757133
S3_RESIDUAL side=buy rank=72 quantity=404116
S3_RESIDUAL side=buy rank=8 quantity=909886
S3_RESIDUAL side=buy rank=5 quantity=973547
S3_RESIDUAL side=buy rank=28 quantity=112529
S3_RESIDUAL side=buy rank=55 quantity=59939
S3_RESIDUAL side=buy rank=65 quantity=465589
S3_RESIDUAL side=buy rank=71 quantity=552350
S3_RESIDUAL side=buy rank=32 quantity=307313
S3_RESIDUAL side=buy rank=76 quantity=851344
S3_RESIDUAL side=buy rank=9 quantity=141732
S3_RESIDUAL side=buy rank=23 quantity=239981
S3_RESIDUAL side=buy rank=52 quantity=167846
S3_RESIDUAL side=buy rank=79 quantity=394396
S3_RESIDUAL side=buy rank=34 quantity=860457
S3_RESIDUAL side=buy rank=64 quantity=489925
S3_RESIDUAL side=buy rank=16 quantity=592280
S3_RESIDUAL side=buy rank=33 quantity=755647
S3_RESIDUAL side=buy rank=74 quantity=105943
S3_RESIDUAL side=buy rank=6 quantity=151480
S3_RESIDUAL side=buy rank=7 quantity=331943
S3_RESIDUAL side=buy rank=45 quantity=895538
S3_RESIDUAL side=buy rank=81 quantity=0
S3_RESIDUAL side=buy rank=82 quantity=0
S3_RESIDUAL side=buy rank=83 quantity=0
S3_RESIDUAL side=buy rank=84 quantity=0
S3_RESIDUAL side=buy rank=85 quantity=0
S3_RESIDUAL side=buy rank=86 quantity=0
S3_RESIDUAL side=buy rank=87 quantity=0
S3_RESIDUAL side=buy rank=88 quantity=0
S3_RESIDUAL side=buy rank=89 quantity=0
S3_RESIDUAL side=buy rank=90 quantity=0
S3_RESIDUAL side=buy rank=91 quantity=0
S3_RESIDUAL side=buy rank=92 quantity=0
S3_RESIDUAL side=buy rank=93 quantity=0
S3_RESIDUAL side=buy rank=94 quantity=0
S3_RESIDUAL side=buy rank=95 quantity=0
S3_RESIDUAL side=buy rank=96 quantity=0
S3_RESIDUAL side=buy rank=97 quantity=0
S3_RESIDUAL side=buy rank=98 quantity=0
S3_RESIDUAL side=buy rank=99 quantity=0
S3_RESIDUAL side=buy rank=100 quantity=0
S3_RESIDUAL side=buy rank=101 quantity=0
S3_RESIDUAL side=buy rank=102 quantity=0
S3_RESIDUAL side=buy rank=103 quantity=0
S3_RESIDUAL side=buy rank=104 quantity=0
S3_RESIDUAL side=buy rank=105 quantity=0
S3_RESIDUAL side=buy rank=106 quantity=0
S3_RESIDUAL side=buy rank=107 quantity=0
S3_RESIDUAL side=buy rank=108 quantity=0
S3_RESIDUAL side=buy rank=109 quantity=0
S3_RESIDUAL side=buy rank=110 quantity=0
S3_RESIDUAL side=buy rank=111 quantity=0
S3_RESIDUAL side=buy rank=112 quantity=0
S3_RESIDUAL side=buy rank=113 quantity=0
S3_RESIDUAL side=buy rank=114 quantity=0
S3_RESIDUAL side=buy rank=115 quantity=0
S3_RESIDUAL side=buy rank=116 quantity=0
S3_RESIDUAL side=buy rank=117 quantity=0
S3_RESIDUAL side=buy rank=118 quantity=0
S3_RESIDUAL side=buy rank=119 quantity=0
S3_RESIDUAL side=buy rank=120 quantity=0
S3_RESIDUAL side=buy rank=121 quantity=0
S3_RESIDUAL side=buy rank=122 quantity=0
S3_RESIDUAL side=buy rank=123 quantity=0
S3_RESIDUAL side=buy rank=124 quantity=0
S3_RESIDUAL side=buy rank=125 quantity=0
S3_RESIDUAL side=buy rank=126 quantity=0
S3_RESIDUAL side=buy rank=127 quantity=0
S3_RESIDUAL side=sell rank=41 quantity=0
S3_RESIDUAL side=sell rank=88 quantity=0
S3_RESIDUAL side=sell rank=69 quantity=0
S3_RESIDUAL side=sell rank=61 quantity=0
S3_RESIDUAL side=sell rank=84 quantity=0
S3_RESIDUAL side=sell rank=29 quantity=0
S3_RESIDUAL side=sell rank=17 quantity=0
S3_RESIDUAL side=sell rank=72 quantity=0
S3_RESIDUAL side=sell rank=37 quantity=0
S3_RESIDUAL side=sell rank=25 quantity=0
S3_RESIDUAL side=sell rank=96 quantity=0
S3_RESIDUAL side=sell rank=80 quantity=0
S3_RESIDUAL side=sell rank=49 quantity=0
S3_RESIDUAL side=sell rank=87 quantity=0
S3_RESIDUAL side=sell rank=83 quantity=0
S3_RESIDUAL side=sell rank=73 quantity=0
S3_RESIDUAL side=sell rank=24 quantity=0
S3_RESIDUAL side=sell rank=22 quantity=0
S3_RESIDUAL side=sell rank=94 quantity=0
S3_RESIDUAL side=sell rank=86 quantity=0
S3_RESIDUAL side=sell rank=35 quantity=0
S3_RESIDUAL side=sell rank=4 quantity=0
S3_RESIDUAL side=sell rank=13 quantity=0
S3_RESIDUAL side=sell rank=70 quantity=162514
S3_RESIDUAL side=sell rank=3 quantity=0
S3_RESIDUAL side=sell rank=82 quantity=762917
S3_RESIDUAL side=sell rank=38 quantity=0
S3_RESIDUAL side=sell rank=47 quantity=0
S3_RESIDUAL side=sell rank=67 quantity=371462
S3_RESIDUAL side=sell rank=74 quantity=0
S3_RESIDUAL side=sell rank=92 quantity=327035
S3_RESIDUAL side=sell rank=9 quantity=0
S3_RESIDUAL side=sell rank=56 quantity=874148
S3_RESIDUAL side=sell rank=65 quantity=0
S3_RESIDUAL side=sell rank=52 quantity=807968
S3_RESIDUAL side=sell rank=68 quantity=0
S3_RESIDUAL side=sell rank=57 quantity=933847
S3_RESIDUAL side=sell rank=31 quantity=172034
S3_RESIDUAL side=sell rank=93 quantity=0
S3_RESIDUAL side=sell rank=71 quantity=147447
S3_RESIDUAL side=sell rank=19 quantity=240013
S3_RESIDUAL side=sell rank=18 quantity=845762
S3_RESIDUAL side=sell rank=34 quantity=255813
S3_RESIDUAL side=sell rank=5 quantity=987352
S3_RESIDUAL side=sell rank=85 quantity=956963
S3_RESIDUAL side=sell rank=95 quantity=70238
S3_RESIDUAL side=sell rank=2 quantity=253164
S3_RESIDUAL side=sell rank=10 quantity=0
S3_RESIDUAL side=sell rank=28 quantity=0
S3_RESIDUAL side=sell rank=59 quantity=837327
S3_RESIDUAL side=sell rank=97 quantity=87310
S3_RESIDUAL side=sell rank=62 quantity=510518
S3_RESIDUAL side=sell rank=89 quantity=599550
S3_RESIDUAL side=sell rank=43 quantity=580959
S3_RESIDUAL side=sell rank=1 quantity=435779
S3_RESIDUAL side=sell rank=63 quantity=974592
S3_RESIDUAL side=sell rank=45 quantity=703162
S3_RESIDUAL side=sell rank=42 quantity=78318
S3_RESIDUAL side=sell rank=66 quantity=508887
S3_RESIDUAL side=sell rank=36 quantity=601652
S3_RESIDUAL side=sell rank=48 quantity=513049
S3_RESIDUAL side=sell rank=51 quantity=53345
S3_RESIDUAL side=sell rank=23 quantity=556623
S3_RESIDUAL side=sell rank=27 quantity=381635
S3_RESIDUAL side=sell rank=58 quantity=572126
S3_RESIDUAL side=sell rank=76 quantity=57045
S3_RESIDUAL side=sell rank=30 quantity=578707
S3_RESIDUAL side=sell rank=81 quantity=570395
S3_RESIDUAL side=sell rank=16 quantity=521374
S3_RESIDUAL side=sell rank=44 quantity=579112
S3_RESIDUAL side=sell rank=75 quantity=755246
S3_RESIDUAL side=sell rank=26 quantity=303376
S3_RESIDUAL side=sell rank=55 quantity=728664
S3_RESIDUAL side=sell rank=46 quantity=770915
S3_RESIDUAL side=sell rank=50 quantity=422866
S3_RESIDUAL side=sell rank=0 quantity=556516
S3_RESIDUAL side=sell rank=21 quantity=753951
S3_RESIDUAL side=sell rank=39 quantity=58012
S3_RESIDUAL side=sell rank=8 quantity=400805
S3_RESIDUAL side=sell rank=79 quantity=207363
S3_RESIDUAL side=sell rank=32 quantity=291803
S3_RESIDUAL side=sell rank=40 quantity=571270
S3_RESIDUAL side=sell rank=12 quantity=704865
S3_RESIDUAL side=sell rank=77 quantity=667537
S3_RESIDUAL side=sell rank=20 quantity=303230
S3_RESIDUAL side=sell rank=54 quantity=782775
S3_RESIDUAL side=sell rank=78 quantity=491956
S3_RESIDUAL side=sell rank=7 quantity=385205
S3_RESIDUAL side=sell rank=64 quantity=869969
S3_RESIDUAL side=sell rank=33 quantity=882644
S3_RESIDUAL side=sell rank=6 quantity=109901
S3_RESIDUAL side=sell rank=90 quantity=905514
S3_RESIDUAL side=sell rank=15 quantity=55335
S3_RESIDUAL side=sell rank=60 quantity=141647
S3_RESIDUAL side=sell rank=14 quantity=499480
S3_RESIDUAL side=sell rank=11 quantity=390912
S3_RESIDUAL side=sell rank=53 quantity=405159
S3_RESIDUAL side=sell rank=91 quantity=255306
S3_RESIDUAL side=sell rank=98 quantity=0
S3_RESIDUAL side=sell rank=99 quantity=0
S3_RESIDUAL side=sell rank=100 quantity=0
S3_RESIDUAL side=sell rank=101 quantity=0
S3_RESIDUAL side=sell rank=102 quantity=0
S3_RESIDUAL side=sell rank=103 quantity=0
S3_RESIDUAL side=sell rank=104 quantity=0
S3_RESIDUAL side=sell rank=105 quantity=0
S3_RESIDUAL side=sell rank=106 quantity=0
S3_RESIDUAL side=sell rank=107 quantity=0
S3_RESIDUAL side=sell rank=108 quantity=0
S3_RESIDUAL side=sell rank=109 quantity=0
S3_RESIDUAL side=sell rank=110 quantity=0
S3_RESIDUAL side=sell rank=111 quantity=0
S3_RESIDUAL side=sell rank=112 quantity=0
S3_RESIDUAL side=sell rank=113 quantity=0
S3_RESIDUAL side=sell rank=114 quantity=0
S3_RESIDUAL side=sell rank=115 quantity=0
S3_RESIDUAL side=sell rank=116 quantity=0
S3_RESIDUAL side=sell rank=117 quantity=0
S3_RESIDUAL side=sell rank=118 quantity=0
S3_RESIDUAL side=sell rank=119 quantity=0
S3_RESIDUAL side=sell rank=120 quantity=0
S3_RESIDUAL side=sell rank=121 quantity=0
S3_RESIDUAL side=sell rank=122 quantity=0
S3_RESIDUAL side=sell rank=123 quantity=0
S3_RESIDUAL side=sell rank=124 quantity=0
S3_RESIDUAL side=sell rank=125 quantity=0
S3_RESIDUAL side=sell rank=126 quantity=0
S3_RESIDUAL side=sell rank=127 quantity=0
The following benchmarks are including preprocessing (offline phase).
Time = 29.2103 seconds 
Data sent = 659.089 MB in ~179795 rounds (party 0 only; use '-v' for more details)
Global data sent = 1977.27 MB (all parties)
This program might benefit from some protocol options.
Consider adding the following at the beginning of your code:
	program.use_edabit(True)
