Using statistical security parameter 40
Trying to run 255-bit computation (256-bit representation)
S3_FMATCH_TEST valid=1 commitment=1411750836331804737137149823186446979480400091533489286358622579832662754070 aggregate_quantity=4055486 aggregate_settlement=1950297264586
S3_MATCH slot=0 active=1 buy_rank=4 sell_rank=3 price=642596 quantity=832805 settlement=535157161780 buy_residual=0 sell_residual=112123
S3_MATCH slot=1 active=1 buy_rank=1 sell_rank=3 price=470804 quantity=112123 settlement=52787956892 buy_residual=318293 sell_residual=0
S3_MATCH slot=2 active=1 buy_rank=1 sell_rank=8 price=406398 quantity=318293 settlement=129353638614 buy_residual=0 sell_residual=70059
S3_MATCH slot=3 active=1 buy_rank=5 sell_rank=8 price=494370 quantity=70059 settlement=34635067830 buy_residual=476183 sell_residual=0
S3_MATCH slot=4 active=1 buy_rank=5 sell_rank=9 price=454981 quantity=476183 settlement=216654217523 buy_residual=0 sell_residual=374013
S3_MATCH slot=5 active=1 buy_rank=7 sell_rank=9 price=685291 quantity=374013 settlement=256307742783 buy_residual=577505 sell_residual=0
S3_MATCH slot=6 active=1 buy_rank=7 sell_rank=2 price=558195 quantity=577505 settlement=322360403475 buy_residual=0 sell_residual=362329
S3_MATCH slot=7 active=1 buy_rank=10 sell_rank=2 price=295984 quantity=362329 settlement=107243586736 buy_residual=291587 sell_residual=0
S3_MATCH slot=8 active=1 buy_rank=10 sell_rank=5 price=504466 quantity=291587 settlement=147095727542 buy_residual=0 sell_residual=36638
S3_MATCH slot=9 active=1 buy_rank=8 sell_rank=10 price=230699 quantity=619666 settlement=142956326534 buy_residual=20923 sell_residual=0
S3_MATCH slot=10 active=1 buy_rank=8 sell_rank=1 price=274599 quantity=20923 settlement=5745434877 buy_residual=0 sell_residual=610401
S3_MATCH slot=11 active=0 buy_rank=0 sell_rank=0 price=0 quantity=0 settlement=0 buy_residual=0 sell_residual=0
S3_MATCH slot=12 active=0 buy_rank=0 sell_rank=0 price=0 quantity=0 settlement=0 buy_residual=0 sell_residual=0
S3_MATCH slot=13 active=0 buy_rank=0 sell_rank=0 price=0 quantity=0 settlement=0 buy_residual=0 sell_residual=0
S3_MATCH slot=14 active=0 buy_rank=0 sell_rank=0 price=0 quantity=0 settlement=0 buy_residual=0 sell_residual=0
S3_MATCH slot=15 active=0 buy_rank=0 sell_rank=0 price=0 quantity=0 settlement=0 buy_residual=0 sell_residual=0
S3_MATCH slot=16 active=0 buy_rank=0 sell_rank=0 price=0 quantity=0 settlement=0 buy_residual=0 sell_residual=0
S3_MATCH slot=17 active=0 buy_rank=0 sell_rank=0 price=0 quantity=0 settlement=0 buy_residual=0 sell_residual=0
S3_MATCH slot=18 active=0 buy_rank=0 sell_rank=0 price=0 quantity=0 settlement=0 buy_residual=0 sell_residual=0
S3_MATCH slot=19 active=0 buy_rank=0 sell_rank=0 price=0 quantity=0 settlement=0 buy_residual=0 sell_residual=0
S3_MATCH slot=20 active=0 buy_rank=0 sell_rank=0 price=0 quantity=0 settlement=0 buy_residual=0 sell_residual=0
S3_MATCH slot=21 active=0 buy_rank=0 sell_rank=0 price=0 quantity=0 settlement=0 buy_residual=0 sell_residual=0
S3_MATCH slot=22 active=0 buy_rank=0 sell_rank=0 price=0 quantity=0 settlement=0 buy_residual=0 sell_residual=0
S3_MATCH slot=23 active=0 buy_rank=0 sell_rank=0 price=0 quantity=0 settlement=0 buy_residual=0 sell_residual=0
S3_MATCH slot=24 active=0 buy_rank=0 sell_rank=0 price=0 quantity=0 settlement=0 buy_residual=0 sell_residual=0
S3_MATCH slot=25 active=0 buy_rank=0 sell_rank=0 price=0 quantity=0 settlement=0 buy_residual=0 sell_residual=0
S3_MATCH slot=26 active=0 buy_rank=0 sell_rank=0 price=0 quantity=0 settlement=0 buy_residual=0 sell_residual=0
S3_MATCH slot=27 active=0 buy_rank=0 sell_rank=0 price=0 quantity=0 settlement=0 buy_residual=0 sell_residual=0
S3_MATCH slot=28 active=0 buy_rank=0 sell_rank=0 price=0 quantity=0 settlement=0 buy_residual=0 sell_residual=0
S3_MATCH slot=29 active=0 buy_rank=0 sell_rank=0 price=0 quantity=0 settlement=0 buy_residual=0 sell_residual=0
S3_MATCH slot=30 active=0 buy_rank=0 sell_rank=0 price=0 quantity=0 settlement=0 buy_residual=0 sell_residual=0
S3_RESIDUAL side=buy rank=4 quantity=0
S3_RESIDUAL side=buy rank=1 quantity=0
S3_RESIDUAL side=buy rank=5 quantity=0
S3_RESIDUAL side=buy rank=7 quantity=0
S3_RESIDUAL side=buy rank=10 quantity=0
S3_RESIDUAL side=buy rank=8 quantity=0
S3_RESIDUAL side=buy rank=9 quantity=910062
S3_RESIDUAL side=buy rank=3 quantity=699861
S3_RESIDUAL side=buy rank=2 quantity=947633
S3_RESIDUAL side=buy rank=6 quantity=786113
S3_RESIDUAL side=buy rank=0 quantity=726465
S3_RESIDUAL side=buy rank=11 quantity=132250
S3_RESIDUAL side=buy rank=12 quantity=0
S3_RESIDUAL side=buy rank=13 quantity=0
S3_RESIDUAL side=buy rank=14 quantity=0
S3_RESIDUAL side=buy rank=15 quantity=0
S3_RESIDUAL side=sell rank=3 quantity=0
S3_RESIDUAL side=sell rank=8 quantity=0
S3_RESIDUAL side=sell rank=9 quantity=0
S3_RESIDUAL side=sell rank=2 quantity=0
S3_RESIDUAL side=sell rank=14 quantity=782022
S3_RESIDUAL side=sell rank=5 quantity=36638
S3_RESIDUAL side=sell rank=10 quantity=0
S3_RESIDUAL side=sell rank=1 quantity=610401
S3_RESIDUAL side=sell rank=4 quantity=321128
S3_RESIDUAL side=sell rank=12 quantity=920511
S3_RESIDUAL side=sell rank=0 quantity=466484
S3_RESIDUAL side=sell rank=13 quantity=445387
S3_RESIDUAL side=sell rank=7 quantity=426826
S3_RESIDUAL side=sell rank=6 quantity=694654
S3_RESIDUAL side=sell rank=11 quantity=783907
S3_RESIDUAL side=sell rank=15 quantity=0
The following benchmarks are including preprocessing (offline phase).
Time = 2.46718 seconds 
Data sent = 56.5948 MB in ~14142 rounds (party 0 only; use '-v' for more details)
Global data sent = 169.464 MB (all parties)
This program might benefit from some protocol options.
Consider adding the following at the beginning of your code:
	program.use_edabit(True)
