Using statistical security parameter 40
Trying to run 255-bit computation (256-bit representation)
S3_FMATCH_TEST valid=1 commitment=-4609458709671496622837228983763665488985668495578888809396901236003939990456 aggregate_quantity=4502088 aggregate_settlement=3197683877531
S3_MATCH slot=0 active=1 buy_rank=5 sell_rank=6 price=403899 quantity=259351 settlement=104751609549 buy_residual=0 sell_residual=225918
S3_MATCH slot=1 active=1 buy_rank=2 sell_rank=6 price=473079 quantity=225918 settlement=106877061522 buy_residual=90836 sell_residual=0
S3_MATCH slot=2 active=1 buy_rank=2 sell_rank=7 price=382013 quantity=90836 settlement=34700532868 buy_residual=0 sell_residual=17470
S3_MATCH slot=3 active=1 buy_rank=9 sell_rank=7 price=508488 quantity=17470 settlement=8883285360 buy_residual=949102 sell_residual=0
S3_MATCH slot=4 active=1 buy_rank=9 sell_rank=8 price=664205 quantity=740198 settlement=491643212590 buy_residual=208904 sell_residual=0
S3_MATCH slot=5 active=1 buy_rank=9 sell_rank=1 price=700322 quantity=208904 settlement=146300067088 buy_residual=0 sell_residual=440454
S3_MATCH slot=6 active=1 buy_rank=1 sell_rank=1 price=781366 quantity=440454 settlement=344155780164 buy_residual=25466 sell_residual=0
S3_MATCH slot=7 active=1 buy_rank=1 sell_rank=9 price=524655 quantity=25466 settlement=13360864230 buy_residual=0 sell_residual=53764
S3_MATCH slot=8 active=1 buy_rank=8 sell_rank=9 price=415330 quantity=53764 settlement=22329802120 buy_residual=513244 sell_residual=0
S3_MATCH slot=9 active=1 buy_rank=8 sell_rank=13 price=357294 quantity=425473 settlement=152018950062 buy_residual=87771 sell_residual=0
S3_MATCH slot=10 active=1 buy_rank=8 sell_rank=2 price=421519 quantity=87771 settlement=36997144149 buy_residual=0 sell_residual=60800
S3_MATCH slot=11 active=1 buy_rank=4 sell_rank=2 price=225597 quantity=54501 settlement=12295262097 buy_residual=0 sell_residual=6299
S3_MATCH slot=12 active=1 buy_rank=3 sell_rank=2 price=601177 quantity=6299 settlement=3786813923 buy_residual=968636 sell_residual=0
S3_MATCH slot=13 active=1 buy_rank=3 sell_rank=4 price=808446 quantity=187109 settlement=151267522614 buy_residual=781527 sell_residual=0
S3_MATCH slot=14 active=1 buy_rank=3 sell_rank=3 price=596665 quantity=148641 settlement=88688882265 buy_residual=632886 sell_residual=0
S3_MATCH slot=15 active=1 buy_rank=3 sell_rank=10 price=1114149 quantity=425252 settlement=473794090548 buy_residual=207634 sell_residual=0
S3_MATCH slot=16 active=1 buy_rank=3 sell_rank=11 price=1105531 quantity=207634 settlement=229545823654 buy_residual=0 sell_residual=145047
S3_MATCH slot=17 active=1 buy_rank=7 sell_rank=11 price=1066824 quantity=145047 settlement=154739620728 buy_residual=764905 sell_residual=0
S3_MATCH slot=18 active=1 buy_rank=7 sell_rank=0 price=826526 quantity=752000 settlement=621547552000 buy_residual=12905 sell_residual=0
S3_MATCH slot=19 active=0 buy_rank=0 sell_rank=0 price=0 quantity=0 settlement=0 buy_residual=0 sell_residual=0
S3_MATCH slot=20 active=0 buy_rank=0 sell_rank=0 price=0 quantity=0 settlement=0 buy_residual=0 sell_residual=0
S3_MATCH slot=21 active=0 buy_rank=0 sell_rank=0 price=0 quantity=0 settlement=0 buy_residual=0 sell_residual=0
S3_MATCH slot=22 active=0 buy_rank=0 sell_rank=0 price=0 quantity=0 settlement=0 buy_residual=0 sell_residual=0
S3_MATCH slot=23 active=0 buy_rank=0 sell_rank=0 price=0 quantity=0 settlement=0 buy_residual=0 sell_residual=0
S3_MATCH slot=24 active=0 buy_rank=0 sell_rank=0 price=0 quantity=0 settlement=0 buy_residual=0 sell_residual=0
S3_MATCH slot=25 active=0 buy_rank=0 sell_rank=0 price=0 quantity=0 settlement=0 buy_residual=0 sell_residual=0
S3_MATCH slot=26 active=0 buy_rank=0 sell_rank=0 price=0 quantity=0 settlement=0 buy_residual=0 sell_residual=0
S3_MATCH slot=27 active=0 buy_rank=0 sell_rank=0 price=0 quantity=0 settlement=0 buy_residual=0 sell_residual=0
S3_MATCH slot=28 active=0 buy_rank=0 sell_rank=0 price=0 quantity=0 settlement=0 buy_residual=0 sell_residual=0
S3_MATCH slot=29 active=0 buy_rank=0 sell_rank=0 price=0 quantity=0 settlement=0 buy_residual=0 sell_residual=0
S3_MATCH slot=30 active=0 buy_rank=0 sell_rank=0 price=0 quantity=0 settlement=0 buy_residual=0 sell_residual=0
S3_RESIDUAL side=buy rank=5 quantity=0
S3_RESIDUAL side=buy rank=2 quantity=0
S3_RESIDUAL side=buy rank=9 quantity=0
S3_RESIDUAL side=buy rank=1 quantity=0
S3_RESIDUAL side=buy rank=8 quantity=0
S3_RESIDUAL side=buy rank=4 quantity=0
S3_RESIDUAL side=buy rank=3 quantity=0
S3_RESIDUAL side=buy rank=7 quantity=12905
S3_RESIDUAL side=buy rank=14 quantity=919635
S3_RESIDUAL side=buy rank=10 quantity=645281
S3_RESIDUAL side=buy rank=12 quantity=192174
S3_RESIDUAL side=buy rank=6 quantity=636519
S3_RESIDUAL side=buy rank=0 quantity=312451
S3_RESIDUAL side=buy rank=13 quantity=744971
S3_RESIDUAL side=buy rank=15 quantity=14359
S3_RESIDUAL side=buy rank=11 quantity=980726
S3_RESIDUAL side=sell rank=6 quantity=0
S3_RESIDUAL side=sell rank=7 quantity=0
S3_RESIDUAL side=sell rank=8 quantity=0
S3_RESIDUAL side=sell rank=1 quantity=0
S3_RESIDUAL side=sell rank=9 quantity=0
S3_RESIDUAL side=sell rank=13 quantity=0
S3_RESIDUAL side=sell rank=5 quantity=158143
S3_RESIDUAL side=sell rank=2 quantity=0
S3_RESIDUAL side=sell rank=4 quantity=0
S3_RESIDUAL side=sell rank=3 quantity=0
S3_RESIDUAL side=sell rank=10 quantity=0
S3_RESIDUAL side=sell rank=11 quantity=0
S3_RESIDUAL side=sell rank=0 quantity=0
S3_RESIDUAL side=sell rank=12 quantity=94729
S3_RESIDUAL side=sell rank=14 quantity=0
S3_RESIDUAL side=sell rank=15 quantity=0
The following benchmarks are including preprocessing (offline phase).
Time = 2.50096 seconds 
Data sent = 56.5948 MB in ~14142 rounds (party 0 only; use '-v' for more details)
Global data sent = 169.464 MB (all parties)
This program might benefit from some protocol options.
Consider adding the following at the beginning of your code:
	program.use_edabit(True)
