Certificate request self-signature ok
subject=C = CN, ST = NSW, O = NSW.retf.com, OU = client, CN = s2.2.1-privacy-relay
......+.......+++++++++++++++++++++++++++++++++++++++++++++++++++++++++++++++++*........+......+..+....+...+......+.....+......+....+......+........+.......+.....+.+..+...+.......+..+....+..+.......+...............+..+...+++++++++++++++++++++++++++++++++++++++++++++++++++++++++++++++++*....+........+.+.....+.........+.+............+.........+..............+.........+..........+..+......+.......+...+........+.+........+...........................+.+..+............+.....................+....+.....+.........+....+......+.....+.+.....+.........+.......+..+.+.....+.+...+...+..+.........................+..+....+..+...................+........+.+..+...+.......+..+.......+........+...+....+...............+......+...+..+.......+........+............................+.........+..+.+.........+.........+............+........+....+..+......+........................+......+.......+....................+.......+..............+.+..............+.+.....+.........+.......+.................+.+............+..+......+.......+........+.......+..+.......+...+..+.........+....+...........+...................+...............+...+...+..+...+.+.....+....+......+.....+...............+.........+..........+.....+......+.+.....+............+.+.........+...............+.....+...............+......+.+......+..+...+.............+.....+.......+..+..........+..+..........+........+...+...+.........................+..+.........+.+..+.......+......+.....+............+................+.................+..........+..+...............+.+............+.........+...+...............+......+.........+......+......+......+...+.........+..+...+.+.................+.......+..+.............+........+...+.......+..............+...+......+.+..................+...+.................+++++++++++++++++++++++++++++++++++++++++++++++++++++++++++++++++
...+.........+.+...........+++++++++++++++++++++++++++++++++++++++++++++++++++++++++++++++++*.+...........+..........+.....+...+......+.+...+...+.....+...+.......+........+.+.....+.+..+.+..+....+.....+.+..................+.....+....+..+....+...........+.........+.+......+..+.+..+.......+++++++++++++++++++++++++++++++++++++++++++++++++++++++++++++++++*...................+.....+...............+...................+..+...+.......+.........+.....+....+..+.......+........+...+.+.....+.+..+.+...........+...+...+.......+...........+............+..........+.........+.....................+........+......+.........+.+.....+....+......+...........+........................+++++++++++++++++++++++++++++++++++++++++++++++++++++++++++++++++
-----
....+++++++++++++++++++++++++++++++++++++++++++++++++++++++++++++++++*.......+..+......+.......+...+.....+++++++++++++++++++++++++++++++++++++++++++++++++++++++++++++++++*...+...+.....+............+......+..................+....+..................+.....+....+...........+..........+..+.......+....................+...+...+.........+......+...+.......+........+..........+......+...+......+..........................+.+..+......+.......+........+......+......+....+.........+..............+++++++++++++++++++++++++++++++++++++++++++++++++++++++++++++++++
..+...+...+...+.+...........+++++++++++++++++++++++++++++++++++++++++++++++++++++++++++++++++*.+........+.+............+..+......+++++++++++++++++++++++++++++++++++++++++++++++++++++++++++++++++*..+.+..+......+...............+....+.....+...+...............+.............+......+...+..+....+......+.....+...+.+.....+....+...........+.+..................+.....+.+..+....+..................+...+..+.+...........+...+.+......+.....+.+..+.......+......+...............+...+..+.........+...+.......+.....+...+.+..............+......+.+......+.......................+.....................+...............+...................+..+...+.+........+.............+.........+.....+.............+.....+.......+...........+..........+.........+..............+....+........+...+.+...+..+........................+......+.........+......+.+............+..+....+......+...+..+...+......+.......+.....+.......+.....+................+......+......+........+..........+..+.........+......+............+..................+...+.+........+.......+.........+..+..................+...................+.....+.......+........+.......+......+..+.............+...+......+.....+...+...........................+++++++++++++++++++++++++++++++++++++++++++++++++++++++++++++++++
-----
Certificate request self-signature ok
subject=CN = s2.2.1-verifier
...+..+......+.........+......+.......+..................+...........+.+...+......+++++++++++++++++++++++++++++++++++++++++++++++++++++++++++++++++*..+..+..................+.+.....+.+...+...+........+.......+.....+...+....+...+++++++++++++++++++++++++++++++++++++++++++++++++++++++++++++++++*............+.............................+...................+......+......+..+.+...........+...+.+....................+....+...+.....+....+...+......+++++++++++++++++++++++++++++++++++++++++++++++++++++++++++++++++
.....+......+.....+.........+.+.....+.+...+......+......+........+.......+......+..+.............+.....+...+......+.+...+..+....+...+.....+.+.........+...+..+......+......+.+...............+++++++++++++++++++++++++++++++++++++++++++++++++++++++++++++++++*..+.......+++++++++++++++++++++++++++++++++++++++++++++++++++++++++++++++++*...+..+...+.+......+...........+...+.......+............+..+.+..................+..+....+.........+..+.......+........+....+...+..............................+..+.............+.................+...+.+.........+........+...............+..........+........+++++++++++++++++++++++++++++++++++++++++++++++++++++++++++++++++
-----
Certificate request self-signature ok
subject=CN = s2.2.1-relay
..+...+..............+......+....+......+..+............+.+............+........+.........+......+...+++++++++++++++++++++++++++++++++++++++++++++++++++++++++++++++++*.......+....+...+..+...+.............+++++++++++++++++++++++++++++++++++++++++++++++++++++++++++++++++*.......+..+.......+........+...+.....................+.+...............+...............+.....+.............+..............+.......+...........+.......+.....+.+.....+............+....+..............+....+..+.........+....+...+.....+....+.............................+.......+..+......+.......+..+...............+................+..+..........+..................+.........+...+...+.........+..+.+..+.............+...+..+...............+..........+...+..............+.+.........+..+...+.......+...+............+...............+.....+.+..+...+............+...+...+..........+.....+....+..+......+............+.+..+...+.......+...+..+..................+.+...........+...................+........................+..+.........+...+......+.+...+........+....+.....+................+.........+......+..+.......+.........+............+.....+............+......+....+...+.................+......+.+........+...+....+...+........+......................+..+.+...+..............+...+..................+.........+.......+......+........+.........+...+.........+....+............+++++++++++++++++++++++++++++++++++++++++++++++++++++++++++++++++
.....+............+.......+...+..+............+...+.+..+.......+++++++++++++++++++++++++++++++++++++++++++++++++++++++++++++++++*...+......+..+.+++++++++++++++++++++++++++++++++++++++++++++++++++++++++++++++++*.............+........+++++++++++++++++++++++++++++++++++++++++++++++++++++++++++++++++
-----
.+.....+....+++++++++++++++++++++++++++++++++++++++++++++++++++++++++++++++++*.....+....+..+++++++++++++++++++++++++++++++++++++++++++++++++++++++++++++++++*...+............+......+....+......+........+++++++++++++++++++++++++++++++++++++++++++++++++++++++++++++++++
.+......+.......+..+......+............+....+......+.....+....+.....+......+.......+........+............+++++++++++++++++++++++++++++++++++++++++++++++++++++++++++++++++*..+...+....+......+...........+.+++++++++++++++++++++++++++++++++++++++++++++++++++++++++++++++++*.......+...........+.......+...............+............+......+..+...+..........+.........+........+..................+....+..+...+.+......+.....+.+.................+..........+...............+..+.+.....+.......+..+...+..........+...........+.......+...+.....+.+......+..+...+............................+............+...+..+............+..........+...+............+..+.........+......+......+....+........+......+...............+......+.....................+............+...+...+.+.....+...+............+...+.+..+....+...+...+.........+...+......+..+.......+.....+............+....+..+.......+...+.......................+.........+...............+...+...............+...................+.......................+.......+......+.................+.+..+....+.....+.+............+........+.........+....+.................+...............+....+.........+.....+......+......+.......+...+.........+......+........+.........................+............+...+.....+....+..+.+........+......+.........+............+.........+................+..............+..........+......+............+++++++++++++++++++++++++++++++++++++++++++++++++++++++++++++++++
-----
Certificate request self-signature ok
subject=CN = s221-chaincode-nsw
...+..............+.......+...+++++++++++++++++++++++++++++++++++++++++++++++++++++++++++++++++*......+.+......+..+......+......+...+......+.+.....+......+...+....+...+..............+...+++++++++++++++++++++++++++++++++++++++++++++++++++++++++++++++++*.....+..........+..+................+......+.....+.+.....+....+..............+......+...............+.....................+...+..........+.....+.......+..+......+.+.....+.+...+............+..............................+...+......+..................+...+..+...+...+++++++++++++++++++++++++++++++++++++++++++++++++++++++++++++++++
........+.............+++++++++++++++++++++++++++++++++++++++++++++++++++++++++++++++++*.+..+.......+..............+....+...+..+.+..+...+.......+...+.....+...............+................+++++++++++++++++++++++++++++++++++++++++++++++++++++++++++++++++*.......+...+....+...............+........+..........+...........+.........+......+.........+...+.......+...+.....+.........+...+.......+.....+....+.....+.+......+.....+....+........+.......+..........................+....+......+..............+...............+...+.+...............+..+....+...+++++++++++++++++++++++++++++++++++++++++++++++++++++++++++++++++
-----
Certificate request self-signature ok
subject=CN = s221-chaincode-qld
...+.+...+............+.....+...+..........+........+.......+........+...+....+...+..+.......+...+..+....+..+....+........+.......+.....+++++++++++++++++++++++++++++++++++++++++++++++++++++++++++++++++*...+.+..............+++++++++++++++++++++++++++++++++++++++++++++++++++++++++++++++++*.....+......+........+....+...............+..+.+..+.+......+.....+......+..........+............+.....+......+......+......+...+.+...+..+...+...+.........................+...+..+....+.........+..+.......+...+...+..+...+.........+.............+.....+...................+......+...+..+...+.........+.+..............+...+..................+.+...+.................+.+.....+...+.+..............+............+...+...........................+...+............+.............+.....+..........+.....+.+......+..+...+...+......+..................+.+......+........+.+............+.........+..............+..........+......+.....+.........+.......+...+.........+..+...+...+............+.+.........+......+..+.........+.....................+.......+.....................+.....+....+..+.+..+............+...+.......+........+.+..+..........+...+......+........+......+.........+..........+......+.........+..+.....................+....+...+.....+.+.....+....+..+.........+.+.........+..............+.............+.............................+...+...+....+...+........+....+.....+.+..+......+.+.....................+..+...+....+...+..+....+............+..............+...+...+.......+..........................+.........+.......+......+..............+.....................+.......+.....+.......+...........+.......+.....................+..+.........+...................+.....+.........+.+..+............+...+....+...+......+++++++++++++++++++++++++++++++++++++++++++++++++++++++++++++++++
.+.....+..........+......+.....+.........+.+......+...+++++++++++++++++++++++++++++++++++++++++++++++++++++++++++++++++*.+.....+++++++++++++++++++++++++++++++++++++++++++++++++++++++++++++++++*..+....+..+..................+............+....+........+......+.......+.........+...+.....+......+....+.................+.............+.....+..........+....................+......+...........................+.............+.........+......+.............................+...+.............+......+..............+......+......+..................+......+.+..................+.........+........+....+........+......+.+........+.+..+............+...+.......+........+...+......+....+...............+..+..........+...+..........................+.+..+.......+.................................+..........................+.......+............+.................+...+.+...........+++++++++++++++++++++++++++++++++++++++++++++++++++++++++++++++++
-----
Certificate request self-signature ok
subject=CN = s221-chaincode-sa
#0 building with "default" instance using docker driver

#1 [internal] load build definition from Dockerfile.s2.2.1-fabric-chaincode
#1 transferring dockerfile: 170B 0.0s done
#1 DONE 0.0s

#2 [internal] load .dockerignore
#2 transferring context: 2B 0.0s done
#2 DONE 0.0s

#3 [internal] load build context
#3 transferring context: 48B 0.0s done
#3 DONE 0.0s

#4 [1/1] COPY s2.2.1-privacy-chaincode /chaincode
#4 DONE 0.0s

#5 exporting to image
#5 exporting layers 0.0s done
#5 writing image sha256:aa65f078b2be6cd0d89ae572d1bc9d2cc833f111e8ba5c30e223384bc37f1d73 done
#5 naming to docker.io/library/saib-s2.2.1-fabric-chaincode:local done
#5 DONE 0.1s
[34m2026-07-15 12:40:53.055 UTC 0001 INFO[0m [cli.lifecycle.chaincode] [34;1msubmitInstallProposal[0m -> Installed remotely: response:<status:200 payload:"\nYs2-privacy-221_2.2.1-nsw:42def0ee965dc6f14f183e8050379623363d3568c960b984713bd5d8ab87ac29\022\030s2-privacy-221_2.2.1-nsw" > 
[34m2026-07-15 12:40:53.055 UTC 0002 INFO[0m [cli.lifecycle.chaincode] [34;1msubmitInstallProposal[0m -> Chaincode code package identifier: s2-privacy-221_2.2.1-nsw:42def0ee965dc6f14f183e8050379623363d3568c960b984713bd5d8ab87ac29
[34m2026-07-15 12:40:53.932 UTC 0001 INFO[0m [cli.lifecycle.chaincode] [34;1msubmitInstallProposal[0m -> Installed remotely: response:<status:200 payload:"\nYs2-privacy-221_2.2.1-qld:60ac47644bc7f4807f28b4aec616345356e1b8839af9648dcdcd23df8a6a527d\022\030s2-privacy-221_2.2.1-qld" > 
[34m2026-07-15 12:40:53.932 UTC 0002 INFO[0m [cli.lifecycle.chaincode] [34;1msubmitInstallProposal[0m -> Chaincode code package identifier: s2-privacy-221_2.2.1-qld:60ac47644bc7f4807f28b4aec616345356e1b8839af9648dcdcd23df8a6a527d
[34m2026-07-15 12:40:54.806 UTC 0001 INFO[0m [cli.lifecycle.chaincode] [34;1msubmitInstallProposal[0m -> Installed remotely: response:<status:200 payload:"\nXs2-privacy-221_2.2.1-sa:068b3339e198e50618c69831fb7c98ca5a45ea3d75eb19a4a3ef58b5d18bd9fc\022\027s2-privacy-221_2.2.1-sa" > 
[34m2026-07-15 12:40:54.806 UTC 0002 INFO[0m [cli.lifecycle.chaincode] [34;1msubmitInstallProposal[0m -> Chaincode code package identifier: s2-privacy-221_2.2.1-sa:068b3339e198e50618c69831fb7c98ca5a45ea3d75eb19a4a3ef58b5d18bd9fc
[34m2026-07-15 12:41:02.866 UTC 0001 INFO[0m [chaincodeCmd] [34;1mClientWait[0m -> txid [9d8fbf6149982ab934104361a09e97bd6b5a023cdb5bcc7f2dac490640488705] committed with status (VALID) at peer0.nsw.retf.com:7051
[34m2026-07-15 12:41:05.321 UTC 0001 INFO[0m [chaincodeCmd] [34;1mClientWait[0m -> txid [6fa2b2f66883163f0fa5d58f97739da63ec081bc20671decc03de4135c1ed7ff] committed with status (VALID) at peer0.qld.retf.com:7051
[34m2026-07-15 12:41:07.604 UTC 0001 INFO[0m [chaincodeCmd] [34;1mClientWait[0m -> txid [06a690bc0b0299236a1bc5f47e531f28d57c6942a56403495cd0c1801e1b7d3b] committed with status (VALID) at peer0.sa.retf.com:7051
[34m2026-07-15 12:41:09.990 UTC 0001 INFO[0m [chaincodeCmd] [34;1mClientWait[0m -> txid [64d52ea645ffc5d0463f7ef5b188fab33e854c58c3d0a6c04cf4241a9bac984a] committed with status (VALID) at peer0.sa.retf.com:7051
[34m2026-07-15 12:41:09.995 UTC 0002 INFO[0m [chaincodeCmd] [34;1mClientWait[0m -> txid [64d52ea645ffc5d0463f7ef5b188fab33e854c58c3d0a6c04cf4241a9bac984a] committed with status (VALID) at peer0.qld.retf.com:7051
[34m2026-07-15 12:41:09.999 UTC 0003 INFO[0m [chaincodeCmd] [34;1mClientWait[0m -> txid [64d52ea645ffc5d0463f7ef5b188fab33e854c58c3d0a6c04cf4241a9bac984a] committed with status (VALID) at peer0.nsw.retf.com:7051
Committed chaincode definition for chaincode 's2-privacy-221' on channel 'extra-channel':
Version: 2.2.1, Sequence: 1, Endorsement Plugin: escc, Validation Plugin: vscc, Approvals: [NSWMSP: true, QLDMSP: true, SAMS: true]
[34m2026-07-15 12:41:12.412 UTC 0001 INFO[0m [chaincodeCmd] [34;1mClientWait[0m -> txid [16de135bf7b1e611f293d73fa08fe85b1d58aee7ba5e1e5f357a341be05b2583] committed with status (VALID) at peer0.nsw.retf.com:7051
[34m2026-07-15 12:41:14.659 UTC 0001 INFO[0m [chaincodeCmd] [34;1mClientWait[0m -> txid [e5aaeec661184fb3ee9e3f55ad3f966fbf8ac80e43f6262211105b395385bffd] committed with status (VALID) at peer0.qld.retf.com:7051
[34m2026-07-15 12:41:16.881 UTC 0001 INFO[0m [chaincodeCmd] [34;1mClientWait[0m -> txid [8667375c010a1bcb342425f4f9e09e4e85142aea827e0cff51deffc288153ac2] committed with status (VALID) at peer0.sa.retf.com:7051
[34m2026-07-15 12:41:19.241 UTC 0001 INFO[0m [chaincodeCmd] [34;1mClientWait[0m -> txid [6961dd8ad3d49ca4c4aae41c4e18b3da49917aa348ded3e2393faa2257a96fc1] committed with status (VALID) at peer0.qld.retf.com:7051
[34m2026-07-15 12:41:19.249 UTC 0002 INFO[0m [chaincodeCmd] [34;1mClientWait[0m -> txid [6961dd8ad3d49ca4c4aae41c4e18b3da49917aa348ded3e2393faa2257a96fc1] committed with status (VALID) at peer0.nsw.retf.com:7051
[34m2026-07-15 12:41:19.256 UTC 0003 INFO[0m [chaincodeCmd] [34;1mClientWait[0m -> txid [6961dd8ad3d49ca4c4aae41c4e18b3da49917aa348ded3e2393faa2257a96fc1] committed with status (VALID) at peer0.sa.retf.com:7051
Committed chaincode definition for chaincode 's2-privacy-221-shadow' on channel 'extra-channel':
Version: 2.2.1, Sequence: 1, Endorsement Plugin: escc, Validation Plugin: vscc, Approvals: [NSWMSP: true, QLDMSP: true, SAMS: true]
[34m2026-07-15 12:41:21.620 UTC 0001 INFO[0m [chaincodeCmd] [34;1mClientWait[0m -> txid [163850f3f93e4a992901e2afb21ffdf03defa9fa4a3a333f1a7c9ac51b7157d3] committed with status (VALID) at peer0.nsw.retf.com:7051
[34m2026-07-15 12:41:23.806 UTC 0001 INFO[0m [chaincodeCmd] [34;1mClientWait[0m -> txid [8ef7b93b09d4609736e08b1f80ee499c7d36499bc203dd681fe49d74c6d7addd] committed with status (VALID) at peer0.nsw.retf.com:7051
Committed chaincode definition for chaincode 's2-privacy-221' on channel 'intra-channel':
Version: 2.2.1, Sequence: 1, Endorsement Plugin: escc, Validation Plugin: vscc, Approvals: [NSWMSP: true]
S2.2.1 Fabric deployment PASS
