[34m2026-07-15 13:11:48.972 UTC 0001 INFO[0m [chaincodeCmd] [34;1mClientWait[0m -> txid [a5179e3b39e54b19b00bd7325c3701c67fdf602d00cdf09b70bb22fc93cf56ae] committed with status (VALID) at peer0.nsw.retf.com:7051
[34m2026-07-15 13:11:48.987 UTC 0002 INFO[0m [chaincodeCmd] [34;1mClientWait[0m -> txid [a5179e3b39e54b19b00bd7325c3701c67fdf602d00cdf09b70bb22fc93cf56ae] committed with status (VALID) at peer0.sa.retf.com:7051
[34m2026-07-15 13:11:48.989 UTC 0003 INFO[0m [chaincodeCmd] [34;1mClientWait[0m -> txid [a5179e3b39e54b19b00bd7325c3701c67fdf602d00cdf09b70bb22fc93cf56ae] committed with status (VALID) at peer0.qld.retf.com:7051
[34m2026-07-15 13:11:48.990 UTC 0004 INFO[0m [chaincodeCmd] [34;1mchaincodeInvokeOrQuery[0m -> Chaincode invoke successful. result: status:200 payload:"{\"schema_version\":\"saib-retf-s2.2.1-governance/1\",\"key_id\":\"s221-governance-root\",\"public_key_b64\":\"PbslGRPA+o2xByuNvEMmDOawLeUQvhvwAC/ZDnbDt5I=\",\"public_key_sha256\":\"032b5c4aaa44713d3e42c92c35959ad019e7f7df9d5007aafcd62670a3afba25\",\"status\":\"active\",\"last_nonce\":0}" 
[34m2026-07-15 13:11:52.086 UTC 0001 INFO[0m [chaincodeCmd] [34;1mClientWait[0m -> txid [cf92c76f41c2516cc5083d367b3e88b2ba876d27922f666405a0884b9fa85099] committed with status (VALID) at peer0.sa.retf.com:7051
[34m2026-07-15 13:11:52.088 UTC 0002 INFO[0m [chaincodeCmd] [34;1mClientWait[0m -> txid [cf92c76f41c2516cc5083d367b3e88b2ba876d27922f666405a0884b9fa85099] committed with status (VALID) at peer0.nsw.retf.com:7051
[34m2026-07-15 13:11:52.092 UTC 0003 INFO[0m [chaincodeCmd] [34;1mClientWait[0m -> txid [cf92c76f41c2516cc5083d367b3e88b2ba876d27922f666405a0884b9fa85099] committed with status (VALID) at peer0.qld.retf.com:7051
[34m2026-07-15 13:11:52.093 UTC 0004 INFO[0m [chaincodeCmd] [34;1mchaincodeInvokeOrQuery[0m -> Chaincode invoke successful. result: status:200 payload:"s2.2.1/credential-registry/trusted-registry-epoch1a" 
[34m2026-07-15 13:11:54.976 UTC 0001 INFO[0m [chaincodeCmd] [34;1mClientWait[0m -> txid [3bd4c6cd63ed1be2d226564be2dee5fa3c7af55c62a63c75db9baaef08468450] committed with status (VALID) at peer0.qld.retf.com:7051
[34m2026-07-15 13:11:54.976 UTC 0002 INFO[0m [chaincodeCmd] [34;1mClientWait[0m -> txid [3bd4c6cd63ed1be2d226564be2dee5fa3c7af55c62a63c75db9baaef08468450] committed with status (VALID) at peer0.sa.retf.com:7051
[34m2026-07-15 13:11:54.981 UTC 0003 INFO[0m [chaincodeCmd] [34;1mClientWait[0m -> txid [3bd4c6cd63ed1be2d226564be2dee5fa3c7af55c62a63c75db9baaef08468450] committed with status (VALID) at peer0.nsw.retf.com:7051
[34m2026-07-15 13:11:54.981 UTC 0004 INFO[0m [chaincodeCmd] [34;1mchaincodeInvokeOrQuery[0m -> Chaincode invoke successful. result: status:200 payload:"s2.2.1/credential-registry/trusted-registry-epoch1b" 
[34m2026-07-15 13:11:57.863 UTC 0001 INFO[0m [chaincodeCmd] [34;1mClientWait[0m -> txid [c5bd9113e79981fef423ad6e2ab999264316e184d548ae4b2deb98e6b4f90c63] committed with status (VALID) at peer0.sa.retf.com:7051
[34m2026-07-15 13:11:57.864 UTC 0002 INFO[0m [chaincodeCmd] [34;1mClientWait[0m -> txid [c5bd9113e79981fef423ad6e2ab999264316e184d548ae4b2deb98e6b4f90c63] committed with status (VALID) at peer0.qld.retf.com:7051
[34m2026-07-15 13:11:57.867 UTC 0003 INFO[0m [chaincodeCmd] [34;1mClientWait[0m -> txid [c5bd9113e79981fef423ad6e2ab999264316e184d548ae4b2deb98e6b4f90c63] committed with status (VALID) at peer0.nsw.retf.com:7051
[34m2026-07-15 13:11:57.868 UTC 0004 INFO[0m [chaincodeCmd] [34;1mchaincodeInvokeOrQuery[0m -> Chaincode invoke successful. result: status:200 payload:"s2.2.1/credential-registry/trusted-registry-epoch2" 
[34m2026-07-15 13:12:00.763 UTC 0001 INFO[0m [chaincodeCmd] [34;1mClientWait[0m -> txid [d84fc0a5eaaa8f3788f19b4225ee2db242347831f666f9fcb13d5bb5449b1d9d] committed with status (VALID) at peer0.qld.retf.com:7051
[34m2026-07-15 13:12:00.765 UTC 0002 INFO[0m [chaincodeCmd] [34;1mClientWait[0m -> txid [d84fc0a5eaaa8f3788f19b4225ee2db242347831f666f9fcb13d5bb5449b1d9d] committed with status (VALID) at peer0.sa.retf.com:7051
[34m2026-07-15 13:12:00.766 UTC 0003 INFO[0m [chaincodeCmd] [34;1mClientWait[0m -> txid [d84fc0a5eaaa8f3788f19b4225ee2db242347831f666f9fcb13d5bb5449b1d9d] committed with status (VALID) at peer0.nsw.retf.com:7051
[34m2026-07-15 13:12:00.767 UTC 0004 INFO[0m [chaincodeCmd] [34;1mchaincodeInvokeOrQuery[0m -> Chaincode invoke successful. result: status:200 payload:"s2.2.1/task-policy/task-a" 
[34m2026-07-15 13:12:03.883 UTC 0001 INFO[0m [chaincodeCmd] [34;1mClientWait[0m -> txid [2e771757f5f107a87a18b8955b3610087ee515d0268fbcf563537bb248a63562] committed with status (VALID) at peer0.sa.retf.com:7051
[34m2026-07-15 13:12:03.885 UTC 0002 INFO[0m [chaincodeCmd] [34;1mClientWait[0m -> txid [2e771757f5f107a87a18b8955b3610087ee515d0268fbcf563537bb248a63562] committed with status (VALID) at peer0.qld.retf.com:7051
[34m2026-07-15 13:12:03.889 UTC 0003 INFO[0m [chaincodeCmd] [34;1mClientWait[0m -> txid [2e771757f5f107a87a18b8955b3610087ee515d0268fbcf563537bb248a63562] committed with status (VALID) at peer0.nsw.retf.com:7051
[34m2026-07-15 13:12:03.890 UTC 0004 INFO[0m [chaincodeCmd] [34;1mchaincodeInvokeOrQuery[0m -> Chaincode invoke successful. result: status:200 payload:"s2.2.1/task-policy/task-b" 
[34m2026-07-15 13:12:06.980 UTC 0001 INFO[0m [chaincodeCmd] [34;1mClientWait[0m -> txid [8705a2eafbf25de4460c301b65b8372b557178feea06cfdfc693c28df5e87a40] committed with status (VALID) at peer0.qld.retf.com:7051
[34m2026-07-15 13:12:06.982 UTC 0002 INFO[0m [chaincodeCmd] [34;1mClientWait[0m -> txid [8705a2eafbf25de4460c301b65b8372b557178feea06cfdfc693c28df5e87a40] committed with status (VALID) at peer0.sa.retf.com:7051
[34m2026-07-15 13:12:06.982 UTC 0003 INFO[0m [chaincodeCmd] [34;1mClientWait[0m -> txid [8705a2eafbf25de4460c301b65b8372b557178feea06cfdfc693c28df5e87a40] committed with status (VALID) at peer0.nsw.retf.com:7051
[34m2026-07-15 13:12:06.983 UTC 0004 INFO[0m [chaincodeCmd] [34;1mchaincodeInvokeOrQuery[0m -> Chaincode invoke successful. result: status:200 payload:"s2.2.1/task-policy/task-concurrent" 
[34m2026-07-15 13:12:10.015 UTC 0001 INFO[0m [chaincodeCmd] [34;1mClientWait[0m -> txid [6ad13a9b321a4a0daf727a040ce8d39f8daab60cb9e61df8134767ed2d1708cc] committed with status (VALID) at peer0.sa.retf.com:7051
[34m2026-07-15 13:12:10.024 UTC 0002 INFO[0m [chaincodeCmd] [34;1mClientWait[0m -> txid [6ad13a9b321a4a0daf727a040ce8d39f8daab60cb9e61df8134767ed2d1708cc] committed with status (VALID) at peer0.qld.retf.com:7051
[34m2026-07-15 13:12:10.024 UTC 0003 INFO[0m [chaincodeCmd] [34;1mClientWait[0m -> txid [6ad13a9b321a4a0daf727a040ce8d39f8daab60cb9e61df8134767ed2d1708cc] committed with status (VALID) at peer0.nsw.retf.com:7051
[34m2026-07-15 13:12:10.024 UTC 0004 INFO[0m [chaincodeCmd] [34;1mchaincodeInvokeOrQuery[0m -> Chaincode invoke successful. result: status:200 payload:"s2.2.1/task-policy/task-env-restart" 
[34m2026-07-15 13:12:12.937 UTC 0001 INFO[0m [chaincodeCmd] [34;1mClientWait[0m -> txid [41ea87ed35a34cae32855a3bb71386803a2ffb29eb6dc6c20c284c3973505580] committed with status (VALID) at peer0.nsw.retf.com:7051
[34m2026-07-15 13:12:12.939 UTC 0002 INFO[0m [chaincodeCmd] [34;1mClientWait[0m -> txid [41ea87ed35a34cae32855a3bb71386803a2ffb29eb6dc6c20c284c3973505580] committed with status (VALID) at peer0.qld.retf.com:7051
[34m2026-07-15 13:12:12.942 UTC 0003 INFO[0m [chaincodeCmd] [34;1mClientWait[0m -> txid [41ea87ed35a34cae32855a3bb71386803a2ffb29eb6dc6c20c284c3973505580] committed with status (VALID) at peer0.sa.retf.com:7051
[34m2026-07-15 13:12:12.942 UTC 0004 INFO[0m [chaincodeCmd] [34;1mchaincodeInvokeOrQuery[0m -> Chaincode invoke successful. result: status:200 payload:"s2.2.1/task-policy/task-holder-b" 
[34m2026-07-15 13:12:15.931 UTC 0001 INFO[0m [chaincodeCmd] [34;1mClientWait[0m -> txid [87a8bdccde43b284d9b07270176bed833d3187960ec3142e307eff8641584909] committed with status (VALID) at peer0.nsw.retf.com:7051
[34m2026-07-15 13:12:15.933 UTC 0002 INFO[0m [chaincodeCmd] [34;1mClientWait[0m -> txid [87a8bdccde43b284d9b07270176bed833d3187960ec3142e307eff8641584909] committed with status (VALID) at peer0.sa.retf.com:7051
[34m2026-07-15 13:12:15.933 UTC 0003 INFO[0m [chaincodeCmd] [34;1mClientWait[0m -> txid [87a8bdccde43b284d9b07270176bed833d3187960ec3142e307eff8641584909] committed with status (VALID) at peer0.qld.retf.com:7051
[34m2026-07-15 13:12:15.933 UTC 0004 INFO[0m [chaincodeCmd] [34;1mchaincodeInvokeOrQuery[0m -> Chaincode invoke successful. result: status:200 payload:"s2.2.1/task-policy/task-epoch2-a" 
[34m2026-07-15 13:12:18.717 UTC 0001 INFO[0m [chaincodeCmd] [34;1mClientWait[0m -> txid [9b52addea6581d27875e5926a85757e7d6ae11fc555d4872744783a1c3e56c38] committed with status (VALID) at peer0.nsw.retf.com:7051
[34m2026-07-15 13:12:18.720 UTC 0002 INFO[0m [chaincodeCmd] [34;1mClientWait[0m -> txid [9b52addea6581d27875e5926a85757e7d6ae11fc555d4872744783a1c3e56c38] committed with status (VALID) at peer0.sa.retf.com:7051
[34m2026-07-15 13:12:18.724 UTC 0003 INFO[0m [chaincodeCmd] [34;1mClientWait[0m -> txid [9b52addea6581d27875e5926a85757e7d6ae11fc555d4872744783a1c3e56c38] committed with status (VALID) at peer0.qld.retf.com:7051
[34m2026-07-15 13:12:18.724 UTC 0004 INFO[0m [chaincodeCmd] [34;1mchaincodeInvokeOrQuery[0m -> Chaincode invoke successful. result: status:200 payload:"s2.2.1/task-policy/task-epoch2-b" 
[34m2026-07-15 13:12:21.563 UTC 0001 INFO[0m [chaincodeCmd] [34;1mClientWait[0m -> txid [b7d3fa8f0164a9cb3b08ed5eb446d6d92288048c8ddc340f2ea25b529ed81f7e] committed with status (VALID) at peer0.qld.retf.com:7051
[34m2026-07-15 13:12:21.567 UTC 0002 INFO[0m [chaincodeCmd] [34;1mClientWait[0m -> txid [b7d3fa8f0164a9cb3b08ed5eb446d6d92288048c8ddc340f2ea25b529ed81f7e] committed with status (VALID) at peer0.sa.retf.com:7051
[34m2026-07-15 13:12:21.574 UTC 0003 INFO[0m [chaincodeCmd] [34;1mClientWait[0m -> txid [b7d3fa8f0164a9cb3b08ed5eb446d6d92288048c8ddc340f2ea25b529ed81f7e] committed with status (VALID) at peer0.nsw.retf.com:7051
[34m2026-07-15 13:12:21.574 UTC 0004 INFO[0m [chaincodeCmd] [34;1mchaincodeInvokeOrQuery[0m -> Chaincode invoke successful. result: status:200 payload:"s2.2.1/verifier-key/s221-attestor/00000000000000000001" 
[34m2026-07-15 13:12:24.388 UTC 0001 INFO[0m [chaincodeCmd] [34;1mClientWait[0m -> txid [30776f3f8231538b97618e435c57881ae8a014d20a11f31f7dea09d10dcd6399] committed with status (VALID) at peer0.sa.retf.com:7051
[34m2026-07-15 13:12:24.390 UTC 0002 INFO[0m [chaincodeCmd] [34;1mClientWait[0m -> txid [30776f3f8231538b97618e435c57881ae8a014d20a11f31f7dea09d10dcd6399] committed with status (VALID) at peer0.nsw.retf.com:7051
[34m2026-07-15 13:12:24.391 UTC 0003 INFO[0m [chaincodeCmd] [34;1mClientWait[0m -> txid [30776f3f8231538b97618e435c57881ae8a014d20a11f31f7dea09d10dcd6399] committed with status (VALID) at peer0.qld.retf.com:7051
[34m2026-07-15 13:12:24.392 UTC 0004 INFO[0m [chaincodeCmd] [34;1mchaincodeInvokeOrQuery[0m -> Chaincode invoke successful. result: status:200 payload:"s2.2.1/verifier-key/s221-attestor/00000000000000000002" 
[34m2026-07-15 13:12:27.269 UTC 0001 INFO[0m [chaincodeCmd] [34;1mClientWait[0m -> txid [2c523201a57ed87fd825e5de7461b017604a3a5d254228b4dda6baaef8e91f12] committed with status (VALID) at peer0.sa.retf.com:7051
[34m2026-07-15 13:12:27.269 UTC 0002 INFO[0m [chaincodeCmd] [34;1mClientWait[0m -> txid [2c523201a57ed87fd825e5de7461b017604a3a5d254228b4dda6baaef8e91f12] committed with status (VALID) at peer0.nsw.retf.com:7051
[34m2026-07-15 13:12:27.276 UTC 0003 INFO[0m [chaincodeCmd] [34;1mClientWait[0m -> txid [2c523201a57ed87fd825e5de7461b017604a3a5d254228b4dda6baaef8e91f12] committed with status (VALID) at peer0.qld.retf.com:7051
[34m2026-07-15 13:12:27.276 UTC 0004 INFO[0m [chaincodeCmd] [34;1mchaincodeInvokeOrQuery[0m -> Chaincode invoke successful. result: status:200 payload:"s2.2.1/trusted-height" 
[34m2026-07-15 13:12:29.568 UTC 0001 INFO[0m [chaincodeCmd] [34;1mClientWait[0m -> txid [efd16867e2ef4ce4589990eda4a29b9b5d27b8ff798048d9520564049f9b3598] committed with status (VALID) at peer0.nsw.retf.com:7051
[34m2026-07-15 13:12:29.568 UTC 0002 INFO[0m [chaincodeCmd] [34;1mchaincodeInvokeOrQuery[0m -> Chaincode invoke successful. result: status:200 payload:"{\"schema_version\":\"saib-retf-s2.2.1-governance/1\",\"key_id\":\"s221-governance-root\",\"public_key_b64\":\"PbslGRPA+o2xByuNvEMmDOawLeUQvhvwAC/ZDnbDt5I=\",\"public_key_sha256\":\"032b5c4aaa44713d3e42c92c35959ad019e7f7df9d5007aafcd62670a3afba25\",\"status\":\"active\",\"last_nonce\":0}" 
[34m2026-07-15 13:12:32.394 UTC 0001 INFO[0m [chaincodeCmd] [34;1mClientWait[0m -> txid [345859dcca865f344b82fad2cf4d65607933b6671039fa11b08952b5cdc05f61] committed with status (VALID) at peer0.nsw.retf.com:7051
[34m2026-07-15 13:12:32.395 UTC 0002 INFO[0m [chaincodeCmd] [34;1mchaincodeInvokeOrQuery[0m -> Chaincode invoke successful. result: status:200 payload:"s2.2.1/credential-registry/trusted-registry-epoch1a" 
[34m2026-07-15 13:12:35.111 UTC 0001 INFO[0m [chaincodeCmd] [34;1mClientWait[0m -> txid [a52820b2bb8e63be0a7e07c70ec807befc7a71d2845b07a8c0338c1059a9ef5e] committed with status (VALID) at peer0.nsw.retf.com:7051
[34m2026-07-15 13:12:35.112 UTC 0002 INFO[0m [chaincodeCmd] [34;1mchaincodeInvokeOrQuery[0m -> Chaincode invoke successful. result: status:200 payload:"s2.2.1/credential-registry/trusted-registry-epoch1b" 
[34m2026-07-15 13:12:37.896 UTC 0001 INFO[0m [chaincodeCmd] [34;1mClientWait[0m -> txid [18e97c83eed42e5efb236efd0e96b4a909ec10df1c575d96c73576c62761ffaa] committed with status (VALID) at peer0.nsw.retf.com:7051
[34m2026-07-15 13:12:37.896 UTC 0002 INFO[0m [chaincodeCmd] [34;1mchaincodeInvokeOrQuery[0m -> Chaincode invoke successful. result: status:200 payload:"s2.2.1/credential-registry/trusted-registry-epoch2" 
[34m2026-07-15 13:12:40.769 UTC 0001 INFO[0m [chaincodeCmd] [34;1mClientWait[0m -> txid [164e57d1fcd92489b21b42b7f4d8627cb50514094f724d4d115d99f65384c57c] committed with status (VALID) at peer0.nsw.retf.com:7051
[34m2026-07-15 13:12:40.769 UTC 0002 INFO[0m [chaincodeCmd] [34;1mchaincodeInvokeOrQuery[0m -> Chaincode invoke successful. result: status:200 payload:"s2.2.1/task-policy/task-a" 
[34m2026-07-15 13:12:43.689 UTC 0001 INFO[0m [chaincodeCmd] [34;1mClientWait[0m -> txid [ff69f7fdd1f689a0bb02b51b22372fb7a051074f77efdb113fb6a45fe9eb4112] committed with status (VALID) at peer0.nsw.retf.com:7051
[34m2026-07-15 13:12:43.689 UTC 0002 INFO[0m [chaincodeCmd] [34;1mchaincodeInvokeOrQuery[0m -> Chaincode invoke successful. result: status:200 payload:"s2.2.1/task-policy/task-b" 
[34m2026-07-15 13:12:46.529 UTC 0001 INFO[0m [chaincodeCmd] [34;1mClientWait[0m -> txid [89fb80c4ba0adeba9296c5fa2dc24244ebeb110ded5af89ed4ebbc72ff5c1586] committed with status (VALID) at peer0.nsw.retf.com:7051
[34m2026-07-15 13:12:46.529 UTC 0002 INFO[0m [chaincodeCmd] [34;1mchaincodeInvokeOrQuery[0m -> Chaincode invoke successful. result: status:200 payload:"s2.2.1/task-policy/task-concurrent" 
[34m2026-07-15 13:12:49.463 UTC 0001 INFO[0m [chaincodeCmd] [34;1mClientWait[0m -> txid [3e2a1ff405d706f462a67be210d889f4d1f143a61f19b0a3e8c4ed3d380e4a5f] committed with status (VALID) at peer0.nsw.retf.com:7051
[34m2026-07-15 13:12:49.463 UTC 0002 INFO[0m [chaincodeCmd] [34;1mchaincodeInvokeOrQuery[0m -> Chaincode invoke successful. result: status:200 payload:"s2.2.1/task-policy/task-env-restart" 
[34m2026-07-15 13:12:52.264 UTC 0001 INFO[0m [chaincodeCmd] [34;1mClientWait[0m -> txid [eed191e28594bf0ec84f71793ed6a33dc77cd0dd5c131d468b47134101f5c949] committed with status (VALID) at peer0.nsw.retf.com:7051
[34m2026-07-15 13:12:52.264 UTC 0002 INFO[0m [chaincodeCmd] [34;1mchaincodeInvokeOrQuery[0m -> Chaincode invoke successful. result: status:200 payload:"s2.2.1/task-policy/task-holder-b" 
[34m2026-07-15 13:12:55.029 UTC 0001 INFO[0m [chaincodeCmd] [34;1mClientWait[0m -> txid [da2dc58eba78bf73abeb7c3cc9b5f9f19224a568ad2b0a9403db27a1ac0076a7] committed with status (VALID) at peer0.nsw.retf.com:7051
[34m2026-07-15 13:12:55.029 UTC 0002 INFO[0m [chaincodeCmd] [34;1mchaincodeInvokeOrQuery[0m -> Chaincode invoke successful. result: status:200 payload:"s2.2.1/task-policy/task-epoch2-a" 
[34m2026-07-15 13:12:57.790 UTC 0001 INFO[0m [chaincodeCmd] [34;1mClientWait[0m -> txid [f98a7a38f90e935494bcbf995c4e6a4002a03cd36bc8729761ee9e3d1edb6db8] committed with status (VALID) at peer0.nsw.retf.com:7051
[34m2026-07-15 13:12:57.791 UTC 0002 INFO[0m [chaincodeCmd] [34;1mchaincodeInvokeOrQuery[0m -> Chaincode invoke successful. result: status:200 payload:"s2.2.1/task-policy/task-epoch2-b" 
[34m2026-07-15 13:13:00.586 UTC 0001 INFO[0m [chaincodeCmd] [34;1mClientWait[0m -> txid [23133e8cca68e24d2e853e82a2e0168c833d4bc44b0d3e0244ca5d9fb1b0de6b] committed with status (VALID) at peer0.nsw.retf.com:7051
[34m2026-07-15 13:13:00.586 UTC 0002 INFO[0m [chaincodeCmd] [34;1mchaincodeInvokeOrQuery[0m -> Chaincode invoke successful. result: status:200 payload:"s2.2.1/verifier-key/s221-attestor/00000000000000000001" 
[34m2026-07-15 13:13:03.297 UTC 0001 INFO[0m [chaincodeCmd] [34;1mClientWait[0m -> txid [81591ab82e6e9a60b5dd76d9255410056fc2a319103fa888524d9ba8f67f8b38] committed with status (VALID) at peer0.nsw.retf.com:7051
[34m2026-07-15 13:13:03.297 UTC 0002 INFO[0m [chaincodeCmd] [34;1mchaincodeInvokeOrQuery[0m -> Chaincode invoke successful. result: status:200 payload:"s2.2.1/verifier-key/s221-attestor/00000000000000000002" 
[34m2026-07-15 13:13:06.125 UTC 0001 INFO[0m [chaincodeCmd] [34;1mClientWait[0m -> txid [e04d9f27dc9fc1683ab4d43a55693a1d41b689fa07f34c4002d2439ed49f96dc] committed with status (VALID) at peer0.nsw.retf.com:7051
[34m2026-07-15 13:13:06.125 UTC 0002 INFO[0m [chaincodeCmd] [34;1mchaincodeInvokeOrQuery[0m -> Chaincode invoke successful. result: status:200 payload:"s2.2.1/trusted-height" 
[34m2026-07-15 13:13:08.456 UTC 0001 INFO[0m [chaincodeCmd] [34;1mClientWait[0m -> txid [523d97f2caa58f729bdf886b4ae53015cf16e4768c2a8806d9001b3853677c03] committed with status (VALID) at peer0.nsw.retf.com:7051
[34m2026-07-15 13:13:08.473 UTC 0002 INFO[0m [chaincodeCmd] [34;1mClientWait[0m -> txid [523d97f2caa58f729bdf886b4ae53015cf16e4768c2a8806d9001b3853677c03] committed with status (VALID) at peer0.qld.retf.com:7051
[34m2026-07-15 13:13:08.475 UTC 0003 INFO[0m [chaincodeCmd] [34;1mClientWait[0m -> txid [523d97f2caa58f729bdf886b4ae53015cf16e4768c2a8806d9001b3853677c03] committed with status (VALID) at peer0.sa.retf.com:7051
[34m2026-07-15 13:13:08.475 UTC 0004 INFO[0m [chaincodeCmd] [34;1mchaincodeInvokeOrQuery[0m -> Chaincode invoke successful. result: status:200 payload:"{\"schema_version\":\"saib-retf-s2.2.1-governance/1\",\"key_id\":\"s221-governance-root\",\"public_key_b64\":\"PbslGRPA+o2xByuNvEMmDOawLeUQvhvwAC/ZDnbDt5I=\",\"public_key_sha256\":\"032b5c4aaa44713d3e42c92c35959ad019e7f7df9d5007aafcd62670a3afba25\",\"status\":\"active\",\"last_nonce\":0}" 
[34m2026-07-15 13:13:11.302 UTC 0001 INFO[0m [chaincodeCmd] [34;1mClientWait[0m -> txid [c5aa302d92b3ac1de2e6ade6f20a90f0288a608ef378e744bb16b26cda274f5c] committed with status (VALID) at peer0.sa.retf.com:7051
[34m2026-07-15 13:13:11.306 UTC 0002 INFO[0m [chaincodeCmd] [34;1mClientWait[0m -> txid [c5aa302d92b3ac1de2e6ade6f20a90f0288a608ef378e744bb16b26cda274f5c] committed with status (VALID) at peer0.nsw.retf.com:7051
[34m2026-07-15 13:13:11.308 UTC 0003 INFO[0m [chaincodeCmd] [34;1mClientWait[0m -> txid [c5aa302d92b3ac1de2e6ade6f20a90f0288a608ef378e744bb16b26cda274f5c] committed with status (VALID) at peer0.qld.retf.com:7051
[34m2026-07-15 13:13:11.308 UTC 0004 INFO[0m [chaincodeCmd] [34;1mchaincodeInvokeOrQuery[0m -> Chaincode invoke successful. result: status:200 payload:"s2.2.1/credential-registry/trusted-registry-epoch1a" 
[34m2026-07-15 13:13:14.048 UTC 0001 INFO[0m [chaincodeCmd] [34;1mClientWait[0m -> txid [0fcb01f43493ea55dfe7f589fdd026d45901916d80f55cb5ad4fd9aff45cbce4] committed with status (VALID) at peer0.nsw.retf.com:7051
[34m2026-07-15 13:13:14.050 UTC 0002 INFO[0m [chaincodeCmd] [34;1mClientWait[0m -> txid [0fcb01f43493ea55dfe7f589fdd026d45901916d80f55cb5ad4fd9aff45cbce4] committed with status (VALID) at peer0.sa.retf.com:7051
[34m2026-07-15 13:13:14.055 UTC 0003 INFO[0m [chaincodeCmd] [34;1mClientWait[0m -> txid [0fcb01f43493ea55dfe7f589fdd026d45901916d80f55cb5ad4fd9aff45cbce4] committed with status (VALID) at peer0.qld.retf.com:7051
[34m2026-07-15 13:13:14.055 UTC 0004 INFO[0m [chaincodeCmd] [34;1mchaincodeInvokeOrQuery[0m -> Chaincode invoke successful. result: status:200 payload:"s2.2.1/credential-registry/trusted-registry-epoch1b" 
[34m2026-07-15 13:13:16.898 UTC 0001 INFO[0m [chaincodeCmd] [34;1mClientWait[0m -> txid [1b6cf59cde529e17329d4e72c35077fba42efb381b2042e891d954382e95ed48] committed with status (VALID) at peer0.nsw.retf.com:7051
[34m2026-07-15 13:13:16.898 UTC 0002 INFO[0m [chaincodeCmd] [34;1mClientWait[0m -> txid [1b6cf59cde529e17329d4e72c35077fba42efb381b2042e891d954382e95ed48] committed with status (VALID) at peer0.sa.retf.com:7051
[34m2026-07-15 13:13:16.898 UTC 0003 INFO[0m [chaincodeCmd] [34;1mClientWait[0m -> txid [1b6cf59cde529e17329d4e72c35077fba42efb381b2042e891d954382e95ed48] committed with status (VALID) at peer0.qld.retf.com:7051
[34m2026-07-15 13:13:16.899 UTC 0004 INFO[0m [chaincodeCmd] [34;1mchaincodeInvokeOrQuery[0m -> Chaincode invoke successful. result: status:200 payload:"s2.2.1/credential-registry/trusted-registry-epoch2" 
[34m2026-07-15 13:13:19.720 UTC 0001 INFO[0m [chaincodeCmd] [34;1mClientWait[0m -> txid [31eb6307aeea194fb5e5def569cf7316c5deb99c034e846a85e8066725930c12] committed with status (VALID) at peer0.nsw.retf.com:7051
[34m2026-07-15 13:13:19.721 UTC 0002 INFO[0m [chaincodeCmd] [34;1mClientWait[0m -> txid [31eb6307aeea194fb5e5def569cf7316c5deb99c034e846a85e8066725930c12] committed with status (VALID) at peer0.qld.retf.com:7051
[34m2026-07-15 13:13:19.729 UTC 0003 INFO[0m [chaincodeCmd] [34;1mClientWait[0m -> txid [31eb6307aeea194fb5e5def569cf7316c5deb99c034e846a85e8066725930c12] committed with status (VALID) at peer0.sa.retf.com:7051
[34m2026-07-15 13:13:19.729 UTC 0004 INFO[0m [chaincodeCmd] [34;1mchaincodeInvokeOrQuery[0m -> Chaincode invoke successful. result: status:200 payload:"s2.2.1/task-policy/task-a" 
[34m2026-07-15 13:13:22.603 UTC 0001 INFO[0m [chaincodeCmd] [34;1mClientWait[0m -> txid [68f1e57d75a6f42e3a91902948bddc695e195bd17af20befe7043b1631f6974d] committed with status (VALID) at peer0.qld.retf.com:7051
[34m2026-07-15 13:13:22.611 UTC 0002 INFO[0m [chaincodeCmd] [34;1mClientWait[0m -> txid [68f1e57d75a6f42e3a91902948bddc695e195bd17af20befe7043b1631f6974d] committed with status (VALID) at peer0.sa.retf.com:7051
[34m2026-07-15 13:13:22.616 UTC 0003 INFO[0m [chaincodeCmd] [34;1mClientWait[0m -> txid [68f1e57d75a6f42e3a91902948bddc695e195bd17af20befe7043b1631f6974d] committed with status (VALID) at peer0.nsw.retf.com:7051
[34m2026-07-15 13:13:22.616 UTC 0004 INFO[0m [chaincodeCmd] [34;1mchaincodeInvokeOrQuery[0m -> Chaincode invoke successful. result: status:200 payload:"s2.2.1/task-policy/task-b" 
[34m2026-07-15 13:13:25.403 UTC 0001 INFO[0m [chaincodeCmd] [34;1mClientWait[0m -> txid [591ec5b7fc2856ac40818ba5f89788846012c251b10954d7d1beb260857e9ec4] committed with status (VALID) at peer0.qld.retf.com:7051
[34m2026-07-15 13:13:25.407 UTC 0002 INFO[0m [chaincodeCmd] [34;1mClientWait[0m -> txid [591ec5b7fc2856ac40818ba5f89788846012c251b10954d7d1beb260857e9ec4] committed with status (VALID) at peer0.sa.retf.com:7051
[34m2026-07-15 13:13:25.409 UTC 0003 INFO[0m [chaincodeCmd] [34;1mClientWait[0m -> txid [591ec5b7fc2856ac40818ba5f89788846012c251b10954d7d1beb260857e9ec4] committed with status (VALID) at peer0.nsw.retf.com:7051
[34m2026-07-15 13:13:25.409 UTC 0004 INFO[0m [chaincodeCmd] [34;1mchaincodeInvokeOrQuery[0m -> Chaincode invoke successful. result: status:200 payload:"s2.2.1/task-policy/task-concurrent" 
[34m2026-07-15 13:13:28.257 UTC 0001 INFO[0m [chaincodeCmd] [34;1mClientWait[0m -> txid [78af8133d8c084bd13080c5ca45b5eca698ab9b14bb90b5433d7dc8916c40974] committed with status (VALID) at peer0.nsw.retf.com:7051
[34m2026-07-15 13:13:28.262 UTC 0002 INFO[0m [chaincodeCmd] [34;1mClientWait[0m -> txid [78af8133d8c084bd13080c5ca45b5eca698ab9b14bb90b5433d7dc8916c40974] committed with status (VALID) at peer0.qld.retf.com:7051
[34m2026-07-15 13:13:28.264 UTC 0003 INFO[0m [chaincodeCmd] [34;1mClientWait[0m -> txid [78af8133d8c084bd13080c5ca45b5eca698ab9b14bb90b5433d7dc8916c40974] committed with status (VALID) at peer0.sa.retf.com:7051
[34m2026-07-15 13:13:28.265 UTC 0004 INFO[0m [chaincodeCmd] [34;1mchaincodeInvokeOrQuery[0m -> Chaincode invoke successful. result: status:200 payload:"s2.2.1/task-policy/task-env-restart" 
[34m2026-07-15 13:13:31.061 UTC 0001 INFO[0m [chaincodeCmd] [34;1mClientWait[0m -> txid [67c75e8c3d3f49952f7bfc3e5e877869b54e818b54ed81bcfbe32a7d1bc4cde0] committed with status (VALID) at peer0.nsw.retf.com:7051
[34m2026-07-15 13:13:31.061 UTC 0002 INFO[0m [chaincodeCmd] [34;1mClientWait[0m -> txid [67c75e8c3d3f49952f7bfc3e5e877869b54e818b54ed81bcfbe32a7d1bc4cde0] committed with status (VALID) at peer0.sa.retf.com:7051
[34m2026-07-15 13:13:31.061 UTC 0003 INFO[0m [chaincodeCmd] [34;1mClientWait[0m -> txid [67c75e8c3d3f49952f7bfc3e5e877869b54e818b54ed81bcfbe32a7d1bc4cde0] committed with status (VALID) at peer0.qld.retf.com:7051
[34m2026-07-15 13:13:31.061 UTC 0004 INFO[0m [chaincodeCmd] [34;1mchaincodeInvokeOrQuery[0m -> Chaincode invoke successful. result: status:200 payload:"s2.2.1/task-policy/task-holder-b" 
[34m2026-07-15 13:13:33.999 UTC 0001 INFO[0m [chaincodeCmd] [34;1mClientWait[0m -> txid [eb5395204436937cdaa4fd5de969ed30be3ee4547d215aa1dca69fe98f6439fc] committed with status (VALID) at peer0.nsw.retf.com:7051
[34m2026-07-15 13:13:34.008 UTC 0003 INFO[0m [chaincodeCmd] [34;1mClientWait[0m -> txid [eb5395204436937cdaa4fd5de969ed30be3ee4547d215aa1dca69fe98f6439fc] committed with status (VALID) at peer0.qld.retf.com:7051
[34m2026-07-15 13:13:34.008 UTC 0002 INFO[0m [chaincodeCmd] [34;1mClientWait[0m -> txid [eb5395204436937cdaa4fd5de969ed30be3ee4547d215aa1dca69fe98f6439fc] committed with status (VALID) at peer0.sa.retf.com:7051
[34m2026-07-15 13:13:34.008 UTC 0004 INFO[0m [chaincodeCmd] [34;1mchaincodeInvokeOrQuery[0m -> Chaincode invoke successful. result: status:200 payload:"s2.2.1/task-policy/task-epoch2-a" 
[34m2026-07-15 13:13:36.957 UTC 0001 INFO[0m [chaincodeCmd] [34;1mClientWait[0m -> txid [eaa9a99ca66fa9c136c8b7d6a730ca48600694dfe21cc16930212b6f807c8db1] committed with status (VALID) at peer0.qld.retf.com:7051
[34m2026-07-15 13:13:36.959 UTC 0002 INFO[0m [chaincodeCmd] [34;1mClientWait[0m -> txid [eaa9a99ca66fa9c136c8b7d6a730ca48600694dfe21cc16930212b6f807c8db1] committed with status (VALID) at peer0.sa.retf.com:7051
[34m2026-07-15 13:13:36.968 UTC 0003 INFO[0m [chaincodeCmd] [34;1mClientWait[0m -> txid [eaa9a99ca66fa9c136c8b7d6a730ca48600694dfe21cc16930212b6f807c8db1] committed with status (VALID) at peer0.nsw.retf.com:7051
[34m2026-07-15 13:13:36.969 UTC 0004 INFO[0m [chaincodeCmd] [34;1mchaincodeInvokeOrQuery[0m -> Chaincode invoke successful. result: status:200 payload:"s2.2.1/task-policy/task-epoch2-b" 
[34m2026-07-15 13:13:39.809 UTC 0001 INFO[0m [chaincodeCmd] [34;1mClientWait[0m -> txid [8ed596cca69ff41e0888e65f605ee75f757f73af7ec075067e2dad8b5fd3d5f9] committed with status (VALID) at peer0.sa.retf.com:7051
[34m2026-07-15 13:13:39.811 UTC 0002 INFO[0m [chaincodeCmd] [34;1mClientWait[0m -> txid [8ed596cca69ff41e0888e65f605ee75f757f73af7ec075067e2dad8b5fd3d5f9] committed with status (VALID) at peer0.qld.retf.com:7051
[34m2026-07-15 13:13:39.814 UTC 0003 INFO[0m [chaincodeCmd] [34;1mClientWait[0m -> txid [8ed596cca69ff41e0888e65f605ee75f757f73af7ec075067e2dad8b5fd3d5f9] committed with status (VALID) at peer0.nsw.retf.com:7051
[34m2026-07-15 13:13:39.814 UTC 0004 INFO[0m [chaincodeCmd] [34;1mchaincodeInvokeOrQuery[0m -> Chaincode invoke successful. result: status:200 payload:"s2.2.1/verifier-key/s221-attestor/00000000000000000001" 
[34m2026-07-15 13:13:42.574 UTC 0001 INFO[0m [chaincodeCmd] [34;1mClientWait[0m -> txid [c7ff8d6c7f622c1f0cc7811f59c3dfdc0053a37d4c3faa6f6b094641f800944d] committed with status (VALID) at peer0.qld.retf.com:7051
[34m2026-07-15 13:13:42.576 UTC 0002 INFO[0m [chaincodeCmd] [34;1mClientWait[0m -> txid [c7ff8d6c7f622c1f0cc7811f59c3dfdc0053a37d4c3faa6f6b094641f800944d] committed with status (VALID) at peer0.sa.retf.com:7051
[34m2026-07-15 13:13:42.580 UTC 0003 INFO[0m [chaincodeCmd] [34;1mClientWait[0m -> txid [c7ff8d6c7f622c1f0cc7811f59c3dfdc0053a37d4c3faa6f6b094641f800944d] committed with status (VALID) at peer0.nsw.retf.com:7051
[34m2026-07-15 13:13:42.580 UTC 0004 INFO[0m [chaincodeCmd] [34;1mchaincodeInvokeOrQuery[0m -> Chaincode invoke successful. result: status:200 payload:"s2.2.1/verifier-key/s221-attestor/00000000000000000002" 
[34m2026-07-15 13:13:45.413 UTC 0001 INFO[0m [chaincodeCmd] [34;1mClientWait[0m -> txid [017c37a6c9e47bcf1cb7a565a6d59995782768e5e060d8e2dc5545de029e5c0f] committed with status (VALID) at peer0.sa.retf.com:7051
[34m2026-07-15 13:13:45.415 UTC 0002 INFO[0m [chaincodeCmd] [34;1mClientWait[0m -> txid [017c37a6c9e47bcf1cb7a565a6d59995782768e5e060d8e2dc5545de029e5c0f] committed with status (VALID) at peer0.nsw.retf.com:7051
[34m2026-07-15 13:13:45.416 UTC 0003 INFO[0m [chaincodeCmd] [34;1mClientWait[0m -> txid [017c37a6c9e47bcf1cb7a565a6d59995782768e5e060d8e2dc5545de029e5c0f] committed with status (VALID) at peer0.qld.retf.com:7051
[34m2026-07-15 13:13:45.417 UTC 0004 INFO[0m [chaincodeCmd] [34;1mchaincodeInvokeOrQuery[0m -> Chaincode invoke successful. result: status:200 payload:"s2.2.1/trusted-height" 
S2.2.1 ledger governance provision PASS
