   Compiling serde_core v1.0.228
   Compiling rustversion v1.0.23
   Compiling std-shims v0.1.5
   Compiling multiexp v0.4.0
   Compiling serde v1.0.228
   Compiling generic-array v1.4.4
   Compiling serde_json v1.0.145
   Compiling serdect v0.2.0
   Compiling num-bigint v0.4.8
   Compiling num-complex v0.4.6
   Compiling serdect v0.3.0
   Compiling hybrid-array v0.4.13
   Compiling serde_bare v0.5.0
   Compiling serde_regex v1.2.0
   Compiling rmp-serde v1.3.1
   Compiling crypto-bigint v0.5.5
   Compiling crypto-bigint v0.6.1
   Compiling num-rational v0.4.2
   Compiling elliptic-curve v0.13.8
   Compiling num v0.4.3
   Compiling elliptic-curve-tools v0.2.0
   Compiling blstrs_plus v0.8.18
   Compiling elliptic-curve-tools v0.1.2
   Compiling vsss-rs v5.4.0
   Compiling bulletproofs-bls v4.0.0
   Compiling blsful v3.0.0-pre8
   Compiling credx v0.2.1
   Compiling saib-anoncred v0.1.0 (/mnt/g/paperexper/retf/saib-retf/prototype/anoncred-rust)
    Finished `release` profile [optimized] target(s) in 1m 19s
   Compiling saib-anoncred v0.1.0 (/mnt/g/paperexper/retf/saib-retf/prototype/anoncred-rust)
   Compiling saib-anoncred-verifier-ffi v0.2.0 (/mnt/g/paperexper/retf/saib-retf/prototype/anoncred-rust/verifier-ffi)
    Finished `release` profile [optimized] target(s) in 24.89s
#0 building with "default" instance using docker driver

#1 [internal] load build definition from Dockerfile.regional-issuer
#1 transferring dockerfile: 227B 0.0s done
#1 DONE 0.0s

#2 [internal] load .dockerignore
#2 transferring context: 2B 0.0s done
#2 DONE 0.0s

#3 [internal] load build context
#3 transferring context: 6.00MB 0.1s done
#3 DONE 0.1s

#4 [1/3] COPY rootfs/ /
#4 DONE 0.0s

#5 [2/3] COPY s2_2_regional_issuer /usr/local/bin/s2_2_regional_issuer
#5 DONE 0.0s

#6 [3/3] WORKDIR /data
#6 DONE 0.0s

#7 exporting to image
#7 exporting layers 0.0s done
#7 writing image sha256:cb73c86df233de3f505e95a6a56e00b2e139cd0cafa04f608c8e4a9b50ca8af4 done
#7 naming to docker.io/library/saib-s2.2.1-regional-issuer:local done
#7 DONE 0.1s
#0 building with "default" instance using docker driver

#1 [internal] load build definition from Dockerfile.holder
#1 transferring dockerfile: 191B 0.0s done
#1 DONE 0.0s

#2 [internal] load .dockerignore
#2 transferring context: 2B 0.0s done
#2 DONE 0.0s

#3 [internal] load build context
#3 transferring context: 3.04MB 0.1s done
#3 DONE 0.1s

#4 [1/3] COPY rootfs/ /
#4 DONE 0.0s

#5 [2/3] COPY s2_2_holder /usr/local/bin/s2_2_holder
#5 DONE 0.0s

#6 [3/3] WORKDIR /data
#6 DONE 0.0s

#7 exporting to image
#7 exporting layers 0.0s done
#7 writing image sha256:8e49842b59be3187c8566541265a52177cec3ffff3147587caf94c733e92c206 done
#7 naming to docker.io/library/saib-s2.2.1-holder:local done
#7 DONE 0.1s
#0 building with "default" instance using docker driver

#1 [internal] load build definition from Dockerfile.global-issuer
#1 transferring dockerfile: 219B 0.0s done
#1 DONE 0.0s

#2 [internal] load .dockerignore
#2 transferring context: 2B 0.0s done
#2 DONE 0.0s

#3 [internal] load build context
#3 transferring context: 2.50MB 0.1s done
#3 DONE 0.1s

#4 [1/3] COPY rootfs/ /
#4 DONE 0.0s

#5 [2/3] COPY s2_2_global_issuer /usr/local/bin/s2_2_global_issuer
#5 DONE 0.0s

#6 [3/3] WORKDIR /data
#6 DONE 0.0s

#7 exporting to image
#7 exporting layers 0.0s done
#7 writing image sha256:6844087c1da5fe90ac1d42d4a9f3ff1e04cda1e6e5aa506a90a349d5c89bf5b3 done
#7 naming to docker.io/library/saib-s2.2.1-global-issuer:local done
#7 DONE 0.1s
#0 building with "default" instance using docker driver

#1 [internal] load build definition from Dockerfile.s2.2.1-verifier
#1 transferring dockerfile: 348B 0.0s done
#1 DONE 0.0s

#2 [internal] load .dockerignore
#2 transferring context: 2B 0.0s done
#2 DONE 0.0s

#3 [internal] load build context
#3 transferring context: 10.10MB 0.2s done
#3 DONE 0.2s

#4 [1/3] COPY rootfs/ /
#4 DONE 0.0s

#5 [2/3] COPY s2.2.1-verifier-service /usr/local/bin/s2.2.1-verifier-service
#5 DONE 0.1s

#6 [3/3] COPY libsaib_anoncred_verifier.so /usr/local/lib/libsaib_anoncred_verifier.so
#6 DONE 0.0s

#7 exporting to image
#7 exporting layers 0.1s done
#7 writing image sha256:96697a8929e03803682ddc6bf3149e63abf12c5a3eea0e4f697c374bcb39c535 done
#7 naming to docker.io/library/saib-s2.2.1-verifier:local done
#7 DONE 0.1s
S2.2.1 production image build and scans PASS
