Using statistical security parameter 40
Trying to run 255-bit computation (256-bit representation)
S3_FMATCH_TEST valid=1 commitment=-12609631622074295594547813633131826379862084538426186244155122012540948001553 aggregate_quantity=2838772 aggregate_settlement=1325357185166
S3_MATCH slot=0 active=1 buy_rank=3 sell_rank=6 price=437551 quantity=17181 settlement=7517563731 buy_residual=522453 sell_residual=0
S3_MATCH slot=1 active=1 buy_rank=3 sell_rank=8 price=433843 quantity=481018 settlement=208686292174 buy_residual=41435 sell_residual=0
S3_MATCH slot=2 active=1 buy_rank=3 sell_rank=2 price=657900 quantity=41435 settlement=27260086500 buy_residual=0 sell_residual=405298
S3_MATCH slot=3 active=1 buy_rank=9 sell_rank=2 price=672580 quantity=405298 settlement=272595328840 buy_residual=574344 sell_residual=0
S3_MATCH slot=4 active=1 buy_rank=9 sell_rank=0 price=565041 quantity=510625 settlement=288524060625 buy_residual=63719 sell_residual=0
S3_MATCH slot=5 active=1 buy_rank=9 sell_rank=4 price=877316 quantity=63719 settlement=55901698204 buy_residual=0 sell_residual=43059
S3_MATCH slot=6 active=1 buy_rank=4 sell_rank=3 price=174485 quantity=240912 settlement=42035530320 buy_residual=0 sell_residual=756312
S3_MATCH slot=7 active=1 buy_rank=0 sell_rank=3 price=539254 quantity=507740 settlement=273800825960 buy_residual=0 sell_residual=248572
S3_MATCH slot=8 active=1 buy_rank=8 sell_rank=3 price=269985 quantity=248572 settlement=67110711420 buy_residual=570184 sell_residual=0
S3_MATCH slot=9 active=1 buy_rank=8 sell_rank=7 price=254211 quantity=322272 settlement=81925087392 buy_residual=247912 sell_residual=0
S3_MATCH slot=10 active=0 buy_rank=0 sell_rank=0 price=0 quantity=0 settlement=0 buy_residual=0 sell_residual=0
S3_MATCH slot=11 active=0 buy_rank=0 sell_rank=0 price=0 quantity=0 settlement=0 buy_residual=0 sell_residual=0
S3_MATCH slot=12 active=0 buy_rank=0 sell_rank=0 price=0 quantity=0 settlement=0 buy_residual=0 sell_residual=0
S3_MATCH slot=13 active=0 buy_rank=0 sell_rank=0 price=0 quantity=0 settlement=0 buy_residual=0 sell_residual=0
S3_MATCH slot=14 active=0 buy_rank=0 sell_rank=0 price=0 quantity=0 settlement=0 buy_residual=0 sell_residual=0
S3_MATCH slot=15 active=0 buy_rank=0 sell_rank=0 price=0 quantity=0 settlement=0 buy_residual=0 sell_residual=0
S3_MATCH slot=16 active=0 buy_rank=0 sell_rank=0 price=0 quantity=0 settlement=0 buy_residual=0 sell_residual=0
S3_MATCH slot=17 active=0 buy_rank=0 sell_rank=0 price=0 quantity=0 settlement=0 buy_residual=0 sell_residual=0
S3_MATCH slot=18 active=0 buy_rank=0 sell_rank=0 price=0 quantity=0 settlement=0 buy_residual=0 sell_residual=0
S3_MATCH slot=19 active=0 buy_rank=0 sell_rank=0 price=0 quantity=0 settlement=0 buy_residual=0 sell_residual=0
S3_MATCH slot=20 active=0 buy_rank=0 sell_rank=0 price=0 quantity=0 settlement=0 buy_residual=0 sell_residual=0
S3_MATCH slot=21 active=0 buy_rank=0 sell_rank=0 price=0 quantity=0 settlement=0 buy_residual=0 sell_residual=0
S3_MATCH slot=22 active=0 buy_rank=0 sell_rank=0 price=0 quantity=0 settlement=0 buy_residual=0 sell_residual=0
S3_MATCH slot=23 active=0 buy_rank=0 sell_rank=0 price=0 quantity=0 settlement=0 buy_residual=0 sell_residual=0
S3_MATCH slot=24 active=0 buy_rank=0 sell_rank=0 price=0 quantity=0 settlement=0 buy_residual=0 sell_residual=0
S3_MATCH slot=25 active=0 buy_rank=0 sell_rank=0 price=0 quantity=0 settlement=0 buy_residual=0 sell_residual=0
S3_MATCH slot=26 active=0 buy_rank=0 sell_rank=0 price=0 quantity=0 settlement=0 buy_residual=0 sell_residual=0
S3_MATCH slot=27 active=0 buy_rank=0 sell_rank=0 price=0 quantity=0 settlement=0 buy_residual=0 sell_residual=0
S3_MATCH slot=28 active=0 buy_rank=0 sell_rank=0 price=0 quantity=0 settlement=0 buy_residual=0 sell_residual=0
S3_MATCH slot=29 active=0 buy_rank=0 sell_rank=0 price=0 quantity=0 settlement=0 buy_residual=0 sell_residual=0
S3_MATCH slot=30 active=0 buy_rank=0 sell_rank=0 price=0 quantity=0 settlement=0 buy_residual=0 sell_residual=0
S3_RESIDUAL side=buy rank=3 quantity=0
S3_RESIDUAL side=buy rank=9 quantity=0
S3_RESIDUAL side=buy rank=4 quantity=0
S3_RESIDUAL side=buy rank=0 quantity=0
S3_RESIDUAL side=buy rank=8 quantity=247912
S3_RESIDUAL side=buy rank=10 quantity=453840
S3_RESIDUAL side=buy rank=1 quantity=216531
S3_RESIDUAL side=buy rank=7 quantity=468989
S3_RESIDUAL side=buy rank=5 quantity=479369
S3_RESIDUAL side=buy rank=2 quantity=795839
S3_RESIDUAL side=buy rank=6 quantity=110287
S3_RESIDUAL side=buy rank=11 quantity=0
S3_RESIDUAL side=buy rank=12 quantity=0
S3_RESIDUAL side=buy rank=13 quantity=0
S3_RESIDUAL side=buy rank=14 quantity=0
S3_RESIDUAL side=buy rank=15 quantity=0
S3_RESIDUAL side=sell rank=6 quantity=0
S3_RESIDUAL side=sell rank=8 quantity=0
S3_RESIDUAL side=sell rank=2 quantity=0
S3_RESIDUAL side=sell rank=0 quantity=0
S3_RESIDUAL side=sell rank=4 quantity=43059
S3_RESIDUAL side=sell rank=3 quantity=0
S3_RESIDUAL side=sell rank=7 quantity=0
S3_RESIDUAL side=sell rank=5 quantity=418541
S3_RESIDUAL side=sell rank=1 quantity=996644
S3_RESIDUAL side=sell rank=9 quantity=0
S3_RESIDUAL side=sell rank=10 quantity=0
S3_RESIDUAL side=sell rank=11 quantity=0
S3_RESIDUAL side=sell rank=12 quantity=0
S3_RESIDUAL side=sell rank=13 quantity=0
S3_RESIDUAL side=sell rank=14 quantity=0
S3_RESIDUAL side=sell rank=15 quantity=0
The following benchmarks are including preprocessing (offline phase).
Time = 2.55257 seconds 
Data sent = 56.5948 MB in ~14142 rounds (party 0 only; use '-v' for more details)
Global data sent = 169.464 MB (all parties)
This program might benefit from some protocol options.
Consider adding the following at the beginning of your code:
	program.use_edabit(True)
