Using statistical security parameter 40
Trying to run 255-bit computation (256-bit representation)
S3_FMATCH_TEST valid=1 commitment=-10718584896553051971458064832101257618029541020248107239449123944557741535376 aggregate_quantity=2091588 aggregate_settlement=902157008960
S3_MATCH slot=0 active=1 buy_rank=0 sell_rank=1 price=441750 quantity=79768 settlement=35237514000 buy_residual=568015 sell_residual=0
S3_MATCH slot=1 active=1 buy_rank=0 sell_rank=7 price=497939 quantity=227975 settlement=113517643525 buy_residual=340040 sell_residual=0
S3_MATCH slot=2 active=1 buy_rank=0 sell_rank=10 price=916828 quantity=220970 settlement=202591483160 buy_residual=119070 sell_residual=0
S3_MATCH slot=3 active=1 buy_rank=0 sell_rank=6 price=377710 quantity=119070 settlement=44973929700 buy_residual=0 sell_residual=133908
S3_MATCH slot=4 active=1 buy_rank=5 sell_rank=6 price=225812 quantity=133908 settlement=30238033296 buy_residual=584223 sell_residual=0
S3_MATCH slot=5 active=1 buy_rank=5 sell_rank=8 price=427984 quantity=277478 settlement=118756144352 buy_residual=306745 sell_residual=0
S3_MATCH slot=6 active=1 buy_rank=5 sell_rank=2 price=384365 quantity=306745 settlement=117902041925 buy_residual=0 sell_residual=437094
S3_MATCH slot=7 active=1 buy_rank=13 sell_rank=2 price=516077 quantity=233538 settlement=120523590426 buy_residual=0 sell_residual=203556
S3_MATCH slot=8 active=1 buy_rank=11 sell_rank=2 price=316091 quantity=203556 settlement=64342219596 buy_residual=411640 sell_residual=0
S3_MATCH slot=9 active=1 buy_rank=11 sell_rank=11 price=187381 quantity=288580 settlement=54074408980 buy_residual=123060 sell_residual=0
S3_MATCH slot=10 active=0 buy_rank=0 sell_rank=0 price=0 quantity=0 settlement=0 buy_residual=0 sell_residual=0
S3_MATCH slot=11 active=0 buy_rank=0 sell_rank=0 price=0 quantity=0 settlement=0 buy_residual=0 sell_residual=0
S3_MATCH slot=12 active=0 buy_rank=0 sell_rank=0 price=0 quantity=0 settlement=0 buy_residual=0 sell_residual=0
S3_MATCH slot=13 active=0 buy_rank=0 sell_rank=0 price=0 quantity=0 settlement=0 buy_residual=0 sell_residual=0
S3_MATCH slot=14 active=0 buy_rank=0 sell_rank=0 price=0 quantity=0 settlement=0 buy_residual=0 sell_residual=0
S3_MATCH slot=15 active=0 buy_rank=0 sell_rank=0 price=0 quantity=0 settlement=0 buy_residual=0 sell_residual=0
S3_MATCH slot=16 active=0 buy_rank=0 sell_rank=0 price=0 quantity=0 settlement=0 buy_residual=0 sell_residual=0
S3_MATCH slot=17 active=0 buy_rank=0 sell_rank=0 price=0 quantity=0 settlement=0 buy_residual=0 sell_residual=0
S3_MATCH slot=18 active=0 buy_rank=0 sell_rank=0 price=0 quantity=0 settlement=0 buy_residual=0 sell_residual=0
S3_MATCH slot=19 active=0 buy_rank=0 sell_rank=0 price=0 quantity=0 settlement=0 buy_residual=0 sell_residual=0
S3_MATCH slot=20 active=0 buy_rank=0 sell_rank=0 price=0 quantity=0 settlement=0 buy_residual=0 sell_residual=0
S3_MATCH slot=21 active=0 buy_rank=0 sell_rank=0 price=0 quantity=0 settlement=0 buy_residual=0 sell_residual=0
S3_MATCH slot=22 active=0 buy_rank=0 sell_rank=0 price=0 quantity=0 settlement=0 buy_residual=0 sell_residual=0
S3_MATCH slot=23 active=0 buy_rank=0 sell_rank=0 price=0 quantity=0 settlement=0 buy_residual=0 sell_residual=0
S3_MATCH slot=24 active=0 buy_rank=0 sell_rank=0 price=0 quantity=0 settlement=0 buy_residual=0 sell_residual=0
S3_MATCH slot=25 active=0 buy_rank=0 sell_rank=0 price=0 quantity=0 settlement=0 buy_residual=0 sell_residual=0
S3_MATCH slot=26 active=0 buy_rank=0 sell_rank=0 price=0 quantity=0 settlement=0 buy_residual=0 sell_residual=0
S3_MATCH slot=27 active=0 buy_rank=0 sell_rank=0 price=0 quantity=0 settlement=0 buy_residual=0 sell_residual=0
S3_MATCH slot=28 active=0 buy_rank=0 sell_rank=0 price=0 quantity=0 settlement=0 buy_residual=0 sell_residual=0
S3_MATCH slot=29 active=0 buy_rank=0 sell_rank=0 price=0 quantity=0 settlement=0 buy_residual=0 sell_residual=0
S3_MATCH slot=30 active=0 buy_rank=0 sell_rank=0 price=0 quantity=0 settlement=0 buy_residual=0 sell_residual=0
S3_RESIDUAL side=buy rank=0 quantity=0
S3_RESIDUAL side=buy rank=5 quantity=0
S3_RESIDUAL side=buy rank=13 quantity=0
S3_RESIDUAL side=buy rank=11 quantity=123060
S3_RESIDUAL side=buy rank=12 quantity=986365
S3_RESIDUAL side=buy rank=2 quantity=398541
S3_RESIDUAL side=buy rank=3 quantity=702252
S3_RESIDUAL side=buy rank=10 quantity=416690
S3_RESIDUAL side=buy rank=1 quantity=469461
S3_RESIDUAL side=buy rank=6 quantity=568097
S3_RESIDUAL side=buy rank=7 quantity=831819
S3_RESIDUAL side=buy rank=9 quantity=433149
S3_RESIDUAL side=buy rank=4 quantity=100181
S3_RESIDUAL side=buy rank=8 quantity=571661
S3_RESIDUAL side=buy rank=14 quantity=0
S3_RESIDUAL side=buy rank=15 quantity=0
S3_RESIDUAL side=sell rank=1 quantity=0
S3_RESIDUAL side=sell rank=7 quantity=0
S3_RESIDUAL side=sell rank=10 quantity=0
S3_RESIDUAL side=sell rank=6 quantity=0
S3_RESIDUAL side=sell rank=8 quantity=0
S3_RESIDUAL side=sell rank=0 quantity=299114
S3_RESIDUAL side=sell rank=2 quantity=0
S3_RESIDUAL side=sell rank=12 quantity=335
S3_RESIDUAL side=sell rank=4 quantity=553641
S3_RESIDUAL side=sell rank=11 quantity=0
S3_RESIDUAL side=sell rank=5 quantity=680813
S3_RESIDUAL side=sell rank=9 quantity=54537
S3_RESIDUAL side=sell rank=3 quantity=708027
S3_RESIDUAL side=sell rank=13 quantity=0
S3_RESIDUAL side=sell rank=14 quantity=0
S3_RESIDUAL side=sell rank=15 quantity=0
The following benchmarks are including preprocessing (offline phase).
Time = 2.65192 seconds 
Data sent = 56.5948 MB in ~14142 rounds (party 0 only; use '-v' for more details)
Global data sent = 169.464 MB (all parties)
This program might benefit from some protocol options.
Consider adding the following at the beginning of your code:
	program.use_edabit(True)
