#0 building with "default" instance using docker driver

#1 [internal] load build definition from Dockerfile.holder
#1 transferring dockerfile: 191B 0.0s done
#1 DONE 0.0s

#2 [internal] load .dockerignore
#2 transferring context: 2B 0.0s done
#2 DONE 0.0s

#3 [internal] load build context
#3 transferring context: 6.54MB 0.1s done
#3 DONE 0.1s

#4 [1/3] COPY rootfs/ /
#4 DONE 0.0s

#5 [2/3] COPY s2_2_holder /usr/local/bin/s2_2_holder
#5 DONE 0.1s

#6 [3/3] WORKDIR /data
#6 DONE 0.0s

#7 exporting to image
#7 exporting layers 0.0s done
#7 writing image sha256:9a5dc0a37b8937fb9d94dafd385db4aa81bc2d211c5f4b4e42f7d73fd8bddd55 done
#7 naming to docker.io/library/saib-s2.2.2-holder:local done
#7 DONE 0.1s
