#0 building with "default" instance using docker driver

#1 [internal] load build definition from Dockerfile.regional-issuer
#1 transferring dockerfile: 227B 0.0s done
#1 DONE 0.0s

#2 [internal] load .dockerignore
#2 transferring context: 2B 0.0s done
#2 DONE 0.0s

#3 [internal] load build context
#3 transferring context: 2.51MB 0.1s done
#3 DONE 0.1s

#4 [1/3] COPY rootfs/ /
#4 DONE 0.0s

#5 [2/3] COPY s2_2_regional_issuer /usr/local/bin/s2_2_regional_issuer
#5 DONE 0.0s

#6 [3/3] WORKDIR /data
#6 DONE 0.0s

#7 exporting to image
#7 exporting layers 0.0s done
#7 writing image sha256:da3f2f272e7fe564cd84c8e9bf1cb672bcd7722689afa5c7e15b61ae66a349e5 done
#7 naming to docker.io/library/saib-s2.2.2-regional-issuer:local done
#7 DONE 0.1s
