Using statistical security parameter 40
Trying to run 255-bit computation (256-bit representation)
S3_FMATCH_TEST valid=1 commitment=26061933086681050472504545836679526945415334681794394063666874523064073486901 aggregate_quantity=19029881 aggregate_settlement=8150187018612
S3_MATCH slot=0 active=1 buy_rank=20 sell_rank=55 price=370791 quantity=785709 settlement=291333825819 buy_residual=0 sell_residual=183385
S3_MATCH slot=1 active=1 buy_rank=45 sell_rank=55 price=315595 quantity=183385 settlement=57875389075 buy_residual=279361 sell_residual=0
S3_MATCH slot=2 active=1 buy_rank=45 sell_rank=86 price=342346 quantity=279361 settlement=95638120906 buy_residual=0 sell_residual=600619
S3_MATCH slot=3 active=1 buy_rank=35 sell_rank=86 price=345551 quantity=161597 settlement=55840004947 buy_residual=0 sell_residual=439022
S3_MATCH slot=4 active=1 buy_rank=73 sell_rank=86 price=414658 quantity=439022 settlement=182043984476 buy_residual=494235 sell_residual=0
S3_MATCH slot=5 active=1 buy_rank=73 sell_rank=38 price=474080 quantity=69953 settlement=33163318240 buy_residual=424282 sell_residual=0
S3_MATCH slot=6 active=1 buy_rank=73 sell_rank=52 price=459438 quantity=4368 settlement=2006825184 buy_residual=419914 sell_residual=0
S3_MATCH slot=7 active=1 buy_rank=73 sell_rank=94 price=432486 quantity=419914 settlement=181606926204 buy_residual=0 sell_residual=146655
S3_MATCH slot=8 active=1 buy_rank=22 sell_rank=94 price=637392 quantity=146655 settlement=93476723760 buy_residual=489702 sell_residual=0
S3_MATCH slot=9 active=1 buy_rank=22 sell_rank=53 price=745927 quantity=489702 settlement=365281943754 buy_residual=0 sell_residual=500269
S3_MATCH slot=10 active=1 buy_rank=71 sell_rank=53 price=488067 quantity=38371 settlement=18727618857 buy_residual=0 sell_residual=461898
S3_MATCH slot=11 active=1 buy_rank=54 sell_rank=53 price=495944 quantity=461898 settlement=229075541712 buy_residual=204543 sell_residual=0
S3_MATCH slot=12 active=1 buy_rank=54 sell_rank=92 price=465707 quantity=204543 settlement=95257106901 buy_residual=0 sell_residual=614438
S3_MATCH slot=13 active=1 buy_rank=48 sell_rank=92 price=571185 quantity=614438 settlement=350957769030 buy_residual=322325 sell_residual=0
S3_MATCH slot=14 active=1 buy_rank=48 sell_rank=4 price=499098 quantity=322325 settlement=160871762850 buy_residual=0 sell_residual=350269
S3_MATCH slot=15 active=1 buy_rank=69 sell_rank=4 price=407962 quantity=149463 settlement=60975224406 buy_residual=0 sell_residual=200806
S3_MATCH slot=16 active=1 buy_rank=37 sell_rank=4 price=276424 quantity=200806 settlement=55507597744 buy_residual=732631 sell_residual=0
S3_MATCH slot=17 active=1 buy_rank=37 sell_rank=57 price=269735 quantity=611152 settlement=164849084720 buy_residual=121479 sell_residual=0
S3_MATCH slot=18 active=1 buy_rank=37 sell_rank=24 price=289486 quantity=121479 settlement=35166469794 buy_residual=0 sell_residual=330748
S3_MATCH slot=19 active=1 buy_rank=2 sell_rank=24 price=599716 quantity=172469 settlement=103432418804 buy_residual=0 sell_residual=158279
S3_MATCH slot=20 active=1 buy_rank=51 sell_rank=24 price=482743 quantity=158279 settlement=76408079297 buy_residual=519689 sell_residual=0
S3_MATCH slot=21 active=1 buy_rank=51 sell_rank=40 price=589411 quantity=460834 settlement=271620628774 buy_residual=58855 sell_residual=0
S3_MATCH slot=22 active=1 buy_rank=51 sell_rank=64 price=468140 quantity=58855 settlement=27552379700 buy_residual=0 sell_residual=130466
S3_MATCH slot=23 active=1 buy_rank=41 sell_rank=64 price=426138 quantity=32145 settlement=13698206010 buy_residual=0 sell_residual=98321
S3_MATCH slot=24 active=1 buy_rank=33 sell_rank=64 price=627332 quantity=98321 settlement=61679909572 buy_residual=156322 sell_residual=0
S3_MATCH slot=25 active=1 buy_rank=33 sell_rank=65 price=698151 quantity=18928 settlement=13214602128 buy_residual=137394 sell_residual=0
S3_MATCH slot=26 active=1 buy_rank=33 sell_rank=28 price=889671 quantity=137394 settlement=122235457374 buy_residual=0 sell_residual=191076
S3_MATCH slot=27 active=1 buy_rank=70 sell_rank=82 price=175285 quantity=187835 settlement=32924657975 buy_residual=306925 sell_residual=0
S3_MATCH slot=28 active=1 buy_rank=70 sell_rank=18 price=272237 quantity=306925 settlement=83556341225 buy_residual=0 sell_residual=495315
S3_MATCH slot=29 active=1 buy_rank=62 sell_rank=18 price=489626 quantity=3671 settlement=1797417046 buy_residual=0 sell_residual=491644
S3_MATCH slot=30 active=1 buy_rank=60 sell_rank=18 price=400986 quantity=96976 settlement=38886018336 buy_residual=0 sell_residual=394668
S3_MATCH slot=31 active=1 buy_rank=7 sell_rank=18 price=679120 quantity=394668 settlement=268026932160 buy_residual=215483 sell_residual=0
S3_MATCH slot=32 active=1 buy_rank=7 sell_rank=104 price=899620 quantity=215483 settlement=193852816460 buy_residual=0 sell_residual=8690
S3_MATCH slot=33 active=1 buy_rank=8 sell_rank=104 price=503160 quantity=8690 settlement=4372460400 buy_residual=394930 sell_residual=0
S3_MATCH slot=34 active=1 buy_rank=8 sell_rank=36 price=285166 quantity=45239 settlement=12900624674 buy_residual=349691 sell_residual=0
S3_MATCH slot=35 active=1 buy_rank=8 sell_rank=87 price=487589 quantity=349691 settlement=170505484999 buy_residual=0 sell_residual=186554
S3_MATCH slot=36 active=1 buy_rank=34 sell_rank=87 price=769163 quantity=186554 settlement=143490434302 buy_residual=241935 sell_residual=0
S3_MATCH slot=37 active=1 buy_rank=34 sell_rank=39 price=820001 quantity=241935 settlement=198386941935 buy_residual=0 sell_residual=85397
S3_MATCH slot=38 active=1 buy_rank=12 sell_rank=33 price=353383 quantity=432891 settlement=152976320253 buy_residual=432306 sell_residual=0
S3_MATCH slot=39 active=1 buy_rank=12 sell_rank=108 price=228614 quantity=432306 settlement=98831203884 buy_residual=0 sell_residual=298487
S3_MATCH slot=40 active=1 buy_rank=52 sell_rank=108 price=500284 quantity=74649 settlement=37345700316 buy_residual=0 sell_residual=223838
S3_MATCH slot=41 active=1 buy_rank=87 sell_rank=108 price=274778 quantity=78161 settlement=21476923258 buy_residual=0 sell_residual=145677
S3_MATCH slot=42 active=1 buy_rank=47 sell_rank=108 price=147628 quantity=145677 settlement=21506004156 buy_residual=470824 sell_residual=0
S3_MATCH slot=43 active=1 buy_rank=47 sell_rank=90 price=176180 quantity=440840 settlement=77667191200 buy_residual=29984 sell_residual=0
S3_MATCH slot=44 active=1 buy_rank=47 sell_rank=74 price=189484 quantity=29984 settlement=5681488256 buy_residual=0 sell_residual=215516
S3_MATCH slot=45 active=1 buy_rank=13 sell_rank=74 price=475923 quantity=215516 settlement=102569021268 buy_residual=40417 sell_residual=0
S3_MATCH slot=46 active=1 buy_rank=13 sell_rank=105 price=635965 quantity=40417 settlement=25703797405 buy_residual=0 sell_residual=224747
S3_MATCH slot=47 active=1 buy_rank=6 sell_rank=105 price=544185 quantity=224747 settlement=122303946195 buy_residual=285385 sell_residual=0
S3_MATCH slot=48 active=1 buy_rank=6 sell_rank=61 price=463235 quantity=285385 settlement=132200320475 buy_residual=0 sell_residual=82803
S3_MATCH slot=49 active=1 buy_rank=49 sell_rank=61 price=504773 quantity=82803 settlement=41796718719 buy_residual=331517 sell_residual=0
S3_MATCH slot=50 active=1 buy_rank=49 sell_rank=43 price=656032 quantity=331517 settlement=217485760544 buy_residual=0 sell_residual=543317
S3_MATCH slot=51 active=1 buy_rank=78 sell_rank=43 price=675342 quantity=543317 settlement=366924789414 buy_residual=276 sell_residual=0
S3_MATCH slot=52 active=1 buy_rank=78 sell_rank=84 price=645229 quantity=276 settlement=178083204 buy_residual=0 sell_residual=617885
S3_MATCH slot=53 active=1 buy_rank=53 sell_rank=84 price=961868 quantity=581576 settlement=559399343968 buy_residual=0 sell_residual=36309
S3_MATCH slot=54 active=1 buy_rank=32 sell_rank=59 price=194651 quantity=32304 settlement=6288005904 buy_residual=714128 sell_residual=0
S3_MATCH slot=55 active=1 buy_rank=32 sell_rank=12 price=248388 quantity=714128 settlement=177380825664 buy_residual=0 sell_residual=216984
S3_MATCH slot=56 active=1 buy_rank=79 sell_rank=12 price=292799 quantity=216984 settlement=63532698216 buy_residual=199313 sell_residual=0
S3_MATCH slot=57 active=1 buy_rank=79 sell_rank=73 price=564707 quantity=199313 settlement=112553446291 buy_residual=0 sell_residual=2042
S3_MATCH slot=58 active=1 buy_rank=23 sell_rank=93 price=317844 quantity=484959 settlement=154141308396 buy_residual=0 sell_residual=375876
S3_MATCH slot=59 active=1 buy_rank=80 sell_rank=85 price=125231 quantity=432813 settlement=54201604803 buy_residual=447863 sell_residual=0
S3_MATCH slot=60 active=1 buy_rank=80 sell_rank=10 price=83131 quantity=447863 settlement=37231299053 buy_residual=0 sell_residual=463539
S3_MATCH slot=61 active=1 buy_rank=31 sell_rank=10 price=81268 quantity=463539 settlement=37670887452 buy_residual=48914 sell_residual=0
S3_MATCH slot=62 active=1 buy_rank=31 sell_rank=14 price=76121 quantity=48914 settlement=3723382594 buy_residual=0 sell_residual=386439
S3_MATCH slot=63 active=1 buy_rank=1 sell_rank=14 price=107356 quantity=386439 settlement=41486545284 buy_residual=112806 sell_residual=0
S3_MATCH slot=64 active=1 buy_rank=1 sell_rank=103 price=114316 quantity=112806 settlement=12895530696 buy_residual=0 sell_residual=87059
S3_MATCH slot=65 active=1 buy_rank=84 sell_rank=103 price=68206 quantity=87059 settlement=5937946154 buy_residual=37371 sell_residual=0
S3_MATCH slot=66 active=1 buy_rank=84 sell_rank=0 price=62102 quantity=37371 settlement=2320813842 buy_residual=0 sell_residual=704369
S3_MATCH slot=67 active=1 buy_rank=17 sell_rank=0 price=397848 quantity=472196 settlement=187862234208 buy_residual=0 sell_residual=232173
S3_MATCH slot=68 active=1 buy_rank=65 sell_rank=0 price=316790 quantity=232173 settlement=73550084670 buy_residual=100981 sell_residual=0
S3_MATCH slot=69 active=1 buy_rank=65 sell_rank=11 price=611034 quantity=100981 settlement=61702824354 buy_residual=0 sell_residual=511227
S3_MATCH slot=70 active=1 buy_rank=26 sell_rank=9 price=215785 quantity=419816 settlement=90589995560 buy_residual=0 sell_residual=80308
S3_MATCH slot=71 active=1 buy_rank=29 sell_rank=9 price=600216 quantity=80308 settlement=48202146528 buy_residual=380685 sell_residual=0
S3_MATCH slot=72 active=1 buy_rank=29 sell_rank=72 price=926919 quantity=380685 settlement=352864159515 buy_residual=0 sell_residual=350692
S3_MATCH slot=73 active=1 buy_rank=74 sell_rank=62 price=131290 quantity=211542 settlement=27773349180 buy_residual=26894 sell_residual=0
S3_MATCH slot=74 active=1 buy_rank=74 sell_rank=16 price=146105 quantity=26894 settlement=3929347870 buy_residual=0 sell_residual=416111
S3_MATCH slot=75 active=1 buy_rank=44 sell_rank=16 price=116155 quantity=271959 settlement=31589397645 buy_residual=0 sell_residual=144152
S3_MATCH slot=76 active=1 buy_rank=9 sell_rank=16 price=416691 quantity=144152 settlement=60066841032 buy_residual=205588 sell_residual=0
S3_MATCH slot=77 active=1 buy_rank=9 sell_rank=113 price=731797 quantity=205588 settlement=150448681636 buy_residual=0 sell_residual=520924
S3_MATCH slot=78 active=0 buy_rank=0 sell_rank=0 price=0 quantity=0 settlement=0 buy_residual=0 sell_residual=0
S3_MATCH slot=79 active=0 buy_rank=0 sell_rank=0 price=0 quantity=0 settlement=0 buy_residual=0 sell_residual=0
S3_MATCH slot=80 active=0 buy_rank=0 sell_rank=0 price=0 quantity=0 settlement=0 buy_residual=0 sell_residual=0
S3_MATCH slot=81 active=0 buy_rank=0 sell_rank=0 price=0 quantity=0 settlement=0 buy_residual=0 sell_residual=0
S3_MATCH slot=82 active=0 buy_rank=0 sell_rank=0 price=0 quantity=0 settlement=0 buy_residual=0 sell_residual=0
S3_MATCH slot=83 active=0 buy_rank=0 sell_rank=0 price=0 quantity=0 settlement=0 buy_residual=0 sell_residual=0
S3_MATCH slot=84 active=0 buy_rank=0 sell_rank=0 price=0 quantity=0 settlement=0 buy_residual=0 sell_residual=0
S3_MATCH slot=85 active=0 buy_rank=0 sell_rank=0 price=0 quantity=0 settlement=0 buy_residual=0 sell_residual=0
S3_MATCH slot=86 active=0 buy_rank=0 sell_rank=0 price=0 quantity=0 settlement=0 buy_residual=0 sell_residual=0
S3_MATCH slot=87 active=0 buy_rank=0 sell_rank=0 price=0 quantity=0 settlement=0 buy_residual=0 sell_residual=0
S3_MATCH slot=88 active=0 buy_rank=0 sell_rank=0 price=0 quantity=0 settlement=0 buy_residual=0 sell_residual=0
S3_MATCH slot=89 active=0 buy_rank=0 sell_rank=0 price=0 quantity=0 settlement=0 buy_residual=0 sell_residual=0
S3_MATCH slot=90 active=0 buy_rank=0 sell_rank=0 price=0 quantity=0 settlement=0 buy_residual=0 sell_residual=0
S3_MATCH slot=91 active=0 buy_rank=0 sell_rank=0 price=0 quantity=0 settlement=0 buy_residual=0 sell_residual=0
S3_MATCH slot=92 active=0 buy_rank=0 sell_rank=0 price=0 quantity=0 settlement=0 buy_residual=0 sell_residual=0
S3_MATCH slot=93 active=0 buy_rank=0 sell_rank=0 price=0 quantity=0 settlement=0 buy_residual=0 sell_residual=0
S3_MATCH slot=94 active=0 buy_rank=0 sell_rank=0 price=0 quantity=0 settlement=0 buy_residual=0 sell_residual=0
S3_MATCH slot=95 active=0 buy_rank=0 sell_rank=0 price=0 quantity=0 settlement=0 buy_residual=0 sell_residual=0
S3_MATCH slot=96 active=0 buy_rank=0 sell_rank=0 price=0 quantity=0 settlement=0 buy_residual=0 sell_residual=0
S3_MATCH slot=97 active=0 buy_rank=0 sell_rank=0 price=0 quantity=0 settlement=0 buy_residual=0 sell_residual=0
S3_MATCH slot=98 active=0 buy_rank=0 sell_rank=0 price=0 quantity=0 settlement=0 buy_residual=0 sell_residual=0
S3_MATCH slot=99 active=0 buy_rank=0 sell_rank=0 price=0 quantity=0 settlement=0 buy_residual=0 sell_residual=0
S3_MATCH slot=100 active=0 buy_rank=0 sell_rank=0 price=0 quantity=0 settlement=0 buy_residual=0 sell_residual=0
S3_MATCH slot=101 active=0 buy_rank=0 sell_rank=0 price=0 quantity=0 settlement=0 buy_residual=0 sell_residual=0
S3_MATCH slot=102 active=0 buy_rank=0 sell_rank=0 price=0 quantity=0 settlement=0 buy_residual=0 sell_residual=0
S3_MATCH slot=103 active=0 buy_rank=0 sell_rank=0 price=0 quantity=0 settlement=0 buy_residual=0 sell_residual=0
S3_MATCH slot=104 active=0 buy_rank=0 sell_rank=0 price=0 quantity=0 settlement=0 buy_residual=0 sell_residual=0
S3_MATCH slot=105 active=0 buy_rank=0 sell_rank=0 price=0 quantity=0 settlement=0 buy_residual=0 sell_residual=0
S3_MATCH slot=106 active=0 buy_rank=0 sell_rank=0 price=0 quantity=0 settlement=0 buy_residual=0 sell_residual=0
S3_MATCH slot=107 active=0 buy_rank=0 sell_rank=0 price=0 quantity=0 settlement=0 buy_residual=0 sell_residual=0
S3_MATCH slot=108 active=0 buy_rank=0 sell_rank=0 price=0 quantity=0 settlement=0 buy_residual=0 sell_residual=0
S3_MATCH slot=109 active=0 buy_rank=0 sell_rank=0 price=0 quantity=0 settlement=0 buy_residual=0 sell_residual=0
S3_MATCH slot=110 active=0 buy_rank=0 sell_rank=0 price=0 quantity=0 settlement=0 buy_residual=0 sell_residual=0
S3_MATCH slot=111 active=0 buy_rank=0 sell_rank=0 price=0 quantity=0 settlement=0 buy_residual=0 sell_residual=0
S3_MATCH slot=112 active=0 buy_rank=0 sell_rank=0 price=0 quantity=0 settlement=0 buy_residual=0 sell_residual=0
S3_MATCH slot=113 active=0 buy_rank=0 sell_rank=0 price=0 quantity=0 settlement=0 buy_residual=0 sell_residual=0
S3_MATCH slot=114 active=0 buy_rank=0 sell_rank=0 price=0 quantity=0 settlement=0 buy_residual=0 sell_residual=0
S3_MATCH slot=115 active=0 buy_rank=0 sell_rank=0 price=0 quantity=0 settlement=0 buy_residual=0 sell_residual=0
S3_MATCH slot=116 active=0 buy_rank=0 sell_rank=0 price=0 quantity=0 settlement=0 buy_residual=0 sell_residual=0
S3_MATCH slot=117 active=0 buy_rank=0 sell_rank=0 price=0 quantity=0 settlement=0 buy_residual=0 sell_residual=0
S3_MATCH slot=118 active=0 buy_rank=0 sell_rank=0 price=0 quantity=0 settlement=0 buy_residual=0 sell_residual=0
S3_MATCH slot=119 active=0 buy_rank=0 sell_rank=0 price=0 quantity=0 settlement=0 buy_residual=0 sell_residual=0
S3_MATCH slot=120 active=0 buy_rank=0 sell_rank=0 price=0 quantity=0 settlement=0 buy_residual=0 sell_residual=0
S3_MATCH slot=121 active=0 buy_rank=0 sell_rank=0 price=0 quantity=0 settlement=0 buy_residual=0 sell_residual=0
S3_MATCH slot=122 active=0 buy_rank=0 sell_rank=0 price=0 quantity=0 settlement=0 buy_residual=0 sell_residual=0
S3_MATCH slot=123 active=0 buy_rank=0 sell_rank=0 price=0 quantity=0 settlement=0 buy_residual=0 sell_residual=0
S3_MATCH slot=124 active=0 buy_rank=0 sell_rank=0 price=0 quantity=0 settlement=0 buy_residual=0 sell_residual=0
S3_MATCH slot=125 active=0 buy_rank=0 sell_rank=0 price=0 quantity=0 settlement=0 buy_residual=0 sell_residual=0
S3_MATCH slot=126 active=0 buy_rank=0 sell_rank=0 price=0 quantity=0 settlement=0 buy_residual=0 sell_residual=0
S3_MATCH slot=127 active=0 buy_rank=0 sell_rank=0 price=0 quantity=0 settlement=0 buy_residual=0 sell_residual=0
S3_MATCH slot=128 active=0 buy_rank=0 sell_rank=0 price=0 quantity=0 settlement=0 buy_residual=0 sell_residual=0
S3_MATCH slot=129 active=0 buy_rank=0 sell_rank=0 price=0 quantity=0 settlement=0 buy_residual=0 sell_residual=0
S3_MATCH slot=130 active=0 buy_rank=0 sell_rank=0 price=0 quantity=0 settlement=0 buy_residual=0 sell_residual=0
S3_MATCH slot=131 active=0 buy_rank=0 sell_rank=0 price=0 quantity=0 settlement=0 buy_residual=0 sell_residual=0
S3_MATCH slot=132 active=0 buy_rank=0 sell_rank=0 price=0 quantity=0 settlement=0 buy_residual=0 sell_residual=0
S3_MATCH slot=133 active=0 buy_rank=0 sell_rank=0 price=0 quantity=0 settlement=0 buy_residual=0 sell_residual=0
S3_MATCH slot=134 active=0 buy_rank=0 sell_rank=0 price=0 quantity=0 settlement=0 buy_residual=0 sell_residual=0
S3_MATCH slot=135 active=0 buy_rank=0 sell_rank=0 price=0 quantity=0 settlement=0 buy_residual=0 sell_residual=0
S3_MATCH slot=136 active=0 buy_rank=0 sell_rank=0 price=0 quantity=0 settlement=0 buy_residual=0 sell_residual=0
S3_MATCH slot=137 active=0 buy_rank=0 sell_rank=0 price=0 quantity=0 settlement=0 buy_residual=0 sell_residual=0
S3_MATCH slot=138 active=0 buy_rank=0 sell_rank=0 price=0 quantity=0 settlement=0 buy_residual=0 sell_residual=0
S3_MATCH slot=139 active=0 buy_rank=0 sell_rank=0 price=0 quantity=0 settlement=0 buy_residual=0 sell_residual=0
S3_MATCH slot=140 active=0 buy_rank=0 sell_rank=0 price=0 quantity=0 settlement=0 buy_residual=0 sell_residual=0
S3_MATCH slot=141 active=0 buy_rank=0 sell_rank=0 price=0 quantity=0 settlement=0 buy_residual=0 sell_residual=0
S3_MATCH slot=142 active=0 buy_rank=0 sell_rank=0 price=0 quantity=0 settlement=0 buy_residual=0 sell_residual=0
S3_MATCH slot=143 active=0 buy_rank=0 sell_rank=0 price=0 quantity=0 settlement=0 buy_residual=0 sell_residual=0
S3_MATCH slot=144 active=0 buy_rank=0 sell_rank=0 price=0 quantity=0 settlement=0 buy_residual=0 sell_residual=0
S3_MATCH slot=145 active=0 buy_rank=0 sell_rank=0 price=0 quantity=0 settlement=0 buy_residual=0 sell_residual=0
S3_MATCH slot=146 active=0 buy_rank=0 sell_rank=0 price=0 quantity=0 settlement=0 buy_residual=0 sell_residual=0
S3_MATCH slot=147 active=0 buy_rank=0 sell_rank=0 price=0 quantity=0 settlement=0 buy_residual=0 sell_residual=0
S3_MATCH slot=148 active=0 buy_rank=0 sell_rank=0 price=0 quantity=0 settlement=0 buy_residual=0 sell_residual=0
S3_MATCH slot=149 active=0 buy_rank=0 sell_rank=0 price=0 quantity=0 settlement=0 buy_residual=0 sell_residual=0
S3_MATCH slot=150 active=0 buy_rank=0 sell_rank=0 price=0 quantity=0 settlement=0 buy_residual=0 sell_residual=0
S3_MATCH slot=151 active=0 buy_rank=0 sell_rank=0 price=0 quantity=0 settlement=0 buy_residual=0 sell_residual=0
S3_MATCH slot=152 active=0 buy_rank=0 sell_rank=0 price=0 quantity=0 settlement=0 buy_residual=0 sell_residual=0
S3_MATCH slot=153 active=0 buy_rank=0 sell_rank=0 price=0 quantity=0 settlement=0 buy_residual=0 sell_residual=0
S3_MATCH slot=154 active=0 buy_rank=0 sell_rank=0 price=0 quantity=0 settlement=0 buy_residual=0 sell_residual=0
S3_MATCH slot=155 active=0 buy_rank=0 sell_rank=0 price=0 quantity=0 settlement=0 buy_residual=0 sell_residual=0
S3_MATCH slot=156 active=0 buy_rank=0 sell_rank=0 price=0 quantity=0 settlement=0 buy_residual=0 sell_residual=0
S3_MATCH slot=157 active=0 buy_rank=0 sell_rank=0 price=0 quantity=0 settlement=0 buy_residual=0 sell_residual=0
S3_MATCH slot=158 active=0 buy_rank=0 sell_rank=0 price=0 quantity=0 settlement=0 buy_residual=0 sell_residual=0
S3_MATCH slot=159 active=0 buy_rank=0 sell_rank=0 price=0 quantity=0 settlement=0 buy_residual=0 sell_residual=0
S3_MATCH slot=160 active=0 buy_rank=0 sell_rank=0 price=0 quantity=0 settlement=0 buy_residual=0 sell_residual=0
S3_MATCH slot=161 active=0 buy_rank=0 sell_rank=0 price=0 quantity=0 settlement=0 buy_residual=0 sell_residual=0
S3_MATCH slot=162 active=0 buy_rank=0 sell_rank=0 price=0 quantity=0 settlement=0 buy_residual=0 sell_residual=0
S3_MATCH slot=163 active=0 buy_rank=0 sell_rank=0 price=0 quantity=0 settlement=0 buy_residual=0 sell_residual=0
S3_MATCH slot=164 active=0 buy_rank=0 sell_rank=0 price=0 quantity=0 settlement=0 buy_residual=0 sell_residual=0
S3_MATCH slot=165 active=0 buy_rank=0 sell_rank=0 price=0 quantity=0 settlement=0 buy_residual=0 sell_residual=0
S3_MATCH slot=166 active=0 buy_rank=0 sell_rank=0 price=0 quantity=0 settlement=0 buy_residual=0 sell_residual=0
S3_MATCH slot=167 active=0 buy_rank=0 sell_rank=0 price=0 quantity=0 settlement=0 buy_residual=0 sell_residual=0
S3_MATCH slot=168 active=0 buy_rank=0 sell_rank=0 price=0 quantity=0 settlement=0 buy_residual=0 sell_residual=0
S3_MATCH slot=169 active=0 buy_rank=0 sell_rank=0 price=0 quantity=0 settlement=0 buy_residual=0 sell_residual=0
S3_MATCH slot=170 active=0 buy_rank=0 sell_rank=0 price=0 quantity=0 settlement=0 buy_residual=0 sell_residual=0
S3_MATCH slot=171 active=0 buy_rank=0 sell_rank=0 price=0 quantity=0 settlement=0 buy_residual=0 sell_residual=0
S3_MATCH slot=172 active=0 buy_rank=0 sell_rank=0 price=0 quantity=0 settlement=0 buy_residual=0 sell_residual=0
S3_MATCH slot=173 active=0 buy_rank=0 sell_rank=0 price=0 quantity=0 settlement=0 buy_residual=0 sell_residual=0
S3_MATCH slot=174 active=0 buy_rank=0 sell_rank=0 price=0 quantity=0 settlement=0 buy_residual=0 sell_residual=0
S3_MATCH slot=175 active=0 buy_rank=0 sell_rank=0 price=0 quantity=0 settlement=0 buy_residual=0 sell_residual=0
S3_MATCH slot=176 active=0 buy_rank=0 sell_rank=0 price=0 quantity=0 settlement=0 buy_residual=0 sell_residual=0
S3_MATCH slot=177 active=0 buy_rank=0 sell_rank=0 price=0 quantity=0 settlement=0 buy_residual=0 sell_residual=0
S3_MATCH slot=178 active=0 buy_rank=0 sell_rank=0 price=0 quantity=0 settlement=0 buy_residual=0 sell_residual=0
S3_MATCH slot=179 active=0 buy_rank=0 sell_rank=0 price=0 quantity=0 settlement=0 buy_residual=0 sell_residual=0
S3_MATCH slot=180 active=0 buy_rank=0 sell_rank=0 price=0 quantity=0 settlement=0 buy_residual=0 sell_residual=0
S3_MATCH slot=181 active=0 buy_rank=0 sell_rank=0 price=0 quantity=0 settlement=0 buy_residual=0 sell_residual=0
S3_MATCH slot=182 active=0 buy_rank=0 sell_rank=0 price=0 quantity=0 settlement=0 buy_residual=0 sell_residual=0
S3_MATCH slot=183 active=0 buy_rank=0 sell_rank=0 price=0 quantity=0 settlement=0 buy_residual=0 sell_residual=0
S3_MATCH slot=184 active=0 buy_rank=0 sell_rank=0 price=0 quantity=0 settlement=0 buy_residual=0 sell_residual=0
S3_MATCH slot=185 active=0 buy_rank=0 sell_rank=0 price=0 quantity=0 settlement=0 buy_residual=0 sell_residual=0
S3_MATCH slot=186 active=0 buy_rank=0 sell_rank=0 price=0 quantity=0 settlement=0 buy_residual=0 sell_residual=0
S3_MATCH slot=187 active=0 buy_rank=0 sell_rank=0 price=0 quantity=0 settlement=0 buy_residual=0 sell_residual=0
S3_MATCH slot=188 active=0 buy_rank=0 sell_rank=0 price=0 quantity=0 settlement=0 buy_residual=0 sell_residual=0
S3_MATCH slot=189 active=0 buy_rank=0 sell_rank=0 price=0 quantity=0 settlement=0 buy_residual=0 sell_residual=0
S3_MATCH slot=190 active=0 buy_rank=0 sell_rank=0 price=0 quantity=0 settlement=0 buy_residual=0 sell_residual=0
S3_MATCH slot=191 active=0 buy_rank=0 sell_rank=0 price=0 quantity=0 settlement=0 buy_residual=0 sell_residual=0
S3_MATCH slot=192 active=0 buy_rank=0 sell_rank=0 price=0 quantity=0 settlement=0 buy_residual=0 sell_residual=0
S3_MATCH slot=193 active=0 buy_rank=0 sell_rank=0 price=0 quantity=0 settlement=0 buy_residual=0 sell_residual=0
S3_MATCH slot=194 active=0 buy_rank=0 sell_rank=0 price=0 quantity=0 settlement=0 buy_residual=0 sell_residual=0
S3_MATCH slot=195 active=0 buy_rank=0 sell_rank=0 price=0 quantity=0 settlement=0 buy_residual=0 sell_residual=0
S3_MATCH slot=196 active=0 buy_rank=0 sell_rank=0 price=0 quantity=0 settlement=0 buy_residual=0 sell_residual=0
S3_MATCH slot=197 active=0 buy_rank=0 sell_rank=0 price=0 quantity=0 settlement=0 buy_residual=0 sell_residual=0
S3_MATCH slot=198 active=0 buy_rank=0 sell_rank=0 price=0 quantity=0 settlement=0 buy_residual=0 sell_residual=0
S3_MATCH slot=199 active=0 buy_rank=0 sell_rank=0 price=0 quantity=0 settlement=0 buy_residual=0 sell_residual=0
S3_MATCH slot=200 active=0 buy_rank=0 sell_rank=0 price=0 quantity=0 settlement=0 buy_residual=0 sell_residual=0
S3_MATCH slot=201 active=0 buy_rank=0 sell_rank=0 price=0 quantity=0 settlement=0 buy_residual=0 sell_residual=0
S3_MATCH slot=202 active=0 buy_rank=0 sell_rank=0 price=0 quantity=0 settlement=0 buy_residual=0 sell_residual=0
S3_MATCH slot=203 active=0 buy_rank=0 sell_rank=0 price=0 quantity=0 settlement=0 buy_residual=0 sell_residual=0
S3_MATCH slot=204 active=0 buy_rank=0 sell_rank=0 price=0 quantity=0 settlement=0 buy_residual=0 sell_residual=0
S3_MATCH slot=205 active=0 buy_rank=0 sell_rank=0 price=0 quantity=0 settlement=0 buy_residual=0 sell_residual=0
S3_MATCH slot=206 active=0 buy_rank=0 sell_rank=0 price=0 quantity=0 settlement=0 buy_residual=0 sell_residual=0
S3_MATCH slot=207 active=0 buy_rank=0 sell_rank=0 price=0 quantity=0 settlement=0 buy_residual=0 sell_residual=0
S3_MATCH slot=208 active=0 buy_rank=0 sell_rank=0 price=0 quantity=0 settlement=0 buy_residual=0 sell_residual=0
S3_MATCH slot=209 active=0 buy_rank=0 sell_rank=0 price=0 quantity=0 settlement=0 buy_residual=0 sell_residual=0
S3_MATCH slot=210 active=0 buy_rank=0 sell_rank=0 price=0 quantity=0 settlement=0 buy_residual=0 sell_residual=0
S3_MATCH slot=211 active=0 buy_rank=0 sell_rank=0 price=0 quantity=0 settlement=0 buy_residual=0 sell_residual=0
S3_MATCH slot=212 active=0 buy_rank=0 sell_rank=0 price=0 quantity=0 settlement=0 buy_residual=0 sell_residual=0
S3_MATCH slot=213 active=0 buy_rank=0 sell_rank=0 price=0 quantity=0 settlement=0 buy_residual=0 sell_residual=0
S3_MATCH slot=214 active=0 buy_rank=0 sell_rank=0 price=0 quantity=0 settlement=0 buy_residual=0 sell_residual=0
S3_MATCH slot=215 active=0 buy_rank=0 sell_rank=0 price=0 quantity=0 settlement=0 buy_residual=0 sell_residual=0
S3_MATCH slot=216 active=0 buy_rank=0 sell_rank=0 price=0 quantity=0 settlement=0 buy_residual=0 sell_residual=0
S3_MATCH slot=217 active=0 buy_rank=0 sell_rank=0 price=0 quantity=0 settlement=0 buy_residual=0 sell_residual=0
S3_MATCH slot=218 active=0 buy_rank=0 sell_rank=0 price=0 quantity=0 settlement=0 buy_residual=0 sell_residual=0
S3_MATCH slot=219 active=0 buy_rank=0 sell_rank=0 price=0 quantity=0 settlement=0 buy_residual=0 sell_residual=0
S3_MATCH slot=220 active=0 buy_rank=0 sell_rank=0 price=0 quantity=0 settlement=0 buy_residual=0 sell_residual=0
S3_MATCH slot=221 active=0 buy_rank=0 sell_rank=0 price=0 quantity=0 settlement=0 buy_residual=0 sell_residual=0
S3_MATCH slot=222 active=0 buy_rank=0 sell_rank=0 price=0 quantity=0 settlement=0 buy_residual=0 sell_residual=0
S3_MATCH slot=223 active=0 buy_rank=0 sell_rank=0 price=0 quantity=0 settlement=0 buy_residual=0 sell_residual=0
S3_MATCH slot=224 active=0 buy_rank=0 sell_rank=0 price=0 quantity=0 settlement=0 buy_residual=0 sell_residual=0
S3_MATCH slot=225 active=0 buy_rank=0 sell_rank=0 price=0 quantity=0 settlement=0 buy_residual=0 sell_residual=0
S3_MATCH slot=226 active=0 buy_rank=0 sell_rank=0 price=0 quantity=0 settlement=0 buy_residual=0 sell_residual=0
S3_MATCH slot=227 active=0 buy_rank=0 sell_rank=0 price=0 quantity=0 settlement=0 buy_residual=0 sell_residual=0
S3_MATCH slot=228 active=0 buy_rank=0 sell_rank=0 price=0 quantity=0 settlement=0 buy_residual=0 sell_residual=0
S3_MATCH slot=229 active=0 buy_rank=0 sell_rank=0 price=0 quantity=0 settlement=0 buy_residual=0 sell_residual=0
S3_MATCH slot=230 active=0 buy_rank=0 sell_rank=0 price=0 quantity=0 settlement=0 buy_residual=0 sell_residual=0
S3_MATCH slot=231 active=0 buy_rank=0 sell_rank=0 price=0 quantity=0 settlement=0 buy_residual=0 sell_residual=0
S3_MATCH slot=232 active=0 buy_rank=0 sell_rank=0 price=0 quantity=0 settlement=0 buy_residual=0 sell_residual=0
S3_MATCH slot=233 active=0 buy_rank=0 sell_rank=0 price=0 quantity=0 settlement=0 buy_residual=0 sell_residual=0
S3_MATCH slot=234 active=0 buy_rank=0 sell_rank=0 price=0 quantity=0 settlement=0 buy_residual=0 sell_residual=0
S3_MATCH slot=235 active=0 buy_rank=0 sell_rank=0 price=0 quantity=0 settlement=0 buy_residual=0 sell_residual=0
S3_MATCH slot=236 active=0 buy_rank=0 sell_rank=0 price=0 quantity=0 settlement=0 buy_residual=0 sell_residual=0
S3_MATCH slot=237 active=0 buy_rank=0 sell_rank=0 price=0 quantity=0 settlement=0 buy_residual=0 sell_residual=0
S3_MATCH slot=238 active=0 buy_rank=0 sell_rank=0 price=0 quantity=0 settlement=0 buy_residual=0 sell_residual=0
S3_MATCH slot=239 active=0 buy_rank=0 sell_rank=0 price=0 quantity=0 settlement=0 buy_residual=0 sell_residual=0
S3_MATCH slot=240 active=0 buy_rank=0 sell_rank=0 price=0 quantity=0 settlement=0 buy_residual=0 sell_residual=0
S3_MATCH slot=241 active=0 buy_rank=0 sell_rank=0 price=0 quantity=0 settlement=0 buy_residual=0 sell_residual=0
S3_MATCH slot=242 active=0 buy_rank=0 sell_rank=0 price=0 quantity=0 settlement=0 buy_residual=0 sell_residual=0
S3_MATCH slot=243 active=0 buy_rank=0 sell_rank=0 price=0 quantity=0 settlement=0 buy_residual=0 sell_residual=0
S3_MATCH slot=244 active=0 buy_rank=0 sell_rank=0 price=0 quantity=0 settlement=0 buy_residual=0 sell_residual=0
S3_MATCH slot=245 active=0 buy_rank=0 sell_rank=0 price=0 quantity=0 settlement=0 buy_residual=0 sell_residual=0
S3_MATCH slot=246 active=0 buy_rank=0 sell_rank=0 price=0 quantity=0 settlement=0 buy_residual=0 sell_residual=0
S3_MATCH slot=247 active=0 buy_rank=0 sell_rank=0 price=0 quantity=0 settlement=0 buy_residual=0 sell_residual=0
S3_MATCH slot=248 active=0 buy_rank=0 sell_rank=0 price=0 quantity=0 settlement=0 buy_residual=0 sell_residual=0
S3_MATCH slot=249 active=0 buy_rank=0 sell_rank=0 price=0 quantity=0 settlement=0 buy_residual=0 sell_residual=0
S3_MATCH slot=250 active=0 buy_rank=0 sell_rank=0 price=0 quantity=0 settlement=0 buy_residual=0 sell_residual=0
S3_MATCH slot=251 active=0 buy_rank=0 sell_rank=0 price=0 quantity=0 settlement=0 buy_residual=0 sell_residual=0
S3_MATCH slot=252 active=0 buy_rank=0 sell_rank=0 price=0 quantity=0 settlement=0 buy_residual=0 sell_residual=0
S3_MATCH slot=253 active=0 buy_rank=0 sell_rank=0 price=0 quantity=0 settlement=0 buy_residual=0 sell_residual=0
S3_MATCH slot=254 active=0 buy_rank=0 sell_rank=0 price=0 quantity=0 settlement=0 buy_residual=0 sell_residual=0
S3_RESIDUAL side=buy rank=20 quantity=0
S3_RESIDUAL side=buy rank=45 quantity=0
S3_RESIDUAL side=buy rank=35 quantity=0
S3_RESIDUAL side=buy rank=73 quantity=0
S3_RESIDUAL side=buy rank=22 quantity=0
S3_RESIDUAL side=buy rank=71 quantity=0
S3_RESIDUAL side=buy rank=54 quantity=0
S3_RESIDUAL side=buy rank=48 quantity=0
S3_RESIDUAL side=buy rank=69 quantity=0
S3_RESIDUAL side=buy rank=37 quantity=0
S3_RESIDUAL side=buy rank=2 quantity=0
S3_RESIDUAL side=buy rank=51 quantity=0
S3_RESIDUAL side=buy rank=41 quantity=0
S3_RESIDUAL side=buy rank=33 quantity=0
S3_RESIDUAL side=buy rank=70 quantity=0
S3_RESIDUAL side=buy rank=62 quantity=0
S3_RESIDUAL side=buy rank=60 quantity=0
S3_RESIDUAL side=buy rank=7 quantity=0
S3_RESIDUAL side=buy rank=8 quantity=0
S3_RESIDUAL side=buy rank=34 quantity=0
S3_RESIDUAL side=buy rank=12 quantity=0
S3_RESIDUAL side=buy rank=52 quantity=0
S3_RESIDUAL side=buy rank=87 quantity=0
S3_RESIDUAL side=buy rank=47 quantity=0
S3_RESIDUAL side=buy rank=13 quantity=0
S3_RESIDUAL side=buy rank=6 quantity=0
S3_RESIDUAL side=buy rank=49 quantity=0
S3_RESIDUAL side=buy rank=78 quantity=0
S3_RESIDUAL side=buy rank=53 quantity=0
S3_RESIDUAL side=buy rank=32 quantity=0
S3_RESIDUAL side=buy rank=79 quantity=0
S3_RESIDUAL side=buy rank=23 quantity=0
S3_RESIDUAL side=buy rank=80 quantity=0
S3_RESIDUAL side=buy rank=31 quantity=0
S3_RESIDUAL side=buy rank=1 quantity=0
S3_RESIDUAL side=buy rank=84 quantity=0
S3_RESIDUAL side=buy rank=17 quantity=0
S3_RESIDUAL side=buy rank=65 quantity=0
S3_RESIDUAL side=buy rank=26 quantity=0
S3_RESIDUAL side=buy rank=29 quantity=0
S3_RESIDUAL side=buy rank=74 quantity=0
S3_RESIDUAL side=buy rank=44 quantity=0
S3_RESIDUAL side=buy rank=9 quantity=0
S3_RESIDUAL side=buy rank=64 quantity=931786
S3_RESIDUAL side=buy rank=5 quantity=979838
S3_RESIDUAL side=buy rank=21 quantity=455748
S3_RESIDUAL side=buy rank=66 quantity=966387
S3_RESIDUAL side=buy rank=86 quantity=288550
S3_RESIDUAL side=buy rank=10 quantity=470744
S3_RESIDUAL side=buy rank=4 quantity=507703
S3_RESIDUAL side=buy rank=67 quantity=154362
S3_RESIDUAL side=buy rank=68 quantity=501907
S3_RESIDUAL side=buy rank=3 quantity=799286
S3_RESIDUAL side=buy rank=24 quantity=855686
S3_RESIDUAL side=buy rank=14 quantity=154536
S3_RESIDUAL side=buy rank=30 quantity=319428
S3_RESIDUAL side=buy rank=57 quantity=795849
S3_RESIDUAL side=buy rank=43 quantity=421246
S3_RESIDUAL side=buy rank=76 quantity=407955
S3_RESIDUAL side=buy rank=85 quantity=300748
S3_RESIDUAL side=buy rank=59 quantity=634343
S3_RESIDUAL side=buy rank=11 quantity=934618
S3_RESIDUAL side=buy rank=16 quantity=167381
S3_RESIDUAL side=buy rank=82 quantity=133486
S3_RESIDUAL side=buy rank=38 quantity=372631
S3_RESIDUAL side=buy rank=27 quantity=670191
S3_RESIDUAL side=buy rank=15 quantity=584300
S3_RESIDUAL side=buy rank=77 quantity=415782
S3_RESIDUAL side=buy rank=36 quantity=532058
S3_RESIDUAL side=buy rank=56 quantity=803062
S3_RESIDUAL side=buy rank=28 quantity=212504
S3_RESIDUAL side=buy rank=83 quantity=739856
S3_RESIDUAL side=buy rank=50 quantity=655811
S3_RESIDUAL side=buy rank=88 quantity=964362
S3_RESIDUAL side=buy rank=18 quantity=899030
S3_RESIDUAL side=buy rank=46 quantity=420731
S3_RESIDUAL side=buy rank=40 quantity=331008
S3_RESIDUAL side=buy rank=72 quantity=628373
S3_RESIDUAL side=buy rank=42 quantity=346841
S3_RESIDUAL side=buy rank=39 quantity=28402
S3_RESIDUAL side=buy rank=0 quantity=473227
S3_RESIDUAL side=buy rank=25 quantity=185657
S3_RESIDUAL side=buy rank=63 quantity=151942
S3_RESIDUAL side=buy rank=19 quantity=47208
S3_RESIDUAL side=buy rank=81 quantity=859309
S3_RESIDUAL side=buy rank=61 quantity=104896
S3_RESIDUAL side=buy rank=75 quantity=227633
S3_RESIDUAL side=buy rank=90 quantity=299847
S3_RESIDUAL side=buy rank=55 quantity=532673
S3_RESIDUAL side=buy rank=89 quantity=270164
S3_RESIDUAL side=buy rank=58 quantity=178546
S3_RESIDUAL side=buy rank=91 quantity=0
S3_RESIDUAL side=buy rank=92 quantity=0
S3_RESIDUAL side=buy rank=93 quantity=0
S3_RESIDUAL side=buy rank=94 quantity=0
S3_RESIDUAL side=buy rank=95 quantity=0
S3_RESIDUAL side=buy rank=96 quantity=0
S3_RESIDUAL side=buy rank=97 quantity=0
S3_RESIDUAL side=buy rank=98 quantity=0
S3_RESIDUAL side=buy rank=99 quantity=0
S3_RESIDUAL side=buy rank=100 quantity=0
S3_RESIDUAL side=buy rank=101 quantity=0
S3_RESIDUAL side=buy rank=102 quantity=0
S3_RESIDUAL side=buy rank=103 quantity=0
S3_RESIDUAL side=buy rank=104 quantity=0
S3_RESIDUAL side=buy rank=105 quantity=0
S3_RESIDUAL side=buy rank=106 quantity=0
S3_RESIDUAL side=buy rank=107 quantity=0
S3_RESIDUAL side=buy rank=108 quantity=0
S3_RESIDUAL side=buy rank=109 quantity=0
S3_RESIDUAL side=buy rank=110 quantity=0
S3_RESIDUAL side=buy rank=111 quantity=0
S3_RESIDUAL side=buy rank=112 quantity=0
S3_RESIDUAL side=buy rank=113 quantity=0
S3_RESIDUAL side=buy rank=114 quantity=0
S3_RESIDUAL side=buy rank=115 quantity=0
S3_RESIDUAL side=buy rank=116 quantity=0
S3_RESIDUAL side=buy rank=117 quantity=0
S3_RESIDUAL side=buy rank=118 quantity=0
S3_RESIDUAL side=buy rank=119 quantity=0
S3_RESIDUAL side=buy rank=120 quantity=0
S3_RESIDUAL side=buy rank=121 quantity=0
S3_RESIDUAL side=buy rank=122 quantity=0
S3_RESIDUAL side=buy rank=123 quantity=0
S3_RESIDUAL side=buy rank=124 quantity=0
S3_RESIDUAL side=buy rank=125 quantity=0
S3_RESIDUAL side=buy rank=126 quantity=0
S3_RESIDUAL side=buy rank=127 quantity=0
S3_RESIDUAL side=sell rank=55 quantity=0
S3_RESIDUAL side=sell rank=86 quantity=0
S3_RESIDUAL side=sell rank=38 quantity=0
S3_RESIDUAL side=sell rank=52 quantity=0
S3_RESIDUAL side=sell rank=94 quantity=0
S3_RESIDUAL side=sell rank=53 quantity=0
S3_RESIDUAL side=sell rank=92 quantity=0
S3_RESIDUAL side=sell rank=4 quantity=0
S3_RESIDUAL side=sell rank=57 quantity=0
S3_RESIDUAL side=sell rank=24 quantity=0
S3_RESIDUAL side=sell rank=40 quantity=0
S3_RESIDUAL side=sell rank=64 quantity=0
S3_RESIDUAL side=sell rank=65 quantity=0
S3_RESIDUAL side=sell rank=28 quantity=191076
S3_RESIDUAL side=sell rank=82 quantity=0
S3_RESIDUAL side=sell rank=18 quantity=0
S3_RESIDUAL side=sell rank=104 quantity=0
S3_RESIDUAL side=sell rank=36 quantity=0
S3_RESIDUAL side=sell rank=87 quantity=0
S3_RESIDUAL side=sell rank=39 quantity=85397
S3_RESIDUAL side=sell rank=33 quantity=0
S3_RESIDUAL side=sell rank=108 quantity=0
S3_RESIDUAL side=sell rank=37 quantity=305397
S3_RESIDUAL side=sell rank=88 quantity=733179
S3_RESIDUAL side=sell rank=90 quantity=0
S3_RESIDUAL side=sell rank=74 quantity=0
S3_RESIDUAL side=sell rank=105 quantity=0
S3_RESIDUAL side=sell rank=61 quantity=0
S3_RESIDUAL side=sell rank=43 quantity=0
S3_RESIDUAL side=sell rank=84 quantity=36309
S3_RESIDUAL side=sell rank=59 quantity=0
S3_RESIDUAL side=sell rank=1 quantity=285046
S3_RESIDUAL side=sell rank=12 quantity=0
S3_RESIDUAL side=sell rank=46 quantity=942979
S3_RESIDUAL side=sell rank=73 quantity=2042
S3_RESIDUAL side=sell rank=106 quantity=855243
S3_RESIDUAL side=sell rank=93 quantity=375876
S3_RESIDUAL side=sell rank=85 quantity=0
S3_RESIDUAL side=sell rank=44 quantity=162575
S3_RESIDUAL side=sell rank=71 quantity=931575
S3_RESIDUAL side=sell rank=10 quantity=0
S3_RESIDUAL side=sell rank=50 quantity=927663
S3_RESIDUAL side=sell rank=3 quantity=250906
S3_RESIDUAL side=sell rank=83 quantity=809380
S3_RESIDUAL side=sell rank=7 quantity=50558
S3_RESIDUAL side=sell rank=80 quantity=904519
S3_RESIDUAL side=sell rank=42 quantity=613931
S3_RESIDUAL side=sell rank=14 quantity=0
S3_RESIDUAL side=sell rank=70 quantity=55740
S3_RESIDUAL side=sell rank=67 quantity=558858
S3_RESIDUAL side=sell rank=103 quantity=0
S3_RESIDUAL side=sell rank=77 quantity=727173
S3_RESIDUAL side=sell rank=102 quantity=543269
S3_RESIDUAL side=sell rank=32 quantity=915164
S3_RESIDUAL side=sell rank=8 quantity=264174
S3_RESIDUAL side=sell rank=22 quantity=890004
S3_RESIDUAL side=sell rank=107 quantity=287644
S3_RESIDUAL side=sell rank=76 quantity=125741
S3_RESIDUAL side=sell rank=31 quantity=403662
S3_RESIDUAL side=sell rank=0 quantity=0
S3_RESIDUAL side=sell rank=11 quantity=511227
S3_RESIDUAL side=sell rank=23 quantity=82865
S3_RESIDUAL side=sell rank=95 quantity=346315
S3_RESIDUAL side=sell rank=118 quantity=941539
S3_RESIDUAL side=sell rank=116 quantity=640635
S3_RESIDUAL side=sell rank=17 quantity=574310
S3_RESIDUAL side=sell rank=89 quantity=333720
S3_RESIDUAL side=sell rank=97 quantity=899264
S3_RESIDUAL side=sell rank=9 quantity=0
S3_RESIDUAL side=sell rank=72 quantity=350692
S3_RESIDUAL side=sell rank=15 quantity=574689
S3_RESIDUAL side=sell rank=30 quantity=179904
S3_RESIDUAL side=sell rank=62 quantity=0
S3_RESIDUAL side=sell rank=16 quantity=0
S3_RESIDUAL side=sell rank=113 quantity=520924
S3_RESIDUAL side=sell rank=6 quantity=803953
S3_RESIDUAL side=sell rank=51 quantity=711847
S3_RESIDUAL side=sell rank=111 quantity=75663
S3_RESIDUAL side=sell rank=96 quantity=33303
S3_RESIDUAL side=sell rank=35 quantity=472337
S3_RESIDUAL side=sell rank=63 quantity=317642
S3_RESIDUAL side=sell rank=47 quantity=179065
S3_RESIDUAL side=sell rank=115 quantity=616982
S3_RESIDUAL side=sell rank=41 quantity=912195
S3_RESIDUAL side=sell rank=5 quantity=578021
S3_RESIDUAL side=sell rank=13 quantity=771567
S3_RESIDUAL side=sell rank=49 quantity=176545
S3_RESIDUAL side=sell rank=81 quantity=42325
S3_RESIDUAL side=sell rank=79 quantity=880217
S3_RESIDUAL side=sell rank=66 quantity=617118
S3_RESIDUAL side=sell rank=21 quantity=465788
S3_RESIDUAL side=sell rank=2 quantity=136437
S3_RESIDUAL side=sell rank=91 quantity=325559
S3_RESIDUAL side=sell rank=75 quantity=667798
S3_RESIDUAL side=sell rank=109 quantity=282824
S3_RESIDUAL side=sell rank=68 quantity=765450
S3_RESIDUAL side=sell rank=25 quantity=459341
S3_RESIDUAL side=sell rank=45 quantity=672434
S3_RESIDUAL side=sell rank=114 quantity=256190
S3_RESIDUAL side=sell rank=119 quantity=150683
S3_RESIDUAL side=sell rank=54 quantity=103233
S3_RESIDUAL side=sell rank=58 quantity=559160
S3_RESIDUAL side=sell rank=48 quantity=864618
S3_RESIDUAL side=sell rank=100 quantity=640343
S3_RESIDUAL side=sell rank=117 quantity=666411
S3_RESIDUAL side=sell rank=99 quantity=586508
S3_RESIDUAL side=sell rank=98 quantity=609946
S3_RESIDUAL side=sell rank=101 quantity=935302
S3_RESIDUAL side=sell rank=29 quantity=662901
S3_RESIDUAL side=sell rank=20 quantity=273848
S3_RESIDUAL side=sell rank=34 quantity=899779
S3_RESIDUAL side=sell rank=56 quantity=976109
S3_RESIDUAL side=sell rank=112 quantity=802455
S3_RESIDUAL side=sell rank=78 quantity=123684
S3_RESIDUAL side=sell rank=69 quantity=277112
S3_RESIDUAL side=sell rank=60 quantity=850253
S3_RESIDUAL side=sell rank=19 quantity=261888
S3_RESIDUAL side=sell rank=27 quantity=196257
S3_RESIDUAL side=sell rank=120 quantity=984844
S3_RESIDUAL side=sell rank=110 quantity=442877
S3_RESIDUAL side=sell rank=26 quantity=446697
S3_RESIDUAL side=sell rank=121 quantity=0
S3_RESIDUAL side=sell rank=122 quantity=0
S3_RESIDUAL side=sell rank=123 quantity=0
S3_RESIDUAL side=sell rank=124 quantity=0
S3_RESIDUAL side=sell rank=125 quantity=0
S3_RESIDUAL side=sell rank=126 quantity=0
S3_RESIDUAL side=sell rank=127 quantity=0
The following benchmarks are including preprocessing (offline phase).
Time = 29.4801 seconds 
Data sent = 659.089 MB in ~179795 rounds (party 0 only; use '-v' for more details)
Global data sent = 1977.27 MB (all parties)
This program might benefit from some protocol options.
Consider adding the following at the beginning of your code:
	program.use_edabit(True)
