Using statistical security parameter 40
Trying to run 255-bit computation (256-bit representation)
S3_FMATCH_TEST valid=1 commitment=-9174566260113109546207053608520801055409927413696249562603196070574418847798 aggregate_quantity=5234218 aggregate_settlement=1692400668942
S3_MATCH slot=0 active=1 buy_rank=12 sell_rank=13 price=402475 quantity=81089 settlement=32636295275 buy_residual=0 sell_residual=392450
S3_MATCH slot=1 active=1 buy_rank=1 sell_rank=13 price=386395 quantity=122704 settlement=47412212080 buy_residual=0 sell_residual=269746
S3_MATCH slot=2 active=1 buy_rank=8 sell_rank=13 price=316202 quantity=269746 settlement=85294224692 buy_residual=477798 sell_residual=0
S3_MATCH slot=3 active=1 buy_rank=8 sell_rank=5 price=364576 quantity=477798 settlement=174193683648 buy_residual=0 sell_residual=402695
S3_MATCH slot=4 active=1 buy_rank=11 sell_rank=5 price=551324 quantity=402695 settlement=222015418180 buy_residual=518823 sell_residual=0
S3_MATCH slot=5 active=1 buy_rank=11 sell_rank=10 price=585050 quantity=518823 settlement=303537396150 buy_residual=0 sell_residual=273668
S3_MATCH slot=6 active=1 buy_rank=4 sell_rank=10 price=583999 quantity=221990 settlement=129641938010 buy_residual=0 sell_residual=51678
S3_MATCH slot=7 active=1 buy_rank=9 sell_rank=10 price=244333 quantity=51678 settlement=12626640774 buy_residual=597918 sell_residual=0
S3_MATCH slot=8 active=1 buy_rank=9 sell_rank=1 price=121360 quantity=597918 settlement=72563328480 buy_residual=0 sell_residual=289597
S3_MATCH slot=9 active=1 buy_rank=5 sell_rank=1 price=117593 quantity=289597 settlement=34054580021 buy_residual=450296 sell_residual=0
S3_MATCH slot=10 active=1 buy_rank=5 sell_rank=2 price=171370 quantity=450296 settlement=77167225520 buy_residual=0 sell_residual=36077
S3_MATCH slot=11 active=1 buy_rank=7 sell_rank=2 price=287941 quantity=36077 settlement=10388047457 buy_residual=752404 sell_residual=0
S3_MATCH slot=12 active=1 buy_rank=7 sell_rank=4 price=320819 quantity=752404 settlement=241385498876 buy_residual=0 sell_residual=29606
S3_MATCH slot=13 active=1 buy_rank=6 sell_rank=9 price=36752 quantity=82995 settlement=3050232240 buy_residual=0 sell_residual=878408
S3_MATCH slot=14 active=1 buy_rank=3 sell_rank=9 price=388102 quantity=587507 settlement=228012641714 buy_residual=0 sell_residual=290901
S3_MATCH slot=15 active=1 buy_rank=14 sell_rank=9 price=63325 quantity=290901 settlement=18421305825 buy_residual=144737 sell_residual=0
S3_MATCH slot=16 active=0 buy_rank=0 sell_rank=0 price=0 quantity=0 settlement=0 buy_residual=0 sell_residual=0
S3_MATCH slot=17 active=0 buy_rank=0 sell_rank=0 price=0 quantity=0 settlement=0 buy_residual=0 sell_residual=0
S3_MATCH slot=18 active=0 buy_rank=0 sell_rank=0 price=0 quantity=0 settlement=0 buy_residual=0 sell_residual=0
S3_MATCH slot=19 active=0 buy_rank=0 sell_rank=0 price=0 quantity=0 settlement=0 buy_residual=0 sell_residual=0
S3_MATCH slot=20 active=0 buy_rank=0 sell_rank=0 price=0 quantity=0 settlement=0 buy_residual=0 sell_residual=0
S3_MATCH slot=21 active=0 buy_rank=0 sell_rank=0 price=0 quantity=0 settlement=0 buy_residual=0 sell_residual=0
S3_MATCH slot=22 active=0 buy_rank=0 sell_rank=0 price=0 quantity=0 settlement=0 buy_residual=0 sell_residual=0
S3_MATCH slot=23 active=0 buy_rank=0 sell_rank=0 price=0 quantity=0 settlement=0 buy_residual=0 sell_residual=0
S3_MATCH slot=24 active=0 buy_rank=0 sell_rank=0 price=0 quantity=0 settlement=0 buy_residual=0 sell_residual=0
S3_MATCH slot=25 active=0 buy_rank=0 sell_rank=0 price=0 quantity=0 settlement=0 buy_residual=0 sell_residual=0
S3_MATCH slot=26 active=0 buy_rank=0 sell_rank=0 price=0 quantity=0 settlement=0 buy_residual=0 sell_residual=0
S3_MATCH slot=27 active=0 buy_rank=0 sell_rank=0 price=0 quantity=0 settlement=0 buy_residual=0 sell_residual=0
S3_MATCH slot=28 active=0 buy_rank=0 sell_rank=0 price=0 quantity=0 settlement=0 buy_residual=0 sell_residual=0
S3_MATCH slot=29 active=0 buy_rank=0 sell_rank=0 price=0 quantity=0 settlement=0 buy_residual=0 sell_residual=0
S3_MATCH slot=30 active=0 buy_rank=0 sell_rank=0 price=0 quantity=0 settlement=0 buy_residual=0 sell_residual=0
S3_RESIDUAL side=buy rank=12 quantity=0
S3_RESIDUAL side=buy rank=1 quantity=0
S3_RESIDUAL side=buy rank=8 quantity=0
S3_RESIDUAL side=buy rank=11 quantity=0
S3_RESIDUAL side=buy rank=4 quantity=0
S3_RESIDUAL side=buy rank=9 quantity=0
S3_RESIDUAL side=buy rank=5 quantity=0
S3_RESIDUAL side=buy rank=7 quantity=0
S3_RESIDUAL side=buy rank=6 quantity=0
S3_RESIDUAL side=buy rank=3 quantity=0
S3_RESIDUAL side=buy rank=14 quantity=144737
S3_RESIDUAL side=buy rank=0 quantity=743582
S3_RESIDUAL side=buy rank=2 quantity=176584
S3_RESIDUAL side=buy rank=10 quantity=46635
S3_RESIDUAL side=buy rank=13 quantity=847845
S3_RESIDUAL side=buy rank=15 quantity=0
S3_RESIDUAL side=sell rank=13 quantity=0
S3_RESIDUAL side=sell rank=5 quantity=0
S3_RESIDUAL side=sell rank=10 quantity=0
S3_RESIDUAL side=sell rank=12 quantity=442738
S3_RESIDUAL side=sell rank=1 quantity=0
S3_RESIDUAL side=sell rank=2 quantity=0
S3_RESIDUAL side=sell rank=4 quantity=29606
S3_RESIDUAL side=sell rank=9 quantity=0
S3_RESIDUAL side=sell rank=0 quantity=500654
S3_RESIDUAL side=sell rank=6 quantity=80863
S3_RESIDUAL side=sell rank=11 quantity=874111
S3_RESIDUAL side=sell rank=7 quantity=585774
S3_RESIDUAL side=sell rank=3 quantity=886311
S3_RESIDUAL side=sell rank=8 quantity=413520
S3_RESIDUAL side=sell rank=14 quantity=0
S3_RESIDUAL side=sell rank=15 quantity=0
The following benchmarks are including preprocessing (offline phase).
Time = 2.46121 seconds 
Data sent = 56.5948 MB in ~14142 rounds (party 0 only; use '-v' for more details)
Global data sent = 169.464 MB (all parties)
This program might benefit from some protocol options.
Consider adding the following at the beginning of your code:
	program.use_edabit(True)
