Using statistical security parameter 40
Trying to run 255-bit computation (256-bit representation)
S3_FMATCH_TEST valid=1 commitment=24580252132157874544607266674349092788137020837573610864710161363743467925391 aggregate_quantity=3167286 aggregate_settlement=1612754599956
S3_MATCH slot=0 active=1 buy_rank=5 sell_rank=10 price=435414 quantity=568889 settlement=247702235046 buy_residual=0 sell_residual=82873
S3_MATCH slot=1 active=1 buy_rank=9 sell_rank=10 price=444394 quantity=82873 settlement=36828263962 buy_residual=379926 sell_residual=0
S3_MATCH slot=2 active=1 buy_rank=9 sell_rank=0 price=553397 quantity=379926 settlement=210249908622 buy_residual=0 sell_residual=22939
S3_MATCH slot=3 active=1 buy_rank=10 sell_rank=0 price=771668 quantity=22939 settlement=17701292252 buy_residual=434330 sell_residual=0
S3_MATCH slot=4 active=1 buy_rank=10 sell_rank=2 price=876580 quantity=16010 settlement=14034045800 buy_residual=418320 sell_residual=0
S3_MATCH slot=5 active=1 buy_rank=10 sell_rank=6 price=898136 quantity=160290 settlement=143962219440 buy_residual=258030 sell_residual=0
S3_MATCH slot=6 active=1 buy_rank=10 sell_rank=5 price=521004 quantity=258030 settlement=134434662120 buy_residual=0 sell_residual=408436
S3_MATCH slot=7 active=1 buy_rank=0 sell_rank=5 price=291148 quantity=408436 settlement=118915324528 buy_residual=273237 sell_residual=0
S3_MATCH slot=8 active=1 buy_rank=0 sell_rank=1 price=289244 quantity=273237 settlement=79032162828 buy_residual=0 sell_residual=688571
S3_MATCH slot=9 active=1 buy_rank=6 sell_rank=1 price=472260 quantity=451641 settlement=213291978660 buy_residual=0 sell_residual=236930
S3_MATCH slot=10 active=1 buy_rank=11 sell_rank=1 price=531515 quantity=236930 settlement=125931848950 buy_residual=308085 sell_residual=0
S3_MATCH slot=11 active=1 buy_rank=11 sell_rank=4 price=703789 quantity=6004 settlement=4225549156 buy_residual=302081 sell_residual=0
S3_MATCH slot=12 active=1 buy_rank=11 sell_rank=8 price=882032 quantity=302081 settlement=266445108592 buy_residual=0 sell_residual=442037
S3_MATCH slot=13 active=0 buy_rank=0 sell_rank=0 price=0 quantity=0 settlement=0 buy_residual=0 sell_residual=0
S3_MATCH slot=14 active=0 buy_rank=0 sell_rank=0 price=0 quantity=0 settlement=0 buy_residual=0 sell_residual=0
S3_MATCH slot=15 active=0 buy_rank=0 sell_rank=0 price=0 quantity=0 settlement=0 buy_residual=0 sell_residual=0
S3_MATCH slot=16 active=0 buy_rank=0 sell_rank=0 price=0 quantity=0 settlement=0 buy_residual=0 sell_residual=0
S3_MATCH slot=17 active=0 buy_rank=0 sell_rank=0 price=0 quantity=0 settlement=0 buy_residual=0 sell_residual=0
S3_MATCH slot=18 active=0 buy_rank=0 sell_rank=0 price=0 quantity=0 settlement=0 buy_residual=0 sell_residual=0
S3_MATCH slot=19 active=0 buy_rank=0 sell_rank=0 price=0 quantity=0 settlement=0 buy_residual=0 sell_residual=0
S3_MATCH slot=20 active=0 buy_rank=0 sell_rank=0 price=0 quantity=0 settlement=0 buy_residual=0 sell_residual=0
S3_MATCH slot=21 active=0 buy_rank=0 sell_rank=0 price=0 quantity=0 settlement=0 buy_residual=0 sell_residual=0
S3_MATCH slot=22 active=0 buy_rank=0 sell_rank=0 price=0 quantity=0 settlement=0 buy_residual=0 sell_residual=0
S3_MATCH slot=23 active=0 buy_rank=0 sell_rank=0 price=0 quantity=0 settlement=0 buy_residual=0 sell_residual=0
S3_MATCH slot=24 active=0 buy_rank=0 sell_rank=0 price=0 quantity=0 settlement=0 buy_residual=0 sell_residual=0
S3_MATCH slot=25 active=0 buy_rank=0 sell_rank=0 price=0 quantity=0 settlement=0 buy_residual=0 sell_residual=0
S3_MATCH slot=26 active=0 buy_rank=0 sell_rank=0 price=0 quantity=0 settlement=0 buy_residual=0 sell_residual=0
S3_MATCH slot=27 active=0 buy_rank=0 sell_rank=0 price=0 quantity=0 settlement=0 buy_residual=0 sell_residual=0
S3_MATCH slot=28 active=0 buy_rank=0 sell_rank=0 price=0 quantity=0 settlement=0 buy_residual=0 sell_residual=0
S3_MATCH slot=29 active=0 buy_rank=0 sell_rank=0 price=0 quantity=0 settlement=0 buy_residual=0 sell_residual=0
S3_MATCH slot=30 active=0 buy_rank=0 sell_rank=0 price=0 quantity=0 settlement=0 buy_residual=0 sell_residual=0
S3_RESIDUAL side=buy rank=5 quantity=0
S3_RESIDUAL side=buy rank=9 quantity=0
S3_RESIDUAL side=buy rank=10 quantity=0
S3_RESIDUAL side=buy rank=0 quantity=0
S3_RESIDUAL side=buy rank=6 quantity=0
S3_RESIDUAL side=buy rank=11 quantity=0
S3_RESIDUAL side=buy rank=8 quantity=849037
S3_RESIDUAL side=buy rank=2 quantity=753644
S3_RESIDUAL side=buy rank=4 quantity=942244
S3_RESIDUAL side=buy rank=1 quantity=278721
S3_RESIDUAL side=buy rank=3 quantity=495379
S3_RESIDUAL side=buy rank=13 quantity=634004
S3_RESIDUAL side=buy rank=12 quantity=521634
S3_RESIDUAL side=buy rank=14 quantity=734247
S3_RESIDUAL side=buy rank=7 quantity=748614
S3_RESIDUAL side=buy rank=15 quantity=385173
S3_RESIDUAL side=sell rank=10 quantity=0
S3_RESIDUAL side=sell rank=0 quantity=0
S3_RESIDUAL side=sell rank=2 quantity=0
S3_RESIDUAL side=sell rank=6 quantity=0
S3_RESIDUAL side=sell rank=5 quantity=0
S3_RESIDUAL side=sell rank=1 quantity=0
S3_RESIDUAL side=sell rank=4 quantity=0
S3_RESIDUAL side=sell rank=8 quantity=442037
S3_RESIDUAL side=sell rank=9 quantity=486444
S3_RESIDUAL side=sell rank=3 quantity=937027
S3_RESIDUAL side=sell rank=7 quantity=609128
S3_RESIDUAL side=sell rank=11 quantity=0
S3_RESIDUAL side=sell rank=12 quantity=0
S3_RESIDUAL side=sell rank=13 quantity=0
S3_RESIDUAL side=sell rank=14 quantity=0
S3_RESIDUAL side=sell rank=15 quantity=0
The following benchmarks are including preprocessing (offline phase).
Time = 2.73037 seconds 
Data sent = 56.5948 MB in ~14142 rounds (party 0 only; use '-v' for more details)
Global data sent = 169.464 MB (all parties)
This program might benefit from some protocol options.
Consider adding the following at the beginning of your code:
	program.use_edabit(True)
