Using statistical security parameter 40
Trying to run 255-bit computation (256-bit representation)
S3_FMATCH_TEST valid=1 commitment=-5052473908728894205788872044088237217278427720873792741796536785379527741731 aggregate_quantity=3486258 aggregate_settlement=1855588218792
S3_MATCH slot=0 active=1 buy_rank=8 sell_rank=1 price=544611 quantity=472206 settlement=257168581866 buy_residual=514740 sell_residual=0
S3_MATCH slot=1 active=1 buy_rank=8 sell_rank=6 price=464541 quantity=508636 settlement=236282276076 buy_residual=6104 sell_residual=0
S3_MATCH slot=2 active=1 buy_rank=8 sell_rank=4 price=535400 quantity=6104 settlement=3268081600 buy_residual=0 sell_residual=230188
S3_MATCH slot=3 active=1 buy_rank=0 sell_rank=4 price=431746 quantity=230188 settlement=99382748248 buy_residual=431176 sell_residual=0
S3_MATCH slot=4 active=1 buy_rank=0 sell_rank=5 price=522526 quantity=431176 settlement=225300670576 buy_residual=0 sell_residual=202551
S3_MATCH slot=5 active=1 buy_rank=12 sell_rank=5 price=409069 quantity=164643 settlement=67350347367 buy_residual=0 sell_residual=37908
S3_MATCH slot=6 active=1 buy_rank=6 sell_rank=5 price=810566 quantity=37908 settlement=30726935928 buy_residual=631050 sell_residual=0
S3_MATCH slot=7 active=1 buy_rank=6 sell_rank=11 price=721775 quantity=180486 settlement=130270282650 buy_residual=450564 sell_residual=0
S3_MATCH slot=8 active=1 buy_rank=6 sell_rank=0 price=1178707 quantity=197811 settlement=233161210377 buy_residual=252753 sell_residual=0
S3_MATCH slot=9 active=1 buy_rank=6 sell_rank=8 price=594949 quantity=252753 settlement=150375144597 buy_residual=0 sell_residual=179637
S3_MATCH slot=10 active=1 buy_rank=11 sell_rank=8 price=423251 quantity=179637 settlement=76031539887 buy_residual=312592 sell_residual=0
S3_MATCH slot=11 active=1 buy_rank=11 sell_rank=7 price=339707 quantity=312592 settlement=106189690544 buy_residual=0 sell_residual=253113
S3_MATCH slot=12 active=1 buy_rank=9 sell_rank=7 price=422067 quantity=253113 settlement=106830644571 buy_residual=207749 sell_residual=0
S3_MATCH slot=13 active=1 buy_rank=9 sell_rank=13 price=510997 quantity=207749 settlement=106159115753 buy_residual=0 sell_residual=300217
S3_MATCH slot=14 active=1 buy_rank=1 sell_rank=13 price=528542 quantity=51256 settlement=27090948752 buy_residual=0 sell_residual=248961
S3_MATCH slot=15 active=0 buy_rank=0 sell_rank=0 price=0 quantity=0 settlement=0 buy_residual=0 sell_residual=0
S3_MATCH slot=16 active=0 buy_rank=0 sell_rank=0 price=0 quantity=0 settlement=0 buy_residual=0 sell_residual=0
S3_MATCH slot=17 active=0 buy_rank=0 sell_rank=0 price=0 quantity=0 settlement=0 buy_residual=0 sell_residual=0
S3_MATCH slot=18 active=0 buy_rank=0 sell_rank=0 price=0 quantity=0 settlement=0 buy_residual=0 sell_residual=0
S3_MATCH slot=19 active=0 buy_rank=0 sell_rank=0 price=0 quantity=0 settlement=0 buy_residual=0 sell_residual=0
S3_MATCH slot=20 active=0 buy_rank=0 sell_rank=0 price=0 quantity=0 settlement=0 buy_residual=0 sell_residual=0
S3_MATCH slot=21 active=0 buy_rank=0 sell_rank=0 price=0 quantity=0 settlement=0 buy_residual=0 sell_residual=0
S3_MATCH slot=22 active=0 buy_rank=0 sell_rank=0 price=0 quantity=0 settlement=0 buy_residual=0 sell_residual=0
S3_MATCH slot=23 active=0 buy_rank=0 sell_rank=0 price=0 quantity=0 settlement=0 buy_residual=0 sell_residual=0
S3_MATCH slot=24 active=0 buy_rank=0 sell_rank=0 price=0 quantity=0 settlement=0 buy_residual=0 sell_residual=0
S3_MATCH slot=25 active=0 buy_rank=0 sell_rank=0 price=0 quantity=0 settlement=0 buy_residual=0 sell_residual=0
S3_MATCH slot=26 active=0 buy_rank=0 sell_rank=0 price=0 quantity=0 settlement=0 buy_residual=0 sell_residual=0
S3_MATCH slot=27 active=0 buy_rank=0 sell_rank=0 price=0 quantity=0 settlement=0 buy_residual=0 sell_residual=0
S3_MATCH slot=28 active=0 buy_rank=0 sell_rank=0 price=0 quantity=0 settlement=0 buy_residual=0 sell_residual=0
S3_MATCH slot=29 active=0 buy_rank=0 sell_rank=0 price=0 quantity=0 settlement=0 buy_residual=0 sell_residual=0
S3_MATCH slot=30 active=0 buy_rank=0 sell_rank=0 price=0 quantity=0 settlement=0 buy_residual=0 sell_residual=0
S3_RESIDUAL side=buy rank=8 quantity=0
S3_RESIDUAL side=buy rank=0 quantity=0
S3_RESIDUAL side=buy rank=12 quantity=0
S3_RESIDUAL side=buy rank=6 quantity=0
S3_RESIDUAL side=buy rank=11 quantity=0
S3_RESIDUAL side=buy rank=9 quantity=0
S3_RESIDUAL side=buy rank=1 quantity=0
S3_RESIDUAL side=buy rank=13 quantity=833934
S3_RESIDUAL side=buy rank=10 quantity=844529
S3_RESIDUAL side=buy rank=4 quantity=963984
S3_RESIDUAL side=buy rank=2 quantity=795714
S3_RESIDUAL side=buy rank=5 quantity=647334
S3_RESIDUAL side=buy rank=7 quantity=514860
S3_RESIDUAL side=buy rank=3 quantity=562161
S3_RESIDUAL side=buy rank=14 quantity=0
S3_RESIDUAL side=buy rank=15 quantity=0
S3_RESIDUAL side=sell rank=1 quantity=0
S3_RESIDUAL side=sell rank=6 quantity=0
S3_RESIDUAL side=sell rank=4 quantity=0
S3_RESIDUAL side=sell rank=5 quantity=0
S3_RESIDUAL side=sell rank=11 quantity=0
S3_RESIDUAL side=sell rank=0 quantity=0
S3_RESIDUAL side=sell rank=8 quantity=0
S3_RESIDUAL side=sell rank=7 quantity=0
S3_RESIDUAL side=sell rank=13 quantity=248961
S3_RESIDUAL side=sell rank=9 quantity=490154
S3_RESIDUAL side=sell rank=10 quantity=741
S3_RESIDUAL side=sell rank=3 quantity=932175
S3_RESIDUAL side=sell rank=2 quantity=443920
S3_RESIDUAL side=sell rank=12 quantity=527355
S3_RESIDUAL side=sell rank=14 quantity=0
S3_RESIDUAL side=sell rank=15 quantity=0
The following benchmarks are including preprocessing (offline phase).
Time = 2.93792 seconds 
Data sent = 56.5948 MB in ~14142 rounds (party 0 only; use '-v' for more details)
Global data sent = 169.464 MB (all parties)
This program might benefit from some protocol options.
Consider adding the following at the beginning of your code:
	program.use_edabit(True)
