Using statistical security parameter 40
Trying to run 255-bit computation (256-bit representation)
S3_FMATCH_TEST valid=1 commitment=2913812190951301957528677515989268692848678259142487798655317284397072618514 aggregate_quantity=2231642 aggregate_settlement=1552600235014
S3_MATCH slot=0 active=1 buy_rank=9 sell_rank=2 price=441885 quantity=102709 settlement=45385566465 buy_residual=698537 sell_residual=0
S3_MATCH slot=1 active=1 buy_rank=9 sell_rank=6 price=549957 quantity=652279 settlement=358725402003 buy_residual=46258 sell_residual=0
S3_MATCH slot=2 active=1 buy_rank=9 sell_rank=5 price=475599 quantity=46258 settlement=22000258542 buy_residual=0 sell_residual=919858
S3_MATCH slot=3 active=1 buy_rank=12 sell_rank=5 price=545945 quantity=603332 settlement=329386088740 buy_residual=0 sell_residual=316526
S3_MATCH slot=4 active=1 buy_rank=11 sell_rank=5 price=358922 quantity=1418 settlement=508951396 buy_residual=0 sell_residual=315108
S3_MATCH slot=5 active=1 buy_rank=13 sell_rank=5 price=611690 quantity=125026 settlement=76477153940 buy_residual=0 sell_residual=190082
S3_MATCH slot=6 active=1 buy_rank=2 sell_rank=5 price=743583 quantity=190082 settlement=141341743806 buy_residual=480329 sell_residual=0
S3_MATCH slot=7 active=1 buy_rank=2 sell_rank=1 price=1197491 quantity=480329 settlement=575189654539 buy_residual=0 sell_residual=390780
S3_MATCH slot=8 active=1 buy_rank=6 sell_rank=3 price=118687 quantity=30209 settlement=3585415583 buy_residual=65316 sell_residual=0
S3_MATCH slot=9 active=0 buy_rank=0 sell_rank=0 price=0 quantity=0 settlement=0 buy_residual=0 sell_residual=0
S3_MATCH slot=10 active=0 buy_rank=0 sell_rank=0 price=0 quantity=0 settlement=0 buy_residual=0 sell_residual=0
S3_MATCH slot=11 active=0 buy_rank=0 sell_rank=0 price=0 quantity=0 settlement=0 buy_residual=0 sell_residual=0
S3_MATCH slot=12 active=0 buy_rank=0 sell_rank=0 price=0 quantity=0 settlement=0 buy_residual=0 sell_residual=0
S3_MATCH slot=13 active=0 buy_rank=0 sell_rank=0 price=0 quantity=0 settlement=0 buy_residual=0 sell_residual=0
S3_MATCH slot=14 active=0 buy_rank=0 sell_rank=0 price=0 quantity=0 settlement=0 buy_residual=0 sell_residual=0
S3_MATCH slot=15 active=0 buy_rank=0 sell_rank=0 price=0 quantity=0 settlement=0 buy_residual=0 sell_residual=0
S3_MATCH slot=16 active=0 buy_rank=0 sell_rank=0 price=0 quantity=0 settlement=0 buy_residual=0 sell_residual=0
S3_MATCH slot=17 active=0 buy_rank=0 sell_rank=0 price=0 quantity=0 settlement=0 buy_residual=0 sell_residual=0
S3_MATCH slot=18 active=0 buy_rank=0 sell_rank=0 price=0 quantity=0 settlement=0 buy_residual=0 sell_residual=0
S3_MATCH slot=19 active=0 buy_rank=0 sell_rank=0 price=0 quantity=0 settlement=0 buy_residual=0 sell_residual=0
S3_MATCH slot=20 active=0 buy_rank=0 sell_rank=0 price=0 quantity=0 settlement=0 buy_residual=0 sell_residual=0
S3_MATCH slot=21 active=0 buy_rank=0 sell_rank=0 price=0 quantity=0 settlement=0 buy_residual=0 sell_residual=0
S3_MATCH slot=22 active=0 buy_rank=0 sell_rank=0 price=0 quantity=0 settlement=0 buy_residual=0 sell_residual=0
S3_MATCH slot=23 active=0 buy_rank=0 sell_rank=0 price=0 quantity=0 settlement=0 buy_residual=0 sell_residual=0
S3_MATCH slot=24 active=0 buy_rank=0 sell_rank=0 price=0 quantity=0 settlement=0 buy_residual=0 sell_residual=0
S3_MATCH slot=25 active=0 buy_rank=0 sell_rank=0 price=0 quantity=0 settlement=0 buy_residual=0 sell_residual=0
S3_MATCH slot=26 active=0 buy_rank=0 sell_rank=0 price=0 quantity=0 settlement=0 buy_residual=0 sell_residual=0
S3_MATCH slot=27 active=0 buy_rank=0 sell_rank=0 price=0 quantity=0 settlement=0 buy_residual=0 sell_residual=0
S3_MATCH slot=28 active=0 buy_rank=0 sell_rank=0 price=0 quantity=0 settlement=0 buy_residual=0 sell_residual=0
S3_MATCH slot=29 active=0 buy_rank=0 sell_rank=0 price=0 quantity=0 settlement=0 buy_residual=0 sell_residual=0
S3_MATCH slot=30 active=0 buy_rank=0 sell_rank=0 price=0 quantity=0 settlement=0 buy_residual=0 sell_residual=0
S3_RESIDUAL side=buy rank=9 quantity=0
S3_RESIDUAL side=buy rank=12 quantity=0
S3_RESIDUAL side=buy rank=11 quantity=0
S3_RESIDUAL side=buy rank=13 quantity=0
S3_RESIDUAL side=buy rank=2 quantity=0
S3_RESIDUAL side=buy rank=6 quantity=65316
S3_RESIDUAL side=buy rank=1 quantity=123794
S3_RESIDUAL side=buy rank=10 quantity=629250
S3_RESIDUAL side=buy rank=0 quantity=441883
S3_RESIDUAL side=buy rank=3 quantity=675374
S3_RESIDUAL side=buy rank=4 quantity=970180
S3_RESIDUAL side=buy rank=7 quantity=327361
S3_RESIDUAL side=buy rank=5 quantity=833888
S3_RESIDUAL side=buy rank=8 quantity=223528
S3_RESIDUAL side=buy rank=14 quantity=240648
S3_RESIDUAL side=buy rank=15 quantity=0
S3_RESIDUAL side=sell rank=2 quantity=0
S3_RESIDUAL side=sell rank=6 quantity=0
S3_RESIDUAL side=sell rank=5 quantity=0
S3_RESIDUAL side=sell rank=1 quantity=390780
S3_RESIDUAL side=sell rank=4 quantity=98053
S3_RESIDUAL side=sell rank=3 quantity=0
S3_RESIDUAL side=sell rank=0 quantity=609758
S3_RESIDUAL side=sell rank=7 quantity=0
S3_RESIDUAL side=sell rank=8 quantity=0
S3_RESIDUAL side=sell rank=9 quantity=0
S3_RESIDUAL side=sell rank=10 quantity=0
S3_RESIDUAL side=sell rank=11 quantity=0
S3_RESIDUAL side=sell rank=12 quantity=0
S3_RESIDUAL side=sell rank=13 quantity=0
S3_RESIDUAL side=sell rank=14 quantity=0
S3_RESIDUAL side=sell rank=15 quantity=0
The following benchmarks are including preprocessing (offline phase).
Time = 2.58866 seconds 
Data sent = 56.5948 MB in ~14142 rounds (party 0 only; use '-v' for more details)
Global data sent = 169.464 MB (all parties)
This program might benefit from some protocol options.
Consider adding the following at the beginning of your code:
	program.use_edabit(True)
