mode: set
github.com/retf/source/v2/fmatch/mpcresult/receipt.go:68.36,76.2 1 1
github.com/retf/source/v2/fmatch/mpcresult/receipt.go:80.64,82.9 2 1
github.com/retf/source/v2/fmatch/mpcresult/receipt.go:82.9,84.3 1 1
github.com/retf/source/v2/fmatch/mpcresult/receipt.go:85.2,87.64 3 1
github.com/retf/source/v2/fmatch/mpcresult/receipt.go:87.64,89.3 1 1
github.com/retf/source/v2/fmatch/mpcresult/receipt.go:90.2,90.23 1 1
github.com/retf/source/v2/fmatch/mpcresult/receipt.go:90.23,92.3 1 1
github.com/retf/source/v2/fmatch/mpcresult/receipt.go:93.2,94.37 2 1
github.com/retf/source/v2/fmatch/mpcresult/receipt.go:97.47,99.78 2 1
github.com/retf/source/v2/fmatch/mpcresult/receipt.go:99.78,101.3 1 0
github.com/retf/source/v2/fmatch/mpcresult/receipt.go:102.2,102.12 1 1
github.com/retf/source/v2/fmatch/mpcresult/receipt.go:105.86,106.55 1 1
github.com/retf/source/v2/fmatch/mpcresult/receipt.go:106.55,108.3 1 0
github.com/retf/source/v2/fmatch/mpcresult/receipt.go:109.2,110.16 2 1
github.com/retf/source/v2/fmatch/mpcresult/receipt.go:110.16,112.3 1 0
github.com/retf/source/v2/fmatch/mpcresult/receipt.go:113.2,121.16 3 1
github.com/retf/source/v2/fmatch/mpcresult/receipt.go:121.16,123.3 1 0
github.com/retf/source/v2/fmatch/mpcresult/receipt.go:124.2,131.16 4 1
github.com/retf/source/v2/fmatch/mpcresult/receipt.go:131.16,133.3 1 0
github.com/retf/source/v2/fmatch/mpcresult/receipt.go:134.2,136.21 3 1
github.com/retf/source/v2/fmatch/mpcresult/receipt.go:141.66,151.36 1 1
github.com/retf/source/v2/fmatch/mpcresult/receipt.go:151.36,153.3 1 1
github.com/retf/source/v2/fmatch/mpcresult/receipt.go:154.2,154.85 1 1
github.com/retf/source/v2/fmatch/mpcresult/receipt.go:154.85,156.3 1 0
github.com/retf/source/v2/fmatch/mpcresult/receipt.go:157.2,159.31 3 1
github.com/retf/source/v2/fmatch/mpcresult/receipt.go:159.31,161.3 1 1
github.com/retf/source/v2/fmatch/mpcresult/receipt.go:162.2,163.16 2 1
github.com/retf/source/v2/fmatch/mpcresult/receipt.go:163.16,165.3 1 0
github.com/retf/source/v2/fmatch/mpcresult/receipt.go:166.2,167.61 1 1
github.com/retf/source/v2/fmatch/mpcresult/receipt.go:167.61,169.3 1 1
github.com/retf/source/v2/fmatch/mpcresult/receipt.go:170.2,170.12 1 1
github.com/retf/source/v2/fmatch/mpcresult/receipt.go:173.38,176.2 2 1
github.com/retf/source/v2/fmatch/testsupport/generator.go:24.34,27.2 2 1
github.com/retf/source/v2/fmatch/testsupport/generator.go:29.37,32.2 2 1
github.com/retf/source/v2/fmatch/testsupport/generator.go:34.103,35.61 1 1
github.com/retf/source/v2/fmatch/testsupport/generator.go:35.61,37.3 1 0
github.com/retf/source/v2/fmatch/testsupport/generator.go:38.2,40.53 3 1
github.com/retf/source/v2/fmatch/testsupport/generator.go:40.53,41.34 1 1
github.com/retf/source/v2/fmatch/testsupport/generator.go:41.34,50.4 2 1
github.com/retf/source/v2/fmatch/testsupport/generator.go:51.3,51.59 1 1
github.com/retf/source/v2/fmatch/testsupport/generator.go:51.59,57.4 2 1
github.com/retf/source/v2/fmatch/testsupport/generator.go:59.2,66.4 3 1
github.com/retf/source/v2/fmatch/testsupport/generator.go:69.60,74.2 1 1
github.com/retf/source/v2/fmatch/testsupport/generator.go:24.34,27.2 2 0
github.com/retf/source/v2/fmatch/testsupport/generator.go:29.37,32.2 2 0
github.com/retf/source/v2/fmatch/testsupport/generator.go:34.103,35.61 1 0
github.com/retf/source/v2/fmatch/testsupport/generator.go:35.61,37.3 1 0
github.com/retf/source/v2/fmatch/testsupport/generator.go:38.2,40.53 3 0
github.com/retf/source/v2/fmatch/testsupport/generator.go:40.53,41.34 1 0
github.com/retf/source/v2/fmatch/testsupport/generator.go:41.34,50.4 2 0
github.com/retf/source/v2/fmatch/testsupport/generator.go:51.3,51.59 1 0
github.com/retf/source/v2/fmatch/testsupport/generator.go:51.59,57.4 2 0
github.com/retf/source/v2/fmatch/testsupport/generator.go:59.2,66.4 3 0
github.com/retf/source/v2/fmatch/testsupport/generator.go:69.60,74.2 1 0
github.com/retf/source/v2/fmatch/reference/oracle.go:28.44,30.2 1 0
github.com/retf/source/v2/fmatch/reference/oracle.go:32.59,34.2 1 1
github.com/retf/source/v2/fmatch/reference/oracle.go:36.34,38.33 2 1
github.com/retf/source/v2/fmatch/reference/oracle.go:38.33,40.3 1 1
github.com/retf/source/v2/fmatch/reference/oracle.go:41.2,41.16 1 0
github.com/retf/source/v2/fmatch/reference/oracle.go:41.16,43.3 1 0
github.com/retf/source/v2/fmatch/reference/oracle.go:44.2,44.25 1 0
github.com/retf/source/v2/fmatch/reference/oracle.go:47.46,48.48 1 1
github.com/retf/source/v2/fmatch/reference/oracle.go:48.48,49.28 1 1
github.com/retf/source/v2/fmatch/reference/oracle.go:49.28,51.4 1 1
github.com/retf/source/v2/fmatch/reference/oracle.go:53.2,53.14 1 0
github.com/retf/source/v2/fmatch/reference/oracle.go:56.62,58.76 2 1
github.com/retf/source/v2/fmatch/reference/oracle.go:58.76,60.3 1 0
github.com/retf/source/v2/fmatch/reference/oracle.go:61.2,61.12 1 1
github.com/retf/source/v2/fmatch/reference/oracle.go:64.40,72.2 1 1
github.com/retf/source/v2/fmatch/reference/oracle.go:78.67,80.16 2 1
github.com/retf/source/v2/fmatch/reference/oracle.go:80.16,82.3 1 0
github.com/retf/source/v2/fmatch/reference/oracle.go:83.2,84.43 2 1
github.com/retf/source/v2/fmatch/reference/oracle.go:87.65,91.44 4 1
github.com/retf/source/v2/fmatch/reference/oracle.go:91.44,92.92 1 1
github.com/retf/source/v2/fmatch/reference/oracle.go:92.92,94.4 1 0
github.com/retf/source/v2/fmatch/reference/oracle.go:95.3,95.45 1 1
github.com/retf/source/v2/fmatch/reference/oracle.go:97.2,98.16 2 1
github.com/retf/source/v2/fmatch/reference/oracle.go:98.16,100.3 1 0
github.com/retf/source/v2/fmatch/reference/oracle.go:101.2,102.43 2 1
github.com/retf/source/v2/fmatch/reference/oracle.go:105.44,108.16 3 1
github.com/retf/source/v2/fmatch/reference/oracle.go:108.16,110.3 1 0
github.com/retf/source/v2/fmatch/reference/oracle.go:111.2,112.19 2 1
github.com/retf/source/v2/fmatch/reference/oracle.go:115.54,118.41 3 1
github.com/retf/source/v2/fmatch/reference/oracle.go:118.41,120.17 2 1
github.com/retf/source/v2/fmatch/reference/oracle.go:120.17,122.4 1 0
github.com/retf/source/v2/fmatch/reference/oracle.go:123.3,123.24 1 1
github.com/retf/source/v2/fmatch/reference/oracle.go:125.2,127.16 3 1
github.com/retf/source/v2/fmatch/reference/oracle.go:127.16,129.3 1 0
github.com/retf/source/v2/fmatch/reference/oracle.go:130.2,131.19 2 1
github.com/retf/source/v2/fmatch/reference/oracle.go:134.44,135.46 1 1
github.com/retf/source/v2/fmatch/reference/oracle.go:135.46,137.3 1 0
github.com/retf/source/v2/fmatch/reference/oracle.go:138.2,138.87 1 1
github.com/retf/source/v2/fmatch/reference/oracle.go:138.87,140.3 1 0
github.com/retf/source/v2/fmatch/reference/oracle.go:141.2,141.45 1 1
github.com/retf/source/v2/fmatch/reference/oracle.go:141.45,143.3 1 0
github.com/retf/source/v2/fmatch/reference/oracle.go:144.2,144.40 1 1
github.com/retf/source/v2/fmatch/reference/oracle.go:144.40,146.3 1 0
github.com/retf/source/v2/fmatch/reference/oracle.go:147.2,147.48 1 1
github.com/retf/source/v2/fmatch/reference/oracle.go:147.48,149.3 1 1
github.com/retf/source/v2/fmatch/reference/oracle.go:150.2,150.94 1 1
github.com/retf/source/v2/fmatch/reference/oracle.go:150.94,152.3 1 0
github.com/retf/source/v2/fmatch/reference/oracle.go:153.2,153.98 1 1
github.com/retf/source/v2/fmatch/reference/oracle.go:153.98,155.3 1 0
github.com/retf/source/v2/fmatch/reference/oracle.go:156.2,156.100 1 1
github.com/retf/source/v2/fmatch/reference/oracle.go:156.100,158.3 1 0
github.com/retf/source/v2/fmatch/reference/oracle.go:160.2,163.41 4 1
github.com/retf/source/v2/fmatch/reference/oracle.go:163.41,164.54 1 1
github.com/retf/source/v2/fmatch/reference/oracle.go:164.54,166.4 1 0
github.com/retf/source/v2/fmatch/reference/oracle.go:167.3,168.103 2 1
github.com/retf/source/v2/fmatch/reference/oracle.go:168.103,170.4 1 0
github.com/retf/source/v2/fmatch/reference/oracle.go:171.3,171.69 1 1
github.com/retf/source/v2/fmatch/reference/oracle.go:171.69,173.4 1 1
github.com/retf/source/v2/fmatch/reference/oracle.go:174.3,174.54 1 1
github.com/retf/source/v2/fmatch/reference/oracle.go:174.54,176.4 1 0
github.com/retf/source/v2/fmatch/reference/oracle.go:177.3,178.19 2 1
github.com/retf/source/v2/fmatch/reference/oracle.go:178.19,179.53 1 1
github.com/retf/source/v2/fmatch/reference/oracle.go:179.53,181.5 1 0
github.com/retf/source/v2/fmatch/reference/oracle.go:182.4,182.41 1 1
github.com/retf/source/v2/fmatch/reference/oracle.go:184.3,185.17 2 1
github.com/retf/source/v2/fmatch/reference/oracle.go:185.17,187.4 1 0
github.com/retf/source/v2/fmatch/reference/oracle.go:188.3,188.40 1 1
github.com/retf/source/v2/fmatch/reference/oracle.go:188.40,190.4 1 1
github.com/retf/source/v2/fmatch/reference/oracle.go:192.2,192.95 1 1
github.com/retf/source/v2/fmatch/reference/oracle.go:192.95,194.3 1 0
github.com/retf/source/v2/fmatch/reference/oracle.go:195.2,196.16 2 1
github.com/retf/source/v2/fmatch/reference/oracle.go:196.16,198.3 1 0
github.com/retf/source/v2/fmatch/reference/oracle.go:199.2,199.47 1 1
github.com/retf/source/v2/fmatch/reference/oracle.go:199.47,201.3 1 1
github.com/retf/source/v2/fmatch/reference/oracle.go:202.2,202.12 1 1
github.com/retf/source/v2/fmatch/reference/oracle.go:205.66,206.83 1 1
github.com/retf/source/v2/fmatch/reference/oracle.go:206.83,208.3 1 0
github.com/retf/source/v2/fmatch/reference/oracle.go:209.2,209.91 1 1
github.com/retf/source/v2/fmatch/reference/oracle.go:209.91,211.3 1 0
github.com/retf/source/v2/fmatch/reference/oracle.go:212.2,212.17 1 1
github.com/retf/source/v2/fmatch/reference/oracle.go:212.17,215.55 1 1
github.com/retf/source/v2/fmatch/reference/oracle.go:215.55,217.4 1 0
github.com/retf/source/v2/fmatch/reference/oracle.go:218.3,218.13 1 1
github.com/retf/source/v2/fmatch/reference/oracle.go:220.2,220.54 1 1
github.com/retf/source/v2/fmatch/reference/oracle.go:220.54,222.3 1 1
github.com/retf/source/v2/fmatch/reference/oracle.go:223.2,223.66 1 1
github.com/retf/source/v2/fmatch/reference/oracle.go:223.66,225.3 1 1
github.com/retf/source/v2/fmatch/reference/oracle.go:226.2,226.68 1 1
github.com/retf/source/v2/fmatch/reference/oracle.go:226.68,228.3 1 0
github.com/retf/source/v2/fmatch/reference/oracle.go:229.2,230.46 1 1
github.com/retf/source/v2/fmatch/reference/oracle.go:230.46,232.3 1 0
github.com/retf/source/v2/fmatch/reference/oracle.go:233.2,233.81 1 1
github.com/retf/source/v2/fmatch/reference/oracle.go:233.81,235.3 1 0
github.com/retf/source/v2/fmatch/reference/oracle.go:236.2,236.78 1 1
github.com/retf/source/v2/fmatch/reference/oracle.go:236.78,238.3 1 0
github.com/retf/source/v2/fmatch/reference/oracle.go:239.2,239.34 1 1
github.com/retf/source/v2/fmatch/reference/oracle.go:239.34,241.3 1 0
github.com/retf/source/v2/fmatch/reference/oracle.go:242.2,242.12 1 1
github.com/retf/source/v2/fmatch/reference/oracle.go:250.68,251.24 1 1
github.com/retf/source/v2/fmatch/reference/oracle.go:251.24,253.3 1 0
github.com/retf/source/v2/fmatch/reference/oracle.go:254.2,255.22 2 1
github.com/retf/source/v2/fmatch/reference/oracle.go:255.22,257.3 1 0
github.com/retf/source/v2/fmatch/reference/oracle.go:258.2,258.46 1 1
github.com/retf/source/v2/fmatch/reference/oracle.go:261.43,263.31 2 0
github.com/retf/source/v2/fmatch/reference/oracle.go:263.31,264.19 1 0
github.com/retf/source/v2/fmatch/reference/oracle.go:264.19,266.4 1 0
github.com/retf/source/v2/fmatch/reference/oracle.go:268.2,268.15 1 0
github.com/retf/source/v2/fmatch/reference/oracle.go:271.82,273.19 2 1
github.com/retf/source/v2/fmatch/reference/oracle.go:273.19,275.3 1 1
github.com/retf/source/v2/fmatch/reference/oracle.go:276.2,278.32 3 1
github.com/retf/source/v2/fmatch/reference/oracle.go:278.32,283.3 4 1
github.com/retf/source/v2/fmatch/reference/oracle.go:284.2,284.62 1 1
github.com/retf/source/v2/fmatch/reference/oracle.go:284.62,286.17 2 1
github.com/retf/source/v2/fmatch/reference/oracle.go:286.17,288.4 1 0
github.com/retf/source/v2/fmatch/reference/oracle.go:289.3,290.17 2 1
github.com/retf/source/v2/fmatch/reference/oracle.go:290.17,292.4 1 0
github.com/retf/source/v2/fmatch/reference/oracle.go:293.3,294.12 2 1
github.com/retf/source/v2/fmatch/reference/oracle.go:294.12,296.4 1 1
github.com/retf/source/v2/fmatch/reference/oracle.go:296.9,298.4 1 1
github.com/retf/source/v2/fmatch/reference/oracle.go:299.3,299.54 1 1
github.com/retf/source/v2/fmatch/reference/oracle.go:301.2,302.35 2 1
github.com/retf/source/v2/fmatch/reference/oracle.go:302.35,304.17 2 1
github.com/retf/source/v2/fmatch/reference/oracle.go:304.17,306.4 1 0
github.com/retf/source/v2/fmatch/reference/oracle.go:307.3,307.30 1 1
github.com/retf/source/v2/fmatch/reference/oracle.go:309.2,310.36 2 1
github.com/retf/source/v2/fmatch/reference/oracle.go:310.36,312.17 2 1
github.com/retf/source/v2/fmatch/reference/oracle.go:312.17,314.4 1 0
github.com/retf/source/v2/fmatch/reference/oracle.go:315.3,315.31 1 1
github.com/retf/source/v2/fmatch/reference/oracle.go:317.2,317.47 1 1
github.com/retf/source/v2/fmatch/reference/oracle.go:317.47,318.53 1 1
github.com/retf/source/v2/fmatch/reference/oracle.go:318.53,320.4 1 1
github.com/retf/source/v2/fmatch/reference/oracle.go:321.3,321.53 1 0
github.com/retf/source/v2/fmatch/reference/oracle.go:321.53,323.4 1 0
github.com/retf/source/v2/fmatch/reference/oracle.go:324.3,324.67 1 0
github.com/retf/source/v2/fmatch/reference/oracle.go:326.2,326.48 1 1
github.com/retf/source/v2/fmatch/reference/oracle.go:326.48,327.55 1 1
github.com/retf/source/v2/fmatch/reference/oracle.go:327.55,329.4 1 1
github.com/retf/source/v2/fmatch/reference/oracle.go:330.3,330.55 1 0
github.com/retf/source/v2/fmatch/reference/oracle.go:330.55,332.4 1 0
github.com/retf/source/v2/fmatch/reference/oracle.go:333.3,333.69 1 0
github.com/retf/source/v2/fmatch/reference/oracle.go:335.2,335.41 1 1
github.com/retf/source/v2/fmatch/reference/oracle.go:338.60,343.25 2 1
github.com/retf/source/v2/fmatch/reference/oracle.go:343.25,345.3 1 0
github.com/retf/source/v2/fmatch/reference/oracle.go:346.2,347.16 2 1
github.com/retf/source/v2/fmatch/reference/oracle.go:347.16,349.3 1 0
github.com/retf/source/v2/fmatch/reference/oracle.go:350.2,351.15 2 1
github.com/retf/source/v2/fmatch/reference/oracle.go:351.15,353.3 1 0
github.com/retf/source/v2/fmatch/reference/oracle.go:354.2,354.35 1 1
github.com/retf/source/v2/fmatch/reference/oracle.go:357.67,359.16 2 1
github.com/retf/source/v2/fmatch/reference/oracle.go:359.16,361.3 1 0
github.com/retf/source/v2/fmatch/reference/oracle.go:362.2,362.19 1 1
github.com/retf/source/v2/fmatch/reference/oracle.go:365.72,367.15 2 1
github.com/retf/source/v2/fmatch/reference/oracle.go:367.15,369.3 1 0
github.com/retf/source/v2/fmatch/reference/oracle.go:370.2,370.17 1 1
github.com/retf/source/v2/fmatch/reference/oracle.go:373.46,374.45 1 1
github.com/retf/source/v2/fmatch/reference/oracle.go:374.45,376.3 1 1
github.com/retf/source/v2/fmatch/reference/oracle.go:377.2,378.37 2 1
github.com/retf/source/v2/fmatch/reference/oracle.go:378.37,379.18 1 1
github.com/retf/source/v2/fmatch/reference/oracle.go:379.18,380.12 1 1
github.com/retf/source/v2/fmatch/reference/oracle.go:382.3,382.28 1 1
github.com/retf/source/v2/fmatch/reference/oracle.go:382.28,384.4 1 1
github.com/retf/source/v2/fmatch/reference/oracle.go:384.9,386.4 1 1
github.com/retf/source/v2/fmatch/reference/oracle.go:388.2,389.16 2 1
github.com/retf/source/v2/fmatch/reference/oracle.go:389.16,391.3 1 0
github.com/retf/source/v2/fmatch/reference/oracle.go:392.2,396.57 5 1
github.com/retf/source/v2/fmatch/reference/oracle.go:396.57,398.33 2 1
github.com/retf/source/v2/fmatch/reference/oracle.go:398.33,400.12 2 0
github.com/retf/source/v2/fmatch/reference/oracle.go:402.3,404.22 3 1
github.com/retf/source/v2/fmatch/reference/oracle.go:404.22,406.4 1 0
github.com/retf/source/v2/fmatch/reference/oracle.go:407.3,408.25 2 1
github.com/retf/source/v2/fmatch/reference/oracle.go:408.25,410.4 1 0
github.com/retf/source/v2/fmatch/reference/oracle.go:411.3,422.17 6 1
github.com/retf/source/v2/fmatch/reference/oracle.go:422.17,424.4 1 0
github.com/retf/source/v2/fmatch/reference/oracle.go:425.3,426.17 2 1
github.com/retf/source/v2/fmatch/reference/oracle.go:426.17,428.4 1 0
github.com/retf/source/v2/fmatch/reference/oracle.go:429.3,429.26 1 1
github.com/retf/source/v2/fmatch/reference/oracle.go:429.26,431.4 1 1
github.com/retf/source/v2/fmatch/reference/oracle.go:432.3,432.27 1 1
github.com/retf/source/v2/fmatch/reference/oracle.go:432.27,434.4 1 1
github.com/retf/source/v2/fmatch/reference/oracle.go:436.2,438.31 3 1
github.com/retf/source/v2/fmatch/reference/oracle.go:438.31,441.17 3 1
github.com/retf/source/v2/fmatch/reference/oracle.go:441.17,443.4 1 0
github.com/retf/source/v2/fmatch/reference/oracle.go:445.2,445.43 1 1
github.com/retf/source/v2/fmatch/reference/oracle.go:445.43,447.3 1 1
github.com/retf/source/v2/fmatch/reference/oracle.go:448.2,448.32 1 1
github.com/retf/source/v2/fmatch/reference/oracle.go:448.32,451.17 3 1
github.com/retf/source/v2/fmatch/reference/oracle.go:451.17,453.4 1 0
github.com/retf/source/v2/fmatch/reference/oracle.go:455.2,455.45 1 1
github.com/retf/source/v2/fmatch/reference/oracle.go:455.45,457.3 1 1
github.com/retf/source/v2/fmatch/reference/oracle.go:458.2,467.16 3 1
github.com/retf/source/v2/fmatch/reference/oracle.go:467.16,469.3 1 0
github.com/retf/source/v2/fmatch/reference/oracle.go:470.2,480.16 4 1
github.com/retf/source/v2/fmatch/reference/oracle.go:480.16,482.3 1 0
github.com/retf/source/v2/fmatch/reference/oracle.go:483.2,491.16 4 1
github.com/retf/source/v2/fmatch/reference/oracle.go:491.16,493.3 1 0
github.com/retf/source/v2/fmatch/reference/oracle.go:494.2,496.20 3 1
github.com/retf/source/v2/fmatch/reference/oracle.go:499.58,501.2 1 1
github.com/retf/source/v2/fmatch/reference/oracle.go:506.67,507.45 1 1
github.com/retf/source/v2/fmatch/reference/oracle.go:507.45,509.3 1 0
github.com/retf/source/v2/fmatch/reference/oracle.go:510.2,517.59 1 1
github.com/retf/source/v2/fmatch/reference/oracle.go:517.59,519.3 1 1
github.com/retf/source/v2/fmatch/reference/oracle.go:520.2,521.54 1 1
github.com/retf/source/v2/fmatch/reference/oracle.go:521.54,523.3 1 0
github.com/retf/source/v2/fmatch/reference/oracle.go:524.2,525.45 2 1
github.com/retf/source/v2/fmatch/reference/oracle.go:525.45,526.19 1 1
github.com/retf/source/v2/fmatch/reference/oracle.go:526.19,532.38 2 1
github.com/retf/source/v2/fmatch/reference/oracle.go:532.38,534.5 1 0
github.com/retf/source/v2/fmatch/reference/oracle.go:535.4,535.12 1 1
github.com/retf/source/v2/fmatch/reference/oracle.go:537.3,537.50 1 1
github.com/retf/source/v2/fmatch/reference/oracle.go:537.50,539.4 1 1
github.com/retf/source/v2/fmatch/reference/oracle.go:541.2,542.16 2 1
github.com/retf/source/v2/fmatch/reference/oracle.go:542.16,544.3 1 0
github.com/retf/source/v2/fmatch/reference/oracle.go:545.2,547.49 3 1
github.com/retf/source/v2/fmatch/reference/oracle.go:547.49,549.3 1 1
github.com/retf/source/v2/fmatch/reference/oracle.go:550.2,560.16 2 1
github.com/retf/source/v2/fmatch/reference/oracle.go:560.16,562.3 1 0
github.com/retf/source/v2/fmatch/reference/oracle.go:563.2,565.57 3 1
github.com/retf/source/v2/fmatch/reference/oracle.go:565.57,567.3 1 0
github.com/retf/source/v2/fmatch/reference/oracle.go:568.2,574.16 2 1
github.com/retf/source/v2/fmatch/reference/oracle.go:574.16,576.3 1 0
github.com/retf/source/v2/fmatch/reference/oracle.go:577.2,578.78 2 1
github.com/retf/source/v2/fmatch/reference/oracle.go:578.78,580.3 1 0
github.com/retf/source/v2/fmatch/reference/oracle.go:581.2,581.12 1 1
github.com/retf/source/v2/fmatch/reference/oracle.go:584.43,585.41 1 1
github.com/retf/source/v2/fmatch/reference/oracle.go:585.41,586.39 1 1
github.com/retf/source/v2/fmatch/reference/oracle.go:586.39,588.4 1 1
github.com/retf/source/v2/fmatch/reference/oracle.go:589.3,589.41 1 1
github.com/retf/source/v2/fmatch/reference/oracle.go:589.41,591.4 1 1
github.com/retf/source/v2/fmatch/reference/oracle.go:592.3,592.55 1 1
github.com/retf/source/v2/fmatch/reference/types.go:143.40,154.2 1 1
