Using statistical security parameter 40
Trying to run 255-bit computation (256-bit representation)
S3_FMATCH_TEST valid=1 commitment=11185365292270682449047593124524250691040555027569648075441932225458091217228 aggregate_quantity=3909014 aggregate_settlement=2137659244645
S3_MATCH slot=0 active=1 buy_rank=1 sell_rank=6 price=634616 quantity=574527 settlement=364604026632 buy_residual=0 sell_residual=224622
S3_MATCH slot=1 active=1 buy_rank=4 sell_rank=6 price=616917 quantity=71938 settlement=44379775146 buy_residual=0 sell_residual=152684
S3_MATCH slot=2 active=1 buy_rank=7 sell_rank=6 price=471368 quantity=152684 settlement=71970351712 buy_residual=574488 sell_residual=0
S3_MATCH slot=3 active=1 buy_rank=7 sell_rank=2 price=552955 quantity=574488 settlement=317666012040 buy_residual=0 sell_residual=337071
S3_MATCH slot=4 active=1 buy_rank=0 sell_rank=2 price=650885 quantity=337071 settlement=219394457835 buy_residual=383906 sell_residual=0
S3_MATCH slot=5 active=1 buy_rank=0 sell_rank=0 price=667429 quantity=187334 settlement=125032144286 buy_residual=196572 sell_residual=0
S3_MATCH slot=6 active=1 buy_rank=0 sell_rank=7 price=555888 quantity=195812 settlement=108849541056 buy_residual=760 sell_residual=0
S3_MATCH slot=7 active=1 buy_rank=0 sell_rank=4 price=237818 quantity=760 settlement=180741680 buy_residual=0 sell_residual=575014
S3_MATCH slot=8 active=1 buy_rank=5 sell_rank=4 price=215055 quantity=250414 settlement=53852782770 buy_residual=0 sell_residual=324600
S3_MATCH slot=9 active=1 buy_rank=6 sell_rank=4 price=475049 quantity=324600 settlement=154200905400 buy_residual=617063 sell_residual=0
S3_MATCH slot=10 active=1 buy_rank=6 sell_rank=1 price=885914 quantity=380357 settlement=336963591298 buy_residual=236706 sell_residual=0
S3_MATCH slot=11 active=1 buy_rank=6 sell_rank=10 price=1055452 quantity=235216 settlement=248259197632 buy_residual=1490 sell_residual=0
S3_MATCH slot=12 active=1 buy_rank=6 sell_rank=12 price=483846 quantity=1490 settlement=720930540 buy_residual=0 sell_residual=622323
S3_MATCH slot=13 active=1 buy_rank=8 sell_rank=12 price=147166 quantity=622323 settlement=91584786618 buy_residual=247619 sell_residual=0
S3_MATCH slot=14 active=0 buy_rank=0 sell_rank=0 price=0 quantity=0 settlement=0 buy_residual=0 sell_residual=0
S3_MATCH slot=15 active=0 buy_rank=0 sell_rank=0 price=0 quantity=0 settlement=0 buy_residual=0 sell_residual=0
S3_MATCH slot=16 active=0 buy_rank=0 sell_rank=0 price=0 quantity=0 settlement=0 buy_residual=0 sell_residual=0
S3_MATCH slot=17 active=0 buy_rank=0 sell_rank=0 price=0 quantity=0 settlement=0 buy_residual=0 sell_residual=0
S3_MATCH slot=18 active=0 buy_rank=0 sell_rank=0 price=0 quantity=0 settlement=0 buy_residual=0 sell_residual=0
S3_MATCH slot=19 active=0 buy_rank=0 sell_rank=0 price=0 quantity=0 settlement=0 buy_residual=0 sell_residual=0
S3_MATCH slot=20 active=0 buy_rank=0 sell_rank=0 price=0 quantity=0 settlement=0 buy_residual=0 sell_residual=0
S3_MATCH slot=21 active=0 buy_rank=0 sell_rank=0 price=0 quantity=0 settlement=0 buy_residual=0 sell_residual=0
S3_MATCH slot=22 active=0 buy_rank=0 sell_rank=0 price=0 quantity=0 settlement=0 buy_residual=0 sell_residual=0
S3_MATCH slot=23 active=0 buy_rank=0 sell_rank=0 price=0 quantity=0 settlement=0 buy_residual=0 sell_residual=0
S3_MATCH slot=24 active=0 buy_rank=0 sell_rank=0 price=0 quantity=0 settlement=0 buy_residual=0 sell_residual=0
S3_MATCH slot=25 active=0 buy_rank=0 sell_rank=0 price=0 quantity=0 settlement=0 buy_residual=0 sell_residual=0
S3_MATCH slot=26 active=0 buy_rank=0 sell_rank=0 price=0 quantity=0 settlement=0 buy_residual=0 sell_residual=0
S3_MATCH slot=27 active=0 buy_rank=0 sell_rank=0 price=0 quantity=0 settlement=0 buy_residual=0 sell_residual=0
S3_MATCH slot=28 active=0 buy_rank=0 sell_rank=0 price=0 quantity=0 settlement=0 buy_residual=0 sell_residual=0
S3_MATCH slot=29 active=0 buy_rank=0 sell_rank=0 price=0 quantity=0 settlement=0 buy_residual=0 sell_residual=0
S3_MATCH slot=30 active=0 buy_rank=0 sell_rank=0 price=0 quantity=0 settlement=0 buy_residual=0 sell_residual=0
S3_RESIDUAL side=buy rank=1 quantity=0
S3_RESIDUAL side=buy rank=4 quantity=0
S3_RESIDUAL side=buy rank=7 quantity=0
S3_RESIDUAL side=buy rank=0 quantity=0
S3_RESIDUAL side=buy rank=5 quantity=0
S3_RESIDUAL side=buy rank=6 quantity=0
S3_RESIDUAL side=buy rank=8 quantity=247619
S3_RESIDUAL side=buy rank=3 quantity=88948
S3_RESIDUAL side=buy rank=2 quantity=467706
S3_RESIDUAL side=buy rank=9 quantity=0
S3_RESIDUAL side=buy rank=10 quantity=0
S3_RESIDUAL side=buy rank=11 quantity=0
S3_RESIDUAL side=buy rank=12 quantity=0
S3_RESIDUAL side=buy rank=13 quantity=0
S3_RESIDUAL side=buy rank=14 quantity=0
S3_RESIDUAL side=buy rank=15 quantity=0
S3_RESIDUAL side=sell rank=6 quantity=0
S3_RESIDUAL side=sell rank=2 quantity=0
S3_RESIDUAL side=sell rank=0 quantity=0
S3_RESIDUAL side=sell rank=7 quantity=0
S3_RESIDUAL side=sell rank=4 quantity=0
S3_RESIDUAL side=sell rank=1 quantity=0
S3_RESIDUAL side=sell rank=10 quantity=0
S3_RESIDUAL side=sell rank=12 quantity=0
S3_RESIDUAL side=sell rank=11 quantity=163856
S3_RESIDUAL side=sell rank=8 quantity=955899
S3_RESIDUAL side=sell rank=3 quantity=758569
S3_RESIDUAL side=sell rank=5 quantity=806780
S3_RESIDUAL side=sell rank=13 quantity=792592
S3_RESIDUAL side=sell rank=9 quantity=830286
S3_RESIDUAL side=sell rank=14 quantity=0
S3_RESIDUAL side=sell rank=15 quantity=0
The following benchmarks are including preprocessing (offline phase).
Time = 2.48352 seconds 
Data sent = 56.5948 MB in ~14142 rounds (party 0 only; use '-v' for more details)
Global data sent = 169.464 MB (all parties)
This program might benefit from some protocol options.
Consider adding the following at the beginning of your code:
	program.use_edabit(True)
