Using statistical security parameter 40
Trying to run 255-bit computation (256-bit representation)
S3_FMATCH_TEST valid=1 commitment=14896765317764277778937855231701970948253868186299976256114504448812043194968 aggregate_quantity=1734611 aggregate_settlement=787888815770
S3_MATCH slot=0 active=1 buy_rank=8 sell_rank=4 price=791579 quantity=152302 settlement=120559064858 buy_residual=0 sell_residual=207856
S3_MATCH slot=1 active=1 buy_rank=7 sell_rank=4 price=774596 quantity=162262 settlement=125687496152 buy_residual=0 sell_residual=45594
S3_MATCH slot=2 active=1 buy_rank=11 sell_rank=4 price=655794 quantity=45594 settlement=29900271636 buy_residual=661903 sell_residual=0
S3_MATCH slot=3 active=1 buy_rank=11 sell_rank=9 price=482149 quantity=72821 settlement=35110572329 buy_residual=589082 sell_residual=0
S3_MATCH slot=4 active=1 buy_rank=11 sell_rank=7 price=246412 quantity=438187 settlement=107974535044 buy_residual=150895 sell_residual=0
S3_MATCH slot=5 active=1 buy_rank=11 sell_rank=2 price=381944 quantity=150895 settlement=57633439880 buy_residual=0 sell_residual=820356
S3_MATCH slot=6 active=1 buy_rank=5 sell_rank=2 price=488381 quantity=234496 settlement=114523390976 buy_residual=0 sell_residual=585860
S3_MATCH slot=7 active=1 buy_rank=4 sell_rank=2 price=375152 quantity=111033 settlement=41654252016 buy_residual=0 sell_residual=474827
S3_MATCH slot=8 active=1 buy_rank=3 sell_rank=2 price=421899 quantity=367021 settlement=154845792879 buy_residual=0 sell_residual=107806
S3_MATCH slot=9 active=0 buy_rank=0 sell_rank=0 price=0 quantity=0 settlement=0 buy_residual=0 sell_residual=0
S3_MATCH slot=10 active=0 buy_rank=0 sell_rank=0 price=0 quantity=0 settlement=0 buy_residual=0 sell_residual=0
S3_MATCH slot=11 active=0 buy_rank=0 sell_rank=0 price=0 quantity=0 settlement=0 buy_residual=0 sell_residual=0
S3_MATCH slot=12 active=0 buy_rank=0 sell_rank=0 price=0 quantity=0 settlement=0 buy_residual=0 sell_residual=0
S3_MATCH slot=13 active=0 buy_rank=0 sell_rank=0 price=0 quantity=0 settlement=0 buy_residual=0 sell_residual=0
S3_MATCH slot=14 active=0 buy_rank=0 sell_rank=0 price=0 quantity=0 settlement=0 buy_residual=0 sell_residual=0
S3_MATCH slot=15 active=0 buy_rank=0 sell_rank=0 price=0 quantity=0 settlement=0 buy_residual=0 sell_residual=0
S3_MATCH slot=16 active=0 buy_rank=0 sell_rank=0 price=0 quantity=0 settlement=0 buy_residual=0 sell_residual=0
S3_MATCH slot=17 active=0 buy_rank=0 sell_rank=0 price=0 quantity=0 settlement=0 buy_residual=0 sell_residual=0
S3_MATCH slot=18 active=0 buy_rank=0 sell_rank=0 price=0 quantity=0 settlement=0 buy_residual=0 sell_residual=0
S3_MATCH slot=19 active=0 buy_rank=0 sell_rank=0 price=0 quantity=0 settlement=0 buy_residual=0 sell_residual=0
S3_MATCH slot=20 active=0 buy_rank=0 sell_rank=0 price=0 quantity=0 settlement=0 buy_residual=0 sell_residual=0
S3_MATCH slot=21 active=0 buy_rank=0 sell_rank=0 price=0 quantity=0 settlement=0 buy_residual=0 sell_residual=0
S3_MATCH slot=22 active=0 buy_rank=0 sell_rank=0 price=0 quantity=0 settlement=0 buy_residual=0 sell_residual=0
S3_MATCH slot=23 active=0 buy_rank=0 sell_rank=0 price=0 quantity=0 settlement=0 buy_residual=0 sell_residual=0
S3_MATCH slot=24 active=0 buy_rank=0 sell_rank=0 price=0 quantity=0 settlement=0 buy_residual=0 sell_residual=0
S3_MATCH slot=25 active=0 buy_rank=0 sell_rank=0 price=0 quantity=0 settlement=0 buy_residual=0 sell_residual=0
S3_MATCH slot=26 active=0 buy_rank=0 sell_rank=0 price=0 quantity=0 settlement=0 buy_residual=0 sell_residual=0
S3_MATCH slot=27 active=0 buy_rank=0 sell_rank=0 price=0 quantity=0 settlement=0 buy_residual=0 sell_residual=0
S3_MATCH slot=28 active=0 buy_rank=0 sell_rank=0 price=0 quantity=0 settlement=0 buy_residual=0 sell_residual=0
S3_MATCH slot=29 active=0 buy_rank=0 sell_rank=0 price=0 quantity=0 settlement=0 buy_residual=0 sell_residual=0
S3_MATCH slot=30 active=0 buy_rank=0 sell_rank=0 price=0 quantity=0 settlement=0 buy_residual=0 sell_residual=0
S3_RESIDUAL side=buy rank=8 quantity=0
S3_RESIDUAL side=buy rank=7 quantity=0
S3_RESIDUAL side=buy rank=11 quantity=0
S3_RESIDUAL side=buy rank=5 quantity=0
S3_RESIDUAL side=buy rank=4 quantity=0
S3_RESIDUAL side=buy rank=3 quantity=0
S3_RESIDUAL side=buy rank=2 quantity=12746
S3_RESIDUAL side=buy rank=6 quantity=382075
S3_RESIDUAL side=buy rank=12 quantity=289182
S3_RESIDUAL side=buy rank=10 quantity=577822
S3_RESIDUAL side=buy rank=0 quantity=404416
S3_RESIDUAL side=buy rank=1 quantity=406388
S3_RESIDUAL side=buy rank=9 quantity=470522
S3_RESIDUAL side=buy rank=13 quantity=0
S3_RESIDUAL side=buy rank=14 quantity=0
S3_RESIDUAL side=buy rank=15 quantity=0
S3_RESIDUAL side=sell rank=4 quantity=0
S3_RESIDUAL side=sell rank=10 quantity=815041
S3_RESIDUAL side=sell rank=9 quantity=0
S3_RESIDUAL side=sell rank=7 quantity=0
S3_RESIDUAL side=sell rank=5 quantity=520685
S3_RESIDUAL side=sell rank=2 quantity=107806
S3_RESIDUAL side=sell rank=3 quantity=383570
S3_RESIDUAL side=sell rank=6 quantity=795171
S3_RESIDUAL side=sell rank=1 quantity=272574
S3_RESIDUAL side=sell rank=8 quantity=678083
S3_RESIDUAL side=sell rank=0 quantity=390983
S3_RESIDUAL side=sell rank=11 quantity=0
S3_RESIDUAL side=sell rank=12 quantity=0
S3_RESIDUAL side=sell rank=13 quantity=0
S3_RESIDUAL side=sell rank=14 quantity=0
S3_RESIDUAL side=sell rank=15 quantity=0
The following benchmarks are including preprocessing (offline phase).
Time = 2.7834 seconds 
Data sent = 56.5948 MB in ~14142 rounds (party 0 only; use '-v' for more details)
Global data sent = 169.464 MB (all parties)
This program might benefit from some protocol options.
Consider adding the following at the beginning of your code:
	program.use_edabit(True)
