Using statistical security parameter 40
Trying to run 255-bit computation (256-bit representation)
S3_FMATCH_TEST valid=1 commitment=-23323703930194837599444246873811508982243139833871382215149269838406703304790 aggregate_quantity=4911013 aggregate_settlement=2658834975784
S3_MATCH slot=0 active=1 buy_rank=5 sell_rank=11 price=544292 quantity=243928 settlement=132768058976 buy_residual=263747 sell_residual=0
S3_MATCH slot=1 active=1 buy_rank=5 sell_rank=7 price=575721 quantity=263747 settlement=151844686587 buy_residual=0 sell_residual=121581
S3_MATCH slot=2 active=1 buy_rank=7 sell_rank=7 price=524716 quantity=121581 settlement=63795495996 buy_residual=693525 sell_residual=0
S3_MATCH slot=3 active=1 buy_rank=7 sell_rank=5 price=495265 quantity=371352 settlement=183917648280 buy_residual=322173 sell_residual=0
S3_MATCH slot=4 active=1 buy_rank=7 sell_rank=0 price=663338 quantity=146119 settlement=96926285222 buy_residual=176054 sell_residual=0
S3_MATCH slot=5 active=1 buy_rank=7 sell_rank=14 price=371147 quantity=52551 settlement=19504145997 buy_residual=123503 sell_residual=0
S3_MATCH slot=6 active=1 buy_rank=7 sell_rank=6 price=507675 quantity=123503 settlement=62699385525 buy_residual=0 sell_residual=610148
S3_MATCH slot=7 active=1 buy_rank=0 sell_rank=6 price=583624 quantity=605105 settlement=353153800520 buy_residual=0 sell_residual=5043
S3_MATCH slot=8 active=1 buy_rank=12 sell_rank=6 price=558289 quantity=5043 settlement=2815451427 buy_residual=449260 sell_residual=0
S3_MATCH slot=9 active=1 buy_rank=12 sell_rank=12 price=745684 quantity=449260 settlement=335005993840 buy_residual=0 sell_residual=76808
S3_MATCH slot=10 active=1 buy_rank=3 sell_rank=12 price=741829 quantity=76808 settlement=56978401832 buy_residual=881214 sell_residual=0
S3_MATCH slot=11 active=1 buy_rank=3 sell_rank=4 price=459261 quantity=713828 settlement=327833361108 buy_residual=167386 sell_residual=0
S3_MATCH slot=12 active=1 buy_rank=3 sell_rank=9 price=653141 quantity=167386 settlement=109326659426 buy_residual=0 sell_residual=378851
S3_MATCH slot=13 active=1 buy_rank=9 sell_rank=9 price=790805 quantity=378851 settlement=299597265055 buy_residual=251857 sell_residual=0
S3_MATCH slot=14 active=1 buy_rank=9 sell_rank=13 price=824999 quantity=237431 settlement=195880337569 buy_residual=14426 sell_residual=0
S3_MATCH slot=15 active=1 buy_rank=9 sell_rank=1 price=402467 quantity=14426 settlement=5805988942 buy_residual=0 sell_residual=334856
S3_MATCH slot=16 active=1 buy_rank=6 sell_rank=1 price=317126 quantity=271684 settlement=86158060184 buy_residual=0 sell_residual=63172
S3_MATCH slot=17 active=1 buy_rank=8 sell_rank=1 price=71291 quantity=30465 settlement=2171880315 buy_residual=0 sell_residual=32707
S3_MATCH slot=18 active=1 buy_rank=14 sell_rank=1 price=179943 quantity=32707 settlement=5885395701 buy_residual=938245 sell_residual=0
S3_MATCH slot=19 active=1 buy_rank=14 sell_rank=8 price=275539 quantity=605238 settlement=166766673282 buy_residual=333007 sell_residual=0
S3_MATCH slot=20 active=0 buy_rank=0 sell_rank=0 price=0 quantity=0 settlement=0 buy_residual=0 sell_residual=0
S3_MATCH slot=21 active=0 buy_rank=0 sell_rank=0 price=0 quantity=0 settlement=0 buy_residual=0 sell_residual=0
S3_MATCH slot=22 active=0 buy_rank=0 sell_rank=0 price=0 quantity=0 settlement=0 buy_residual=0 sell_residual=0
S3_MATCH slot=23 active=0 buy_rank=0 sell_rank=0 price=0 quantity=0 settlement=0 buy_residual=0 sell_residual=0
S3_MATCH slot=24 active=0 buy_rank=0 sell_rank=0 price=0 quantity=0 settlement=0 buy_residual=0 sell_residual=0
S3_MATCH slot=25 active=0 buy_rank=0 sell_rank=0 price=0 quantity=0 settlement=0 buy_residual=0 sell_residual=0
S3_MATCH slot=26 active=0 buy_rank=0 sell_rank=0 price=0 quantity=0 settlement=0 buy_residual=0 sell_residual=0
S3_MATCH slot=27 active=0 buy_rank=0 sell_rank=0 price=0 quantity=0 settlement=0 buy_residual=0 sell_residual=0
S3_MATCH slot=28 active=0 buy_rank=0 sell_rank=0 price=0 quantity=0 settlement=0 buy_residual=0 sell_residual=0
S3_MATCH slot=29 active=0 buy_rank=0 sell_rank=0 price=0 quantity=0 settlement=0 buy_residual=0 sell_residual=0
S3_MATCH slot=30 active=0 buy_rank=0 sell_rank=0 price=0 quantity=0 settlement=0 buy_residual=0 sell_residual=0
S3_RESIDUAL side=buy rank=5 quantity=0
S3_RESIDUAL side=buy rank=7 quantity=0
S3_RESIDUAL side=buy rank=0 quantity=0
S3_RESIDUAL side=buy rank=12 quantity=0
S3_RESIDUAL side=buy rank=3 quantity=0
S3_RESIDUAL side=buy rank=9 quantity=0
S3_RESIDUAL side=buy rank=6 quantity=0
S3_RESIDUAL side=buy rank=8 quantity=0
S3_RESIDUAL side=buy rank=14 quantity=333007
S3_RESIDUAL side=buy rank=4 quantity=288329
S3_RESIDUAL side=buy rank=1 quantity=513276
S3_RESIDUAL side=buy rank=10 quantity=906816
S3_RESIDUAL side=buy rank=2 quantity=467274
S3_RESIDUAL side=buy rank=13 quantity=62567
S3_RESIDUAL side=buy rank=11 quantity=353937
S3_RESIDUAL side=buy rank=15 quantity=0
S3_RESIDUAL side=sell rank=11 quantity=0
S3_RESIDUAL side=sell rank=7 quantity=0
S3_RESIDUAL side=sell rank=5 quantity=0
S3_RESIDUAL side=sell rank=0 quantity=0
S3_RESIDUAL side=sell rank=14 quantity=0
S3_RESIDUAL side=sell rank=6 quantity=0
S3_RESIDUAL side=sell rank=12 quantity=0
S3_RESIDUAL side=sell rank=4 quantity=0
S3_RESIDUAL side=sell rank=9 quantity=0
S3_RESIDUAL side=sell rank=13 quantity=0
S3_RESIDUAL side=sell rank=1 quantity=0
S3_RESIDUAL side=sell rank=8 quantity=0
S3_RESIDUAL side=sell rank=10 quantity=426753
S3_RESIDUAL side=sell rank=2 quantity=791619
S3_RESIDUAL side=sell rank=3 quantity=617064
S3_RESIDUAL side=sell rank=15 quantity=0
The following benchmarks are including preprocessing (offline phase).
Time = 2.65494 seconds 
Data sent = 56.5948 MB in ~14142 rounds (party 0 only; use '-v' for more details)
Global data sent = 169.464 MB (all parties)
This program might benefit from some protocol options.
Consider adding the following at the beginning of your code:
	program.use_edabit(True)
