Using statistical security parameter 40
Trying to run 255-bit computation (256-bit representation)
S3_FMATCH_TEST valid=1 commitment=-19114341004929737866008561967163111117095683311469460761666726533161475293851 aggregate_quantity=1971026 aggregate_settlement=1053022425940
S3_MATCH slot=0 active=1 buy_rank=8 sell_rank=13 price=369521 quantity=154079 settlement=56935426159 buy_residual=133276 sell_residual=0
S3_MATCH slot=1 active=1 buy_rank=8 sell_rank=9 price=400322 quantity=15047 settlement=6023645134 buy_residual=118229 sell_residual=0
S3_MATCH slot=2 active=1 buy_rank=8 sell_rank=6 price=535642 quantity=118229 settlement=63328418018 buy_residual=0 sell_residual=72022
S3_MATCH slot=3 active=1 buy_rank=3 sell_rank=6 price=769486 quantity=72022 settlement=55419920692 buy_residual=617537 sell_residual=0
S3_MATCH slot=4 active=1 buy_rank=3 sell_rank=1 price=674337 quantity=503358 settlement=339432923646 buy_residual=114179 sell_residual=0
S3_MATCH slot=5 active=1 buy_rank=3 sell_rank=10 price=622737 quantity=114179 settlement=71103487923 buy_residual=0 sell_residual=680347
S3_MATCH slot=6 active=1 buy_rank=1 sell_rank=10 price=500699 quantity=557533 settlement=279156215567 buy_residual=0 sell_residual=122814
S3_MATCH slot=7 active=1 buy_rank=2 sell_rank=10 price=392804 quantity=122814 settlement=48241830456 buy_residual=241495 sell_residual=0
S3_MATCH slot=8 active=1 buy_rank=2 sell_rank=7 price=425007 quantity=241495 settlement=102637065465 buy_residual=0 sell_residual=230160
S3_MATCH slot=9 active=1 buy_rank=9 sell_rank=7 price=461728 quantity=59880 settlement=27648272640 buy_residual=0 sell_residual=170280
S3_MATCH slot=10 active=1 buy_rank=5 sell_rank=2 price=249816 quantity=12390 settlement=3095220240 buy_residual=0 sell_residual=671230
S3_MATCH slot=11 active=0 buy_rank=0 sell_rank=0 price=0 quantity=0 settlement=0 buy_residual=0 sell_residual=0
S3_MATCH slot=12 active=0 buy_rank=0 sell_rank=0 price=0 quantity=0 settlement=0 buy_residual=0 sell_residual=0
S3_MATCH slot=13 active=0 buy_rank=0 sell_rank=0 price=0 quantity=0 settlement=0 buy_residual=0 sell_residual=0
S3_MATCH slot=14 active=0 buy_rank=0 sell_rank=0 price=0 quantity=0 settlement=0 buy_residual=0 sell_residual=0
S3_MATCH slot=15 active=0 buy_rank=0 sell_rank=0 price=0 quantity=0 settlement=0 buy_residual=0 sell_residual=0
S3_MATCH slot=16 active=0 buy_rank=0 sell_rank=0 price=0 quantity=0 settlement=0 buy_residual=0 sell_residual=0
S3_MATCH slot=17 active=0 buy_rank=0 sell_rank=0 price=0 quantity=0 settlement=0 buy_residual=0 sell_residual=0
S3_MATCH slot=18 active=0 buy_rank=0 sell_rank=0 price=0 quantity=0 settlement=0 buy_residual=0 sell_residual=0
S3_MATCH slot=19 active=0 buy_rank=0 sell_rank=0 price=0 quantity=0 settlement=0 buy_residual=0 sell_residual=0
S3_MATCH slot=20 active=0 buy_rank=0 sell_rank=0 price=0 quantity=0 settlement=0 buy_residual=0 sell_residual=0
S3_MATCH slot=21 active=0 buy_rank=0 sell_rank=0 price=0 quantity=0 settlement=0 buy_residual=0 sell_residual=0
S3_MATCH slot=22 active=0 buy_rank=0 sell_rank=0 price=0 quantity=0 settlement=0 buy_residual=0 sell_residual=0
S3_MATCH slot=23 active=0 buy_rank=0 sell_rank=0 price=0 quantity=0 settlement=0 buy_residual=0 sell_residual=0
S3_MATCH slot=24 active=0 buy_rank=0 sell_rank=0 price=0 quantity=0 settlement=0 buy_residual=0 sell_residual=0
S3_MATCH slot=25 active=0 buy_rank=0 sell_rank=0 price=0 quantity=0 settlement=0 buy_residual=0 sell_residual=0
S3_MATCH slot=26 active=0 buy_rank=0 sell_rank=0 price=0 quantity=0 settlement=0 buy_residual=0 sell_residual=0
S3_MATCH slot=27 active=0 buy_rank=0 sell_rank=0 price=0 quantity=0 settlement=0 buy_residual=0 sell_residual=0
S3_MATCH slot=28 active=0 buy_rank=0 sell_rank=0 price=0 quantity=0 settlement=0 buy_residual=0 sell_residual=0
S3_MATCH slot=29 active=0 buy_rank=0 sell_rank=0 price=0 quantity=0 settlement=0 buy_residual=0 sell_residual=0
S3_MATCH slot=30 active=0 buy_rank=0 sell_rank=0 price=0 quantity=0 settlement=0 buy_residual=0 sell_residual=0
S3_RESIDUAL side=buy rank=8 quantity=0
S3_RESIDUAL side=buy rank=3 quantity=0
S3_RESIDUAL side=buy rank=1 quantity=0
S3_RESIDUAL side=buy rank=2 quantity=0
S3_RESIDUAL side=buy rank=9 quantity=0
S3_RESIDUAL side=buy rank=5 quantity=0
S3_RESIDUAL side=buy rank=12 quantity=168074
S3_RESIDUAL side=buy rank=4 quantity=870854
S3_RESIDUAL side=buy rank=6 quantity=533285
S3_RESIDUAL side=buy rank=11 quantity=117766
S3_RESIDUAL side=buy rank=10 quantity=934095
S3_RESIDUAL side=buy rank=7 quantity=7846
S3_RESIDUAL side=buy rank=0 quantity=11853
S3_RESIDUAL side=buy rank=13 quantity=0
S3_RESIDUAL side=buy rank=14 quantity=0
S3_RESIDUAL side=buy rank=15 quantity=0
S3_RESIDUAL side=sell rank=13 quantity=0
S3_RESIDUAL side=sell rank=9 quantity=0
S3_RESIDUAL side=sell rank=6 quantity=0
S3_RESIDUAL side=sell rank=1 quantity=0
S3_RESIDUAL side=sell rank=10 quantity=0
S3_RESIDUAL side=sell rank=0 quantity=692409
S3_RESIDUAL side=sell rank=11 quantity=257049
S3_RESIDUAL side=sell rank=14 quantity=925632
S3_RESIDUAL side=sell rank=7 quantity=170280
S3_RESIDUAL side=sell rank=2 quantity=671230
S3_RESIDUAL side=sell rank=12 quantity=432164
S3_RESIDUAL side=sell rank=5 quantity=138292
S3_RESIDUAL side=sell rank=3 quantity=511306
S3_RESIDUAL side=sell rank=8 quantity=357355
S3_RESIDUAL side=sell rank=4 quantity=310333
S3_RESIDUAL side=sell rank=15 quantity=0
The following benchmarks are including preprocessing (offline phase).
Time = 2.47444 seconds 
Data sent = 56.5948 MB in ~14142 rounds (party 0 only; use '-v' for more details)
Global data sent = 169.464 MB (all parties)
This program might benefit from some protocol options.
Consider adding the following at the beginning of your code:
	program.use_edabit(True)
