Using statistical security parameter 40
Trying to run 255-bit computation (256-bit representation)
S3_FMATCH_TEST valid=1 commitment=-5359445422331565624663802161854479767354599143163972791811048562588962047255 aggregate_quantity=3546171 aggregate_settlement=1911027949488
S3_MATCH slot=0 active=1 buy_rank=6 sell_rank=6 price=546693 quantity=432556 settlement=236475337308 buy_residual=91056 sell_residual=0
S3_MATCH slot=1 active=1 buy_rank=6 sell_rank=3 price=300541 quantity=91056 settlement=27366061296 buy_residual=0 sell_residual=187524
S3_MATCH slot=2 active=1 buy_rank=10 sell_rank=3 price=422646 quantity=187524 settlement=79256268504 buy_residual=593149 sell_residual=0
S3_MATCH slot=3 active=1 buy_rank=10 sell_rank=5 price=718767 quantity=593149 settlement=426335927283 buy_residual=0 sell_residual=300171
S3_MATCH slot=4 active=1 buy_rank=4 sell_rank=5 price=774091 quantity=300171 settlement=232359669561 buy_residual=193311 sell_residual=0
S3_MATCH slot=5 active=1 buy_rank=4 sell_rank=1 price=462929 quantity=193311 settlement=89489267919 buy_residual=0 sell_residual=255700
S3_MATCH slot=6 active=1 buy_rank=7 sell_rank=1 price=410768 quantity=255700 settlement=105033377600 buy_residual=584472 sell_residual=0
S3_MATCH slot=7 active=1 buy_rank=7 sell_rank=2 price=516016 quantity=584472 settlement=301596903552 buy_residual=0 sell_residual=100060
S3_MATCH slot=8 active=1 buy_rank=2 sell_rank=2 price=409274 quantity=100060 settlement=40951956440 buy_residual=458560 sell_residual=0
S3_MATCH slot=9 active=1 buy_rank=2 sell_rank=4 price=461987 quantity=458560 settlement=211848758720 buy_residual=0 sell_residual=274443
S3_MATCH slot=10 active=1 buy_rank=1 sell_rank=4 price=468376 quantity=274443 settlement=128542514568 buy_residual=676801 sell_residual=0
S3_MATCH slot=11 active=1 buy_rank=1 sell_rank=0 price=422673 quantity=75169 settlement=31771906737 buy_residual=601632 sell_residual=0
S3_MATCH slot=12 active=0 buy_rank=0 sell_rank=0 price=0 quantity=0 settlement=0 buy_residual=0 sell_residual=0
S3_MATCH slot=13 active=0 buy_rank=0 sell_rank=0 price=0 quantity=0 settlement=0 buy_residual=0 sell_residual=0
S3_MATCH slot=14 active=0 buy_rank=0 sell_rank=0 price=0 quantity=0 settlement=0 buy_residual=0 sell_residual=0
S3_MATCH slot=15 active=0 buy_rank=0 sell_rank=0 price=0 quantity=0 settlement=0 buy_residual=0 sell_residual=0
S3_MATCH slot=16 active=0 buy_rank=0 sell_rank=0 price=0 quantity=0 settlement=0 buy_residual=0 sell_residual=0
S3_MATCH slot=17 active=0 buy_rank=0 sell_rank=0 price=0 quantity=0 settlement=0 buy_residual=0 sell_residual=0
S3_MATCH slot=18 active=0 buy_rank=0 sell_rank=0 price=0 quantity=0 settlement=0 buy_residual=0 sell_residual=0
S3_MATCH slot=19 active=0 buy_rank=0 sell_rank=0 price=0 quantity=0 settlement=0 buy_residual=0 sell_residual=0
S3_MATCH slot=20 active=0 buy_rank=0 sell_rank=0 price=0 quantity=0 settlement=0 buy_residual=0 sell_residual=0
S3_MATCH slot=21 active=0 buy_rank=0 sell_rank=0 price=0 quantity=0 settlement=0 buy_residual=0 sell_residual=0
S3_MATCH slot=22 active=0 buy_rank=0 sell_rank=0 price=0 quantity=0 settlement=0 buy_residual=0 sell_residual=0
S3_MATCH slot=23 active=0 buy_rank=0 sell_rank=0 price=0 quantity=0 settlement=0 buy_residual=0 sell_residual=0
S3_MATCH slot=24 active=0 buy_rank=0 sell_rank=0 price=0 quantity=0 settlement=0 buy_residual=0 sell_residual=0
S3_MATCH slot=25 active=0 buy_rank=0 sell_rank=0 price=0 quantity=0 settlement=0 buy_residual=0 sell_residual=0
S3_MATCH slot=26 active=0 buy_rank=0 sell_rank=0 price=0 quantity=0 settlement=0 buy_residual=0 sell_residual=0
S3_MATCH slot=27 active=0 buy_rank=0 sell_rank=0 price=0 quantity=0 settlement=0 buy_residual=0 sell_residual=0
S3_MATCH slot=28 active=0 buy_rank=0 sell_rank=0 price=0 quantity=0 settlement=0 buy_residual=0 sell_residual=0
S3_MATCH slot=29 active=0 buy_rank=0 sell_rank=0 price=0 quantity=0 settlement=0 buy_residual=0 sell_residual=0
S3_MATCH slot=30 active=0 buy_rank=0 sell_rank=0 price=0 quantity=0 settlement=0 buy_residual=0 sell_residual=0
S3_RESIDUAL side=buy rank=6 quantity=0
S3_RESIDUAL side=buy rank=10 quantity=0
S3_RESIDUAL side=buy rank=4 quantity=0
S3_RESIDUAL side=buy rank=7 quantity=0
S3_RESIDUAL side=buy rank=2 quantity=0
S3_RESIDUAL side=buy rank=1 quantity=601632
S3_RESIDUAL side=buy rank=8 quantity=306736
S3_RESIDUAL side=buy rank=5 quantity=747539
S3_RESIDUAL side=buy rank=0 quantity=594709
S3_RESIDUAL side=buy rank=9 quantity=336445
S3_RESIDUAL side=buy rank=3 quantity=5576
S3_RESIDUAL side=buy rank=11 quantity=0
S3_RESIDUAL side=buy rank=12 quantity=0
S3_RESIDUAL side=buy rank=13 quantity=0
S3_RESIDUAL side=buy rank=14 quantity=0
S3_RESIDUAL side=buy rank=15 quantity=0
S3_RESIDUAL side=sell rank=6 quantity=0
S3_RESIDUAL side=sell rank=3 quantity=0
S3_RESIDUAL side=sell rank=5 quantity=0
S3_RESIDUAL side=sell rank=1 quantity=0
S3_RESIDUAL side=sell rank=2 quantity=0
S3_RESIDUAL side=sell rank=4 quantity=0
S3_RESIDUAL side=sell rank=0 quantity=0
S3_RESIDUAL side=sell rank=7 quantity=0
S3_RESIDUAL side=sell rank=8 quantity=0
S3_RESIDUAL side=sell rank=9 quantity=0
S3_RESIDUAL side=sell rank=10 quantity=0
S3_RESIDUAL side=sell rank=11 quantity=0
S3_RESIDUAL side=sell rank=12 quantity=0
S3_RESIDUAL side=sell rank=13 quantity=0
S3_RESIDUAL side=sell rank=14 quantity=0
S3_RESIDUAL side=sell rank=15 quantity=0
The following benchmarks are including preprocessing (offline phase).
Time = 2.46936 seconds 
Data sent = 56.5948 MB in ~14142 rounds (party 0 only; use '-v' for more details)
Global data sent = 169.464 MB (all parties)
This program might benefit from some protocol options.
Consider adding the following at the beginning of your code:
	program.use_edabit(True)
