Using statistical security parameter 40
Trying to run 255-bit computation (256-bit representation)
This program might benefit from some protocol options.
Consider adding the following at the beginning of your code:
	program.use_edabit(True)
Setup took 0.102938 seconds.
S3_FMATCH valid=1 commitment_bits=101100101000000001010010011111111010011101101100011010010010101001101011100101000110101110010001001001000011000101010011011101101000010111110110010001101001010100101010100101000111011011111101010111100010111110110010101101011110110111110001010010000100101
Compiler: ./compile.py -F 255 saib_fmatch 64
	9427 triples of malicious replicated gfp left
	354 bits of malicious replicated gfp left
Detailed costs:
          1802 integer inputs
       1017868 integer multiplications
       2050093 integer openings
Spent 9.93276 seconds (66.4087 MB, 69565 rounds, 14.3377 CPU seconds) on the online phase and 2.85894 seconds (215.08 MB, 1208 rounds, 14.3381 CPU seconds) on the preprocessing/offline phase.
Communication details:
Broadcasting 0.394248 MB in 12295 rounds, taking 2.15706 seconds
Passing around 270.141 MB in 58412 rounds, taking 7.24945 seconds
Receiving directly 10.56 MB in 33 rounds, taking 0.0238233 seconds
Sending directly 10.56 MB in 33 rounds, taking 0.0108533 seconds
CPU time = 14.3415
The following benchmarks are including preprocessing (offline phase).
Time = 12.8204 seconds 
Data sent = 281.489 MB in ~70773 rounds (party 0 only)
Global data sent = 844.467 MB (all parties)
Actual preprocessing cost of program:
  Type int
       1020573        Triples
        989646           Bits
This program might benefit from some protocol options.
Consider adding the following at the beginning of your code:
	program.use_edabit(True)
Command line: /mnt/g/paperexper/retf/third_party/MP-SPDZ-s3.1.1-patched/malicious-rep-field-party.x 0 saib_fmatch-64 -pn 27300 -h localhost -P 52435875175126190479447740508185965837690552500527637822603658699938581184513 -v
