Using statistical security parameter 40
Trying to run 255-bit computation (256-bit representation)
S3_FMATCH_TEST valid=1 commitment=-4292206028842181425698176162985191544254907535000961224743090218820393544272 aggregate_quantity=4716563 aggregate_settlement=2126364648665
S3_MATCH slot=0 active=1 buy_rank=7 sell_rank=0 price=382054 quantity=495149 settlement=189173656046 buy_residual=0 sell_residual=397030
S3_MATCH slot=1 active=1 buy_rank=5 sell_rank=0 price=597736 quantity=397030 settlement=237319124080 buy_residual=554288 sell_residual=0
S3_MATCH slot=2 active=1 buy_rank=5 sell_rank=3 price=541050 quantity=554288 settlement=299897522400 buy_residual=0 sell_residual=302922
S3_MATCH slot=3 active=1 buy_rank=2 sell_rank=3 price=277474 quantity=302922 settlement=84052979028 buy_residual=516374 sell_residual=0
S3_MATCH slot=4 active=1 buy_rank=2 sell_rank=8 price=443251 quantity=216234 settlement=95845936734 buy_residual=300140 sell_residual=0
S3_MATCH slot=5 active=1 buy_rank=2 sell_rank=4 price=458987 quantity=300140 settlement=137760358180 buy_residual=0 sell_residual=165028
S3_MATCH slot=6 active=1 buy_rank=14 sell_rank=4 price=481895 quantity=165028 settlement=79526168060 buy_residual=569662 sell_residual=0
S3_MATCH slot=7 active=1 buy_rank=14 sell_rank=2 price=499302 quantity=36615 settlement=18281942730 buy_residual=533047 sell_residual=0
S3_MATCH slot=8 active=1 buy_rank=14 sell_rank=5 price=468112 quantity=47203 settlement=22096290736 buy_residual=485844 sell_residual=0
S3_MATCH slot=9 active=1 buy_rank=14 sell_rank=6 price=294786 quantity=485844 settlement=143220009384 buy_residual=0 sell_residual=329775
S3_MATCH slot=10 active=1 buy_rank=1 sell_rank=6 price=308660 quantity=329775 settlement=101788351500 buy_residual=443084 sell_residual=0
S3_MATCH slot=11 active=1 buy_rank=1 sell_rank=12 price=256097 quantity=338907 settlement=86793065979 buy_residual=104177 sell_residual=0
S3_MATCH slot=12 active=1 buy_rank=1 sell_rank=1 price=335809 quantity=104177 settlement=34983574193 buy_residual=0 sell_residual=490208
S3_MATCH slot=13 active=1 buy_rank=13 sell_rank=1 price=628504 quantity=490208 settlement=308097688832 buy_residual=89821 sell_residual=0
S3_MATCH slot=14 active=1 buy_rank=13 sell_rank=11 price=767865 quantity=89821 settlement=68970402165 buy_residual=0 sell_residual=363222
S3_MATCH slot=15 active=1 buy_rank=6 sell_rank=11 price=601719 quantity=363222 settlement=218557578618 buy_residual=481023 sell_residual=0
S3_MATCH slot=16 active=0 buy_rank=0 sell_rank=0 price=0 quantity=0 settlement=0 buy_residual=0 sell_residual=0
S3_MATCH slot=17 active=0 buy_rank=0 sell_rank=0 price=0 quantity=0 settlement=0 buy_residual=0 sell_residual=0
S3_MATCH slot=18 active=0 buy_rank=0 sell_rank=0 price=0 quantity=0 settlement=0 buy_residual=0 sell_residual=0
S3_MATCH slot=19 active=0 buy_rank=0 sell_rank=0 price=0 quantity=0 settlement=0 buy_residual=0 sell_residual=0
S3_MATCH slot=20 active=0 buy_rank=0 sell_rank=0 price=0 quantity=0 settlement=0 buy_residual=0 sell_residual=0
S3_MATCH slot=21 active=0 buy_rank=0 sell_rank=0 price=0 quantity=0 settlement=0 buy_residual=0 sell_residual=0
S3_MATCH slot=22 active=0 buy_rank=0 sell_rank=0 price=0 quantity=0 settlement=0 buy_residual=0 sell_residual=0
S3_MATCH slot=23 active=0 buy_rank=0 sell_rank=0 price=0 quantity=0 settlement=0 buy_residual=0 sell_residual=0
S3_MATCH slot=24 active=0 buy_rank=0 sell_rank=0 price=0 quantity=0 settlement=0 buy_residual=0 sell_residual=0
S3_MATCH slot=25 active=0 buy_rank=0 sell_rank=0 price=0 quantity=0 settlement=0 buy_residual=0 sell_residual=0
S3_MATCH slot=26 active=0 buy_rank=0 sell_rank=0 price=0 quantity=0 settlement=0 buy_residual=0 sell_residual=0
S3_MATCH slot=27 active=0 buy_rank=0 sell_rank=0 price=0 quantity=0 settlement=0 buy_residual=0 sell_residual=0
S3_MATCH slot=28 active=0 buy_rank=0 sell_rank=0 price=0 quantity=0 settlement=0 buy_residual=0 sell_residual=0
S3_MATCH slot=29 active=0 buy_rank=0 sell_rank=0 price=0 quantity=0 settlement=0 buy_residual=0 sell_residual=0
S3_MATCH slot=30 active=0 buy_rank=0 sell_rank=0 price=0 quantity=0 settlement=0 buy_residual=0 sell_residual=0
S3_RESIDUAL side=buy rank=7 quantity=0
S3_RESIDUAL side=buy rank=5 quantity=0
S3_RESIDUAL side=buy rank=2 quantity=0
S3_RESIDUAL side=buy rank=14 quantity=0
S3_RESIDUAL side=buy rank=1 quantity=0
S3_RESIDUAL side=buy rank=13 quantity=0
S3_RESIDUAL side=buy rank=6 quantity=481023
S3_RESIDUAL side=buy rank=8 quantity=981599
S3_RESIDUAL side=buy rank=12 quantity=431863
S3_RESIDUAL side=buy rank=15 quantity=916690
S3_RESIDUAL side=buy rank=9 quantity=791879
S3_RESIDUAL side=buy rank=0 quantity=376249
S3_RESIDUAL side=buy rank=4 quantity=647202
S3_RESIDUAL side=buy rank=10 quantity=689114
S3_RESIDUAL side=buy rank=3 quantity=319464
S3_RESIDUAL side=buy rank=11 quantity=835066
S3_RESIDUAL side=sell rank=0 quantity=0
S3_RESIDUAL side=sell rank=3 quantity=0
S3_RESIDUAL side=sell rank=8 quantity=0
S3_RESIDUAL side=sell rank=4 quantity=0
S3_RESIDUAL side=sell rank=2 quantity=0
S3_RESIDUAL side=sell rank=5 quantity=0
S3_RESIDUAL side=sell rank=6 quantity=0
S3_RESIDUAL side=sell rank=9 quantity=951265
S3_RESIDUAL side=sell rank=7 quantity=340263
S3_RESIDUAL side=sell rank=10 quantity=78622
S3_RESIDUAL side=sell rank=12 quantity=0
S3_RESIDUAL side=sell rank=1 quantity=0
S3_RESIDUAL side=sell rank=11 quantity=0
S3_RESIDUAL side=sell rank=13 quantity=0
S3_RESIDUAL side=sell rank=14 quantity=0
S3_RESIDUAL side=sell rank=15 quantity=0
The following benchmarks are including preprocessing (offline phase).
Time = 2.89583 seconds 
Data sent = 56.5948 MB in ~14142 rounds (party 0 only; use '-v' for more details)
Global data sent = 169.464 MB (all parties)
This program might benefit from some protocol options.
Consider adding the following at the beginning of your code:
	program.use_edabit(True)
