Using statistical security parameter 40
Trying to run 255-bit computation (256-bit representation)
S3_FMATCH_TEST valid=1 commitment=-21407465568179010667986047557082495369703041388095156389394904319074765199146 aggregate_quantity=1974202 aggregate_settlement=1155989292697
S3_MATCH slot=0 active=1 buy_rank=13 sell_rank=4 price=510790 quantity=73048 settlement=37312187920 buy_residual=0 sell_residual=538327
S3_MATCH slot=1 active=1 buy_rank=2 sell_rank=4 price=789783 quantity=506987 settlement=400409713821 buy_residual=0 sell_residual=31340
S3_MATCH slot=2 active=1 buy_rank=10 sell_rank=4 price=827723 quantity=31340 settlement=25940838820 buy_residual=488353 sell_residual=0
S3_MATCH slot=3 active=1 buy_rank=10 sell_rank=8 price=519224 quantity=10252 settlement=5323084448 buy_residual=478101 sell_residual=0
S3_MATCH slot=4 active=1 buy_rank=10 sell_rank=1 price=817212 quantity=478101 settlement=390709874412 buy_residual=0 sell_residual=84090
S3_MATCH slot=5 active=1 buy_rank=0 sell_rank=5 price=202120 quantity=475233 settlement=96054093960 buy_residual=125131 sell_residual=0
S3_MATCH slot=6 active=1 buy_rank=0 sell_rank=6 price=258082 quantity=125131 settlement=32294058742 buy_residual=0 sell_residual=21019
S3_MATCH slot=7 active=1 buy_rank=1 sell_rank=6 price=437407 quantity=21019 settlement=9193857733 buy_residual=253091 sell_residual=0
S3_MATCH slot=8 active=1 buy_rank=1 sell_rank=2 price=627251 quantity=253091 settlement=158751582841 buy_residual=0 sell_residual=476845
S3_MATCH slot=9 active=0 buy_rank=0 sell_rank=0 price=0 quantity=0 settlement=0 buy_residual=0 sell_residual=0
S3_MATCH slot=10 active=0 buy_rank=0 sell_rank=0 price=0 quantity=0 settlement=0 buy_residual=0 sell_residual=0
S3_MATCH slot=11 active=0 buy_rank=0 sell_rank=0 price=0 quantity=0 settlement=0 buy_residual=0 sell_residual=0
S3_MATCH slot=12 active=0 buy_rank=0 sell_rank=0 price=0 quantity=0 settlement=0 buy_residual=0 sell_residual=0
S3_MATCH slot=13 active=0 buy_rank=0 sell_rank=0 price=0 quantity=0 settlement=0 buy_residual=0 sell_residual=0
S3_MATCH slot=14 active=0 buy_rank=0 sell_rank=0 price=0 quantity=0 settlement=0 buy_residual=0 sell_residual=0
S3_MATCH slot=15 active=0 buy_rank=0 sell_rank=0 price=0 quantity=0 settlement=0 buy_residual=0 sell_residual=0
S3_MATCH slot=16 active=0 buy_rank=0 sell_rank=0 price=0 quantity=0 settlement=0 buy_residual=0 sell_residual=0
S3_MATCH slot=17 active=0 buy_rank=0 sell_rank=0 price=0 quantity=0 settlement=0 buy_residual=0 sell_residual=0
S3_MATCH slot=18 active=0 buy_rank=0 sell_rank=0 price=0 quantity=0 settlement=0 buy_residual=0 sell_residual=0
S3_MATCH slot=19 active=0 buy_rank=0 sell_rank=0 price=0 quantity=0 settlement=0 buy_residual=0 sell_residual=0
S3_MATCH slot=20 active=0 buy_rank=0 sell_rank=0 price=0 quantity=0 settlement=0 buy_residual=0 sell_residual=0
S3_MATCH slot=21 active=0 buy_rank=0 sell_rank=0 price=0 quantity=0 settlement=0 buy_residual=0 sell_residual=0
S3_MATCH slot=22 active=0 buy_rank=0 sell_rank=0 price=0 quantity=0 settlement=0 buy_residual=0 sell_residual=0
S3_MATCH slot=23 active=0 buy_rank=0 sell_rank=0 price=0 quantity=0 settlement=0 buy_residual=0 sell_residual=0
S3_MATCH slot=24 active=0 buy_rank=0 sell_rank=0 price=0 quantity=0 settlement=0 buy_residual=0 sell_residual=0
S3_MATCH slot=25 active=0 buy_rank=0 sell_rank=0 price=0 quantity=0 settlement=0 buy_residual=0 sell_residual=0
S3_MATCH slot=26 active=0 buy_rank=0 sell_rank=0 price=0 quantity=0 settlement=0 buy_residual=0 sell_residual=0
S3_MATCH slot=27 active=0 buy_rank=0 sell_rank=0 price=0 quantity=0 settlement=0 buy_residual=0 sell_residual=0
S3_MATCH slot=28 active=0 buy_rank=0 sell_rank=0 price=0 quantity=0 settlement=0 buy_residual=0 sell_residual=0
S3_MATCH slot=29 active=0 buy_rank=0 sell_rank=0 price=0 quantity=0 settlement=0 buy_residual=0 sell_residual=0
S3_MATCH slot=30 active=0 buy_rank=0 sell_rank=0 price=0 quantity=0 settlement=0 buy_residual=0 sell_residual=0
S3_RESIDUAL side=buy rank=13 quantity=0
S3_RESIDUAL side=buy rank=2 quantity=0
S3_RESIDUAL side=buy rank=10 quantity=0
S3_RESIDUAL side=buy rank=0 quantity=0
S3_RESIDUAL side=buy rank=1 quantity=0
S3_RESIDUAL side=buy rank=3 quantity=296429
S3_RESIDUAL side=buy rank=9 quantity=938341
S3_RESIDUAL side=buy rank=4 quantity=848585
S3_RESIDUAL side=buy rank=11 quantity=268689
S3_RESIDUAL side=buy rank=7 quantity=184847
S3_RESIDUAL side=buy rank=12 quantity=377664
S3_RESIDUAL side=buy rank=6 quantity=784550
S3_RESIDUAL side=buy rank=14 quantity=835986
S3_RESIDUAL side=buy rank=8 quantity=792850
S3_RESIDUAL side=buy rank=15 quantity=901662
S3_RESIDUAL side=buy rank=5 quantity=191188
S3_RESIDUAL side=sell rank=4 quantity=0
S3_RESIDUAL side=sell rank=8 quantity=0
S3_RESIDUAL side=sell rank=1 quantity=84090
S3_RESIDUAL side=sell rank=5 quantity=0
S3_RESIDUAL side=sell rank=3 quantity=791033
S3_RESIDUAL side=sell rank=7 quantity=834251
S3_RESIDUAL side=sell rank=6 quantity=0
S3_RESIDUAL side=sell rank=0 quantity=426201
S3_RESIDUAL side=sell rank=2 quantity=476845
S3_RESIDUAL side=sell rank=9 quantity=0
S3_RESIDUAL side=sell rank=10 quantity=0
S3_RESIDUAL side=sell rank=11 quantity=0
S3_RESIDUAL side=sell rank=12 quantity=0
S3_RESIDUAL side=sell rank=13 quantity=0
S3_RESIDUAL side=sell rank=14 quantity=0
S3_RESIDUAL side=sell rank=15 quantity=0
The following benchmarks are including preprocessing (offline phase).
Time = 2.54765 seconds 
Data sent = 56.5948 MB in ~14142 rounds (party 0 only; use '-v' for more details)
Global data sent = 169.464 MB (all parties)
This program might benefit from some protocol options.
Consider adding the following at the beginning of your code:
	program.use_edabit(True)
