Using statistical security parameter 40
Trying to run 255-bit computation (256-bit representation)
S3_FMATCH_TEST valid=1 commitment=-19472351259436442623856810058790656795855472981288991674693770669970860815898 aggregate_quantity=2424357 aggregate_settlement=1064724743676
S3_MATCH slot=0 active=1 buy_rank=0 sell_rank=14 price=507542 quantity=20945 settlement=10630467190 buy_residual=59722 sell_residual=0
S3_MATCH slot=1 active=1 buy_rank=0 sell_rank=5 price=261685 quantity=59722 settlement=15628351570 buy_residual=0 sell_residual=871029
S3_MATCH slot=2 active=1 buy_rank=2 sell_rank=5 price=166986 quantity=419333 settlement=70022740338 buy_residual=0 sell_residual=451696
S3_MATCH slot=3 active=1 buy_rank=4 sell_rank=5 price=512660 quantity=451696 settlement=231566471360 buy_residual=201530 sell_residual=0
S3_MATCH slot=4 active=1 buy_rank=4 sell_rank=15 price=776909 quantity=201530 settlement=156570470770 buy_residual=0 sell_residual=745759
S3_MATCH slot=5 active=1 buy_rank=3 sell_rank=2 price=221004 quantity=312847 settlement=69140438388 buy_residual=0 sell_residual=145154
S3_MATCH slot=6 active=1 buy_rank=1 sell_rank=2 price=413423 quantity=145154 settlement=60010002142 buy_residual=813130 sell_residual=0
S3_MATCH slot=7 active=1 buy_rank=1 sell_rank=1 price=609241 quantity=345510 settlement=210498857910 buy_residual=467620 sell_residual=0
S3_MATCH slot=8 active=1 buy_rank=1 sell_rank=3 price=585097 quantity=258336 settlement=151151618592 buy_residual=209284 sell_residual=0
S3_MATCH slot=9 active=1 buy_rank=1 sell_rank=10 price=427674 quantity=209284 settlement=89505325416 buy_residual=0 sell_residual=569301
S3_MATCH slot=10 active=0 buy_rank=0 sell_rank=0 price=0 quantity=0 settlement=0 buy_residual=0 sell_residual=0
S3_MATCH slot=11 active=0 buy_rank=0 sell_rank=0 price=0 quantity=0 settlement=0 buy_residual=0 sell_residual=0
S3_MATCH slot=12 active=0 buy_rank=0 sell_rank=0 price=0 quantity=0 settlement=0 buy_residual=0 sell_residual=0
S3_MATCH slot=13 active=0 buy_rank=0 sell_rank=0 price=0 quantity=0 settlement=0 buy_residual=0 sell_residual=0
S3_MATCH slot=14 active=0 buy_rank=0 sell_rank=0 price=0 quantity=0 settlement=0 buy_residual=0 sell_residual=0
S3_MATCH slot=15 active=0 buy_rank=0 sell_rank=0 price=0 quantity=0 settlement=0 buy_residual=0 sell_residual=0
S3_MATCH slot=16 active=0 buy_rank=0 sell_rank=0 price=0 quantity=0 settlement=0 buy_residual=0 sell_residual=0
S3_MATCH slot=17 active=0 buy_rank=0 sell_rank=0 price=0 quantity=0 settlement=0 buy_residual=0 sell_residual=0
S3_MATCH slot=18 active=0 buy_rank=0 sell_rank=0 price=0 quantity=0 settlement=0 buy_residual=0 sell_residual=0
S3_MATCH slot=19 active=0 buy_rank=0 sell_rank=0 price=0 quantity=0 settlement=0 buy_residual=0 sell_residual=0
S3_MATCH slot=20 active=0 buy_rank=0 sell_rank=0 price=0 quantity=0 settlement=0 buy_residual=0 sell_residual=0
S3_MATCH slot=21 active=0 buy_rank=0 sell_rank=0 price=0 quantity=0 settlement=0 buy_residual=0 sell_residual=0
S3_MATCH slot=22 active=0 buy_rank=0 sell_rank=0 price=0 quantity=0 settlement=0 buy_residual=0 sell_residual=0
S3_MATCH slot=23 active=0 buy_rank=0 sell_rank=0 price=0 quantity=0 settlement=0 buy_residual=0 sell_residual=0
S3_MATCH slot=24 active=0 buy_rank=0 sell_rank=0 price=0 quantity=0 settlement=0 buy_residual=0 sell_residual=0
S3_MATCH slot=25 active=0 buy_rank=0 sell_rank=0 price=0 quantity=0 settlement=0 buy_residual=0 sell_residual=0
S3_MATCH slot=26 active=0 buy_rank=0 sell_rank=0 price=0 quantity=0 settlement=0 buy_residual=0 sell_residual=0
S3_MATCH slot=27 active=0 buy_rank=0 sell_rank=0 price=0 quantity=0 settlement=0 buy_residual=0 sell_residual=0
S3_MATCH slot=28 active=0 buy_rank=0 sell_rank=0 price=0 quantity=0 settlement=0 buy_residual=0 sell_residual=0
S3_MATCH slot=29 active=0 buy_rank=0 sell_rank=0 price=0 quantity=0 settlement=0 buy_residual=0 sell_residual=0
S3_MATCH slot=30 active=0 buy_rank=0 sell_rank=0 price=0 quantity=0 settlement=0 buy_residual=0 sell_residual=0
S3_RESIDUAL side=buy rank=0 quantity=0
S3_RESIDUAL side=buy rank=2 quantity=0
S3_RESIDUAL side=buy rank=4 quantity=0
S3_RESIDUAL side=buy rank=3 quantity=0
S3_RESIDUAL side=buy rank=1 quantity=0
S3_RESIDUAL side=buy rank=5 quantity=0
S3_RESIDUAL side=buy rank=6 quantity=0
S3_RESIDUAL side=buy rank=7 quantity=0
S3_RESIDUAL side=buy rank=8 quantity=0
S3_RESIDUAL side=buy rank=9 quantity=0
S3_RESIDUAL side=buy rank=10 quantity=0
S3_RESIDUAL side=buy rank=11 quantity=0
S3_RESIDUAL side=buy rank=12 quantity=0
S3_RESIDUAL side=buy rank=13 quantity=0
S3_RESIDUAL side=buy rank=14 quantity=0
S3_RESIDUAL side=buy rank=15 quantity=0
S3_RESIDUAL side=sell rank=14 quantity=0
S3_RESIDUAL side=sell rank=5 quantity=0
S3_RESIDUAL side=sell rank=15 quantity=745759
S3_RESIDUAL side=sell rank=2 quantity=0
S3_RESIDUAL side=sell rank=1 quantity=0
S3_RESIDUAL side=sell rank=3 quantity=0
S3_RESIDUAL side=sell rank=10 quantity=569301
S3_RESIDUAL side=sell rank=4 quantity=236261
S3_RESIDUAL side=sell rank=9 quantity=892674
S3_RESIDUAL side=sell rank=0 quantity=473728
S3_RESIDUAL side=sell rank=7 quantity=176809
S3_RESIDUAL side=sell rank=12 quantity=583170
S3_RESIDUAL side=sell rank=8 quantity=823354
S3_RESIDUAL side=sell rank=6 quantity=885780
S3_RESIDUAL side=sell rank=11 quantity=177565
S3_RESIDUAL side=sell rank=13 quantity=66023
The following benchmarks are including preprocessing (offline phase).
Time = 3.00904 seconds 
Data sent = 56.5948 MB in ~14142 rounds (party 0 only; use '-v' for more details)
Global data sent = 169.464 MB (all parties)
This program might benefit from some protocol options.
Consider adding the following at the beginning of your code:
	program.use_edabit(True)
