Using statistical security parameter 40
Trying to run 255-bit computation (256-bit representation)
S3_FMATCH_TEST valid=1 commitment=-25696396685917221180673748337250154146748422313381947088318051233690938818634 aggregate_quantity=2912843 aggregate_settlement=1579178332572
S3_MATCH slot=0 active=1 buy_rank=3 sell_rank=0 price=324665 quantity=256145 settlement=83161316425 buy_residual=521422 sell_residual=0
S3_MATCH slot=1 active=1 buy_rank=3 sell_rank=1 price=442127 quantity=37581 settlement=16615574787 buy_residual=483841 sell_residual=0
S3_MATCH slot=2 active=1 buy_rank=3 sell_rank=6 price=493100 quantity=483841 settlement=238581997100 buy_residual=0 sell_residual=11812
S3_MATCH slot=3 active=1 buy_rank=1 sell_rank=6 price=627389 quantity=11812 settlement=7410718868 buy_residual=103441 sell_residual=0
S3_MATCH slot=4 active=1 buy_rank=1 sell_rank=3 price=503252 quantity=103441 settlement=52056890132 buy_residual=0 sell_residual=757395
S3_MATCH slot=5 active=1 buy_rank=14 sell_rank=3 price=309050 quantity=428312 settlement=132369823600 buy_residual=0 sell_residual=329083
S3_MATCH slot=6 active=1 buy_rank=10 sell_rank=3 price=481332 quantity=329083 settlement=158398178556 buy_residual=434248 sell_residual=0
S3_MATCH slot=7 active=1 buy_rank=10 sell_rank=5 price=421360 quantity=434248 settlement=182974737280 buy_residual=0 sell_residual=39731
S3_MATCH slot=8 active=1 buy_rank=2 sell_rank=5 price=627393 quantity=39731 settlement=24926951283 buy_residual=925650 sell_residual=0
S3_MATCH slot=9 active=1 buy_rank=2 sell_rank=4 price=821389 quantity=249729 settlement=205124653581 buy_residual=675921 sell_residual=0
S3_MATCH slot=10 active=1 buy_rank=2 sell_rank=2 price=886138 quantity=538920 settlement=477557490960 buy_residual=137001 sell_residual=0
S3_MATCH slot=11 active=0 buy_rank=0 sell_rank=0 price=0 quantity=0 settlement=0 buy_residual=0 sell_residual=0
S3_MATCH slot=12 active=0 buy_rank=0 sell_rank=0 price=0 quantity=0 settlement=0 buy_residual=0 sell_residual=0
S3_MATCH slot=13 active=0 buy_rank=0 sell_rank=0 price=0 quantity=0 settlement=0 buy_residual=0 sell_residual=0
S3_MATCH slot=14 active=0 buy_rank=0 sell_rank=0 price=0 quantity=0 settlement=0 buy_residual=0 sell_residual=0
S3_MATCH slot=15 active=0 buy_rank=0 sell_rank=0 price=0 quantity=0 settlement=0 buy_residual=0 sell_residual=0
S3_MATCH slot=16 active=0 buy_rank=0 sell_rank=0 price=0 quantity=0 settlement=0 buy_residual=0 sell_residual=0
S3_MATCH slot=17 active=0 buy_rank=0 sell_rank=0 price=0 quantity=0 settlement=0 buy_residual=0 sell_residual=0
S3_MATCH slot=18 active=0 buy_rank=0 sell_rank=0 price=0 quantity=0 settlement=0 buy_residual=0 sell_residual=0
S3_MATCH slot=19 active=0 buy_rank=0 sell_rank=0 price=0 quantity=0 settlement=0 buy_residual=0 sell_residual=0
S3_MATCH slot=20 active=0 buy_rank=0 sell_rank=0 price=0 quantity=0 settlement=0 buy_residual=0 sell_residual=0
S3_MATCH slot=21 active=0 buy_rank=0 sell_rank=0 price=0 quantity=0 settlement=0 buy_residual=0 sell_residual=0
S3_MATCH slot=22 active=0 buy_rank=0 sell_rank=0 price=0 quantity=0 settlement=0 buy_residual=0 sell_residual=0
S3_MATCH slot=23 active=0 buy_rank=0 sell_rank=0 price=0 quantity=0 settlement=0 buy_residual=0 sell_residual=0
S3_MATCH slot=24 active=0 buy_rank=0 sell_rank=0 price=0 quantity=0 settlement=0 buy_residual=0 sell_residual=0
S3_MATCH slot=25 active=0 buy_rank=0 sell_rank=0 price=0 quantity=0 settlement=0 buy_residual=0 sell_residual=0
S3_MATCH slot=26 active=0 buy_rank=0 sell_rank=0 price=0 quantity=0 settlement=0 buy_residual=0 sell_residual=0
S3_MATCH slot=27 active=0 buy_rank=0 sell_rank=0 price=0 quantity=0 settlement=0 buy_residual=0 sell_residual=0
S3_MATCH slot=28 active=0 buy_rank=0 sell_rank=0 price=0 quantity=0 settlement=0 buy_residual=0 sell_residual=0
S3_MATCH slot=29 active=0 buy_rank=0 sell_rank=0 price=0 quantity=0 settlement=0 buy_residual=0 sell_residual=0
S3_MATCH slot=30 active=0 buy_rank=0 sell_rank=0 price=0 quantity=0 settlement=0 buy_residual=0 sell_residual=0
S3_RESIDUAL side=buy rank=3 quantity=0
S3_RESIDUAL side=buy rank=1 quantity=0
S3_RESIDUAL side=buy rank=14 quantity=0
S3_RESIDUAL side=buy rank=10 quantity=0
S3_RESIDUAL side=buy rank=2 quantity=137001
S3_RESIDUAL side=buy rank=11 quantity=78646
S3_RESIDUAL side=buy rank=6 quantity=679571
S3_RESIDUAL side=buy rank=7 quantity=470297
S3_RESIDUAL side=buy rank=13 quantity=468828
S3_RESIDUAL side=buy rank=5 quantity=620170
S3_RESIDUAL side=buy rank=8 quantity=354498
S3_RESIDUAL side=buy rank=12 quantity=938856
S3_RESIDUAL side=buy rank=9 quantity=354206
S3_RESIDUAL side=buy rank=4 quantity=806564
S3_RESIDUAL side=buy rank=0 quantity=406357
S3_RESIDUAL side=buy rank=15 quantity=0
S3_RESIDUAL side=sell rank=0 quantity=0
S3_RESIDUAL side=sell rank=1 quantity=0
S3_RESIDUAL side=sell rank=6 quantity=0
S3_RESIDUAL side=sell rank=3 quantity=0
S3_RESIDUAL side=sell rank=5 quantity=0
S3_RESIDUAL side=sell rank=4 quantity=0
S3_RESIDUAL side=sell rank=2 quantity=0
S3_RESIDUAL side=sell rank=7 quantity=0
S3_RESIDUAL side=sell rank=8 quantity=0
S3_RESIDUAL side=sell rank=9 quantity=0
S3_RESIDUAL side=sell rank=10 quantity=0
S3_RESIDUAL side=sell rank=11 quantity=0
S3_RESIDUAL side=sell rank=12 quantity=0
S3_RESIDUAL side=sell rank=13 quantity=0
S3_RESIDUAL side=sell rank=14 quantity=0
S3_RESIDUAL side=sell rank=15 quantity=0
The following benchmarks are including preprocessing (offline phase).
Time = 2.72689 seconds 
Data sent = 56.5948 MB in ~14142 rounds (party 0 only; use '-v' for more details)
Global data sent = 169.464 MB (all parties)
This program might benefit from some protocol options.
Consider adding the following at the beginning of your code:
	program.use_edabit(True)
