Using statistical security parameter 40
Trying to run 255-bit computation (256-bit representation)
S3_FMATCH_TEST valid=1 commitment=16043071126490754850728686454656691362883847422774415751352027198649250801655 aggregate_quantity=3287025 aggregate_settlement=1461549700516
S3_MATCH slot=0 active=1 buy_rank=10 sell_rank=9 price=474316 quantity=128878 settlement=61128897448 buy_residual=0 sell_residual=793412
S3_MATCH slot=1 active=1 buy_rank=7 sell_rank=9 price=611098 quantity=793412 settlement=484852486376 buy_residual=44289 sell_residual=0
S3_MATCH slot=2 active=1 buy_rank=7 sell_rank=1 price=802234 quantity=44289 settlement=35530141626 buy_residual=0 sell_residual=595124
S3_MATCH slot=3 active=1 buy_rank=5 sell_rank=1 price=924240 quantity=204244 settlement=188770474560 buy_residual=0 sell_residual=390880
S3_MATCH slot=4 active=1 buy_rank=12 sell_rank=3 price=124461 quantity=186445 settlement=23205131145 buy_residual=732719 sell_residual=0
S3_MATCH slot=5 active=1 buy_rank=12 sell_rank=5 price=118863 quantity=732719 settlement=87093178497 buy_residual=0 sell_residual=22527
S3_MATCH slot=6 active=1 buy_rank=8 sell_rank=5 price=515390 quantity=22527 settlement=11610190530 buy_residual=440040 sell_residual=0
S3_MATCH slot=7 active=1 buy_rank=8 sell_rank=7 price=730177 quantity=440040 settlement=321307087080 buy_residual=0 sell_residual=234211
S3_MATCH slot=8 active=1 buy_rank=9 sell_rank=7 price=474630 quantity=234211 settlement=111163566930 buy_residual=549931 sell_residual=0
S3_MATCH slot=9 active=1 buy_rank=9 sell_rank=10 price=224435 quantity=287948 settlement=64625609380 buy_residual=261983 sell_residual=0
S3_MATCH slot=10 active=1 buy_rank=9 sell_rank=2 price=340362 quantity=212312 settlement=72262936944 buy_residual=49671 sell_residual=0
S3_MATCH slot=11 active=0 buy_rank=0 sell_rank=0 price=0 quantity=0 settlement=0 buy_residual=0 sell_residual=0
S3_MATCH slot=12 active=0 buy_rank=0 sell_rank=0 price=0 quantity=0 settlement=0 buy_residual=0 sell_residual=0
S3_MATCH slot=13 active=0 buy_rank=0 sell_rank=0 price=0 quantity=0 settlement=0 buy_residual=0 sell_residual=0
S3_MATCH slot=14 active=0 buy_rank=0 sell_rank=0 price=0 quantity=0 settlement=0 buy_residual=0 sell_residual=0
S3_MATCH slot=15 active=0 buy_rank=0 sell_rank=0 price=0 quantity=0 settlement=0 buy_residual=0 sell_residual=0
S3_MATCH slot=16 active=0 buy_rank=0 sell_rank=0 price=0 quantity=0 settlement=0 buy_residual=0 sell_residual=0
S3_MATCH slot=17 active=0 buy_rank=0 sell_rank=0 price=0 quantity=0 settlement=0 buy_residual=0 sell_residual=0
S3_MATCH slot=18 active=0 buy_rank=0 sell_rank=0 price=0 quantity=0 settlement=0 buy_residual=0 sell_residual=0
S3_MATCH slot=19 active=0 buy_rank=0 sell_rank=0 price=0 quantity=0 settlement=0 buy_residual=0 sell_residual=0
S3_MATCH slot=20 active=0 buy_rank=0 sell_rank=0 price=0 quantity=0 settlement=0 buy_residual=0 sell_residual=0
S3_MATCH slot=21 active=0 buy_rank=0 sell_rank=0 price=0 quantity=0 settlement=0 buy_residual=0 sell_residual=0
S3_MATCH slot=22 active=0 buy_rank=0 sell_rank=0 price=0 quantity=0 settlement=0 buy_residual=0 sell_residual=0
S3_MATCH slot=23 active=0 buy_rank=0 sell_rank=0 price=0 quantity=0 settlement=0 buy_residual=0 sell_residual=0
S3_MATCH slot=24 active=0 buy_rank=0 sell_rank=0 price=0 quantity=0 settlement=0 buy_residual=0 sell_residual=0
S3_MATCH slot=25 active=0 buy_rank=0 sell_rank=0 price=0 quantity=0 settlement=0 buy_residual=0 sell_residual=0
S3_MATCH slot=26 active=0 buy_rank=0 sell_rank=0 price=0 quantity=0 settlement=0 buy_residual=0 sell_residual=0
S3_MATCH slot=27 active=0 buy_rank=0 sell_rank=0 price=0 quantity=0 settlement=0 buy_residual=0 sell_residual=0
S3_MATCH slot=28 active=0 buy_rank=0 sell_rank=0 price=0 quantity=0 settlement=0 buy_residual=0 sell_residual=0
S3_MATCH slot=29 active=0 buy_rank=0 sell_rank=0 price=0 quantity=0 settlement=0 buy_residual=0 sell_residual=0
S3_MATCH slot=30 active=0 buy_rank=0 sell_rank=0 price=0 quantity=0 settlement=0 buy_residual=0 sell_residual=0
S3_RESIDUAL side=buy rank=10 quantity=0
S3_RESIDUAL side=buy rank=7 quantity=0
S3_RESIDUAL side=buy rank=5 quantity=0
S3_RESIDUAL side=buy rank=12 quantity=0
S3_RESIDUAL side=buy rank=8 quantity=0
S3_RESIDUAL side=buy rank=9 quantity=49671
S3_RESIDUAL side=buy rank=6 quantity=424125
S3_RESIDUAL side=buy rank=1 quantity=345545
S3_RESIDUAL side=buy rank=3 quantity=343495
S3_RESIDUAL side=buy rank=4 quantity=204776
S3_RESIDUAL side=buy rank=11 quantity=670873
S3_RESIDUAL side=buy rank=2 quantity=625678
S3_RESIDUAL side=buy rank=0 quantity=763569
S3_RESIDUAL side=buy rank=13 quantity=0
S3_RESIDUAL side=buy rank=14 quantity=0
S3_RESIDUAL side=buy rank=15 quantity=0
S3_RESIDUAL side=sell rank=9 quantity=0
S3_RESIDUAL side=sell rank=1 quantity=390880
S3_RESIDUAL side=sell rank=6 quantity=222854
S3_RESIDUAL side=sell rank=4 quantity=74360
S3_RESIDUAL side=sell rank=3 quantity=0
S3_RESIDUAL side=sell rank=8 quantity=130071
S3_RESIDUAL side=sell rank=0 quantity=907969
S3_RESIDUAL side=sell rank=5 quantity=0
S3_RESIDUAL side=sell rank=7 quantity=0
S3_RESIDUAL side=sell rank=10 quantity=0
S3_RESIDUAL side=sell rank=2 quantity=0
S3_RESIDUAL side=sell rank=11 quantity=0
S3_RESIDUAL side=sell rank=12 quantity=0
S3_RESIDUAL side=sell rank=13 quantity=0
S3_RESIDUAL side=sell rank=14 quantity=0
S3_RESIDUAL side=sell rank=15 quantity=0
The following benchmarks are including preprocessing (offline phase).
Time = 2.54655 seconds 
Data sent = 56.5948 MB in ~14142 rounds (party 0 only; use '-v' for more details)
Global data sent = 169.464 MB (all parties)
This program might benefit from some protocol options.
Consider adding the following at the beginning of your code:
	program.use_edabit(True)
