Using statistical security parameter 40
Trying to run 255-bit computation (256-bit representation)
S3_FMATCH_TEST valid=1 commitment=4954723617999864414965141306893278331678847616520109386510393434197874012809 aggregate_quantity=3204477 aggregate_settlement=1577611704318
S3_MATCH slot=0 active=1 buy_rank=6 sell_rank=12 price=316079 quantity=216006 settlement=68274960474 buy_residual=0 sell_residual=409820
S3_MATCH slot=1 active=1 buy_rank=0 sell_rank=12 price=263552 quantity=129026 settlement=34005060352 buy_residual=0 sell_residual=280794
S3_MATCH slot=2 active=1 buy_rank=3 sell_rank=12 price=400007 quantity=280794 settlement=112319565558 buy_residual=461916 sell_residual=0
S3_MATCH slot=3 active=1 buy_rank=3 sell_rank=2 price=343600 quantity=349904 settlement=120227014400 buy_residual=112012 sell_residual=0
S3_MATCH slot=4 active=1 buy_rank=3 sell_rank=10 price=569637 quantity=112012 settlement=63806179644 buy_residual=0 sell_residual=119684
S3_MATCH slot=5 active=1 buy_rank=1 sell_rank=10 price=741412 quantity=119684 settlement=88735153808 buy_residual=613052 sell_residual=0
S3_MATCH slot=6 active=1 buy_rank=1 sell_rank=3 price=849920 quantity=613052 settlement=521045155840 buy_residual=0 sell_residual=244276
S3_MATCH slot=7 active=1 buy_rank=5 sell_rank=3 price=641718 quantity=244276 settlement=156756306168 buy_residual=342330 sell_residual=0
S3_MATCH slot=8 active=1 buy_rank=5 sell_rank=11 price=331610 quantity=342330 settlement=113520051300 buy_residual=0 sell_residual=523148
S3_MATCH slot=9 active=1 buy_rank=2 sell_rank=11 price=361203 quantity=523148 settlement=188962627044 buy_residual=274245 sell_residual=0
S3_MATCH slot=10 active=1 buy_rank=2 sell_rank=9 price=400954 quantity=274245 settlement=109959629730 buy_residual=0 sell_residual=402500
S3_MATCH slot=11 active=0 buy_rank=0 sell_rank=0 price=0 quantity=0 settlement=0 buy_residual=0 sell_residual=0
S3_MATCH slot=12 active=0 buy_rank=0 sell_rank=0 price=0 quantity=0 settlement=0 buy_residual=0 sell_residual=0
S3_MATCH slot=13 active=0 buy_rank=0 sell_rank=0 price=0 quantity=0 settlement=0 buy_residual=0 sell_residual=0
S3_MATCH slot=14 active=0 buy_rank=0 sell_rank=0 price=0 quantity=0 settlement=0 buy_residual=0 sell_residual=0
S3_MATCH slot=15 active=0 buy_rank=0 sell_rank=0 price=0 quantity=0 settlement=0 buy_residual=0 sell_residual=0
S3_MATCH slot=16 active=0 buy_rank=0 sell_rank=0 price=0 quantity=0 settlement=0 buy_residual=0 sell_residual=0
S3_MATCH slot=17 active=0 buy_rank=0 sell_rank=0 price=0 quantity=0 settlement=0 buy_residual=0 sell_residual=0
S3_MATCH slot=18 active=0 buy_rank=0 sell_rank=0 price=0 quantity=0 settlement=0 buy_residual=0 sell_residual=0
S3_MATCH slot=19 active=0 buy_rank=0 sell_rank=0 price=0 quantity=0 settlement=0 buy_residual=0 sell_residual=0
S3_MATCH slot=20 active=0 buy_rank=0 sell_rank=0 price=0 quantity=0 settlement=0 buy_residual=0 sell_residual=0
S3_MATCH slot=21 active=0 buy_rank=0 sell_rank=0 price=0 quantity=0 settlement=0 buy_residual=0 sell_residual=0
S3_MATCH slot=22 active=0 buy_rank=0 sell_rank=0 price=0 quantity=0 settlement=0 buy_residual=0 sell_residual=0
S3_MATCH slot=23 active=0 buy_rank=0 sell_rank=0 price=0 quantity=0 settlement=0 buy_residual=0 sell_residual=0
S3_MATCH slot=24 active=0 buy_rank=0 sell_rank=0 price=0 quantity=0 settlement=0 buy_residual=0 sell_residual=0
S3_MATCH slot=25 active=0 buy_rank=0 sell_rank=0 price=0 quantity=0 settlement=0 buy_residual=0 sell_residual=0
S3_MATCH slot=26 active=0 buy_rank=0 sell_rank=0 price=0 quantity=0 settlement=0 buy_residual=0 sell_residual=0
S3_MATCH slot=27 active=0 buy_rank=0 sell_rank=0 price=0 quantity=0 settlement=0 buy_residual=0 sell_residual=0
S3_MATCH slot=28 active=0 buy_rank=0 sell_rank=0 price=0 quantity=0 settlement=0 buy_residual=0 sell_residual=0
S3_MATCH slot=29 active=0 buy_rank=0 sell_rank=0 price=0 quantity=0 settlement=0 buy_residual=0 sell_residual=0
S3_MATCH slot=30 active=0 buy_rank=0 sell_rank=0 price=0 quantity=0 settlement=0 buy_residual=0 sell_residual=0
S3_RESIDUAL side=buy rank=6 quantity=0
S3_RESIDUAL side=buy rank=0 quantity=0
S3_RESIDUAL side=buy rank=3 quantity=0
S3_RESIDUAL side=buy rank=1 quantity=0
S3_RESIDUAL side=buy rank=5 quantity=0
S3_RESIDUAL side=buy rank=2 quantity=0
S3_RESIDUAL side=buy rank=4 quantity=826397
S3_RESIDUAL side=buy rank=7 quantity=0
S3_RESIDUAL side=buy rank=8 quantity=0
S3_RESIDUAL side=buy rank=9 quantity=0
S3_RESIDUAL side=buy rank=10 quantity=0
S3_RESIDUAL side=buy rank=11 quantity=0
S3_RESIDUAL side=buy rank=12 quantity=0
S3_RESIDUAL side=buy rank=13 quantity=0
S3_RESIDUAL side=buy rank=14 quantity=0
S3_RESIDUAL side=buy rank=15 quantity=0
S3_RESIDUAL side=sell rank=12 quantity=0
S3_RESIDUAL side=sell rank=2 quantity=0
S3_RESIDUAL side=sell rank=10 quantity=0
S3_RESIDUAL side=sell rank=3 quantity=0
S3_RESIDUAL side=sell rank=13 quantity=292771
S3_RESIDUAL side=sell rank=11 quantity=0
S3_RESIDUAL side=sell rank=9 quantity=402500
S3_RESIDUAL side=sell rank=1 quantity=152291
S3_RESIDUAL side=sell rank=5 quantity=28689
S3_RESIDUAL side=sell rank=8 quantity=509996
S3_RESIDUAL side=sell rank=6 quantity=258419
S3_RESIDUAL side=sell rank=7 quantity=843820
S3_RESIDUAL side=sell rank=4 quantity=270664
S3_RESIDUAL side=sell rank=0 quantity=348032
S3_RESIDUAL side=sell rank=14 quantity=0
S3_RESIDUAL side=sell rank=15 quantity=0
The following benchmarks are including preprocessing (offline phase).
Time = 2.47584 seconds 
Data sent = 56.5948 MB in ~14142 rounds (party 0 only; use '-v' for more details)
Global data sent = 169.464 MB (all parties)
This program might benefit from some protocol options.
Consider adding the following at the beginning of your code:
	program.use_edabit(True)
