Using statistical security parameter 40
Trying to run 255-bit computation (256-bit representation)
S3_FMATCH_TEST valid=1 commitment=424206424629730980356307947381379433938467153396505688083829551184820972548 aggregate_quantity=3296480 aggregate_settlement=2011900254826
S3_MATCH slot=0 active=1 buy_rank=4 sell_rank=7 price=474112 quantity=188585 settlement=89410411520 buy_residual=0 sell_residual=333712
S3_MATCH slot=1 active=1 buy_rank=10 sell_rank=7 price=494634 quantity=333712 settlement=165065301408 buy_residual=1187 sell_residual=0
S3_MATCH slot=2 active=1 buy_rank=10 sell_rank=10 price=547859 quantity=1187 settlement=650308633 buy_residual=0 sell_residual=471353
S3_MATCH slot=3 active=1 buy_rank=9 sell_rank=10 price=302540 quantity=471353 settlement=142603136620 buy_residual=400511 sell_residual=0
S3_MATCH slot=4 active=1 buy_rank=9 sell_rank=6 price=254245 quantity=400511 settlement=101827919195 buy_residual=0 sell_residual=312881
S3_MATCH slot=5 active=1 buy_rank=1 sell_rank=6 price=725253 quantity=312881 settlement=226917883893 buy_residual=492072 sell_residual=0
S3_MATCH slot=6 active=1 buy_rank=1 sell_rank=9 price=962649 quantity=13919 settlement=13399111431 buy_residual=478153 sell_residual=0
S3_MATCH slot=7 active=1 buy_rank=1 sell_rank=3 price=1132281 quantity=372477 settlement=421748630037 buy_residual=105676 sell_residual=0
S3_MATCH slot=8 active=1 buy_rank=1 sell_rank=2 price=903254 quantity=105676 settlement=95452269704 buy_residual=0 sell_residual=415360
S3_MATCH slot=9 active=1 buy_rank=6 sell_rank=2 price=846180 quantity=415360 settlement=351469324800 buy_residual=220264 sell_residual=0
S3_MATCH slot=10 active=1 buy_rank=6 sell_rank=11 price=540719 quantity=220264 settlement=119100929816 buy_residual=0 sell_residual=68084
S3_MATCH slot=11 active=1 buy_rank=3 sell_rank=11 price=483407 quantity=68084 settlement=32912282188 buy_residual=392471 sell_residual=0
S3_MATCH slot=12 active=1 buy_rank=3 sell_rank=12 price=640411 quantity=392471 settlement=251342745581 buy_residual=0 sell_residual=227905
S3_MATCH slot=13 active=0 buy_rank=0 sell_rank=0 price=0 quantity=0 settlement=0 buy_residual=0 sell_residual=0
S3_MATCH slot=14 active=0 buy_rank=0 sell_rank=0 price=0 quantity=0 settlement=0 buy_residual=0 sell_residual=0
S3_MATCH slot=15 active=0 buy_rank=0 sell_rank=0 price=0 quantity=0 settlement=0 buy_residual=0 sell_residual=0
S3_MATCH slot=16 active=0 buy_rank=0 sell_rank=0 price=0 quantity=0 settlement=0 buy_residual=0 sell_residual=0
S3_MATCH slot=17 active=0 buy_rank=0 sell_rank=0 price=0 quantity=0 settlement=0 buy_residual=0 sell_residual=0
S3_MATCH slot=18 active=0 buy_rank=0 sell_rank=0 price=0 quantity=0 settlement=0 buy_residual=0 sell_residual=0
S3_MATCH slot=19 active=0 buy_rank=0 sell_rank=0 price=0 quantity=0 settlement=0 buy_residual=0 sell_residual=0
S3_MATCH slot=20 active=0 buy_rank=0 sell_rank=0 price=0 quantity=0 settlement=0 buy_residual=0 sell_residual=0
S3_MATCH slot=21 active=0 buy_rank=0 sell_rank=0 price=0 quantity=0 settlement=0 buy_residual=0 sell_residual=0
S3_MATCH slot=22 active=0 buy_rank=0 sell_rank=0 price=0 quantity=0 settlement=0 buy_residual=0 sell_residual=0
S3_MATCH slot=23 active=0 buy_rank=0 sell_rank=0 price=0 quantity=0 settlement=0 buy_residual=0 sell_residual=0
S3_MATCH slot=24 active=0 buy_rank=0 sell_rank=0 price=0 quantity=0 settlement=0 buy_residual=0 sell_residual=0
S3_MATCH slot=25 active=0 buy_rank=0 sell_rank=0 price=0 quantity=0 settlement=0 buy_residual=0 sell_residual=0
S3_MATCH slot=26 active=0 buy_rank=0 sell_rank=0 price=0 quantity=0 settlement=0 buy_residual=0 sell_residual=0
S3_MATCH slot=27 active=0 buy_rank=0 sell_rank=0 price=0 quantity=0 settlement=0 buy_residual=0 sell_residual=0
S3_MATCH slot=28 active=0 buy_rank=0 sell_rank=0 price=0 quantity=0 settlement=0 buy_residual=0 sell_residual=0
S3_MATCH slot=29 active=0 buy_rank=0 sell_rank=0 price=0 quantity=0 settlement=0 buy_residual=0 sell_residual=0
S3_MATCH slot=30 active=0 buy_rank=0 sell_rank=0 price=0 quantity=0 settlement=0 buy_residual=0 sell_residual=0
S3_RESIDUAL side=buy rank=4 quantity=0
S3_RESIDUAL side=buy rank=10 quantity=0
S3_RESIDUAL side=buy rank=9 quantity=0
S3_RESIDUAL side=buy rank=1 quantity=0
S3_RESIDUAL side=buy rank=6 quantity=0
S3_RESIDUAL side=buy rank=3 quantity=0
S3_RESIDUAL side=buy rank=8 quantity=663767
S3_RESIDUAL side=buy rank=7 quantity=305136
S3_RESIDUAL side=buy rank=5 quantity=90183
S3_RESIDUAL side=buy rank=2 quantity=763336
S3_RESIDUAL side=buy rank=0 quantity=676027
S3_RESIDUAL side=buy rank=11 quantity=0
S3_RESIDUAL side=buy rank=12 quantity=0
S3_RESIDUAL side=buy rank=13 quantity=0
S3_RESIDUAL side=buy rank=14 quantity=0
S3_RESIDUAL side=buy rank=15 quantity=0
S3_RESIDUAL side=sell rank=7 quantity=0
S3_RESIDUAL side=sell rank=10 quantity=0
S3_RESIDUAL side=sell rank=6 quantity=0
S3_RESIDUAL side=sell rank=9 quantity=0
S3_RESIDUAL side=sell rank=3 quantity=0
S3_RESIDUAL side=sell rank=2 quantity=0
S3_RESIDUAL side=sell rank=11 quantity=0
S3_RESIDUAL side=sell rank=12 quantity=227905
S3_RESIDUAL side=sell rank=1 quantity=7967
S3_RESIDUAL side=sell rank=0 quantity=366007
S3_RESIDUAL side=sell rank=4 quantity=911396
S3_RESIDUAL side=sell rank=5 quantity=771188
S3_RESIDUAL side=sell rank=8 quantity=292756
S3_RESIDUAL side=sell rank=13 quantity=0
S3_RESIDUAL side=sell rank=14 quantity=0
S3_RESIDUAL side=sell rank=15 quantity=0
The following benchmarks are including preprocessing (offline phase).
Time = 2.47455 seconds 
Data sent = 56.5948 MB in ~14142 rounds (party 0 only; use '-v' for more details)
Global data sent = 169.464 MB (all parties)
This program might benefit from some protocol options.
Consider adding the following at the beginning of your code:
	program.use_edabit(True)
