#0 building with "default" instance using docker driver

#1 [internal] load build definition from Dockerfile.holder
#1 transferring dockerfile: 191B 0.0s done
#1 DONE 0.0s

#2 [internal] load .dockerignore
#2 transferring context: 2B 0.0s done
#2 DONE 0.0s

#3 [internal] load build context
#3 transferring context: 3.04MB 0.2s done
#3 DONE 0.2s

#4 [1/3] COPY rootfs/ /
#4 DONE 0.0s

#5 [2/3] COPY s2_2_holder /usr/local/bin/s2_2_holder
#5 DONE 0.1s

#6 [3/3] WORKDIR /data
#6 DONE 0.1s

#7 exporting to image
#7 exporting layers 0.1s done
#7 writing image sha256:534e2fba23121e290be56d82b84f831f89c727559016c7820b03e9d174bf0378 done
#7 naming to docker.io/library/saib-s2.2.1-holder:local
#7 naming to docker.io/library/saib-s2.2.1-holder:local done
#7 DONE 0.1s
