#0 building with "default" instance using docker driver

#1 [internal] load build definition from Dockerfile.s2.2.1-verifier
#1 transferring dockerfile: 348B 0.0s done
#1 DONE 0.1s

#2 [internal] load .dockerignore
#2 transferring context: 2B 0.0s done
#2 DONE 0.0s

#3 [internal] load build context
#3 transferring context: 10.10MB 0.3s done
#3 DONE 0.3s

#4 [1/3] COPY rootfs/ /
#4 DONE 0.0s

#5 [2/3] COPY s2.2.1-verifier-service /usr/local/bin/s2.2.1-verifier-service
#5 DONE 0.1s

#6 [3/3] COPY libsaib_anoncred_verifier.so /usr/local/lib/libsaib_anoncred_verifier.so
#6 DONE 0.0s

#7 exporting to image
#7 exporting layers 0.1s done
#7 writing image sha256:c5d26ccc20efbb93922b352a7557c1268e86d44ba5ab1d759868ea1f91da3068 done
#7 naming to docker.io/library/saib-s2.2.1-verifier:local done
#7 DONE 0.1s
