#0 building with "default" instance using docker driver

#1 [internal] load build definition from Dockerfile.global-issuer
#1 transferring dockerfile: 219B 0.0s done
#1 DONE 0.1s

#2 [internal] load .dockerignore
#2 transferring context: 2B 0.0s done
#2 DONE 0.0s

#3 [internal] load build context
#3 transferring context: 2.50MB 0.1s done
#3 DONE 0.2s

#4 [1/3] COPY rootfs/ /
#4 DONE 0.0s

#5 [2/3] COPY s2_2_global_issuer /usr/local/bin/s2_2_global_issuer
#5 DONE 0.1s

#6 [3/3] WORKDIR /data
#6 DONE 0.0s

#7 exporting to image
#7 exporting layers 0.1s done
#7 writing image sha256:e29ff9a43a057d0cc788fc960aa3e8769663929e191dbcdedd66a7905036a8d9
#7 writing image sha256:e29ff9a43a057d0cc788fc960aa3e8769663929e191dbcdedd66a7905036a8d9 done
#7 naming to docker.io/library/saib-s2.2.1-global-issuer:local done
#7 DONE 0.1s
