Using statistical security parameter 40
Trying to run 255-bit computation (256-bit representation)
S3_FMATCH_TEST valid=1 commitment=-12037371591092802094245492859262917313938453997907895942989822650847391459114 aggregate_quantity=3124499 aggregate_settlement=1833474234805
S3_MATCH slot=0 active=1 buy_rank=4 sell_rank=1 price=304168 quantity=130947 settlement=39829887096 buy_residual=63080 sell_residual=0
S3_MATCH slot=1 active=1 buy_rank=4 sell_rank=0 price=398703 quantity=63080 settlement=25150185240 buy_residual=0 sell_residual=72786
S3_MATCH slot=2 active=1 buy_rank=3 sell_rank=0 price=637178 quantity=72786 settlement=46377637908 buy_residual=51615 sell_residual=0
S3_MATCH slot=3 active=1 buy_rank=3 sell_rank=5 price=654703 quantity=51615 settlement=33792495345 buy_residual=0 sell_residual=93611
S3_MATCH slot=4 active=1 buy_rank=2 sell_rank=5 price=434308 quantity=72127 settlement=31325333116 buy_residual=0 sell_residual=21484
S3_MATCH slot=5 active=1 buy_rank=5 sell_rank=5 price=797536 quantity=21484 settlement=17134263424 buy_residual=535582 sell_residual=0
S3_MATCH slot=6 active=1 buy_rank=5 sell_rank=14 price=489983 quantity=535582 settlement=262426075106 buy_residual=0 sell_residual=304596
S3_MATCH slot=7 active=1 buy_rank=7 sell_rank=14 price=614850 quantity=304596 settlement=187280850600 buy_residual=215148 sell_residual=0
S3_MATCH slot=8 active=1 buy_rank=7 sell_rank=6 price=1093320 quantity=215148 settlement=235225611360 buy_residual=0 sell_residual=446560
S3_MATCH slot=9 active=1 buy_rank=1 sell_rank=6 price=1034744 quantity=446560 settlement=462075280640 buy_residual=177719 sell_residual=0
S3_MATCH slot=10 active=1 buy_rank=1 sell_rank=7 price=846582 quantity=177719 settlement=150453706458 buy_residual=0 sell_residual=184133
S3_MATCH slot=11 active=1 buy_rank=6 sell_rank=7 price=818009 quantity=184133 settlement=150622451197 buy_residual=419987 sell_residual=0
S3_MATCH slot=12 active=1 buy_rank=6 sell_rank=10 price=430695 quantity=419987 settlement=180886300965 buy_residual=0 sell_residual=428735
S3_MATCH slot=13 active=1 buy_rank=0 sell_rank=10 price=25410 quantity=428735 settlement=10894156350 buy_residual=481739 sell_residual=0
S3_MATCH slot=14 active=0 buy_rank=0 sell_rank=0 price=0 quantity=0 settlement=0 buy_residual=0 sell_residual=0
S3_MATCH slot=15 active=0 buy_rank=0 sell_rank=0 price=0 quantity=0 settlement=0 buy_residual=0 sell_residual=0
S3_MATCH slot=16 active=0 buy_rank=0 sell_rank=0 price=0 quantity=0 settlement=0 buy_residual=0 sell_residual=0
S3_MATCH slot=17 active=0 buy_rank=0 sell_rank=0 price=0 quantity=0 settlement=0 buy_residual=0 sell_residual=0
S3_MATCH slot=18 active=0 buy_rank=0 sell_rank=0 price=0 quantity=0 settlement=0 buy_residual=0 sell_residual=0
S3_MATCH slot=19 active=0 buy_rank=0 sell_rank=0 price=0 quantity=0 settlement=0 buy_residual=0 sell_residual=0
S3_MATCH slot=20 active=0 buy_rank=0 sell_rank=0 price=0 quantity=0 settlement=0 buy_residual=0 sell_residual=0
S3_MATCH slot=21 active=0 buy_rank=0 sell_rank=0 price=0 quantity=0 settlement=0 buy_residual=0 sell_residual=0
S3_MATCH slot=22 active=0 buy_rank=0 sell_rank=0 price=0 quantity=0 settlement=0 buy_residual=0 sell_residual=0
S3_MATCH slot=23 active=0 buy_rank=0 sell_rank=0 price=0 quantity=0 settlement=0 buy_residual=0 sell_residual=0
S3_MATCH slot=24 active=0 buy_rank=0 sell_rank=0 price=0 quantity=0 settlement=0 buy_residual=0 sell_residual=0
S3_MATCH slot=25 active=0 buy_rank=0 sell_rank=0 price=0 quantity=0 settlement=0 buy_residual=0 sell_residual=0
S3_MATCH slot=26 active=0 buy_rank=0 sell_rank=0 price=0 quantity=0 settlement=0 buy_residual=0 sell_residual=0
S3_MATCH slot=27 active=0 buy_rank=0 sell_rank=0 price=0 quantity=0 settlement=0 buy_residual=0 sell_residual=0
S3_MATCH slot=28 active=0 buy_rank=0 sell_rank=0 price=0 quantity=0 settlement=0 buy_residual=0 sell_residual=0
S3_MATCH slot=29 active=0 buy_rank=0 sell_rank=0 price=0 quantity=0 settlement=0 buy_residual=0 sell_residual=0
S3_MATCH slot=30 active=0 buy_rank=0 sell_rank=0 price=0 quantity=0 settlement=0 buy_residual=0 sell_residual=0
S3_RESIDUAL side=buy rank=4 quantity=0
S3_RESIDUAL side=buy rank=3 quantity=0
S3_RESIDUAL side=buy rank=2 quantity=0
S3_RESIDUAL side=buy rank=5 quantity=0
S3_RESIDUAL side=buy rank=7 quantity=0
S3_RESIDUAL side=buy rank=1 quantity=0
S3_RESIDUAL side=buy rank=6 quantity=0
S3_RESIDUAL side=buy rank=0 quantity=481739
S3_RESIDUAL side=buy rank=8 quantity=0
S3_RESIDUAL side=buy rank=9 quantity=0
S3_RESIDUAL side=buy rank=10 quantity=0
S3_RESIDUAL side=buy rank=11 quantity=0
S3_RESIDUAL side=buy rank=12 quantity=0
S3_RESIDUAL side=buy rank=13 quantity=0
S3_RESIDUAL side=buy rank=14 quantity=0
S3_RESIDUAL side=buy rank=15 quantity=0
S3_RESIDUAL side=sell rank=1 quantity=0
S3_RESIDUAL side=sell rank=0 quantity=0
S3_RESIDUAL side=sell rank=5 quantity=0
S3_RESIDUAL side=sell rank=14 quantity=0
S3_RESIDUAL side=sell rank=6 quantity=0
S3_RESIDUAL side=sell rank=7 quantity=0
S3_RESIDUAL side=sell rank=10 quantity=0
S3_RESIDUAL side=sell rank=12 quantity=372524
S3_RESIDUAL side=sell rank=13 quantity=3960
S3_RESIDUAL side=sell rank=8 quantity=984710
S3_RESIDUAL side=sell rank=9 quantity=535441
S3_RESIDUAL side=sell rank=2 quantity=744912
S3_RESIDUAL side=sell rank=3 quantity=722941
S3_RESIDUAL side=sell rank=11 quantity=331948
S3_RESIDUAL side=sell rank=4 quantity=465688
S3_RESIDUAL side=sell rank=15 quantity=0
The following benchmarks are including preprocessing (offline phase).
Time = 2.48795 seconds 
Data sent = 56.5948 MB in ~14142 rounds (party 0 only; use '-v' for more details)
Global data sent = 169.464 MB (all parties)
This program might benefit from some protocol options.
Consider adding the following at the beginning of your code:
	program.use_edabit(True)
