Using statistical security parameter 40
Trying to run 255-bit computation (256-bit representation)
S3_FMATCH_TEST valid=1 commitment=-1097873772049199368947386487226974346014429846493288856727124302812777017627 aggregate_quantity=2114854 aggregate_settlement=1087082721129
S3_MATCH slot=0 active=1 buy_rank=9 sell_rank=10 price=524225 quantity=281543 settlement=147591879175 buy_residual=326831 sell_residual=0
S3_MATCH slot=1 active=1 buy_rank=9 sell_rank=5 price=390287 quantity=133659 settlement=52165370133 buy_residual=193172 sell_residual=0
S3_MATCH slot=2 active=1 buy_rank=9 sell_rank=11 price=485323 quantity=193172 settlement=93750814556 buy_residual=0 sell_residual=122397
S3_MATCH slot=3 active=1 buy_rank=1 sell_rank=11 price=490281 quantity=122397 settlement=60008923557 buy_residual=475040 sell_residual=0
S3_MATCH slot=4 active=1 buy_rank=1 sell_rank=4 price=287395 quantity=475040 settlement=136524120800 buy_residual=0 sell_residual=85998
S3_MATCH slot=5 active=1 buy_rank=4 sell_rank=4 price=251202 quantity=85998 settlement=21602869596 buy_residual=545238 sell_residual=0
S3_MATCH slot=6 active=1 buy_rank=4 sell_rank=14 price=620624 quantity=545238 settlement=338387788512 buy_residual=0 sell_residual=20807
S3_MATCH slot=7 active=1 buy_rank=6 sell_rank=14 price=800400 quantity=20807 settlement=16653922800 buy_residual=257000 sell_residual=0
S3_MATCH slot=8 active=1 buy_rank=6 sell_rank=0 price=857576 quantity=257000 settlement=220397032000 buy_residual=0 sell_residual=535224
S3_MATCH slot=9 active=0 buy_rank=0 sell_rank=0 price=0 quantity=0 settlement=0 buy_residual=0 sell_residual=0
S3_MATCH slot=10 active=0 buy_rank=0 sell_rank=0 price=0 quantity=0 settlement=0 buy_residual=0 sell_residual=0
S3_MATCH slot=11 active=0 buy_rank=0 sell_rank=0 price=0 quantity=0 settlement=0 buy_residual=0 sell_residual=0
S3_MATCH slot=12 active=0 buy_rank=0 sell_rank=0 price=0 quantity=0 settlement=0 buy_residual=0 sell_residual=0
S3_MATCH slot=13 active=0 buy_rank=0 sell_rank=0 price=0 quantity=0 settlement=0 buy_residual=0 sell_residual=0
S3_MATCH slot=14 active=0 buy_rank=0 sell_rank=0 price=0 quantity=0 settlement=0 buy_residual=0 sell_residual=0
S3_MATCH slot=15 active=0 buy_rank=0 sell_rank=0 price=0 quantity=0 settlement=0 buy_residual=0 sell_residual=0
S3_MATCH slot=16 active=0 buy_rank=0 sell_rank=0 price=0 quantity=0 settlement=0 buy_residual=0 sell_residual=0
S3_MATCH slot=17 active=0 buy_rank=0 sell_rank=0 price=0 quantity=0 settlement=0 buy_residual=0 sell_residual=0
S3_MATCH slot=18 active=0 buy_rank=0 sell_rank=0 price=0 quantity=0 settlement=0 buy_residual=0 sell_residual=0
S3_MATCH slot=19 active=0 buy_rank=0 sell_rank=0 price=0 quantity=0 settlement=0 buy_residual=0 sell_residual=0
S3_MATCH slot=20 active=0 buy_rank=0 sell_rank=0 price=0 quantity=0 settlement=0 buy_residual=0 sell_residual=0
S3_MATCH slot=21 active=0 buy_rank=0 sell_rank=0 price=0 quantity=0 settlement=0 buy_residual=0 sell_residual=0
S3_MATCH slot=22 active=0 buy_rank=0 sell_rank=0 price=0 quantity=0 settlement=0 buy_residual=0 sell_residual=0
S3_MATCH slot=23 active=0 buy_rank=0 sell_rank=0 price=0 quantity=0 settlement=0 buy_residual=0 sell_residual=0
S3_MATCH slot=24 active=0 buy_rank=0 sell_rank=0 price=0 quantity=0 settlement=0 buy_residual=0 sell_residual=0
S3_MATCH slot=25 active=0 buy_rank=0 sell_rank=0 price=0 quantity=0 settlement=0 buy_residual=0 sell_residual=0
S3_MATCH slot=26 active=0 buy_rank=0 sell_rank=0 price=0 quantity=0 settlement=0 buy_residual=0 sell_residual=0
S3_MATCH slot=27 active=0 buy_rank=0 sell_rank=0 price=0 quantity=0 settlement=0 buy_residual=0 sell_residual=0
S3_MATCH slot=28 active=0 buy_rank=0 sell_rank=0 price=0 quantity=0 settlement=0 buy_residual=0 sell_residual=0
S3_MATCH slot=29 active=0 buy_rank=0 sell_rank=0 price=0 quantity=0 settlement=0 buy_residual=0 sell_residual=0
S3_MATCH slot=30 active=0 buy_rank=0 sell_rank=0 price=0 quantity=0 settlement=0 buy_residual=0 sell_residual=0
S3_RESIDUAL side=buy rank=9 quantity=0
S3_RESIDUAL side=buy rank=1 quantity=0
S3_RESIDUAL side=buy rank=4 quantity=0
S3_RESIDUAL side=buy rank=6 quantity=0
S3_RESIDUAL side=buy rank=7 quantity=850014
S3_RESIDUAL side=buy rank=3 quantity=797717
S3_RESIDUAL side=buy rank=0 quantity=653023
S3_RESIDUAL side=buy rank=10 quantity=776534
S3_RESIDUAL side=buy rank=5 quantity=267839
S3_RESIDUAL side=buy rank=2 quantity=153021
S3_RESIDUAL side=buy rank=8 quantity=671111
S3_RESIDUAL side=buy rank=11 quantity=99722
S3_RESIDUAL side=buy rank=12 quantity=0
S3_RESIDUAL side=buy rank=13 quantity=0
S3_RESIDUAL side=buy rank=14 quantity=0
S3_RESIDUAL side=buy rank=15 quantity=0
S3_RESIDUAL side=sell rank=10 quantity=0
S3_RESIDUAL side=sell rank=5 quantity=0
S3_RESIDUAL side=sell rank=11 quantity=0
S3_RESIDUAL side=sell rank=4 quantity=0
S3_RESIDUAL side=sell rank=14 quantity=0
S3_RESIDUAL side=sell rank=0 quantity=535224
S3_RESIDUAL side=sell rank=7 quantity=818186
S3_RESIDUAL side=sell rank=12 quantity=478906
S3_RESIDUAL side=sell rank=9 quantity=695760
S3_RESIDUAL side=sell rank=8 quantity=11581
S3_RESIDUAL side=sell rank=1 quantity=89783
S3_RESIDUAL side=sell rank=2 quantity=402668
S3_RESIDUAL side=sell rank=13 quantity=996728
S3_RESIDUAL side=sell rank=6 quantity=625384
S3_RESIDUAL side=sell rank=3 quantity=399097
S3_RESIDUAL side=sell rank=15 quantity=0
The following benchmarks are including preprocessing (offline phase).
Time = 2.4741 seconds 
Data sent = 56.5948 MB in ~14142 rounds (party 0 only; use '-v' for more details)
Global data sent = 169.464 MB (all parties)
This program might benefit from some protocol options.
Consider adding the following at the beginning of your code:
	program.use_edabit(True)
