Using statistical security parameter 40
Trying to run 255-bit computation (256-bit representation)
This program might benefit from some protocol options.
Consider adding the following at the beginning of your code:
	program.use_edabit(True)
Setup took 0.116489 seconds.
S3_FMATCH valid=1 commitment_bits=011010111000001001010010110111101100010101111010100000000000000110110011110011100111011100001010100110101010011110100110100100111100011010000100110010111000011110000100000110010011110111101011010111101101011001101111001110100001000001100011000110011000001
Compiler: ./compile.py -F 255 saib_fmatch 256
	6915 triples of malicious replicated gfp left
	9394 bits of malicious replicated gfp left
Detailed costs:
          7178 integer inputs
       6562316 integer multiplications
      13189165 integer openings
Spent 65.0984 seconds (425.45 MB, 488561 rounds, 86.9753 CPU seconds) on the online phase and 15.2246 seconds (1185.83 MB, 6594 rounds, 86.9756 CPU seconds) on the preprocessing/offline phase.
Communication details:
Broadcasting 1.69652 MB in 52875 rounds, taking 9.18636 seconds
Passing around 1557.64 MB in 441966 rounds, taking 51.7902 seconds
Receiving directly 50.24 MB in 157 rounds, taking 0.110006 seconds
Sending directly 50.24 MB in 157 rounds, taking 0.0539951 seconds
CPU time = 86.9775
The following benchmarks are including preprocessing (offline phase).
Time = 80.3521 seconds 
Data sent = 1611.28 MB in ~495155 rounds (party 0 only)
Global data sent = 4833.51 MB (all parties)
Actual preprocessing cost of program:
  Type int
       6573085        Triples
       4710606           Bits
This program might benefit from some protocol options.
Consider adding the following at the beginning of your code:
	program.use_edabit(True)
Command line: /mnt/g/paperexper/retf/third_party/MP-SPDZ-s3.1.1-patched/malicious-rep-field-party.x 0 saib_fmatch-256 -pn 27500 -h localhost -P 52435875175126190479447740508185965837690552500527637822603658699938581184513 -v
