Using statistical security parameter 40
Trying to run 255-bit computation (256-bit representation)
S3_FMATCH_TEST valid=1 commitment=-25801885111255920549526790949257747224838255364123992853885026390748823190128 aggregate_quantity=2708247 aggregate_settlement=1062624549327
S3_MATCH slot=0 active=1 buy_rank=9 sell_rank=14 price=477461 quantity=615466 settlement=293861011826 buy_residual=0 sell_residual=163259
S3_MATCH slot=1 active=1 buy_rank=12 sell_rank=14 price=286437 quantity=163259 settlement=46763418183 buy_residual=796423 sell_residual=0
S3_MATCH slot=2 active=1 buy_rank=12 sell_rank=5 price=439092 quantity=303597 settlement=133307013924 buy_residual=492826 sell_residual=0
S3_MATCH slot=3 active=1 buy_rank=12 sell_rank=4 price=316013 quantity=228947 settlement=72350228311 buy_residual=263879 sell_residual=0
S3_MATCH slot=4 active=1 buy_rank=12 sell_rank=6 price=195812 quantity=263879 settlement=51670674748 buy_residual=0 sell_residual=702326
S3_MATCH slot=5 active=1 buy_rank=0 sell_rank=6 price=270194 quantity=616005 settlement=166440854970 buy_residual=0 sell_residual=86321
S3_MATCH slot=6 active=1 buy_rank=3 sell_rank=6 price=278845 quantity=86321 settlement=24070179245 buy_residual=430773 sell_residual=0
S3_MATCH slot=7 active=1 buy_rank=3 sell_rank=3 price=636440 quantity=430773 settlement=274161168120 buy_residual=0 sell_residual=55494
S3_MATCH slot=8 active=0 buy_rank=0 sell_rank=0 price=0 quantity=0 settlement=0 buy_residual=0 sell_residual=0
S3_MATCH slot=9 active=0 buy_rank=0 sell_rank=0 price=0 quantity=0 settlement=0 buy_residual=0 sell_residual=0
S3_MATCH slot=10 active=0 buy_rank=0 sell_rank=0 price=0 quantity=0 settlement=0 buy_residual=0 sell_residual=0
S3_MATCH slot=11 active=0 buy_rank=0 sell_rank=0 price=0 quantity=0 settlement=0 buy_residual=0 sell_residual=0
S3_MATCH slot=12 active=0 buy_rank=0 sell_rank=0 price=0 quantity=0 settlement=0 buy_residual=0 sell_residual=0
S3_MATCH slot=13 active=0 buy_rank=0 sell_rank=0 price=0 quantity=0 settlement=0 buy_residual=0 sell_residual=0
S3_MATCH slot=14 active=0 buy_rank=0 sell_rank=0 price=0 quantity=0 settlement=0 buy_residual=0 sell_residual=0
S3_MATCH slot=15 active=0 buy_rank=0 sell_rank=0 price=0 quantity=0 settlement=0 buy_residual=0 sell_residual=0
S3_MATCH slot=16 active=0 buy_rank=0 sell_rank=0 price=0 quantity=0 settlement=0 buy_residual=0 sell_residual=0
S3_MATCH slot=17 active=0 buy_rank=0 sell_rank=0 price=0 quantity=0 settlement=0 buy_residual=0 sell_residual=0
S3_MATCH slot=18 active=0 buy_rank=0 sell_rank=0 price=0 quantity=0 settlement=0 buy_residual=0 sell_residual=0
S3_MATCH slot=19 active=0 buy_rank=0 sell_rank=0 price=0 quantity=0 settlement=0 buy_residual=0 sell_residual=0
S3_MATCH slot=20 active=0 buy_rank=0 sell_rank=0 price=0 quantity=0 settlement=0 buy_residual=0 sell_residual=0
S3_MATCH slot=21 active=0 buy_rank=0 sell_rank=0 price=0 quantity=0 settlement=0 buy_residual=0 sell_residual=0
S3_MATCH slot=22 active=0 buy_rank=0 sell_rank=0 price=0 quantity=0 settlement=0 buy_residual=0 sell_residual=0
S3_MATCH slot=23 active=0 buy_rank=0 sell_rank=0 price=0 quantity=0 settlement=0 buy_residual=0 sell_residual=0
S3_MATCH slot=24 active=0 buy_rank=0 sell_rank=0 price=0 quantity=0 settlement=0 buy_residual=0 sell_residual=0
S3_MATCH slot=25 active=0 buy_rank=0 sell_rank=0 price=0 quantity=0 settlement=0 buy_residual=0 sell_residual=0
S3_MATCH slot=26 active=0 buy_rank=0 sell_rank=0 price=0 quantity=0 settlement=0 buy_residual=0 sell_residual=0
S3_MATCH slot=27 active=0 buy_rank=0 sell_rank=0 price=0 quantity=0 settlement=0 buy_residual=0 sell_residual=0
S3_MATCH slot=28 active=0 buy_rank=0 sell_rank=0 price=0 quantity=0 settlement=0 buy_residual=0 sell_residual=0
S3_MATCH slot=29 active=0 buy_rank=0 sell_rank=0 price=0 quantity=0 settlement=0 buy_residual=0 sell_residual=0
S3_MATCH slot=30 active=0 buy_rank=0 sell_rank=0 price=0 quantity=0 settlement=0 buy_residual=0 sell_residual=0
S3_RESIDUAL side=buy rank=9 quantity=0
S3_RESIDUAL side=buy rank=12 quantity=0
S3_RESIDUAL side=buy rank=0 quantity=0
S3_RESIDUAL side=buy rank=3 quantity=0
S3_RESIDUAL side=buy rank=13 quantity=393081
S3_RESIDUAL side=buy rank=7 quantity=147222
S3_RESIDUAL side=buy rank=2 quantity=18262
S3_RESIDUAL side=buy rank=4 quantity=133269
S3_RESIDUAL side=buy rank=11 quantity=958334
S3_RESIDUAL side=buy rank=1 quantity=604922
S3_RESIDUAL side=buy rank=6 quantity=283342
S3_RESIDUAL side=buy rank=10 quantity=2144
S3_RESIDUAL side=buy rank=5 quantity=764507
S3_RESIDUAL side=buy rank=8 quantity=579411
S3_RESIDUAL side=buy rank=14 quantity=0
S3_RESIDUAL side=buy rank=15 quantity=0
S3_RESIDUAL side=sell rank=14 quantity=0
S3_RESIDUAL side=sell rank=5 quantity=0
S3_RESIDUAL side=sell rank=4 quantity=0
S3_RESIDUAL side=sell rank=6 quantity=0
S3_RESIDUAL side=sell rank=3 quantity=55494
S3_RESIDUAL side=sell rank=15 quantity=518172
S3_RESIDUAL side=sell rank=9 quantity=540102
S3_RESIDUAL side=sell rank=0 quantity=519471
S3_RESIDUAL side=sell rank=11 quantity=100519
S3_RESIDUAL side=sell rank=8 quantity=543395
S3_RESIDUAL side=sell rank=10 quantity=434925
S3_RESIDUAL side=sell rank=12 quantity=141352
S3_RESIDUAL side=sell rank=2 quantity=595752
S3_RESIDUAL side=sell rank=1 quantity=47183
S3_RESIDUAL side=sell rank=7 quantity=249714
S3_RESIDUAL side=sell rank=13 quantity=574537
The following benchmarks are including preprocessing (offline phase).
Time = 2.47022 seconds 
Data sent = 56.5948 MB in ~14142 rounds (party 0 only; use '-v' for more details)
Global data sent = 169.464 MB (all parties)
This program might benefit from some protocol options.
Consider adding the following at the beginning of your code:
	program.use_edabit(True)
