Using statistical security parameter 40
Trying to run 255-bit computation (256-bit representation)
S3_FMATCH_TEST valid=1 commitment=12408568866329648231544550226704581638003567210304742640201059428561663450767 aggregate_quantity=3745431 aggregate_settlement=1332781198877
S3_MATCH slot=0 active=1 buy_rank=8 sell_rank=6 price=332399 quantity=394415 settlement=131103151585 buy_residual=32428 sell_residual=0
S3_MATCH slot=1 active=1 buy_rank=8 sell_rank=3 price=448344 quantity=32428 settlement=14538899232 buy_residual=0 sell_residual=944396
S3_MATCH slot=2 active=1 buy_rank=9 sell_rank=3 price=570801 quantity=101214 settlement=57773052414 buy_residual=0 sell_residual=843182
S3_MATCH slot=3 active=1 buy_rank=2 sell_rank=3 price=358050 quantity=843182 settlement=301901315100 buy_residual=131179 sell_residual=0
S3_MATCH slot=4 active=1 buy_rank=2 sell_rank=9 price=280094 quantity=131179 settlement=36742450826 buy_residual=0 sell_residual=686941
S3_MATCH slot=5 active=1 buy_rank=1 sell_rank=9 price=350012 quantity=4709 settlement=1648206508 buy_residual=0 sell_residual=682232
S3_MATCH slot=6 active=1 buy_rank=3 sell_rank=9 price=575126 quantity=248673 settlement=143018307798 buy_residual=0 sell_residual=433559
S3_MATCH slot=7 active=1 buy_rank=4 sell_rank=9 price=408447 quantity=200165 settlement=81756793755 buy_residual=0 sell_residual=233394
S3_MATCH slot=8 active=1 buy_rank=0 sell_rank=9 price=632902 quantity=184023 settlement=116468524746 buy_residual=0 sell_residual=49371
S3_MATCH slot=9 active=1 buy_rank=7 sell_rank=9 price=589204 quantity=49371 settlement=29089590684 buy_residual=586765 sell_residual=0
S3_MATCH slot=10 active=1 buy_rank=7 sell_rank=1 price=410720 quantity=586765 settlement=240996120800 buy_residual=0 sell_residual=361305
S3_MATCH slot=11 active=1 buy_rank=6 sell_rank=1 price=178419 quantity=361305 settlement=64463676795 buy_residual=608002 sell_residual=0
S3_MATCH slot=12 active=1 buy_rank=6 sell_rank=2 price=186317 quantity=608002 settlement=113281108634 buy_residual=0 sell_residual=339163
S3_MATCH slot=13 active=0 buy_rank=0 sell_rank=0 price=0 quantity=0 settlement=0 buy_residual=0 sell_residual=0
S3_MATCH slot=14 active=0 buy_rank=0 sell_rank=0 price=0 quantity=0 settlement=0 buy_residual=0 sell_residual=0
S3_MATCH slot=15 active=0 buy_rank=0 sell_rank=0 price=0 quantity=0 settlement=0 buy_residual=0 sell_residual=0
S3_MATCH slot=16 active=0 buy_rank=0 sell_rank=0 price=0 quantity=0 settlement=0 buy_residual=0 sell_residual=0
S3_MATCH slot=17 active=0 buy_rank=0 sell_rank=0 price=0 quantity=0 settlement=0 buy_residual=0 sell_residual=0
S3_MATCH slot=18 active=0 buy_rank=0 sell_rank=0 price=0 quantity=0 settlement=0 buy_residual=0 sell_residual=0
S3_MATCH slot=19 active=0 buy_rank=0 sell_rank=0 price=0 quantity=0 settlement=0 buy_residual=0 sell_residual=0
S3_MATCH slot=20 active=0 buy_rank=0 sell_rank=0 price=0 quantity=0 settlement=0 buy_residual=0 sell_residual=0
S3_MATCH slot=21 active=0 buy_rank=0 sell_rank=0 price=0 quantity=0 settlement=0 buy_residual=0 sell_residual=0
S3_MATCH slot=22 active=0 buy_rank=0 sell_rank=0 price=0 quantity=0 settlement=0 buy_residual=0 sell_residual=0
S3_MATCH slot=23 active=0 buy_rank=0 sell_rank=0 price=0 quantity=0 settlement=0 buy_residual=0 sell_residual=0
S3_MATCH slot=24 active=0 buy_rank=0 sell_rank=0 price=0 quantity=0 settlement=0 buy_residual=0 sell_residual=0
S3_MATCH slot=25 active=0 buy_rank=0 sell_rank=0 price=0 quantity=0 settlement=0 buy_residual=0 sell_residual=0
S3_MATCH slot=26 active=0 buy_rank=0 sell_rank=0 price=0 quantity=0 settlement=0 buy_residual=0 sell_residual=0
S3_MATCH slot=27 active=0 buy_rank=0 sell_rank=0 price=0 quantity=0 settlement=0 buy_residual=0 sell_residual=0
S3_MATCH slot=28 active=0 buy_rank=0 sell_rank=0 price=0 quantity=0 settlement=0 buy_residual=0 sell_residual=0
S3_MATCH slot=29 active=0 buy_rank=0 sell_rank=0 price=0 quantity=0 settlement=0 buy_residual=0 sell_residual=0
S3_MATCH slot=30 active=0 buy_rank=0 sell_rank=0 price=0 quantity=0 settlement=0 buy_residual=0 sell_residual=0
S3_RESIDUAL side=buy rank=8 quantity=0
S3_RESIDUAL side=buy rank=9 quantity=0
S3_RESIDUAL side=buy rank=2 quantity=0
S3_RESIDUAL side=buy rank=1 quantity=0
S3_RESIDUAL side=buy rank=3 quantity=0
S3_RESIDUAL side=buy rank=4 quantity=0
S3_RESIDUAL side=buy rank=0 quantity=0
S3_RESIDUAL side=buy rank=7 quantity=0
S3_RESIDUAL side=buy rank=6 quantity=0
S3_RESIDUAL side=buy rank=5 quantity=436043
S3_RESIDUAL side=buy rank=10 quantity=0
S3_RESIDUAL side=buy rank=11 quantity=0
S3_RESIDUAL side=buy rank=12 quantity=0
S3_RESIDUAL side=buy rank=13 quantity=0
S3_RESIDUAL side=buy rank=14 quantity=0
S3_RESIDUAL side=buy rank=15 quantity=0
S3_RESIDUAL side=sell rank=6 quantity=0
S3_RESIDUAL side=sell rank=3 quantity=0
S3_RESIDUAL side=sell rank=5 quantity=122329
S3_RESIDUAL side=sell rank=9 quantity=0
S3_RESIDUAL side=sell rank=1 quantity=0
S3_RESIDUAL side=sell rank=2 quantity=339163
S3_RESIDUAL side=sell rank=7 quantity=537816
S3_RESIDUAL side=sell rank=0 quantity=961418
S3_RESIDUAL side=sell rank=4 quantity=785377
S3_RESIDUAL side=sell rank=8 quantity=416439
S3_RESIDUAL side=sell rank=10 quantity=0
S3_RESIDUAL side=sell rank=11 quantity=0
S3_RESIDUAL side=sell rank=12 quantity=0
S3_RESIDUAL side=sell rank=13 quantity=0
S3_RESIDUAL side=sell rank=14 quantity=0
S3_RESIDUAL side=sell rank=15 quantity=0
The following benchmarks are including preprocessing (offline phase).
Time = 2.47428 seconds 
Data sent = 56.5948 MB in ~14142 rounds (party 0 only; use '-v' for more details)
Global data sent = 169.464 MB (all parties)
This program might benefit from some protocol options.
Consider adding the following at the beginning of your code:
	program.use_edabit(True)
