Using statistical security parameter 40
Trying to run 255-bit computation (256-bit representation)
S3_FMATCH_TEST valid=1 commitment=13145126484882757084078004170455927280106019002191730683740592071726379516926 aggregate_quantity=3356365 aggregate_settlement=2111118329092
S3_MATCH slot=0 active=1 buy_rank=11 sell_rank=5 price=615106 quantity=210036 settlement=129194403816 buy_residual=0 sell_residual=739135
S3_MATCH slot=1 active=1 buy_rank=7 sell_rank=5 price=624485 quantity=517246 settlement=323012368310 buy_residual=0 sell_residual=221889
S3_MATCH slot=2 active=1 buy_rank=4 sell_rank=5 price=514762 quantity=221889 settlement=114220025418 buy_residual=188626 sell_residual=0
S3_MATCH slot=3 active=1 buy_rank=4 sell_rank=7 price=564619 quantity=188626 settlement=106501823494 buy_residual=0 sell_residual=117034
S3_MATCH slot=4 active=1 buy_rank=9 sell_rank=7 price=561434 quantity=117034 settlement=65706866756 buy_residual=358631 sell_residual=0
S3_MATCH slot=5 active=1 buy_rank=9 sell_rank=9 price=472774 quantity=358631 settlement=169551412394 buy_residual=0 sell_residual=407947
S3_MATCH slot=6 active=1 buy_rank=10 sell_rank=9 price=798381 quantity=407947 settlement=325697133807 buy_residual=475488 sell_residual=0
S3_MATCH slot=7 active=1 buy_rank=10 sell_rank=10 price=595277 quantity=266395 settlement=158578816415 buy_residual=209093 sell_residual=0
S3_MATCH slot=8 active=1 buy_rank=10 sell_rank=2 price=1054012 quantity=209093 settlement=220386531116 buy_residual=0 sell_residual=130289
S3_MATCH slot=9 active=1 buy_rank=2 sell_rank=0 price=469528 quantity=10766 settlement=5054938448 buy_residual=0 sell_residual=479454
S3_MATCH slot=10 active=1 buy_rank=6 sell_rank=0 price=548865 quantity=479454 settlement=263155519710 buy_residual=369248 sell_residual=0
S3_MATCH slot=11 active=1 buy_rank=6 sell_rank=3 price=623046 quantity=369248 settlement=230058489408 buy_residual=0 sell_residual=125132
S3_MATCH slot=12 active=0 buy_rank=0 sell_rank=0 price=0 quantity=0 settlement=0 buy_residual=0 sell_residual=0
S3_MATCH slot=13 active=0 buy_rank=0 sell_rank=0 price=0 quantity=0 settlement=0 buy_residual=0 sell_residual=0
S3_MATCH slot=14 active=0 buy_rank=0 sell_rank=0 price=0 quantity=0 settlement=0 buy_residual=0 sell_residual=0
S3_MATCH slot=15 active=0 buy_rank=0 sell_rank=0 price=0 quantity=0 settlement=0 buy_residual=0 sell_residual=0
S3_MATCH slot=16 active=0 buy_rank=0 sell_rank=0 price=0 quantity=0 settlement=0 buy_residual=0 sell_residual=0
S3_MATCH slot=17 active=0 buy_rank=0 sell_rank=0 price=0 quantity=0 settlement=0 buy_residual=0 sell_residual=0
S3_MATCH slot=18 active=0 buy_rank=0 sell_rank=0 price=0 quantity=0 settlement=0 buy_residual=0 sell_residual=0
S3_MATCH slot=19 active=0 buy_rank=0 sell_rank=0 price=0 quantity=0 settlement=0 buy_residual=0 sell_residual=0
S3_MATCH slot=20 active=0 buy_rank=0 sell_rank=0 price=0 quantity=0 settlement=0 buy_residual=0 sell_residual=0
S3_MATCH slot=21 active=0 buy_rank=0 sell_rank=0 price=0 quantity=0 settlement=0 buy_residual=0 sell_residual=0
S3_MATCH slot=22 active=0 buy_rank=0 sell_rank=0 price=0 quantity=0 settlement=0 buy_residual=0 sell_residual=0
S3_MATCH slot=23 active=0 buy_rank=0 sell_rank=0 price=0 quantity=0 settlement=0 buy_residual=0 sell_residual=0
S3_MATCH slot=24 active=0 buy_rank=0 sell_rank=0 price=0 quantity=0 settlement=0 buy_residual=0 sell_residual=0
S3_MATCH slot=25 active=0 buy_rank=0 sell_rank=0 price=0 quantity=0 settlement=0 buy_residual=0 sell_residual=0
S3_MATCH slot=26 active=0 buy_rank=0 sell_rank=0 price=0 quantity=0 settlement=0 buy_residual=0 sell_residual=0
S3_MATCH slot=27 active=0 buy_rank=0 sell_rank=0 price=0 quantity=0 settlement=0 buy_residual=0 sell_residual=0
S3_MATCH slot=28 active=0 buy_rank=0 sell_rank=0 price=0 quantity=0 settlement=0 buy_residual=0 sell_residual=0
S3_MATCH slot=29 active=0 buy_rank=0 sell_rank=0 price=0 quantity=0 settlement=0 buy_residual=0 sell_residual=0
S3_MATCH slot=30 active=0 buy_rank=0 sell_rank=0 price=0 quantity=0 settlement=0 buy_residual=0 sell_residual=0
S3_RESIDUAL side=buy rank=11 quantity=0
S3_RESIDUAL side=buy rank=7 quantity=0
S3_RESIDUAL side=buy rank=4 quantity=0
S3_RESIDUAL side=buy rank=9 quantity=0
S3_RESIDUAL side=buy rank=10 quantity=0
S3_RESIDUAL side=buy rank=2 quantity=0
S3_RESIDUAL side=buy rank=6 quantity=0
S3_RESIDUAL side=buy rank=8 quantity=627657
S3_RESIDUAL side=buy rank=0 quantity=600751
S3_RESIDUAL side=buy rank=3 quantity=335069
S3_RESIDUAL side=buy rank=1 quantity=715333
S3_RESIDUAL side=buy rank=5 quantity=61874
S3_RESIDUAL side=buy rank=12 quantity=0
S3_RESIDUAL side=buy rank=13 quantity=0
S3_RESIDUAL side=buy rank=14 quantity=0
S3_RESIDUAL side=buy rank=15 quantity=0
S3_RESIDUAL side=sell rank=5 quantity=0
S3_RESIDUAL side=sell rank=7 quantity=0
S3_RESIDUAL side=sell rank=9 quantity=0
S3_RESIDUAL side=sell rank=10 quantity=0
S3_RESIDUAL side=sell rank=2 quantity=130289
S3_RESIDUAL side=sell rank=6 quantity=665176
S3_RESIDUAL side=sell rank=0 quantity=0
S3_RESIDUAL side=sell rank=4 quantity=195782
S3_RESIDUAL side=sell rank=3 quantity=125132
S3_RESIDUAL side=sell rank=8 quantity=755529
S3_RESIDUAL side=sell rank=1 quantity=181139
S3_RESIDUAL side=sell rank=11 quantity=0
S3_RESIDUAL side=sell rank=12 quantity=0
S3_RESIDUAL side=sell rank=13 quantity=0
S3_RESIDUAL side=sell rank=14 quantity=0
S3_RESIDUAL side=sell rank=15 quantity=0
The following benchmarks are including preprocessing (offline phase).
Time = 2.47552 seconds 
Data sent = 56.5948 MB in ~14142 rounds (party 0 only; use '-v' for more details)
Global data sent = 169.464 MB (all parties)
This program might benefit from some protocol options.
Consider adding the following at the beginning of your code:
	program.use_edabit(True)
