Using statistical security parameter 40
Trying to run 255-bit computation (256-bit representation)
S3_FMATCH_TEST valid=1 commitment=-25310085037530831923366637834909441560050118476185614838493103955441916252603 aggregate_quantity=4173990 aggregate_settlement=2033210115322
S3_MATCH slot=0 active=1 buy_rank=9 sell_rank=7 price=390628 quantity=398262 settlement=155572288536 buy_residual=0 sell_residual=68485
S3_MATCH slot=1 active=1 buy_rank=1 sell_rank=7 price=421137 quantity=68485 settlement=28841567445 buy_residual=624632 sell_residual=0
S3_MATCH slot=2 active=1 buy_rank=1 sell_rank=10 price=519493 quantity=278682 settlement=144773348226 buy_residual=345950 sell_residual=0
S3_MATCH slot=3 active=1 buy_rank=1 sell_rank=6 price=485793 quantity=345950 settlement=168060088350 buy_residual=0 sell_residual=475695
S3_MATCH slot=4 active=1 buy_rank=7 sell_rank=6 price=465277 quantity=384555 settlement=178924596735 buy_residual=0 sell_residual=91140
S3_MATCH slot=5 active=1 buy_rank=13 sell_rank=6 price=380228 quantity=91140 settlement=34653979920 buy_residual=830697 sell_residual=0
S3_MATCH slot=6 active=1 buy_rank=13 sell_rank=1 price=315122 quantity=44841 settlement=14130385602 buy_residual=785856 sell_residual=0
S3_MATCH slot=7 active=1 buy_rank=13 sell_rank=0 price=268746 quantity=33855 settlement=9098395830 buy_residual=752001 sell_residual=0
S3_MATCH slot=8 active=1 buy_rank=13 sell_rank=4 price=292704 quantity=694197 settlement=203194238688 buy_residual=57804 sell_residual=0
S3_MATCH slot=9 active=1 buy_rank=13 sell_rank=2 price=655151 quantity=57804 settlement=37870348404 buy_residual=0 sell_residual=849164
S3_MATCH slot=10 active=1 buy_rank=12 sell_rank=2 price=884040 quantity=58114 settlement=51375100560 buy_residual=0 sell_residual=791050
S3_MATCH slot=11 active=1 buy_rank=3 sell_rank=8 price=239723 quantity=207222 settlement=49675879506 buy_residual=0 sell_residual=587809
S3_MATCH slot=12 active=1 buy_rank=10 sell_rank=8 price=627178 quantity=587809 settlement=368660873002 buy_residual=13290 sell_residual=0
S3_MATCH slot=13 active=1 buy_rank=10 sell_rank=9 price=651564 quantity=13290 settlement=8659285560 buy_residual=0 sell_residual=494976
S3_MATCH slot=14 active=1 buy_rank=14 sell_rank=9 price=588417 quantity=281611 settlement=165704699787 buy_residual=0 sell_residual=213365
S3_MATCH slot=15 active=1 buy_rank=11 sell_rank=9 price=621592 quantity=213365 settlement=132625977080 buy_residual=414808 sell_residual=0
S3_MATCH slot=16 active=1 buy_rank=11 sell_rank=3 price=666222 quantity=133673 settlement=89055893406 buy_residual=281135 sell_residual=0
S3_MATCH slot=17 active=1 buy_rank=11 sell_rank=5 price=684131 quantity=281135 settlement=192333168685 buy_residual=0 sell_residual=332497
S3_MATCH slot=18 active=0 buy_rank=0 sell_rank=0 price=0 quantity=0 settlement=0 buy_residual=0 sell_residual=0
S3_MATCH slot=19 active=0 buy_rank=0 sell_rank=0 price=0 quantity=0 settlement=0 buy_residual=0 sell_residual=0
S3_MATCH slot=20 active=0 buy_rank=0 sell_rank=0 price=0 quantity=0 settlement=0 buy_residual=0 sell_residual=0
S3_MATCH slot=21 active=0 buy_rank=0 sell_rank=0 price=0 quantity=0 settlement=0 buy_residual=0 sell_residual=0
S3_MATCH slot=22 active=0 buy_rank=0 sell_rank=0 price=0 quantity=0 settlement=0 buy_residual=0 sell_residual=0
S3_MATCH slot=23 active=0 buy_rank=0 sell_rank=0 price=0 quantity=0 settlement=0 buy_residual=0 sell_residual=0
S3_MATCH slot=24 active=0 buy_rank=0 sell_rank=0 price=0 quantity=0 settlement=0 buy_residual=0 sell_residual=0
S3_MATCH slot=25 active=0 buy_rank=0 sell_rank=0 price=0 quantity=0 settlement=0 buy_residual=0 sell_residual=0
S3_MATCH slot=26 active=0 buy_rank=0 sell_rank=0 price=0 quantity=0 settlement=0 buy_residual=0 sell_residual=0
S3_MATCH slot=27 active=0 buy_rank=0 sell_rank=0 price=0 quantity=0 settlement=0 buy_residual=0 sell_residual=0
S3_MATCH slot=28 active=0 buy_rank=0 sell_rank=0 price=0 quantity=0 settlement=0 buy_residual=0 sell_residual=0
S3_MATCH slot=29 active=0 buy_rank=0 sell_rank=0 price=0 quantity=0 settlement=0 buy_residual=0 sell_residual=0
S3_MATCH slot=30 active=0 buy_rank=0 sell_rank=0 price=0 quantity=0 settlement=0 buy_residual=0 sell_residual=0
S3_RESIDUAL side=buy rank=9 quantity=0
S3_RESIDUAL side=buy rank=1 quantity=0
S3_RESIDUAL side=buy rank=7 quantity=0
S3_RESIDUAL side=buy rank=13 quantity=0
S3_RESIDUAL side=buy rank=12 quantity=0
S3_RESIDUAL side=buy rank=3 quantity=0
S3_RESIDUAL side=buy rank=10 quantity=0
S3_RESIDUAL side=buy rank=14 quantity=0
S3_RESIDUAL side=buy rank=11 quantity=0
S3_RESIDUAL side=buy rank=8 quantity=141197
S3_RESIDUAL side=buy rank=5 quantity=823260
S3_RESIDUAL side=buy rank=15 quantity=796239
S3_RESIDUAL side=buy rank=4 quantity=480349
S3_RESIDUAL side=buy rank=2 quantity=190015
S3_RESIDUAL side=buy rank=0 quantity=566327
S3_RESIDUAL side=buy rank=6 quantity=197702
S3_RESIDUAL side=sell rank=7 quantity=0
S3_RESIDUAL side=sell rank=10 quantity=0
S3_RESIDUAL side=sell rank=6 quantity=0
S3_RESIDUAL side=sell rank=1 quantity=0
S3_RESIDUAL side=sell rank=0 quantity=0
S3_RESIDUAL side=sell rank=4 quantity=0
S3_RESIDUAL side=sell rank=2 quantity=791050
S3_RESIDUAL side=sell rank=8 quantity=0
S3_RESIDUAL side=sell rank=9 quantity=0
S3_RESIDUAL side=sell rank=3 quantity=0
S3_RESIDUAL side=sell rank=5 quantity=332497
S3_RESIDUAL side=sell rank=11 quantity=0
S3_RESIDUAL side=sell rank=12 quantity=0
S3_RESIDUAL side=sell rank=13 quantity=0
S3_RESIDUAL side=sell rank=14 quantity=0
S3_RESIDUAL side=sell rank=15 quantity=0
The following benchmarks are including preprocessing (offline phase).
Time = 2.58148 seconds 
Data sent = 56.5948 MB in ~14142 rounds (party 0 only; use '-v' for more details)
Global data sent = 169.464 MB (all parties)
This program might benefit from some protocol options.
Consider adding the following at the beginning of your code:
	program.use_edabit(True)
