Using statistical security parameter 40
Trying to run 255-bit computation (256-bit representation)
S3_FMATCH_TEST valid=1 commitment=5029741690686044488447236804135876056829066955163270685524587991612655142832 aggregate_quantity=2183992 aggregate_settlement=731443287603
S3_MATCH slot=0 active=1 buy_rank=5 sell_rank=4 price=626979 quantity=47783 settlement=29958937557 buy_residual=0 sell_residual=152610
S3_MATCH slot=1 active=1 buy_rank=7 sell_rank=4 price=501255 quantity=152610 settlement=76496525550 buy_residual=707555 sell_residual=0
S3_MATCH slot=2 active=1 buy_rank=7 sell_rank=1 price=592411 quantity=635744 settlement=376621738784 buy_residual=71811 sell_residual=0
S3_MATCH slot=3 active=1 buy_rank=7 sell_rank=9 price=563332 quantity=71811 settlement=40453434252 buy_residual=0 sell_residual=154619
S3_MATCH slot=4 active=1 buy_rank=4 sell_rank=10 price=165343 quantity=528007 settlement=87302261401 buy_residual=445775 sell_residual=0
S3_MATCH slot=5 active=1 buy_rank=4 sell_rank=0 price=143777 quantity=445775 settlement=64092192175 buy_residual=0 sell_residual=173654
S3_MATCH slot=6 active=1 buy_rank=1 sell_rank=0 price=183930 quantity=173654 settlement=31940180220 buy_residual=128608 sell_residual=0
S3_MATCH slot=7 active=1 buy_rank=1 sell_rank=2 price=191108 quantity=128608 settlement=24578017664 buy_residual=0 sell_residual=270407
S3_MATCH slot=8 active=0 buy_rank=0 sell_rank=0 price=0 quantity=0 settlement=0 buy_residual=0 sell_residual=0
S3_MATCH slot=9 active=0 buy_rank=0 sell_rank=0 price=0 quantity=0 settlement=0 buy_residual=0 sell_residual=0
S3_MATCH slot=10 active=0 buy_rank=0 sell_rank=0 price=0 quantity=0 settlement=0 buy_residual=0 sell_residual=0
S3_MATCH slot=11 active=0 buy_rank=0 sell_rank=0 price=0 quantity=0 settlement=0 buy_residual=0 sell_residual=0
S3_MATCH slot=12 active=0 buy_rank=0 sell_rank=0 price=0 quantity=0 settlement=0 buy_residual=0 sell_residual=0
S3_MATCH slot=13 active=0 buy_rank=0 sell_rank=0 price=0 quantity=0 settlement=0 buy_residual=0 sell_residual=0
S3_MATCH slot=14 active=0 buy_rank=0 sell_rank=0 price=0 quantity=0 settlement=0 buy_residual=0 sell_residual=0
S3_MATCH slot=15 active=0 buy_rank=0 sell_rank=0 price=0 quantity=0 settlement=0 buy_residual=0 sell_residual=0
S3_MATCH slot=16 active=0 buy_rank=0 sell_rank=0 price=0 quantity=0 settlement=0 buy_residual=0 sell_residual=0
S3_MATCH slot=17 active=0 buy_rank=0 sell_rank=0 price=0 quantity=0 settlement=0 buy_residual=0 sell_residual=0
S3_MATCH slot=18 active=0 buy_rank=0 sell_rank=0 price=0 quantity=0 settlement=0 buy_residual=0 sell_residual=0
S3_MATCH slot=19 active=0 buy_rank=0 sell_rank=0 price=0 quantity=0 settlement=0 buy_residual=0 sell_residual=0
S3_MATCH slot=20 active=0 buy_rank=0 sell_rank=0 price=0 quantity=0 settlement=0 buy_residual=0 sell_residual=0
S3_MATCH slot=21 active=0 buy_rank=0 sell_rank=0 price=0 quantity=0 settlement=0 buy_residual=0 sell_residual=0
S3_MATCH slot=22 active=0 buy_rank=0 sell_rank=0 price=0 quantity=0 settlement=0 buy_residual=0 sell_residual=0
S3_MATCH slot=23 active=0 buy_rank=0 sell_rank=0 price=0 quantity=0 settlement=0 buy_residual=0 sell_residual=0
S3_MATCH slot=24 active=0 buy_rank=0 sell_rank=0 price=0 quantity=0 settlement=0 buy_residual=0 sell_residual=0
S3_MATCH slot=25 active=0 buy_rank=0 sell_rank=0 price=0 quantity=0 settlement=0 buy_residual=0 sell_residual=0
S3_MATCH slot=26 active=0 buy_rank=0 sell_rank=0 price=0 quantity=0 settlement=0 buy_residual=0 sell_residual=0
S3_MATCH slot=27 active=0 buy_rank=0 sell_rank=0 price=0 quantity=0 settlement=0 buy_residual=0 sell_residual=0
S3_MATCH slot=28 active=0 buy_rank=0 sell_rank=0 price=0 quantity=0 settlement=0 buy_residual=0 sell_residual=0
S3_MATCH slot=29 active=0 buy_rank=0 sell_rank=0 price=0 quantity=0 settlement=0 buy_residual=0 sell_residual=0
S3_MATCH slot=30 active=0 buy_rank=0 sell_rank=0 price=0 quantity=0 settlement=0 buy_residual=0 sell_residual=0
S3_RESIDUAL side=buy rank=5 quantity=0
S3_RESIDUAL side=buy rank=7 quantity=0
S3_RESIDUAL side=buy rank=4 quantity=0
S3_RESIDUAL side=buy rank=1 quantity=0
S3_RESIDUAL side=buy rank=6 quantity=203140
S3_RESIDUAL side=buy rank=0 quantity=812523
S3_RESIDUAL side=buy rank=3 quantity=44242
S3_RESIDUAL side=buy rank=2 quantity=633682
S3_RESIDUAL side=buy rank=8 quantity=0
S3_RESIDUAL side=buy rank=9 quantity=0
S3_RESIDUAL side=buy rank=10 quantity=0
S3_RESIDUAL side=buy rank=11 quantity=0
S3_RESIDUAL side=buy rank=12 quantity=0
S3_RESIDUAL side=buy rank=13 quantity=0
S3_RESIDUAL side=buy rank=14 quantity=0
S3_RESIDUAL side=buy rank=15 quantity=0
S3_RESIDUAL side=sell rank=4 quantity=0
S3_RESIDUAL side=sell rank=1 quantity=0
S3_RESIDUAL side=sell rank=9 quantity=154619
S3_RESIDUAL side=sell rank=5 quantity=688330
S3_RESIDUAL side=sell rank=10 quantity=0
S3_RESIDUAL side=sell rank=7 quantity=647255
S3_RESIDUAL side=sell rank=6 quantity=627898
S3_RESIDUAL side=sell rank=0 quantity=0
S3_RESIDUAL side=sell rank=3 quantity=400201
S3_RESIDUAL side=sell rank=2 quantity=270407
S3_RESIDUAL side=sell rank=11 quantity=685336
S3_RESIDUAL side=sell rank=8 quantity=912283
S3_RESIDUAL side=sell rank=12 quantity=0
S3_RESIDUAL side=sell rank=13 quantity=0
S3_RESIDUAL side=sell rank=14 quantity=0
S3_RESIDUAL side=sell rank=15 quantity=0
The following benchmarks are including preprocessing (offline phase).
Time = 2.6505 seconds 
Data sent = 56.5948 MB in ~14142 rounds (party 0 only; use '-v' for more details)
Global data sent = 169.464 MB (all parties)
This program might benefit from some protocol options.
Consider adding the following at the beginning of your code:
	program.use_edabit(True)
