Using statistical security parameter 40
Trying to run 255-bit computation (256-bit representation)
S3_FMATCH_TEST valid=1 commitment=17053609660761998941044703163927775312363252538510219446744947459944487012584 aggregate_quantity=1897007 aggregate_settlement=651373998437
S3_MATCH slot=0 active=1 buy_rank=13 sell_rank=10 price=378762 quantity=283200 settlement=107265398400 buy_residual=0 sell_residual=6710
S3_MATCH slot=1 active=1 buy_rank=5 sell_rank=10 price=322094 quantity=6710 settlement=2161250740 buy_residual=256417 sell_residual=0
S3_MATCH slot=2 active=1 buy_rank=5 sell_rank=1 price=420675 quantity=256417 settlement=107868221475 buy_residual=0 sell_residual=68952
S3_MATCH slot=3 active=1 buy_rank=9 sell_rank=1 price=519017 quantity=68952 settlement=35787260184 buy_residual=522797 sell_residual=0
S3_MATCH slot=4 active=1 buy_rank=9 sell_rank=0 price=646284 quantity=139310 settlement=90033824040 buy_residual=383487 sell_residual=0
S3_MATCH slot=5 active=1 buy_rank=9 sell_rank=4 price=428672 quantity=22649 settlement=9708992128 buy_residual=360838 sell_residual=0
S3_MATCH slot=6 active=1 buy_rank=9 sell_rank=5 price=438220 quantity=348402 settlement=152676724440 buy_residual=12436 sell_residual=0
S3_MATCH slot=7 active=1 buy_rank=9 sell_rank=2 price=255634 quantity=12436 settlement=3179064424 buy_residual=0 sell_residual=758931
S3_MATCH slot=8 active=1 buy_rank=1 sell_rank=2 price=204322 quantity=136217 settlement=27832129874 buy_residual=0 sell_residual=622714
S3_MATCH slot=9 active=1 buy_rank=14 sell_rank=2 price=183576 quantity=114532 settlement=21025326432 buy_residual=0 sell_residual=508182
S3_MATCH slot=10 active=1 buy_rank=0 sell_rank=2 price=184650 quantity=508182 settlement=93835806300 buy_residual=437652 sell_residual=0
S3_MATCH slot=11 active=0 buy_rank=0 sell_rank=0 price=0 quantity=0 settlement=0 buy_residual=0 sell_residual=0
S3_MATCH slot=12 active=0 buy_rank=0 sell_rank=0 price=0 quantity=0 settlement=0 buy_residual=0 sell_residual=0
S3_MATCH slot=13 active=0 buy_rank=0 sell_rank=0 price=0 quantity=0 settlement=0 buy_residual=0 sell_residual=0
S3_MATCH slot=14 active=0 buy_rank=0 sell_rank=0 price=0 quantity=0 settlement=0 buy_residual=0 sell_residual=0
S3_MATCH slot=15 active=0 buy_rank=0 sell_rank=0 price=0 quantity=0 settlement=0 buy_residual=0 sell_residual=0
S3_MATCH slot=16 active=0 buy_rank=0 sell_rank=0 price=0 quantity=0 settlement=0 buy_residual=0 sell_residual=0
S3_MATCH slot=17 active=0 buy_rank=0 sell_rank=0 price=0 quantity=0 settlement=0 buy_residual=0 sell_residual=0
S3_MATCH slot=18 active=0 buy_rank=0 sell_rank=0 price=0 quantity=0 settlement=0 buy_residual=0 sell_residual=0
S3_MATCH slot=19 active=0 buy_rank=0 sell_rank=0 price=0 quantity=0 settlement=0 buy_residual=0 sell_residual=0
S3_MATCH slot=20 active=0 buy_rank=0 sell_rank=0 price=0 quantity=0 settlement=0 buy_residual=0 sell_residual=0
S3_MATCH slot=21 active=0 buy_rank=0 sell_rank=0 price=0 quantity=0 settlement=0 buy_residual=0 sell_residual=0
S3_MATCH slot=22 active=0 buy_rank=0 sell_rank=0 price=0 quantity=0 settlement=0 buy_residual=0 sell_residual=0
S3_MATCH slot=23 active=0 buy_rank=0 sell_rank=0 price=0 quantity=0 settlement=0 buy_residual=0 sell_residual=0
S3_MATCH slot=24 active=0 buy_rank=0 sell_rank=0 price=0 quantity=0 settlement=0 buy_residual=0 sell_residual=0
S3_MATCH slot=25 active=0 buy_rank=0 sell_rank=0 price=0 quantity=0 settlement=0 buy_residual=0 sell_residual=0
S3_MATCH slot=26 active=0 buy_rank=0 sell_rank=0 price=0 quantity=0 settlement=0 buy_residual=0 sell_residual=0
S3_MATCH slot=27 active=0 buy_rank=0 sell_rank=0 price=0 quantity=0 settlement=0 buy_residual=0 sell_residual=0
S3_MATCH slot=28 active=0 buy_rank=0 sell_rank=0 price=0 quantity=0 settlement=0 buy_residual=0 sell_residual=0
S3_MATCH slot=29 active=0 buy_rank=0 sell_rank=0 price=0 quantity=0 settlement=0 buy_residual=0 sell_residual=0
S3_MATCH slot=30 active=0 buy_rank=0 sell_rank=0 price=0 quantity=0 settlement=0 buy_residual=0 sell_residual=0
S3_MATCH slot=31 active=0 buy_rank=0 sell_rank=0 price=0 quantity=0 settlement=0 buy_residual=0 sell_residual=0
S3_MATCH slot=32 active=0 buy_rank=0 sell_rank=0 price=0 quantity=0 settlement=0 buy_residual=0 sell_residual=0
S3_MATCH slot=33 active=0 buy_rank=0 sell_rank=0 price=0 quantity=0 settlement=0 buy_residual=0 sell_residual=0
S3_MATCH slot=34 active=0 buy_rank=0 sell_rank=0 price=0 quantity=0 settlement=0 buy_residual=0 sell_residual=0
S3_MATCH slot=35 active=0 buy_rank=0 sell_rank=0 price=0 quantity=0 settlement=0 buy_residual=0 sell_residual=0
S3_MATCH slot=36 active=0 buy_rank=0 sell_rank=0 price=0 quantity=0 settlement=0 buy_residual=0 sell_residual=0
S3_MATCH slot=37 active=0 buy_rank=0 sell_rank=0 price=0 quantity=0 settlement=0 buy_residual=0 sell_residual=0
S3_MATCH slot=38 active=0 buy_rank=0 sell_rank=0 price=0 quantity=0 settlement=0 buy_residual=0 sell_residual=0
S3_MATCH slot=39 active=0 buy_rank=0 sell_rank=0 price=0 quantity=0 settlement=0 buy_residual=0 sell_residual=0
S3_MATCH slot=40 active=0 buy_rank=0 sell_rank=0 price=0 quantity=0 settlement=0 buy_residual=0 sell_residual=0
S3_MATCH slot=41 active=0 buy_rank=0 sell_rank=0 price=0 quantity=0 settlement=0 buy_residual=0 sell_residual=0
S3_MATCH slot=42 active=0 buy_rank=0 sell_rank=0 price=0 quantity=0 settlement=0 buy_residual=0 sell_residual=0
S3_MATCH slot=43 active=0 buy_rank=0 sell_rank=0 price=0 quantity=0 settlement=0 buy_residual=0 sell_residual=0
S3_MATCH slot=44 active=0 buy_rank=0 sell_rank=0 price=0 quantity=0 settlement=0 buy_residual=0 sell_residual=0
S3_MATCH slot=45 active=0 buy_rank=0 sell_rank=0 price=0 quantity=0 settlement=0 buy_residual=0 sell_residual=0
S3_MATCH slot=46 active=0 buy_rank=0 sell_rank=0 price=0 quantity=0 settlement=0 buy_residual=0 sell_residual=0
S3_MATCH slot=47 active=0 buy_rank=0 sell_rank=0 price=0 quantity=0 settlement=0 buy_residual=0 sell_residual=0
S3_MATCH slot=48 active=0 buy_rank=0 sell_rank=0 price=0 quantity=0 settlement=0 buy_residual=0 sell_residual=0
S3_MATCH slot=49 active=0 buy_rank=0 sell_rank=0 price=0 quantity=0 settlement=0 buy_residual=0 sell_residual=0
S3_MATCH slot=50 active=0 buy_rank=0 sell_rank=0 price=0 quantity=0 settlement=0 buy_residual=0 sell_residual=0
S3_MATCH slot=51 active=0 buy_rank=0 sell_rank=0 price=0 quantity=0 settlement=0 buy_residual=0 sell_residual=0
S3_MATCH slot=52 active=0 buy_rank=0 sell_rank=0 price=0 quantity=0 settlement=0 buy_residual=0 sell_residual=0
S3_MATCH slot=53 active=0 buy_rank=0 sell_rank=0 price=0 quantity=0 settlement=0 buy_residual=0 sell_residual=0
S3_MATCH slot=54 active=0 buy_rank=0 sell_rank=0 price=0 quantity=0 settlement=0 buy_residual=0 sell_residual=0
S3_MATCH slot=55 active=0 buy_rank=0 sell_rank=0 price=0 quantity=0 settlement=0 buy_residual=0 sell_residual=0
S3_MATCH slot=56 active=0 buy_rank=0 sell_rank=0 price=0 quantity=0 settlement=0 buy_residual=0 sell_residual=0
S3_MATCH slot=57 active=0 buy_rank=0 sell_rank=0 price=0 quantity=0 settlement=0 buy_residual=0 sell_residual=0
S3_MATCH slot=58 active=0 buy_rank=0 sell_rank=0 price=0 quantity=0 settlement=0 buy_residual=0 sell_residual=0
S3_MATCH slot=59 active=0 buy_rank=0 sell_rank=0 price=0 quantity=0 settlement=0 buy_residual=0 sell_residual=0
S3_MATCH slot=60 active=0 buy_rank=0 sell_rank=0 price=0 quantity=0 settlement=0 buy_residual=0 sell_residual=0
S3_MATCH slot=61 active=0 buy_rank=0 sell_rank=0 price=0 quantity=0 settlement=0 buy_residual=0 sell_residual=0
S3_MATCH slot=62 active=0 buy_rank=0 sell_rank=0 price=0 quantity=0 settlement=0 buy_residual=0 sell_residual=0
S3_RESIDUAL side=buy rank=13 quantity=0
S3_RESIDUAL side=buy rank=5 quantity=0
S3_RESIDUAL side=buy rank=9 quantity=0
S3_RESIDUAL side=buy rank=1 quantity=0
S3_RESIDUAL side=buy rank=14 quantity=0
S3_RESIDUAL side=buy rank=0 quantity=437652
S3_RESIDUAL side=buy rank=4 quantity=467433
S3_RESIDUAL side=buy rank=15 quantity=858874
S3_RESIDUAL side=buy rank=8 quantity=883552
S3_RESIDUAL side=buy rank=2 quantity=378045
S3_RESIDUAL side=buy rank=6 quantity=313880
S3_RESIDUAL side=buy rank=10 quantity=108054
S3_RESIDUAL side=buy rank=3 quantity=161038
S3_RESIDUAL side=buy rank=12 quantity=70490
S3_RESIDUAL side=buy rank=7 quantity=61984
S3_RESIDUAL side=buy rank=16 quantity=698829
S3_RESIDUAL side=buy rank=11 quantity=52622
S3_RESIDUAL side=buy rank=17 quantity=0
S3_RESIDUAL side=buy rank=18 quantity=0
S3_RESIDUAL side=buy rank=19 quantity=0
S3_RESIDUAL side=buy rank=20 quantity=0
S3_RESIDUAL side=buy rank=21 quantity=0
S3_RESIDUAL side=buy rank=22 quantity=0
S3_RESIDUAL side=buy rank=23 quantity=0
S3_RESIDUAL side=buy rank=24 quantity=0
S3_RESIDUAL side=buy rank=25 quantity=0
S3_RESIDUAL side=buy rank=26 quantity=0
S3_RESIDUAL side=buy rank=27 quantity=0
S3_RESIDUAL side=buy rank=28 quantity=0
S3_RESIDUAL side=buy rank=29 quantity=0
S3_RESIDUAL side=buy rank=30 quantity=0
S3_RESIDUAL side=buy rank=31 quantity=0
S3_RESIDUAL side=sell rank=10 quantity=0
S3_RESIDUAL side=sell rank=1 quantity=0
S3_RESIDUAL side=sell rank=0 quantity=0
S3_RESIDUAL side=sell rank=4 quantity=0
S3_RESIDUAL side=sell rank=5 quantity=0
S3_RESIDUAL side=sell rank=2 quantity=0
S3_RESIDUAL side=sell rank=3 quantity=276787
S3_RESIDUAL side=sell rank=7 quantity=875490
S3_RESIDUAL side=sell rank=8 quantity=969990
S3_RESIDUAL side=sell rank=9 quantity=179969
S3_RESIDUAL side=sell rank=6 quantity=867152
S3_RESIDUAL side=sell rank=11 quantity=0
S3_RESIDUAL side=sell rank=12 quantity=0
S3_RESIDUAL side=sell rank=13 quantity=0
S3_RESIDUAL side=sell rank=14 quantity=0
S3_RESIDUAL side=sell rank=15 quantity=0
S3_RESIDUAL side=sell rank=16 quantity=0
S3_RESIDUAL side=sell rank=17 quantity=0
S3_RESIDUAL side=sell rank=18 quantity=0
S3_RESIDUAL side=sell rank=19 quantity=0
S3_RESIDUAL side=sell rank=20 quantity=0
S3_RESIDUAL side=sell rank=21 quantity=0
S3_RESIDUAL side=sell rank=22 quantity=0
S3_RESIDUAL side=sell rank=23 quantity=0
S3_RESIDUAL side=sell rank=24 quantity=0
S3_RESIDUAL side=sell rank=25 quantity=0
S3_RESIDUAL side=sell rank=26 quantity=0
S3_RESIDUAL side=sell rank=27 quantity=0
S3_RESIDUAL side=sell rank=28 quantity=0
S3_RESIDUAL side=sell rank=29 quantity=0
S3_RESIDUAL side=sell rank=30 quantity=0
S3_RESIDUAL side=sell rank=31 quantity=0
The following benchmarks are including preprocessing (offline phase).
Time = 5.34782 seconds 
Data sent = 124.617 MB in ~31011 rounds (party 0 only; use '-v' for more details)
Global data sent = 373.531 MB (all parties)
This program might benefit from some protocol options.
Consider adding the following at the beginning of your code:
	program.use_edabit(True)
