Using statistical security parameter 40
Trying to run 255-bit computation (256-bit representation)
S3_FMATCH_TEST valid=1 commitment=25419189709438859806260212913794067408886975449133219651158793850195189081015 aggregate_quantity=3102450 aggregate_settlement=1037511200775
S3_MATCH slot=0 active=1 buy_rank=3 sell_rank=0 price=365660 quantity=51414 settlement=18800043240 buy_residual=45531 sell_residual=0
S3_MATCH slot=1 active=1 buy_rank=3 sell_rank=1 price=328556 quantity=45531 settlement=14959483236 buy_residual=0 sell_residual=844137
S3_MATCH slot=2 active=1 buy_rank=0 sell_rank=1 price=343554 quantity=844137 settlement=290006642898 buy_residual=116325 sell_residual=0
S3_MATCH slot=3 active=1 buy_rank=0 sell_rank=12 price=482418 quantity=116325 settlement=56117273850 buy_residual=0 sell_residual=92110
S3_MATCH slot=4 active=1 buy_rank=5 sell_rank=12 price=587866 quantity=92110 settlement=54148337260 buy_residual=341123 sell_residual=0
S3_MATCH slot=5 active=1 buy_rank=5 sell_rank=10 price=565358 quantity=297592 settlement=168246017936 buy_residual=43531 sell_residual=0
S3_MATCH slot=6 active=1 buy_rank=5 sell_rank=5 price=469834 quantity=43531 settlement=20452343854 buy_residual=0 sell_residual=684664
S3_MATCH slot=7 active=1 buy_rank=4 sell_rank=5 price=522580 quantity=535565 settlement=279875557700 buy_residual=0 sell_residual=149099
S3_MATCH slot=8 active=1 buy_rank=1 sell_rank=2 price=82397 quantity=418628 settlement=34493691316 buy_residual=0 sell_residual=464271
S3_MATCH slot=9 active=1 buy_rank=6 sell_rank=2 price=148796 quantity=464271 settlement=69081667716 buy_residual=193346 sell_residual=0
S3_MATCH slot=10 active=1 buy_rank=6 sell_rank=7 price=199512 quantity=78017 settlement=15565327704 buy_residual=115329 sell_residual=0
S3_MATCH slot=11 active=1 buy_rank=6 sell_rank=3 price=133313 quantity=106403 settlement=14184903139 buy_residual=8926 sell_residual=0
S3_MATCH slot=12 active=1 buy_rank=6 sell_rank=11 price=177001 quantity=8926 settlement=1579910926 buy_residual=0 sell_residual=456460
S3_MATCH slot=13 active=0 buy_rank=0 sell_rank=0 price=0 quantity=0 settlement=0 buy_residual=0 sell_residual=0
S3_MATCH slot=14 active=0 buy_rank=0 sell_rank=0 price=0 quantity=0 settlement=0 buy_residual=0 sell_residual=0
S3_MATCH slot=15 active=0 buy_rank=0 sell_rank=0 price=0 quantity=0 settlement=0 buy_residual=0 sell_residual=0
S3_MATCH slot=16 active=0 buy_rank=0 sell_rank=0 price=0 quantity=0 settlement=0 buy_residual=0 sell_residual=0
S3_MATCH slot=17 active=0 buy_rank=0 sell_rank=0 price=0 quantity=0 settlement=0 buy_residual=0 sell_residual=0
S3_MATCH slot=18 active=0 buy_rank=0 sell_rank=0 price=0 quantity=0 settlement=0 buy_residual=0 sell_residual=0
S3_MATCH slot=19 active=0 buy_rank=0 sell_rank=0 price=0 quantity=0 settlement=0 buy_residual=0 sell_residual=0
S3_MATCH slot=20 active=0 buy_rank=0 sell_rank=0 price=0 quantity=0 settlement=0 buy_residual=0 sell_residual=0
S3_MATCH slot=21 active=0 buy_rank=0 sell_rank=0 price=0 quantity=0 settlement=0 buy_residual=0 sell_residual=0
S3_MATCH slot=22 active=0 buy_rank=0 sell_rank=0 price=0 quantity=0 settlement=0 buy_residual=0 sell_residual=0
S3_MATCH slot=23 active=0 buy_rank=0 sell_rank=0 price=0 quantity=0 settlement=0 buy_residual=0 sell_residual=0
S3_MATCH slot=24 active=0 buy_rank=0 sell_rank=0 price=0 quantity=0 settlement=0 buy_residual=0 sell_residual=0
S3_MATCH slot=25 active=0 buy_rank=0 sell_rank=0 price=0 quantity=0 settlement=0 buy_residual=0 sell_residual=0
S3_MATCH slot=26 active=0 buy_rank=0 sell_rank=0 price=0 quantity=0 settlement=0 buy_residual=0 sell_residual=0
S3_MATCH slot=27 active=0 buy_rank=0 sell_rank=0 price=0 quantity=0 settlement=0 buy_residual=0 sell_residual=0
S3_MATCH slot=28 active=0 buy_rank=0 sell_rank=0 price=0 quantity=0 settlement=0 buy_residual=0 sell_residual=0
S3_MATCH slot=29 active=0 buy_rank=0 sell_rank=0 price=0 quantity=0 settlement=0 buy_residual=0 sell_residual=0
S3_MATCH slot=30 active=0 buy_rank=0 sell_rank=0 price=0 quantity=0 settlement=0 buy_residual=0 sell_residual=0
S3_RESIDUAL side=buy rank=3 quantity=0
S3_RESIDUAL side=buy rank=0 quantity=0
S3_RESIDUAL side=buy rank=5 quantity=0
S3_RESIDUAL side=buy rank=4 quantity=0
S3_RESIDUAL side=buy rank=1 quantity=0
S3_RESIDUAL side=buy rank=6 quantity=0
S3_RESIDUAL side=buy rank=2 quantity=413528
S3_RESIDUAL side=buy rank=7 quantity=0
S3_RESIDUAL side=buy rank=8 quantity=0
S3_RESIDUAL side=buy rank=9 quantity=0
S3_RESIDUAL side=buy rank=10 quantity=0
S3_RESIDUAL side=buy rank=11 quantity=0
S3_RESIDUAL side=buy rank=12 quantity=0
S3_RESIDUAL side=buy rank=13 quantity=0
S3_RESIDUAL side=buy rank=14 quantity=0
S3_RESIDUAL side=buy rank=15 quantity=0
S3_RESIDUAL side=sell rank=0 quantity=0
S3_RESIDUAL side=sell rank=1 quantity=0
S3_RESIDUAL side=sell rank=12 quantity=0
S3_RESIDUAL side=sell rank=10 quantity=0
S3_RESIDUAL side=sell rank=5 quantity=149099
S3_RESIDUAL side=sell rank=2 quantity=0
S3_RESIDUAL side=sell rank=7 quantity=0
S3_RESIDUAL side=sell rank=3 quantity=0
S3_RESIDUAL side=sell rank=8 quantity=246677
S3_RESIDUAL side=sell rank=11 quantity=456460
S3_RESIDUAL side=sell rank=13 quantity=554918
S3_RESIDUAL side=sell rank=9 quantity=390444
S3_RESIDUAL side=sell rank=6 quantity=463177
S3_RESIDUAL side=sell rank=4 quantity=764072
S3_RESIDUAL side=sell rank=14 quantity=0
S3_RESIDUAL side=sell rank=15 quantity=0
The following benchmarks are including preprocessing (offline phase).
Time = 2.47469 seconds 
Data sent = 56.5948 MB in ~14142 rounds (party 0 only; use '-v' for more details)
Global data sent = 169.464 MB (all parties)
This program might benefit from some protocol options.
Consider adding the following at the beginning of your code:
	program.use_edabit(True)
