Using statistical security parameter 40
Trying to run 255-bit computation (256-bit representation)
S3_FMATCH_TEST valid=1 commitment=4881181036848168138028025241858895423528230744021079063859124784137291843167 aggregate_quantity=6519909 aggregate_settlement=3270253261663
S3_MATCH slot=0 active=1 buy_rank=2 sell_rank=24 price=404792 quantity=24546 settlement=9936024432 buy_residual=0 sell_residual=615219
S3_MATCH slot=1 active=1 buy_rank=5 sell_rank=24 price=442878 quantity=615219 settlement=272466960282 buy_residual=215497 sell_residual=0
S3_MATCH slot=2 active=1 buy_rank=5 sell_rank=40 price=422912 quantity=215497 settlement=91136267264 buy_residual=0 sell_residual=58716
S3_MATCH slot=3 active=1 buy_rank=4 sell_rank=40 price=639853 quantity=58716 settlement=37569608748 buy_residual=605940 sell_residual=0
S3_MATCH slot=4 active=1 buy_rank=4 sell_rank=43 price=921719 quantity=474010 settlement=436904023190 buy_residual=131930 sell_residual=0
S3_MATCH slot=5 active=1 buy_rank=4 sell_rank=16 price=953649 quantity=131930 settlement=125814912570 buy_residual=0 sell_residual=863540
S3_MATCH slot=6 active=1 buy_rank=12 sell_rank=16 price=614698 quantity=694525 settlement=426923128450 buy_residual=0 sell_residual=169015
S3_MATCH slot=7 active=1 buy_rank=9 sell_rank=16 price=856614 quantity=169015 settlement=144780615210 buy_residual=337292 sell_residual=0
S3_MATCH slot=8 active=1 buy_rank=9 sell_rank=12 price=604494 quantity=337292 settlement=203890990248 buy_residual=0 sell_residual=177088
S3_MATCH slot=9 active=1 buy_rank=6 sell_rank=12 price=173474 quantity=127186 settlement=22063464164 buy_residual=0 sell_residual=49902
S3_MATCH slot=10 active=1 buy_rank=0 sell_rank=12 price=562672 quantity=49902 settlement=28078458144 buy_residual=429846 sell_residual=0
S3_MATCH slot=11 active=1 buy_rank=0 sell_rank=25 price=748553 quantity=429846 settlement=321762512838 buy_residual=0 sell_residual=563055
S3_MATCH slot=12 active=1 buy_rank=11 sell_rank=25 price=771413 quantity=463252 settlement=357358615076 buy_residual=0 sell_residual=99803
S3_MATCH slot=13 active=1 buy_rank=13 sell_rank=31 price=177288 quantity=216482 settlement=38379660816 buy_residual=0 sell_residual=441295
S3_MATCH slot=14 active=1 buy_rank=7 sell_rank=31 price=96118 quantity=112604 settlement=10823271272 buy_residual=0 sell_residual=328691
S3_MATCH slot=15 active=1 buy_rank=3 sell_rank=31 price=324359 quantity=27603 settlement=8953281477 buy_residual=0 sell_residual=301088
S3_MATCH slot=16 active=1 buy_rank=16 sell_rank=31 price=539219 quantity=184480 settlement=99475121120 buy_residual=0 sell_residual=116608
S3_MATCH slot=17 active=1 buy_rank=17 sell_rank=31 price=157204 quantity=116608 settlement=18331244032 buy_residual=110951 sell_residual=0
S3_MATCH slot=18 active=1 buy_rank=17 sell_rank=19 price=188994 quantity=110951 settlement=20969073294 buy_residual=0 sell_residual=389892
S3_MATCH slot=19 active=1 buy_rank=15 sell_rank=19 price=217273 quantity=214670 settlement=46641994910 buy_residual=0 sell_residual=175222
S3_MATCH slot=20 active=1 buy_rank=1 sell_rank=19 price=278382 quantity=175222 settlement=48778650804 buy_residual=222077 sell_residual=0
S3_MATCH slot=21 active=1 buy_rank=1 sell_rank=34 price=368724 quantity=222077 settlement=81885119748 buy_residual=0 sell_residual=39891
S3_MATCH slot=22 active=1 buy_rank=14 sell_rank=34 price=472463 quantity=39891 settlement=18847021533 buy_residual=778425 sell_residual=0
S3_MATCH slot=23 active=1 buy_rank=14 sell_rank=21 price=358229 quantity=778425 settlement=278854409325 buy_residual=0 sell_residual=60770
S3_MATCH slot=24 active=1 buy_rank=8 sell_rank=21 price=204766 quantity=60770 settlement=12443629820 buy_residual=335965 sell_residual=0
S3_MATCH slot=25 active=1 buy_rank=8 sell_rank=1 price=246191 quantity=135022 settlement=33241201202 buy_residual=200943 sell_residual=0
S3_MATCH slot=26 active=1 buy_rank=8 sell_rank=45 price=217158 quantity=200943 settlement=43636379994 buy_residual=0 sell_residual=628924
S3_MATCH slot=27 active=1 buy_rank=10 sell_rank=45 price=227492 quantity=133225 settlement=30307621700 buy_residual=0 sell_residual=495699
S3_MATCH slot=28 active=0 buy_rank=0 sell_rank=0 price=0 quantity=0 settlement=0 buy_residual=0 sell_residual=0
S3_MATCH slot=29 active=0 buy_rank=0 sell_rank=0 price=0 quantity=0 settlement=0 buy_residual=0 sell_residual=0
S3_MATCH slot=30 active=0 buy_rank=0 sell_rank=0 price=0 quantity=0 settlement=0 buy_residual=0 sell_residual=0
S3_MATCH slot=31 active=0 buy_rank=0 sell_rank=0 price=0 quantity=0 settlement=0 buy_residual=0 sell_residual=0
S3_MATCH slot=32 active=0 buy_rank=0 sell_rank=0 price=0 quantity=0 settlement=0 buy_residual=0 sell_residual=0
S3_MATCH slot=33 active=0 buy_rank=0 sell_rank=0 price=0 quantity=0 settlement=0 buy_residual=0 sell_residual=0
S3_MATCH slot=34 active=0 buy_rank=0 sell_rank=0 price=0 quantity=0 settlement=0 buy_residual=0 sell_residual=0
S3_MATCH slot=35 active=0 buy_rank=0 sell_rank=0 price=0 quantity=0 settlement=0 buy_residual=0 sell_residual=0
S3_MATCH slot=36 active=0 buy_rank=0 sell_rank=0 price=0 quantity=0 settlement=0 buy_residual=0 sell_residual=0
S3_MATCH slot=37 active=0 buy_rank=0 sell_rank=0 price=0 quantity=0 settlement=0 buy_residual=0 sell_residual=0
S3_MATCH slot=38 active=0 buy_rank=0 sell_rank=0 price=0 quantity=0 settlement=0 buy_residual=0 sell_residual=0
S3_MATCH slot=39 active=0 buy_rank=0 sell_rank=0 price=0 quantity=0 settlement=0 buy_residual=0 sell_residual=0
S3_MATCH slot=40 active=0 buy_rank=0 sell_rank=0 price=0 quantity=0 settlement=0 buy_residual=0 sell_residual=0
S3_MATCH slot=41 active=0 buy_rank=0 sell_rank=0 price=0 quantity=0 settlement=0 buy_residual=0 sell_residual=0
S3_MATCH slot=42 active=0 buy_rank=0 sell_rank=0 price=0 quantity=0 settlement=0 buy_residual=0 sell_residual=0
S3_MATCH slot=43 active=0 buy_rank=0 sell_rank=0 price=0 quantity=0 settlement=0 buy_residual=0 sell_residual=0
S3_MATCH slot=44 active=0 buy_rank=0 sell_rank=0 price=0 quantity=0 settlement=0 buy_residual=0 sell_residual=0
S3_MATCH slot=45 active=0 buy_rank=0 sell_rank=0 price=0 quantity=0 settlement=0 buy_residual=0 sell_residual=0
S3_MATCH slot=46 active=0 buy_rank=0 sell_rank=0 price=0 quantity=0 settlement=0 buy_residual=0 sell_residual=0
S3_MATCH slot=47 active=0 buy_rank=0 sell_rank=0 price=0 quantity=0 settlement=0 buy_residual=0 sell_residual=0
S3_MATCH slot=48 active=0 buy_rank=0 sell_rank=0 price=0 quantity=0 settlement=0 buy_residual=0 sell_residual=0
S3_MATCH slot=49 active=0 buy_rank=0 sell_rank=0 price=0 quantity=0 settlement=0 buy_residual=0 sell_residual=0
S3_MATCH slot=50 active=0 buy_rank=0 sell_rank=0 price=0 quantity=0 settlement=0 buy_residual=0 sell_residual=0
S3_MATCH slot=51 active=0 buy_rank=0 sell_rank=0 price=0 quantity=0 settlement=0 buy_residual=0 sell_residual=0
S3_MATCH slot=52 active=0 buy_rank=0 sell_rank=0 price=0 quantity=0 settlement=0 buy_residual=0 sell_residual=0
S3_MATCH slot=53 active=0 buy_rank=0 sell_rank=0 price=0 quantity=0 settlement=0 buy_residual=0 sell_residual=0
S3_MATCH slot=54 active=0 buy_rank=0 sell_rank=0 price=0 quantity=0 settlement=0 buy_residual=0 sell_residual=0
S3_MATCH slot=55 active=0 buy_rank=0 sell_rank=0 price=0 quantity=0 settlement=0 buy_residual=0 sell_residual=0
S3_MATCH slot=56 active=0 buy_rank=0 sell_rank=0 price=0 quantity=0 settlement=0 buy_residual=0 sell_residual=0
S3_MATCH slot=57 active=0 buy_rank=0 sell_rank=0 price=0 quantity=0 settlement=0 buy_residual=0 sell_residual=0
S3_MATCH slot=58 active=0 buy_rank=0 sell_rank=0 price=0 quantity=0 settlement=0 buy_residual=0 sell_residual=0
S3_MATCH slot=59 active=0 buy_rank=0 sell_rank=0 price=0 quantity=0 settlement=0 buy_residual=0 sell_residual=0
S3_MATCH slot=60 active=0 buy_rank=0 sell_rank=0 price=0 quantity=0 settlement=0 buy_residual=0 sell_residual=0
S3_MATCH slot=61 active=0 buy_rank=0 sell_rank=0 price=0 quantity=0 settlement=0 buy_residual=0 sell_residual=0
S3_MATCH slot=62 active=0 buy_rank=0 sell_rank=0 price=0 quantity=0 settlement=0 buy_residual=0 sell_residual=0
S3_MATCH slot=63 active=0 buy_rank=0 sell_rank=0 price=0 quantity=0 settlement=0 buy_residual=0 sell_residual=0
S3_MATCH slot=64 active=0 buy_rank=0 sell_rank=0 price=0 quantity=0 settlement=0 buy_residual=0 sell_residual=0
S3_MATCH slot=65 active=0 buy_rank=0 sell_rank=0 price=0 quantity=0 settlement=0 buy_residual=0 sell_residual=0
S3_MATCH slot=66 active=0 buy_rank=0 sell_rank=0 price=0 quantity=0 settlement=0 buy_residual=0 sell_residual=0
S3_MATCH slot=67 active=0 buy_rank=0 sell_rank=0 price=0 quantity=0 settlement=0 buy_residual=0 sell_residual=0
S3_MATCH slot=68 active=0 buy_rank=0 sell_rank=0 price=0 quantity=0 settlement=0 buy_residual=0 sell_residual=0
S3_MATCH slot=69 active=0 buy_rank=0 sell_rank=0 price=0 quantity=0 settlement=0 buy_residual=0 sell_residual=0
S3_MATCH slot=70 active=0 buy_rank=0 sell_rank=0 price=0 quantity=0 settlement=0 buy_residual=0 sell_residual=0
S3_MATCH slot=71 active=0 buy_rank=0 sell_rank=0 price=0 quantity=0 settlement=0 buy_residual=0 sell_residual=0
S3_MATCH slot=72 active=0 buy_rank=0 sell_rank=0 price=0 quantity=0 settlement=0 buy_residual=0 sell_residual=0
S3_MATCH slot=73 active=0 buy_rank=0 sell_rank=0 price=0 quantity=0 settlement=0 buy_residual=0 sell_residual=0
S3_MATCH slot=74 active=0 buy_rank=0 sell_rank=0 price=0 quantity=0 settlement=0 buy_residual=0 sell_residual=0
S3_MATCH slot=75 active=0 buy_rank=0 sell_rank=0 price=0 quantity=0 settlement=0 buy_residual=0 sell_residual=0
S3_MATCH slot=76 active=0 buy_rank=0 sell_rank=0 price=0 quantity=0 settlement=0 buy_residual=0 sell_residual=0
S3_MATCH slot=77 active=0 buy_rank=0 sell_rank=0 price=0 quantity=0 settlement=0 buy_residual=0 sell_residual=0
S3_MATCH slot=78 active=0 buy_rank=0 sell_rank=0 price=0 quantity=0 settlement=0 buy_residual=0 sell_residual=0
S3_MATCH slot=79 active=0 buy_rank=0 sell_rank=0 price=0 quantity=0 settlement=0 buy_residual=0 sell_residual=0
S3_MATCH slot=80 active=0 buy_rank=0 sell_rank=0 price=0 quantity=0 settlement=0 buy_residual=0 sell_residual=0
S3_MATCH slot=81 active=0 buy_rank=0 sell_rank=0 price=0 quantity=0 settlement=0 buy_residual=0 sell_residual=0
S3_MATCH slot=82 active=0 buy_rank=0 sell_rank=0 price=0 quantity=0 settlement=0 buy_residual=0 sell_residual=0
S3_MATCH slot=83 active=0 buy_rank=0 sell_rank=0 price=0 quantity=0 settlement=0 buy_residual=0 sell_residual=0
S3_MATCH slot=84 active=0 buy_rank=0 sell_rank=0 price=0 quantity=0 settlement=0 buy_residual=0 sell_residual=0
S3_MATCH slot=85 active=0 buy_rank=0 sell_rank=0 price=0 quantity=0 settlement=0 buy_residual=0 sell_residual=0
S3_MATCH slot=86 active=0 buy_rank=0 sell_rank=0 price=0 quantity=0 settlement=0 buy_residual=0 sell_residual=0
S3_MATCH slot=87 active=0 buy_rank=0 sell_rank=0 price=0 quantity=0 settlement=0 buy_residual=0 sell_residual=0
S3_MATCH slot=88 active=0 buy_rank=0 sell_rank=0 price=0 quantity=0 settlement=0 buy_residual=0 sell_residual=0
S3_MATCH slot=89 active=0 buy_rank=0 sell_rank=0 price=0 quantity=0 settlement=0 buy_residual=0 sell_residual=0
S3_MATCH slot=90 active=0 buy_rank=0 sell_rank=0 price=0 quantity=0 settlement=0 buy_residual=0 sell_residual=0
S3_MATCH slot=91 active=0 buy_rank=0 sell_rank=0 price=0 quantity=0 settlement=0 buy_residual=0 sell_residual=0
S3_MATCH slot=92 active=0 buy_rank=0 sell_rank=0 price=0 quantity=0 settlement=0 buy_residual=0 sell_residual=0
S3_MATCH slot=93 active=0 buy_rank=0 sell_rank=0 price=0 quantity=0 settlement=0 buy_residual=0 sell_residual=0
S3_MATCH slot=94 active=0 buy_rank=0 sell_rank=0 price=0 quantity=0 settlement=0 buy_residual=0 sell_residual=0
S3_MATCH slot=95 active=0 buy_rank=0 sell_rank=0 price=0 quantity=0 settlement=0 buy_residual=0 sell_residual=0
S3_MATCH slot=96 active=0 buy_rank=0 sell_rank=0 price=0 quantity=0 settlement=0 buy_residual=0 sell_residual=0
S3_MATCH slot=97 active=0 buy_rank=0 sell_rank=0 price=0 quantity=0 settlement=0 buy_residual=0 sell_residual=0
S3_MATCH slot=98 active=0 buy_rank=0 sell_rank=0 price=0 quantity=0 settlement=0 buy_residual=0 sell_residual=0
S3_MATCH slot=99 active=0 buy_rank=0 sell_rank=0 price=0 quantity=0 settlement=0 buy_residual=0 sell_residual=0
S3_MATCH slot=100 active=0 buy_rank=0 sell_rank=0 price=0 quantity=0 settlement=0 buy_residual=0 sell_residual=0
S3_MATCH slot=101 active=0 buy_rank=0 sell_rank=0 price=0 quantity=0 settlement=0 buy_residual=0 sell_residual=0
S3_MATCH slot=102 active=0 buy_rank=0 sell_rank=0 price=0 quantity=0 settlement=0 buy_residual=0 sell_residual=0
S3_MATCH slot=103 active=0 buy_rank=0 sell_rank=0 price=0 quantity=0 settlement=0 buy_residual=0 sell_residual=0
S3_MATCH slot=104 active=0 buy_rank=0 sell_rank=0 price=0 quantity=0 settlement=0 buy_residual=0 sell_residual=0
S3_MATCH slot=105 active=0 buy_rank=0 sell_rank=0 price=0 quantity=0 settlement=0 buy_residual=0 sell_residual=0
S3_MATCH slot=106 active=0 buy_rank=0 sell_rank=0 price=0 quantity=0 settlement=0 buy_residual=0 sell_residual=0
S3_MATCH slot=107 active=0 buy_rank=0 sell_rank=0 price=0 quantity=0 settlement=0 buy_residual=0 sell_residual=0
S3_MATCH slot=108 active=0 buy_rank=0 sell_rank=0 price=0 quantity=0 settlement=0 buy_residual=0 sell_residual=0
S3_MATCH slot=109 active=0 buy_rank=0 sell_rank=0 price=0 quantity=0 settlement=0 buy_residual=0 sell_residual=0
S3_MATCH slot=110 active=0 buy_rank=0 sell_rank=0 price=0 quantity=0 settlement=0 buy_residual=0 sell_residual=0
S3_MATCH slot=111 active=0 buy_rank=0 sell_rank=0 price=0 quantity=0 settlement=0 buy_residual=0 sell_residual=0
S3_MATCH slot=112 active=0 buy_rank=0 sell_rank=0 price=0 quantity=0 settlement=0 buy_residual=0 sell_residual=0
S3_MATCH slot=113 active=0 buy_rank=0 sell_rank=0 price=0 quantity=0 settlement=0 buy_residual=0 sell_residual=0
S3_MATCH slot=114 active=0 buy_rank=0 sell_rank=0 price=0 quantity=0 settlement=0 buy_residual=0 sell_residual=0
S3_MATCH slot=115 active=0 buy_rank=0 sell_rank=0 price=0 quantity=0 settlement=0 buy_residual=0 sell_residual=0
S3_MATCH slot=116 active=0 buy_rank=0 sell_rank=0 price=0 quantity=0 settlement=0 buy_residual=0 sell_residual=0
S3_MATCH slot=117 active=0 buy_rank=0 sell_rank=0 price=0 quantity=0 settlement=0 buy_residual=0 sell_residual=0
S3_MATCH slot=118 active=0 buy_rank=0 sell_rank=0 price=0 quantity=0 settlement=0 buy_residual=0 sell_residual=0
S3_MATCH slot=119 active=0 buy_rank=0 sell_rank=0 price=0 quantity=0 settlement=0 buy_residual=0 sell_residual=0
S3_MATCH slot=120 active=0 buy_rank=0 sell_rank=0 price=0 quantity=0 settlement=0 buy_residual=0 sell_residual=0
S3_MATCH slot=121 active=0 buy_rank=0 sell_rank=0 price=0 quantity=0 settlement=0 buy_residual=0 sell_residual=0
S3_MATCH slot=122 active=0 buy_rank=0 sell_rank=0 price=0 quantity=0 settlement=0 buy_residual=0 sell_residual=0
S3_MATCH slot=123 active=0 buy_rank=0 sell_rank=0 price=0 quantity=0 settlement=0 buy_residual=0 sell_residual=0
S3_MATCH slot=124 active=0 buy_rank=0 sell_rank=0 price=0 quantity=0 settlement=0 buy_residual=0 sell_residual=0
S3_MATCH slot=125 active=0 buy_rank=0 sell_rank=0 price=0 quantity=0 settlement=0 buy_residual=0 sell_residual=0
S3_MATCH slot=126 active=0 buy_rank=0 sell_rank=0 price=0 quantity=0 settlement=0 buy_residual=0 sell_residual=0
S3_RESIDUAL side=buy rank=2 quantity=0
S3_RESIDUAL side=buy rank=5 quantity=0
S3_RESIDUAL side=buy rank=4 quantity=0
S3_RESIDUAL side=buy rank=12 quantity=0
S3_RESIDUAL side=buy rank=9 quantity=0
S3_RESIDUAL side=buy rank=6 quantity=0
S3_RESIDUAL side=buy rank=0 quantity=0
S3_RESIDUAL side=buy rank=11 quantity=0
S3_RESIDUAL side=buy rank=13 quantity=0
S3_RESIDUAL side=buy rank=7 quantity=0
S3_RESIDUAL side=buy rank=3 quantity=0
S3_RESIDUAL side=buy rank=16 quantity=0
S3_RESIDUAL side=buy rank=17 quantity=0
S3_RESIDUAL side=buy rank=15 quantity=0
S3_RESIDUAL side=buy rank=1 quantity=0
S3_RESIDUAL side=buy rank=14 quantity=0
S3_RESIDUAL side=buy rank=8 quantity=0
S3_RESIDUAL side=buy rank=10 quantity=0
S3_RESIDUAL side=buy rank=18 quantity=0
S3_RESIDUAL side=buy rank=19 quantity=0
S3_RESIDUAL side=buy rank=20 quantity=0
S3_RESIDUAL side=buy rank=21 quantity=0
S3_RESIDUAL side=buy rank=22 quantity=0
S3_RESIDUAL side=buy rank=23 quantity=0
S3_RESIDUAL side=buy rank=24 quantity=0
S3_RESIDUAL side=buy rank=25 quantity=0
S3_RESIDUAL side=buy rank=26 quantity=0
S3_RESIDUAL side=buy rank=27 quantity=0
S3_RESIDUAL side=buy rank=28 quantity=0
S3_RESIDUAL side=buy rank=29 quantity=0
S3_RESIDUAL side=buy rank=30 quantity=0
S3_RESIDUAL side=buy rank=31 quantity=0
S3_RESIDUAL side=buy rank=32 quantity=0
S3_RESIDUAL side=buy rank=33 quantity=0
S3_RESIDUAL side=buy rank=34 quantity=0
S3_RESIDUAL side=buy rank=35 quantity=0
S3_RESIDUAL side=buy rank=36 quantity=0
S3_RESIDUAL side=buy rank=37 quantity=0
S3_RESIDUAL side=buy rank=38 quantity=0
S3_RESIDUAL side=buy rank=39 quantity=0
S3_RESIDUAL side=buy rank=40 quantity=0
S3_RESIDUAL side=buy rank=41 quantity=0
S3_RESIDUAL side=buy rank=42 quantity=0
S3_RESIDUAL side=buy rank=43 quantity=0
S3_RESIDUAL side=buy rank=44 quantity=0
S3_RESIDUAL side=buy rank=45 quantity=0
S3_RESIDUAL side=buy rank=46 quantity=0
S3_RESIDUAL side=buy rank=47 quantity=0
S3_RESIDUAL side=buy rank=48 quantity=0
S3_RESIDUAL side=buy rank=49 quantity=0
S3_RESIDUAL side=buy rank=50 quantity=0
S3_RESIDUAL side=buy rank=51 quantity=0
S3_RESIDUAL side=buy rank=52 quantity=0
S3_RESIDUAL side=buy rank=53 quantity=0
S3_RESIDUAL side=buy rank=54 quantity=0
S3_RESIDUAL side=buy rank=55 quantity=0
S3_RESIDUAL side=buy rank=56 quantity=0
S3_RESIDUAL side=buy rank=57 quantity=0
S3_RESIDUAL side=buy rank=58 quantity=0
S3_RESIDUAL side=buy rank=59 quantity=0
S3_RESIDUAL side=buy rank=60 quantity=0
S3_RESIDUAL side=buy rank=61 quantity=0
S3_RESIDUAL side=buy rank=62 quantity=0
S3_RESIDUAL side=buy rank=63 quantity=0
S3_RESIDUAL side=sell rank=24 quantity=0
S3_RESIDUAL side=sell rank=40 quantity=0
S3_RESIDUAL side=sell rank=43 quantity=0
S3_RESIDUAL side=sell rank=16 quantity=0
S3_RESIDUAL side=sell rank=12 quantity=0
S3_RESIDUAL side=sell rank=25 quantity=99803
S3_RESIDUAL side=sell rank=31 quantity=0
S3_RESIDUAL side=sell rank=19 quantity=0
S3_RESIDUAL side=sell rank=34 quantity=0
S3_RESIDUAL side=sell rank=21 quantity=0
S3_RESIDUAL side=sell rank=42 quantity=929749
S3_RESIDUAL side=sell rank=10 quantity=878425
S3_RESIDUAL side=sell rank=41 quantity=92647
S3_RESIDUAL side=sell rank=1 quantity=0
S3_RESIDUAL side=sell rank=45 quantity=495699
S3_RESIDUAL side=sell rank=56 quantity=247809
S3_RESIDUAL side=sell rank=62 quantity=987910
S3_RESIDUAL side=sell rank=61 quantity=845162
S3_RESIDUAL side=sell rank=0 quantity=341006
S3_RESIDUAL side=sell rank=27 quantity=20255
S3_RESIDUAL side=sell rank=46 quantity=963129
S3_RESIDUAL side=sell rank=48 quantity=402869
S3_RESIDUAL side=sell rank=52 quantity=100225
S3_RESIDUAL side=sell rank=33 quantity=80927
S3_RESIDUAL side=sell rank=49 quantity=993411
S3_RESIDUAL side=sell rank=47 quantity=480024
S3_RESIDUAL side=sell rank=36 quantity=653612
S3_RESIDUAL side=sell rank=59 quantity=48555
S3_RESIDUAL side=sell rank=8 quantity=936991
S3_RESIDUAL side=sell rank=55 quantity=396606
S3_RESIDUAL side=sell rank=15 quantity=419341
S3_RESIDUAL side=sell rank=5 quantity=703733
S3_RESIDUAL side=sell rank=38 quantity=578130
S3_RESIDUAL side=sell rank=44 quantity=376489
S3_RESIDUAL side=sell rank=6 quantity=56927
S3_RESIDUAL side=sell rank=20 quantity=191856
S3_RESIDUAL side=sell rank=50 quantity=237399
S3_RESIDUAL side=sell rank=4 quantity=34590
S3_RESIDUAL side=sell rank=29 quantity=440197
S3_RESIDUAL side=sell rank=57 quantity=475075
S3_RESIDUAL side=sell rank=9 quantity=51522
S3_RESIDUAL side=sell rank=28 quantity=78278
S3_RESIDUAL side=sell rank=26 quantity=720530
S3_RESIDUAL side=sell rank=18 quantity=824067
S3_RESIDUAL side=sell rank=22 quantity=436295
S3_RESIDUAL side=sell rank=58 quantity=782936
S3_RESIDUAL side=sell rank=14 quantity=978421
S3_RESIDUAL side=sell rank=32 quantity=604373
S3_RESIDUAL side=sell rank=7 quantity=946019
S3_RESIDUAL side=sell rank=23 quantity=987709
S3_RESIDUAL side=sell rank=54 quantity=73122
S3_RESIDUAL side=sell rank=11 quantity=451387
S3_RESIDUAL side=sell rank=13 quantity=144600
S3_RESIDUAL side=sell rank=30 quantity=683241
S3_RESIDUAL side=sell rank=35 quantity=187414
S3_RESIDUAL side=sell rank=53 quantity=129945
S3_RESIDUAL side=sell rank=37 quantity=942586
S3_RESIDUAL side=sell rank=51 quantity=906354
S3_RESIDUAL side=sell rank=17 quantity=427378
S3_RESIDUAL side=sell rank=60 quantity=993220
S3_RESIDUAL side=sell rank=2 quantity=503820
S3_RESIDUAL side=sell rank=39 quantity=342496
S3_RESIDUAL side=sell rank=3 quantity=547998
S3_RESIDUAL side=sell rank=63 quantity=0
The following benchmarks are including preprocessing (offline phase).
Time = 12.0825 seconds 
Data sent = 281.644 MB in ~71793 rounds (party 0 only; use '-v' for more details)
Global data sent = 844.932 MB (all parties)
This program might benefit from some protocol options.
Consider adding the following at the beginning of your code:
	program.use_edabit(True)
