Using statistical security parameter 40
Trying to run 255-bit computation (256-bit representation)
S3_FMATCH_TEST valid=1 commitment=-24577220347327715866465883381811786886689586898929106595715485962665754069741 aggregate_quantity=2099123 aggregate_settlement=871196115283
S3_MATCH slot=0 active=1 buy_rank=0 sell_rank=6 price=663685 quantity=150230 settlement=99705397550 buy_residual=0 sell_residual=63598
S3_MATCH slot=1 active=1 buy_rank=7 sell_rank=6 price=505594 quantity=63598 settlement=32154767212 buy_residual=677720 sell_residual=0
S3_MATCH slot=2 active=1 buy_rank=7 sell_rank=2 price=256246 quantity=48568 settlement=12445355728 buy_residual=629152 sell_residual=0
S3_MATCH slot=3 active=1 buy_rank=7 sell_rank=0 price=250089 quantity=577992 settlement=144549441288 buy_residual=51160 sell_residual=0
S3_MATCH slot=4 active=1 buy_rank=7 sell_rank=3 price=609564 quantity=51160 settlement=31185294240 buy_residual=0 sell_residual=131897
S3_MATCH slot=5 active=1 buy_rank=3 sell_rank=3 price=701965 quantity=131897 settlement=92587077605 buy_residual=761176 sell_residual=0
S3_MATCH slot=6 active=1 buy_rank=3 sell_rank=5 price=479310 quantity=189417 settlement=90789462270 buy_residual=571759 sell_residual=0
S3_MATCH slot=7 active=1 buy_rank=3 sell_rank=9 price=448169 quantity=263973 settlement=118304515437 buy_residual=307786 sell_residual=0
S3_MATCH slot=8 active=1 buy_rank=3 sell_rank=1 price=381842 quantity=307786 settlement=117525621812 buy_residual=0 sell_residual=314502
S3_MATCH slot=9 active=1 buy_rank=1 sell_rank=1 price=343918 quantity=59324 settlement=20402591432 buy_residual=0 sell_residual=255178
S3_MATCH slot=10 active=1 buy_rank=2 sell_rank=1 price=443571 quantity=51057 settlement=22647404547 buy_residual=0 sell_residual=204121
S3_MATCH slot=11 active=1 buy_rank=4 sell_rank=1 price=435522 quantity=204121 settlement=88899186162 buy_residual=349401 sell_residual=0
S3_MATCH slot=12 active=0 buy_rank=0 sell_rank=0 price=0 quantity=0 settlement=0 buy_residual=0 sell_residual=0
S3_MATCH slot=13 active=0 buy_rank=0 sell_rank=0 price=0 quantity=0 settlement=0 buy_residual=0 sell_residual=0
S3_MATCH slot=14 active=0 buy_rank=0 sell_rank=0 price=0 quantity=0 settlement=0 buy_residual=0 sell_residual=0
S3_MATCH slot=15 active=0 buy_rank=0 sell_rank=0 price=0 quantity=0 settlement=0 buy_residual=0 sell_residual=0
S3_MATCH slot=16 active=0 buy_rank=0 sell_rank=0 price=0 quantity=0 settlement=0 buy_residual=0 sell_residual=0
S3_MATCH slot=17 active=0 buy_rank=0 sell_rank=0 price=0 quantity=0 settlement=0 buy_residual=0 sell_residual=0
S3_MATCH slot=18 active=0 buy_rank=0 sell_rank=0 price=0 quantity=0 settlement=0 buy_residual=0 sell_residual=0
S3_MATCH slot=19 active=0 buy_rank=0 sell_rank=0 price=0 quantity=0 settlement=0 buy_residual=0 sell_residual=0
S3_MATCH slot=20 active=0 buy_rank=0 sell_rank=0 price=0 quantity=0 settlement=0 buy_residual=0 sell_residual=0
S3_MATCH slot=21 active=0 buy_rank=0 sell_rank=0 price=0 quantity=0 settlement=0 buy_residual=0 sell_residual=0
S3_MATCH slot=22 active=0 buy_rank=0 sell_rank=0 price=0 quantity=0 settlement=0 buy_residual=0 sell_residual=0
S3_MATCH slot=23 active=0 buy_rank=0 sell_rank=0 price=0 quantity=0 settlement=0 buy_residual=0 sell_residual=0
S3_MATCH slot=24 active=0 buy_rank=0 sell_rank=0 price=0 quantity=0 settlement=0 buy_residual=0 sell_residual=0
S3_MATCH slot=25 active=0 buy_rank=0 sell_rank=0 price=0 quantity=0 settlement=0 buy_residual=0 sell_residual=0
S3_MATCH slot=26 active=0 buy_rank=0 sell_rank=0 price=0 quantity=0 settlement=0 buy_residual=0 sell_residual=0
S3_MATCH slot=27 active=0 buy_rank=0 sell_rank=0 price=0 quantity=0 settlement=0 buy_residual=0 sell_residual=0
S3_MATCH slot=28 active=0 buy_rank=0 sell_rank=0 price=0 quantity=0 settlement=0 buy_residual=0 sell_residual=0
S3_MATCH slot=29 active=0 buy_rank=0 sell_rank=0 price=0 quantity=0 settlement=0 buy_residual=0 sell_residual=0
S3_MATCH slot=30 active=0 buy_rank=0 sell_rank=0 price=0 quantity=0 settlement=0 buy_residual=0 sell_residual=0
S3_RESIDUAL side=buy rank=0 quantity=0
S3_RESIDUAL side=buy rank=7 quantity=0
S3_RESIDUAL side=buy rank=3 quantity=0
S3_RESIDUAL side=buy rank=1 quantity=0
S3_RESIDUAL side=buy rank=2 quantity=0
S3_RESIDUAL side=buy rank=4 quantity=349401
S3_RESIDUAL side=buy rank=6 quantity=545535
S3_RESIDUAL side=buy rank=8 quantity=408881
S3_RESIDUAL side=buy rank=5 quantity=311660
S3_RESIDUAL side=buy rank=9 quantity=0
S3_RESIDUAL side=buy rank=10 quantity=0
S3_RESIDUAL side=buy rank=11 quantity=0
S3_RESIDUAL side=buy rank=12 quantity=0
S3_RESIDUAL side=buy rank=13 quantity=0
S3_RESIDUAL side=buy rank=14 quantity=0
S3_RESIDUAL side=buy rank=15 quantity=0
S3_RESIDUAL side=sell rank=6 quantity=0
S3_RESIDUAL side=sell rank=2 quantity=0
S3_RESIDUAL side=sell rank=0 quantity=0
S3_RESIDUAL side=sell rank=3 quantity=0
S3_RESIDUAL side=sell rank=4 quantity=558206
S3_RESIDUAL side=sell rank=5 quantity=0
S3_RESIDUAL side=sell rank=9 quantity=0
S3_RESIDUAL side=sell rank=8 quantity=742282
S3_RESIDUAL side=sell rank=1 quantity=0
S3_RESIDUAL side=sell rank=7 quantity=655175
S3_RESIDUAL side=sell rank=10 quantity=0
S3_RESIDUAL side=sell rank=11 quantity=0
S3_RESIDUAL side=sell rank=12 quantity=0
S3_RESIDUAL side=sell rank=13 quantity=0
S3_RESIDUAL side=sell rank=14 quantity=0
S3_RESIDUAL side=sell rank=15 quantity=0
The following benchmarks are including preprocessing (offline phase).
Time = 2.52937 seconds 
Data sent = 56.5948 MB in ~14142 rounds (party 0 only; use '-v' for more details)
Global data sent = 169.464 MB (all parties)
This program might benefit from some protocol options.
Consider adding the following at the beginning of your code:
	program.use_edabit(True)
