Using statistical security parameter 40
Trying to run 255-bit computation (256-bit representation)
S3_FMATCH_TEST valid=1 commitment=-4979091047108311151006349381379521796308300340164419962995202045335183189941 aggregate_quantity=2511716 aggregate_settlement=1195639639091
S3_MATCH slot=0 active=1 buy_rank=1 sell_rank=1 price=488717 quantity=753121 settlement=368063035757 buy_residual=0 sell_residual=23320
S3_MATCH slot=1 active=1 buy_rank=0 sell_rank=1 price=748610 quantity=23320 settlement=17457585200 buy_residual=430668 sell_residual=0
S3_MATCH slot=2 active=1 buy_rank=0 sell_rank=4 price=434124 quantity=430668 settlement=186963314832 buy_residual=0 sell_residual=1372
S3_MATCH slot=3 active=1 buy_rank=4 sell_rank=4 price=116137 quantity=1372 settlement=159339964 buy_residual=327676 sell_residual=0
S3_MATCH slot=4 active=1 buy_rank=4 sell_rank=7 price=90203 quantity=227654 settlement=20535073762 buy_residual=100022 sell_residual=0
S3_MATCH slot=5 active=1 buy_rank=4 sell_rank=8 price=133216 quantity=100022 settlement=13324530752 buy_residual=0 sell_residual=516321
S3_MATCH slot=6 active=1 buy_rank=3 sell_rank=8 price=552979 quantity=496306 settlement=274446795574 buy_residual=0 sell_residual=20015
S3_MATCH slot=7 active=1 buy_rank=6 sell_rank=8 price=418038 quantity=20015 settlement=8367030570 buy_residual=406829 sell_residual=0
S3_MATCH slot=8 active=1 buy_rank=6 sell_rank=3 price=647678 quantity=406829 settlement=263494193062 buy_residual=0 sell_residual=52409
S3_MATCH slot=9 active=1 buy_rank=8 sell_rank=3 price=817202 quantity=52409 settlement=42828739618 buy_residual=64166 sell_residual=0
S3_MATCH slot=10 active=0 buy_rank=0 sell_rank=0 price=0 quantity=0 settlement=0 buy_residual=0 sell_residual=0
S3_MATCH slot=11 active=0 buy_rank=0 sell_rank=0 price=0 quantity=0 settlement=0 buy_residual=0 sell_residual=0
S3_MATCH slot=12 active=0 buy_rank=0 sell_rank=0 price=0 quantity=0 settlement=0 buy_residual=0 sell_residual=0
S3_MATCH slot=13 active=0 buy_rank=0 sell_rank=0 price=0 quantity=0 settlement=0 buy_residual=0 sell_residual=0
S3_MATCH slot=14 active=0 buy_rank=0 sell_rank=0 price=0 quantity=0 settlement=0 buy_residual=0 sell_residual=0
S3_MATCH slot=15 active=0 buy_rank=0 sell_rank=0 price=0 quantity=0 settlement=0 buy_residual=0 sell_residual=0
S3_MATCH slot=16 active=0 buy_rank=0 sell_rank=0 price=0 quantity=0 settlement=0 buy_residual=0 sell_residual=0
S3_MATCH slot=17 active=0 buy_rank=0 sell_rank=0 price=0 quantity=0 settlement=0 buy_residual=0 sell_residual=0
S3_MATCH slot=18 active=0 buy_rank=0 sell_rank=0 price=0 quantity=0 settlement=0 buy_residual=0 sell_residual=0
S3_MATCH slot=19 active=0 buy_rank=0 sell_rank=0 price=0 quantity=0 settlement=0 buy_residual=0 sell_residual=0
S3_MATCH slot=20 active=0 buy_rank=0 sell_rank=0 price=0 quantity=0 settlement=0 buy_residual=0 sell_residual=0
S3_MATCH slot=21 active=0 buy_rank=0 sell_rank=0 price=0 quantity=0 settlement=0 buy_residual=0 sell_residual=0
S3_MATCH slot=22 active=0 buy_rank=0 sell_rank=0 price=0 quantity=0 settlement=0 buy_residual=0 sell_residual=0
S3_MATCH slot=23 active=0 buy_rank=0 sell_rank=0 price=0 quantity=0 settlement=0 buy_residual=0 sell_residual=0
S3_MATCH slot=24 active=0 buy_rank=0 sell_rank=0 price=0 quantity=0 settlement=0 buy_residual=0 sell_residual=0
S3_MATCH slot=25 active=0 buy_rank=0 sell_rank=0 price=0 quantity=0 settlement=0 buy_residual=0 sell_residual=0
S3_MATCH slot=26 active=0 buy_rank=0 sell_rank=0 price=0 quantity=0 settlement=0 buy_residual=0 sell_residual=0
S3_MATCH slot=27 active=0 buy_rank=0 sell_rank=0 price=0 quantity=0 settlement=0 buy_residual=0 sell_residual=0
S3_MATCH slot=28 active=0 buy_rank=0 sell_rank=0 price=0 quantity=0 settlement=0 buy_residual=0 sell_residual=0
S3_MATCH slot=29 active=0 buy_rank=0 sell_rank=0 price=0 quantity=0 settlement=0 buy_residual=0 sell_residual=0
S3_MATCH slot=30 active=0 buy_rank=0 sell_rank=0 price=0 quantity=0 settlement=0 buy_residual=0 sell_residual=0
S3_RESIDUAL side=buy rank=1 quantity=0
S3_RESIDUAL side=buy rank=0 quantity=0
S3_RESIDUAL side=buy rank=4 quantity=0
S3_RESIDUAL side=buy rank=3 quantity=0
S3_RESIDUAL side=buy rank=6 quantity=0
S3_RESIDUAL side=buy rank=8 quantity=64166
S3_RESIDUAL side=buy rank=7 quantity=148999
S3_RESIDUAL side=buy rank=2 quantity=635260
S3_RESIDUAL side=buy rank=5 quantity=426931
S3_RESIDUAL side=buy rank=9 quantity=0
S3_RESIDUAL side=buy rank=10 quantity=0
S3_RESIDUAL side=buy rank=11 quantity=0
S3_RESIDUAL side=buy rank=12 quantity=0
S3_RESIDUAL side=buy rank=13 quantity=0
S3_RESIDUAL side=buy rank=14 quantity=0
S3_RESIDUAL side=buy rank=15 quantity=0
S3_RESIDUAL side=sell rank=1 quantity=0
S3_RESIDUAL side=sell rank=4 quantity=0
S3_RESIDUAL side=sell rank=0 quantity=299525
S3_RESIDUAL side=sell rank=7 quantity=0
S3_RESIDUAL side=sell rank=2 quantity=242639
S3_RESIDUAL side=sell rank=6 quantity=716384
S3_RESIDUAL side=sell rank=5 quantity=145657
S3_RESIDUAL side=sell rank=8 quantity=0
S3_RESIDUAL side=sell rank=3 quantity=0
S3_RESIDUAL side=sell rank=9 quantity=0
S3_RESIDUAL side=sell rank=10 quantity=0
S3_RESIDUAL side=sell rank=11 quantity=0
S3_RESIDUAL side=sell rank=12 quantity=0
S3_RESIDUAL side=sell rank=13 quantity=0
S3_RESIDUAL side=sell rank=14 quantity=0
S3_RESIDUAL side=sell rank=15 quantity=0
The following benchmarks are including preprocessing (offline phase).
Time = 2.6717 seconds 
Data sent = 56.5948 MB in ~14142 rounds (party 0 only; use '-v' for more details)
Global data sent = 169.464 MB (all parties)
This program might benefit from some protocol options.
Consider adding the following at the beginning of your code:
	program.use_edabit(True)
