Using statistical security parameter 40
Trying to run 255-bit computation (256-bit representation)
S3_FMATCH_TEST valid=1 commitment=9497153236941454851106930206610172008503250479210647951385906246069888129754 aggregate_quantity=5973883 aggregate_settlement=3111086455987
S3_MATCH slot=0 active=1 buy_rank=3 sell_rank=21 price=404792 quantity=24546 settlement=9936024432 buy_residual=0 sell_residual=615219
S3_MATCH slot=1 active=1 buy_rank=17 sell_rank=21 price=442878 quantity=615219 settlement=272466960282 buy_residual=215497 sell_residual=0
S3_MATCH slot=2 active=1 buy_rank=17 sell_rank=10 price=422912 quantity=215497 settlement=91136267264 buy_residual=0 sell_residual=58716
S3_MATCH slot=3 active=1 buy_rank=7 sell_rank=10 price=639853 quantity=58716 settlement=37569608748 buy_residual=605940 sell_residual=0
S3_MATCH slot=4 active=1 buy_rank=7 sell_rank=8 price=921719 quantity=474010 settlement=436904023190 buy_residual=131930 sell_residual=0
S3_MATCH slot=5 active=1 buy_rank=7 sell_rank=24 price=953649 quantity=131930 settlement=125814912570 buy_residual=0 sell_residual=863540
S3_MATCH slot=6 active=1 buy_rank=10 sell_rank=24 price=614698 quantity=694525 settlement=426923128450 buy_residual=0 sell_residual=169015
S3_MATCH slot=7 active=1 buy_rank=1 sell_rank=24 price=856614 quantity=169015 settlement=144780615210 buy_residual=337292 sell_residual=0
S3_MATCH slot=8 active=1 buy_rank=1 sell_rank=19 price=604494 quantity=337292 settlement=203890990248 buy_residual=0 sell_residual=177088
S3_MATCH slot=9 active=1 buy_rank=0 sell_rank=19 price=173474 quantity=127186 settlement=22063464164 buy_residual=0 sell_residual=49902
S3_MATCH slot=10 active=1 buy_rank=15 sell_rank=19 price=562672 quantity=49902 settlement=28078458144 buy_residual=429846 sell_residual=0
S3_MATCH slot=11 active=1 buy_rank=15 sell_rank=26 price=748553 quantity=429846 settlement=321762512838 buy_residual=0 sell_residual=563055
S3_MATCH slot=12 active=1 buy_rank=9 sell_rank=26 price=771413 quantity=463252 settlement=357358615076 buy_residual=0 sell_residual=99803
S3_MATCH slot=13 active=1 buy_rank=14 sell_rank=7 price=207256 quantity=216482 settlement=44867193392 buy_residual=0 sell_residual=284361
S3_MATCH slot=14 active=1 buy_rank=6 sell_rank=7 price=122941 quantity=112604 settlement=13843648364 buy_residual=0 sell_residual=171757
S3_MATCH slot=15 active=1 buy_rank=5 sell_rank=7 price=362134 quantity=27603 settlement=9995984802 buy_residual=0 sell_residual=144154
S3_MATCH slot=16 active=1 buy_rank=13 sell_rank=7 price=584711 quantity=144154 settlement=84288429494 buy_residual=40326 sell_residual=0
S3_MATCH slot=17 active=1 buy_rank=13 sell_rank=25 price=563974 quantity=40326 settlement=22742815524 buy_residual=0 sell_residual=798869
S3_MATCH slot=18 active=1 buy_rank=11 sell_rank=25 price=178550 quantity=227559 settlement=40630659450 buy_residual=0 sell_residual=571310
S3_MATCH slot=19 active=1 buy_rank=2 sell_rank=25 price=206052 quantity=214670 settlement=44233182840 buy_residual=0 sell_residual=356640
S3_MATCH slot=20 active=1 buy_rank=4 sell_rank=25 price=265596 quantity=356640 settlement=94722157440 buy_residual=40659 sell_residual=0
S3_MATCH slot=21 active=1 buy_rank=4 sell_rank=0 price=305879 quantity=40659 settlement=12436734261 buy_residual=0 sell_residual=94363
S3_MATCH slot=22 active=1 buy_rank=8 sell_rank=0 price=400142 quantity=94363 settlement=37758599546 buy_residual=723953 sell_residual=0
S3_MATCH slot=23 active=1 buy_rank=8 sell_rank=9 price=301573 quantity=341006 settlement=102838202438 buy_residual=382947 sell_residual=0
S3_MATCH slot=24 active=1 buy_rank=8 sell_rank=12 price=276231 quantity=80927 settlement=22354546137 buy_residual=302020 sell_residual=0
S3_MATCH slot=25 active=1 buy_rank=8 sell_rank=6 price=405777 quantity=48555 settlement=19702502235 buy_residual=253465 sell_residual=0
S3_MATCH slot=26 active=1 buy_rank=8 sell_rank=16 price=345352 quantity=237399 settlement=81986219448 buy_residual=16066 sell_residual=0
S3_MATCH slot=27 active=0 buy_rank=0 sell_rank=0 price=0 quantity=0 settlement=0 buy_residual=0 sell_residual=0
S3_MATCH slot=28 active=0 buy_rank=0 sell_rank=0 price=0 quantity=0 settlement=0 buy_residual=0 sell_residual=0
S3_MATCH slot=29 active=0 buy_rank=0 sell_rank=0 price=0 quantity=0 settlement=0 buy_residual=0 sell_residual=0
S3_MATCH slot=30 active=0 buy_rank=0 sell_rank=0 price=0 quantity=0 settlement=0 buy_residual=0 sell_residual=0
S3_MATCH slot=31 active=0 buy_rank=0 sell_rank=0 price=0 quantity=0 settlement=0 buy_residual=0 sell_residual=0
S3_MATCH slot=32 active=0 buy_rank=0 sell_rank=0 price=0 quantity=0 settlement=0 buy_residual=0 sell_residual=0
S3_MATCH slot=33 active=0 buy_rank=0 sell_rank=0 price=0 quantity=0 settlement=0 buy_residual=0 sell_residual=0
S3_MATCH slot=34 active=0 buy_rank=0 sell_rank=0 price=0 quantity=0 settlement=0 buy_residual=0 sell_residual=0
S3_MATCH slot=35 active=0 buy_rank=0 sell_rank=0 price=0 quantity=0 settlement=0 buy_residual=0 sell_residual=0
S3_MATCH slot=36 active=0 buy_rank=0 sell_rank=0 price=0 quantity=0 settlement=0 buy_residual=0 sell_residual=0
S3_MATCH slot=37 active=0 buy_rank=0 sell_rank=0 price=0 quantity=0 settlement=0 buy_residual=0 sell_residual=0
S3_MATCH slot=38 active=0 buy_rank=0 sell_rank=0 price=0 quantity=0 settlement=0 buy_residual=0 sell_residual=0
S3_MATCH slot=39 active=0 buy_rank=0 sell_rank=0 price=0 quantity=0 settlement=0 buy_residual=0 sell_residual=0
S3_MATCH slot=40 active=0 buy_rank=0 sell_rank=0 price=0 quantity=0 settlement=0 buy_residual=0 sell_residual=0
S3_MATCH slot=41 active=0 buy_rank=0 sell_rank=0 price=0 quantity=0 settlement=0 buy_residual=0 sell_residual=0
S3_MATCH slot=42 active=0 buy_rank=0 sell_rank=0 price=0 quantity=0 settlement=0 buy_residual=0 sell_residual=0
S3_MATCH slot=43 active=0 buy_rank=0 sell_rank=0 price=0 quantity=0 settlement=0 buy_residual=0 sell_residual=0
S3_MATCH slot=44 active=0 buy_rank=0 sell_rank=0 price=0 quantity=0 settlement=0 buy_residual=0 sell_residual=0
S3_MATCH slot=45 active=0 buy_rank=0 sell_rank=0 price=0 quantity=0 settlement=0 buy_residual=0 sell_residual=0
S3_MATCH slot=46 active=0 buy_rank=0 sell_rank=0 price=0 quantity=0 settlement=0 buy_residual=0 sell_residual=0
S3_MATCH slot=47 active=0 buy_rank=0 sell_rank=0 price=0 quantity=0 settlement=0 buy_residual=0 sell_residual=0
S3_MATCH slot=48 active=0 buy_rank=0 sell_rank=0 price=0 quantity=0 settlement=0 buy_residual=0 sell_residual=0
S3_MATCH slot=49 active=0 buy_rank=0 sell_rank=0 price=0 quantity=0 settlement=0 buy_residual=0 sell_residual=0
S3_MATCH slot=50 active=0 buy_rank=0 sell_rank=0 price=0 quantity=0 settlement=0 buy_residual=0 sell_residual=0
S3_MATCH slot=51 active=0 buy_rank=0 sell_rank=0 price=0 quantity=0 settlement=0 buy_residual=0 sell_residual=0
S3_MATCH slot=52 active=0 buy_rank=0 sell_rank=0 price=0 quantity=0 settlement=0 buy_residual=0 sell_residual=0
S3_MATCH slot=53 active=0 buy_rank=0 sell_rank=0 price=0 quantity=0 settlement=0 buy_residual=0 sell_residual=0
S3_MATCH slot=54 active=0 buy_rank=0 sell_rank=0 price=0 quantity=0 settlement=0 buy_residual=0 sell_residual=0
S3_MATCH slot=55 active=0 buy_rank=0 sell_rank=0 price=0 quantity=0 settlement=0 buy_residual=0 sell_residual=0
S3_MATCH slot=56 active=0 buy_rank=0 sell_rank=0 price=0 quantity=0 settlement=0 buy_residual=0 sell_residual=0
S3_MATCH slot=57 active=0 buy_rank=0 sell_rank=0 price=0 quantity=0 settlement=0 buy_residual=0 sell_residual=0
S3_MATCH slot=58 active=0 buy_rank=0 sell_rank=0 price=0 quantity=0 settlement=0 buy_residual=0 sell_residual=0
S3_MATCH slot=59 active=0 buy_rank=0 sell_rank=0 price=0 quantity=0 settlement=0 buy_residual=0 sell_residual=0
S3_MATCH slot=60 active=0 buy_rank=0 sell_rank=0 price=0 quantity=0 settlement=0 buy_residual=0 sell_residual=0
S3_MATCH slot=61 active=0 buy_rank=0 sell_rank=0 price=0 quantity=0 settlement=0 buy_residual=0 sell_residual=0
S3_MATCH slot=62 active=0 buy_rank=0 sell_rank=0 price=0 quantity=0 settlement=0 buy_residual=0 sell_residual=0
S3_RESIDUAL side=buy rank=3 quantity=0
S3_RESIDUAL side=buy rank=17 quantity=0
S3_RESIDUAL side=buy rank=7 quantity=0
S3_RESIDUAL side=buy rank=10 quantity=0
S3_RESIDUAL side=buy rank=1 quantity=0
S3_RESIDUAL side=buy rank=0 quantity=0
S3_RESIDUAL side=buy rank=15 quantity=0
S3_RESIDUAL side=buy rank=9 quantity=0
S3_RESIDUAL side=buy rank=14 quantity=0
S3_RESIDUAL side=buy rank=6 quantity=0
S3_RESIDUAL side=buy rank=5 quantity=0
S3_RESIDUAL side=buy rank=13 quantity=0
S3_RESIDUAL side=buy rank=11 quantity=0
S3_RESIDUAL side=buy rank=2 quantity=0
S3_RESIDUAL side=buy rank=4 quantity=0
S3_RESIDUAL side=buy rank=8 quantity=16066
S3_RESIDUAL side=buy rank=12 quantity=396735
S3_RESIDUAL side=buy rank=16 quantity=133225
S3_RESIDUAL side=buy rank=18 quantity=0
S3_RESIDUAL side=buy rank=19 quantity=0
S3_RESIDUAL side=buy rank=20 quantity=0
S3_RESIDUAL side=buy rank=21 quantity=0
S3_RESIDUAL side=buy rank=22 quantity=0
S3_RESIDUAL side=buy rank=23 quantity=0
S3_RESIDUAL side=buy rank=24 quantity=0
S3_RESIDUAL side=buy rank=25 quantity=0
S3_RESIDUAL side=buy rank=26 quantity=0
S3_RESIDUAL side=buy rank=27 quantity=0
S3_RESIDUAL side=buy rank=28 quantity=0
S3_RESIDUAL side=buy rank=29 quantity=0
S3_RESIDUAL side=buy rank=30 quantity=0
S3_RESIDUAL side=buy rank=31 quantity=0
S3_RESIDUAL side=sell rank=21 quantity=0
S3_RESIDUAL side=sell rank=10 quantity=0
S3_RESIDUAL side=sell rank=8 quantity=0
S3_RESIDUAL side=sell rank=24 quantity=0
S3_RESIDUAL side=sell rank=19 quantity=0
S3_RESIDUAL side=sell rank=26 quantity=99803
S3_RESIDUAL side=sell rank=7 quantity=0
S3_RESIDUAL side=sell rank=25 quantity=0
S3_RESIDUAL side=sell rank=1 quantity=878425
S3_RESIDUAL side=sell rank=0 quantity=0
S3_RESIDUAL side=sell rank=28 quantity=987910
S3_RESIDUAL side=sell rank=9 quantity=0
S3_RESIDUAL side=sell rank=11 quantity=20255
S3_RESIDUAL side=sell rank=4 quantity=963129
S3_RESIDUAL side=sell rank=12 quantity=0
S3_RESIDUAL side=sell rank=18 quantity=653612
S3_RESIDUAL side=sell rank=6 quantity=0
S3_RESIDUAL side=sell rank=14 quantity=480024
S3_RESIDUAL side=sell rank=16 quantity=0
S3_RESIDUAL side=sell rank=20 quantity=475075
S3_RESIDUAL side=sell rank=5 quantity=782936
S3_RESIDUAL side=sell rank=2 quantity=978421
S3_RESIDUAL side=sell rank=22 quantity=946019
S3_RESIDUAL side=sell rank=13 quantity=451387
S3_RESIDUAL side=sell rank=3 quantity=144600
S3_RESIDUAL side=sell rank=23 quantity=683241
S3_RESIDUAL side=sell rank=15 quantity=187414
S3_RESIDUAL side=sell rank=27 quantity=942586
S3_RESIDUAL side=sell rank=17 quantity=427378
S3_RESIDUAL side=sell rank=30 quantity=993220
S3_RESIDUAL side=sell rank=29 quantity=503820
S3_RESIDUAL side=sell rank=31 quantity=0
The following benchmarks are including preprocessing (offline phase).
Time = 5.3398 seconds 
Data sent = 124.617 MB in ~31011 rounds (party 0 only; use '-v' for more details)
Global data sent = 373.531 MB (all parties)
This program might benefit from some protocol options.
Consider adding the following at the beginning of your code:
	program.use_edabit(True)
