Using statistical security parameter 40
Trying to run 255-bit computation (256-bit representation)
S3_FMATCH_TEST valid=1 commitment=-160589487060142679471414541284943467132033079146410505732212141225028910928 aggregate_quantity=2845459 aggregate_settlement=1803221243860
S3_MATCH slot=0 active=1 buy_rank=7 sell_rank=11 price=623082 quantity=695855 settlement=433574725110 buy_residual=0 sell_residual=102436
S3_MATCH slot=1 active=1 buy_rank=6 sell_rank=11 price=502208 quantity=102436 settlement=51444178688 buy_residual=118396 sell_residual=0
S3_MATCH slot=2 active=1 buy_rank=6 sell_rank=10 price=447216 quantity=118396 settlement=52948585536 buy_residual=0 sell_residual=785482
S3_MATCH slot=3 active=1 buy_rank=8 sell_rank=10 price=528666 quantity=712065 settlement=376444555290 buy_residual=0 sell_residual=73417
S3_MATCH slot=4 active=1 buy_rank=3 sell_rank=10 price=572103 quantity=73417 settlement=42002085951 buy_residual=876381 sell_residual=0
S3_MATCH slot=5 active=1 buy_rank=3 sell_rank=4 price=515624 quantity=470985 settlement=242851169640 buy_residual=405396 sell_residual=0
S3_MATCH slot=6 active=1 buy_rank=3 sell_rank=2 price=677641 quantity=229978 settlement=155842521898 buy_residual=175418 sell_residual=0
S3_MATCH slot=7 active=1 buy_rank=3 sell_rank=5 price=892688 quantity=175418 settlement=156593543584 buy_residual=0 sell_residual=799066
S3_MATCH slot=8 active=1 buy_rank=1 sell_rank=5 price=1092207 quantity=266909 settlement=291519878163 buy_residual=0 sell_residual=532157
S3_MATCH slot=9 active=0 buy_rank=0 sell_rank=0 price=0 quantity=0 settlement=0 buy_residual=0 sell_residual=0
S3_MATCH slot=10 active=0 buy_rank=0 sell_rank=0 price=0 quantity=0 settlement=0 buy_residual=0 sell_residual=0
S3_MATCH slot=11 active=0 buy_rank=0 sell_rank=0 price=0 quantity=0 settlement=0 buy_residual=0 sell_residual=0
S3_MATCH slot=12 active=0 buy_rank=0 sell_rank=0 price=0 quantity=0 settlement=0 buy_residual=0 sell_residual=0
S3_MATCH slot=13 active=0 buy_rank=0 sell_rank=0 price=0 quantity=0 settlement=0 buy_residual=0 sell_residual=0
S3_MATCH slot=14 active=0 buy_rank=0 sell_rank=0 price=0 quantity=0 settlement=0 buy_residual=0 sell_residual=0
S3_MATCH slot=15 active=0 buy_rank=0 sell_rank=0 price=0 quantity=0 settlement=0 buy_residual=0 sell_residual=0
S3_MATCH slot=16 active=0 buy_rank=0 sell_rank=0 price=0 quantity=0 settlement=0 buy_residual=0 sell_residual=0
S3_MATCH slot=17 active=0 buy_rank=0 sell_rank=0 price=0 quantity=0 settlement=0 buy_residual=0 sell_residual=0
S3_MATCH slot=18 active=0 buy_rank=0 sell_rank=0 price=0 quantity=0 settlement=0 buy_residual=0 sell_residual=0
S3_MATCH slot=19 active=0 buy_rank=0 sell_rank=0 price=0 quantity=0 settlement=0 buy_residual=0 sell_residual=0
S3_MATCH slot=20 active=0 buy_rank=0 sell_rank=0 price=0 quantity=0 settlement=0 buy_residual=0 sell_residual=0
S3_MATCH slot=21 active=0 buy_rank=0 sell_rank=0 price=0 quantity=0 settlement=0 buy_residual=0 sell_residual=0
S3_MATCH slot=22 active=0 buy_rank=0 sell_rank=0 price=0 quantity=0 settlement=0 buy_residual=0 sell_residual=0
S3_MATCH slot=23 active=0 buy_rank=0 sell_rank=0 price=0 quantity=0 settlement=0 buy_residual=0 sell_residual=0
S3_MATCH slot=24 active=0 buy_rank=0 sell_rank=0 price=0 quantity=0 settlement=0 buy_residual=0 sell_residual=0
S3_MATCH slot=25 active=0 buy_rank=0 sell_rank=0 price=0 quantity=0 settlement=0 buy_residual=0 sell_residual=0
S3_MATCH slot=26 active=0 buy_rank=0 sell_rank=0 price=0 quantity=0 settlement=0 buy_residual=0 sell_residual=0
S3_MATCH slot=27 active=0 buy_rank=0 sell_rank=0 price=0 quantity=0 settlement=0 buy_residual=0 sell_residual=0
S3_MATCH slot=28 active=0 buy_rank=0 sell_rank=0 price=0 quantity=0 settlement=0 buy_residual=0 sell_residual=0
S3_MATCH slot=29 active=0 buy_rank=0 sell_rank=0 price=0 quantity=0 settlement=0 buy_residual=0 sell_residual=0
S3_MATCH slot=30 active=0 buy_rank=0 sell_rank=0 price=0 quantity=0 settlement=0 buy_residual=0 sell_residual=0
S3_RESIDUAL side=buy rank=7 quantity=0
S3_RESIDUAL side=buy rank=6 quantity=0
S3_RESIDUAL side=buy rank=8 quantity=0
S3_RESIDUAL side=buy rank=3 quantity=0
S3_RESIDUAL side=buy rank=1 quantity=0
S3_RESIDUAL side=buy rank=10 quantity=17155
S3_RESIDUAL side=buy rank=0 quantity=962641
S3_RESIDUAL side=buy rank=5 quantity=332123
S3_RESIDUAL side=buy rank=2 quantity=172161
S3_RESIDUAL side=buy rank=9 quantity=253778
S3_RESIDUAL side=buy rank=11 quantity=192357
S3_RESIDUAL side=buy rank=4 quantity=279118
S3_RESIDUAL side=buy rank=12 quantity=0
S3_RESIDUAL side=buy rank=13 quantity=0
S3_RESIDUAL side=buy rank=14 quantity=0
S3_RESIDUAL side=buy rank=15 quantity=0
S3_RESIDUAL side=sell rank=11 quantity=0
S3_RESIDUAL side=sell rank=10 quantity=0
S3_RESIDUAL side=sell rank=4 quantity=0
S3_RESIDUAL side=sell rank=2 quantity=0
S3_RESIDUAL side=sell rank=5 quantity=532157
S3_RESIDUAL side=sell rank=3 quantity=649611
S3_RESIDUAL side=sell rank=8 quantity=976634
S3_RESIDUAL side=sell rank=6 quantity=899545
S3_RESIDUAL side=sell rank=12 quantity=634938
S3_RESIDUAL side=sell rank=1 quantity=961926
S3_RESIDUAL side=sell rank=7 quantity=107970
S3_RESIDUAL side=sell rank=0 quantity=342127
S3_RESIDUAL side=sell rank=9 quantity=808923
S3_RESIDUAL side=sell rank=13 quantity=0
S3_RESIDUAL side=sell rank=14 quantity=0
S3_RESIDUAL side=sell rank=15 quantity=0
The following benchmarks are including preprocessing (offline phase).
Time = 2.4478 seconds 
Data sent = 56.5948 MB in ~14142 rounds (party 0 only; use '-v' for more details)
Global data sent = 169.464 MB (all parties)
This program might benefit from some protocol options.
Consider adding the following at the beginning of your code:
	program.use_edabit(True)
