Using statistical security parameter 40
Trying to run 255-bit computation (256-bit representation)
S3_FMATCH_TEST valid=1 commitment=-24015593512285222009704386938127553625906426668502538735114967544497285730378 aggregate_quantity=2731542 aggregate_settlement=1351023477555
S3_MATCH slot=0 active=1 buy_rank=9 sell_rank=2 price=594068 quantity=223814 settlement=132960735352 buy_residual=0 sell_residual=637332
S3_MATCH slot=1 active=1 buy_rank=10 sell_rank=2 price=529053 quantity=366281 settlement=193782061893 buy_residual=0 sell_residual=271051
S3_MATCH slot=2 active=1 buy_rank=7 sell_rank=2 price=628019 quantity=271051 settlement=170225177969 buy_residual=435845 sell_residual=0
S3_MATCH slot=3 active=1 buy_rank=7 sell_rank=5 price=595858 quantity=435845 settlement=259701730010 buy_residual=0 sell_residual=291261
S3_MATCH slot=4 active=1 buy_rank=5 sell_rank=5 price=353093 quantity=291261 settlement=102842220273 buy_residual=260435 sell_residual=0
S3_MATCH slot=5 active=1 buy_rank=5 sell_rank=3 price=138743 quantity=260435 settlement=36133533205 buy_residual=0 sell_residual=137847
S3_MATCH slot=6 active=1 buy_rank=11 sell_rank=3 price=286224 quantity=137847 settlement=39455119728 buy_residual=409206 sell_residual=0
S3_MATCH slot=7 active=1 buy_rank=11 sell_rank=8 price=594955 quantity=393681 settlement=234222479355 buy_residual=15525 sell_residual=0
S3_MATCH slot=8 active=1 buy_rank=11 sell_rank=9 price=348432 quantity=15525 settlement=5409406800 buy_residual=0 sell_residual=734865
S3_MATCH slot=9 active=1 buy_rank=3 sell_rank=9 price=524985 quantity=335802 settlement=176291012970 buy_residual=0 sell_residual=399063
S3_MATCH slot=10 active=0 buy_rank=0 sell_rank=0 price=0 quantity=0 settlement=0 buy_residual=0 sell_residual=0
S3_MATCH slot=11 active=0 buy_rank=0 sell_rank=0 price=0 quantity=0 settlement=0 buy_residual=0 sell_residual=0
S3_MATCH slot=12 active=0 buy_rank=0 sell_rank=0 price=0 quantity=0 settlement=0 buy_residual=0 sell_residual=0
S3_MATCH slot=13 active=0 buy_rank=0 sell_rank=0 price=0 quantity=0 settlement=0 buy_residual=0 sell_residual=0
S3_MATCH slot=14 active=0 buy_rank=0 sell_rank=0 price=0 quantity=0 settlement=0 buy_residual=0 sell_residual=0
S3_MATCH slot=15 active=0 buy_rank=0 sell_rank=0 price=0 quantity=0 settlement=0 buy_residual=0 sell_residual=0
S3_MATCH slot=16 active=0 buy_rank=0 sell_rank=0 price=0 quantity=0 settlement=0 buy_residual=0 sell_residual=0
S3_MATCH slot=17 active=0 buy_rank=0 sell_rank=0 price=0 quantity=0 settlement=0 buy_residual=0 sell_residual=0
S3_MATCH slot=18 active=0 buy_rank=0 sell_rank=0 price=0 quantity=0 settlement=0 buy_residual=0 sell_residual=0
S3_MATCH slot=19 active=0 buy_rank=0 sell_rank=0 price=0 quantity=0 settlement=0 buy_residual=0 sell_residual=0
S3_MATCH slot=20 active=0 buy_rank=0 sell_rank=0 price=0 quantity=0 settlement=0 buy_residual=0 sell_residual=0
S3_MATCH slot=21 active=0 buy_rank=0 sell_rank=0 price=0 quantity=0 settlement=0 buy_residual=0 sell_residual=0
S3_MATCH slot=22 active=0 buy_rank=0 sell_rank=0 price=0 quantity=0 settlement=0 buy_residual=0 sell_residual=0
S3_MATCH slot=23 active=0 buy_rank=0 sell_rank=0 price=0 quantity=0 settlement=0 buy_residual=0 sell_residual=0
S3_MATCH slot=24 active=0 buy_rank=0 sell_rank=0 price=0 quantity=0 settlement=0 buy_residual=0 sell_residual=0
S3_MATCH slot=25 active=0 buy_rank=0 sell_rank=0 price=0 quantity=0 settlement=0 buy_residual=0 sell_residual=0
S3_MATCH slot=26 active=0 buy_rank=0 sell_rank=0 price=0 quantity=0 settlement=0 buy_residual=0 sell_residual=0
S3_MATCH slot=27 active=0 buy_rank=0 sell_rank=0 price=0 quantity=0 settlement=0 buy_residual=0 sell_residual=0
S3_MATCH slot=28 active=0 buy_rank=0 sell_rank=0 price=0 quantity=0 settlement=0 buy_residual=0 sell_residual=0
S3_MATCH slot=29 active=0 buy_rank=0 sell_rank=0 price=0 quantity=0 settlement=0 buy_residual=0 sell_residual=0
S3_MATCH slot=30 active=0 buy_rank=0 sell_rank=0 price=0 quantity=0 settlement=0 buy_residual=0 sell_residual=0
S3_RESIDUAL side=buy rank=9 quantity=0
S3_RESIDUAL side=buy rank=10 quantity=0
S3_RESIDUAL side=buy rank=7 quantity=0
S3_RESIDUAL side=buy rank=5 quantity=0
S3_RESIDUAL side=buy rank=11 quantity=0
S3_RESIDUAL side=buy rank=3 quantity=0
S3_RESIDUAL side=buy rank=4 quantity=628775
S3_RESIDUAL side=buy rank=8 quantity=432080
S3_RESIDUAL side=buy rank=6 quantity=180466
S3_RESIDUAL side=buy rank=1 quantity=944380
S3_RESIDUAL side=buy rank=2 quantity=271111
S3_RESIDUAL side=buy rank=0 quantity=54413
S3_RESIDUAL side=buy rank=12 quantity=0
S3_RESIDUAL side=buy rank=13 quantity=0
S3_RESIDUAL side=buy rank=14 quantity=0
S3_RESIDUAL side=buy rank=15 quantity=0
S3_RESIDUAL side=sell rank=2 quantity=0
S3_RESIDUAL side=sell rank=5 quantity=0
S3_RESIDUAL side=sell rank=7 quantity=641383
S3_RESIDUAL side=sell rank=6 quantity=354644
S3_RESIDUAL side=sell rank=0 quantity=586367
S3_RESIDUAL side=sell rank=1 quantity=580123
S3_RESIDUAL side=sell rank=3 quantity=0
S3_RESIDUAL side=sell rank=4 quantity=787302
S3_RESIDUAL side=sell rank=8 quantity=0
S3_RESIDUAL side=sell rank=9 quantity=399063
S3_RESIDUAL side=sell rank=10 quantity=0
S3_RESIDUAL side=sell rank=11 quantity=0
S3_RESIDUAL side=sell rank=12 quantity=0
S3_RESIDUAL side=sell rank=13 quantity=0
S3_RESIDUAL side=sell rank=14 quantity=0
S3_RESIDUAL side=sell rank=15 quantity=0
The following benchmarks are including preprocessing (offline phase).
Time = 2.46329 seconds 
Data sent = 56.5948 MB in ~14142 rounds (party 0 only; use '-v' for more details)
Global data sent = 169.464 MB (all parties)
This program might benefit from some protocol options.
Consider adding the following at the beginning of your code:
	program.use_edabit(True)
