Using statistical security parameter 40
Trying to run 255-bit computation (256-bit representation)
S3_FMATCH_TEST valid=1 commitment=7303363902278957336709594973467055665344097169746234065298546102199432953532 aggregate_quantity=3514332 aggregate_settlement=1005212559027
S3_MATCH slot=0 active=1 buy_rank=4 sell_rank=6 price=618996 quantity=305984 settlement=189402872064 buy_residual=0 sell_residual=478659
S3_MATCH slot=1 active=1 buy_rank=3 sell_rank=6 price=517995 quantity=8318 settlement=4308682410 buy_residual=0 sell_residual=470341
S3_MATCH slot=2 active=1 buy_rank=7 sell_rank=6 price=544155 quantity=470341 settlement=255938406855 buy_residual=28944 sell_residual=0
S3_MATCH slot=3 active=1 buy_rank=7 sell_rank=8 price=400040 quantity=28944 settlement=11578757760 buy_residual=0 sell_residual=763458
S3_MATCH slot=4 active=1 buy_rank=10 sell_rank=8 price=329435 quantity=16119 settlement=5310162765 buy_residual=0 sell_residual=747339
S3_MATCH slot=5 active=1 buy_rank=6 sell_rank=8 price=317427 quantity=747339 settlement=237225576753 buy_residual=91240 sell_residual=0
S3_MATCH slot=6 active=1 buy_rank=6 sell_rank=2 price=207400 quantity=91240 settlement=18923176000 buy_residual=0 sell_residual=61486
S3_MATCH slot=7 active=1 buy_rank=1 sell_rank=2 price=109361 quantity=61486 settlement=6724170446 buy_residual=585955 sell_residual=0
S3_MATCH slot=8 active=1 buy_rank=1 sell_rank=7 price=136875 quantity=585955 settlement=80202590625 buy_residual=0 sell_residual=349737
S3_MATCH slot=9 active=1 buy_rank=9 sell_rank=7 price=116937 quantity=349737 settlement=40897195569 buy_residual=229741 sell_residual=0
S3_MATCH slot=10 active=1 buy_rank=9 sell_rank=4 price=134530 quantity=6959 settlement=936194270 buy_residual=222782 sell_residual=0
S3_MATCH slot=11 active=1 buy_rank=9 sell_rank=3 price=122057 quantity=222782 settlement=27192102574 buy_residual=0 sell_residual=619128
S3_MATCH slot=12 active=1 buy_rank=2 sell_rank=3 price=204437 quantity=619128 settlement=126572670936 buy_residual=372251 sell_residual=0
S3_MATCH slot=13 active=0 buy_rank=0 sell_rank=0 price=0 quantity=0 settlement=0 buy_residual=0 sell_residual=0
S3_MATCH slot=14 active=0 buy_rank=0 sell_rank=0 price=0 quantity=0 settlement=0 buy_residual=0 sell_residual=0
S3_MATCH slot=15 active=0 buy_rank=0 sell_rank=0 price=0 quantity=0 settlement=0 buy_residual=0 sell_residual=0
S3_MATCH slot=16 active=0 buy_rank=0 sell_rank=0 price=0 quantity=0 settlement=0 buy_residual=0 sell_residual=0
S3_MATCH slot=17 active=0 buy_rank=0 sell_rank=0 price=0 quantity=0 settlement=0 buy_residual=0 sell_residual=0
S3_MATCH slot=18 active=0 buy_rank=0 sell_rank=0 price=0 quantity=0 settlement=0 buy_residual=0 sell_residual=0
S3_MATCH slot=19 active=0 buy_rank=0 sell_rank=0 price=0 quantity=0 settlement=0 buy_residual=0 sell_residual=0
S3_MATCH slot=20 active=0 buy_rank=0 sell_rank=0 price=0 quantity=0 settlement=0 buy_residual=0 sell_residual=0
S3_MATCH slot=21 active=0 buy_rank=0 sell_rank=0 price=0 quantity=0 settlement=0 buy_residual=0 sell_residual=0
S3_MATCH slot=22 active=0 buy_rank=0 sell_rank=0 price=0 quantity=0 settlement=0 buy_residual=0 sell_residual=0
S3_MATCH slot=23 active=0 buy_rank=0 sell_rank=0 price=0 quantity=0 settlement=0 buy_residual=0 sell_residual=0
S3_MATCH slot=24 active=0 buy_rank=0 sell_rank=0 price=0 quantity=0 settlement=0 buy_residual=0 sell_residual=0
S3_MATCH slot=25 active=0 buy_rank=0 sell_rank=0 price=0 quantity=0 settlement=0 buy_residual=0 sell_residual=0
S3_MATCH slot=26 active=0 buy_rank=0 sell_rank=0 price=0 quantity=0 settlement=0 buy_residual=0 sell_residual=0
S3_MATCH slot=27 active=0 buy_rank=0 sell_rank=0 price=0 quantity=0 settlement=0 buy_residual=0 sell_residual=0
S3_MATCH slot=28 active=0 buy_rank=0 sell_rank=0 price=0 quantity=0 settlement=0 buy_residual=0 sell_residual=0
S3_MATCH slot=29 active=0 buy_rank=0 sell_rank=0 price=0 quantity=0 settlement=0 buy_residual=0 sell_residual=0
S3_MATCH slot=30 active=0 buy_rank=0 sell_rank=0 price=0 quantity=0 settlement=0 buy_residual=0 sell_residual=0
S3_RESIDUAL side=buy rank=4 quantity=0
S3_RESIDUAL side=buy rank=3 quantity=0
S3_RESIDUAL side=buy rank=7 quantity=0
S3_RESIDUAL side=buy rank=10 quantity=0
S3_RESIDUAL side=buy rank=6 quantity=0
S3_RESIDUAL side=buy rank=1 quantity=0
S3_RESIDUAL side=buy rank=9 quantity=0
S3_RESIDUAL side=buy rank=2 quantity=372251
S3_RESIDUAL side=buy rank=5 quantity=67681
S3_RESIDUAL side=buy rank=11 quantity=494194
S3_RESIDUAL side=buy rank=8 quantity=513557
S3_RESIDUAL side=buy rank=0 quantity=527830
S3_RESIDUAL side=buy rank=12 quantity=0
S3_RESIDUAL side=buy rank=13 quantity=0
S3_RESIDUAL side=buy rank=14 quantity=0
S3_RESIDUAL side=buy rank=15 quantity=0
S3_RESIDUAL side=sell rank=6 quantity=0
S3_RESIDUAL side=sell rank=8 quantity=0
S3_RESIDUAL side=sell rank=2 quantity=0
S3_RESIDUAL side=sell rank=1 quantity=615197
S3_RESIDUAL side=sell rank=5 quantity=277679
S3_RESIDUAL side=sell rank=7 quantity=0
S3_RESIDUAL side=sell rank=4 quantity=0
S3_RESIDUAL side=sell rank=3 quantity=0
S3_RESIDUAL side=sell rank=0 quantity=517791
S3_RESIDUAL side=sell rank=9 quantity=0
S3_RESIDUAL side=sell rank=10 quantity=0
S3_RESIDUAL side=sell rank=11 quantity=0
S3_RESIDUAL side=sell rank=12 quantity=0
S3_RESIDUAL side=sell rank=13 quantity=0
S3_RESIDUAL side=sell rank=14 quantity=0
S3_RESIDUAL side=sell rank=15 quantity=0
The following benchmarks are including preprocessing (offline phase).
Time = 2.47626 seconds 
Data sent = 56.5948 MB in ~14142 rounds (party 0 only; use '-v' for more details)
Global data sent = 169.464 MB (all parties)
This program might benefit from some protocol options.
Consider adding the following at the beginning of your code:
	program.use_edabit(True)
