Using statistical security parameter 40
Trying to run 255-bit computation (256-bit representation)
S3_FMATCH_TEST valid=1 commitment=3138500259574134105725399860003529469056538552524826648447688981394323143395 aggregate_quantity=1563354 aggregate_settlement=640944066484
S3_MATCH slot=0 active=1 buy_rank=1 sell_rank=10 price=385602 quantity=233585 settlement=90070843170 buy_residual=0 sell_residual=81235
S3_MATCH slot=1 active=1 buy_rank=0 sell_rank=10 price=354156 quantity=81235 settlement=28769862660 buy_residual=832257 sell_residual=0
S3_MATCH slot=2 active=1 buy_rank=0 sell_rank=5 price=299873 quantity=770301 settlement=230992471773 buy_residual=61956 sell_residual=0
S3_MATCH slot=3 active=1 buy_rank=0 sell_rank=1 price=386380 quantity=61956 settlement=23938559280 buy_residual=0 sell_residual=145987
S3_MATCH slot=4 active=1 buy_rank=5 sell_rank=1 price=761116 quantity=145987 settlement=111113041492 buy_residual=270290 sell_residual=0
S3_MATCH slot=5 active=1 buy_rank=5 sell_rank=4 price=614459 quantity=22071 settlement=13561724589 buy_residual=248219 sell_residual=0
S3_MATCH slot=6 active=1 buy_rank=5 sell_rank=3 price=574080 quantity=248219 settlement=142497563520 buy_residual=0 sell_residual=586256
S3_MATCH slot=7 active=0 buy_rank=0 sell_rank=0 price=0 quantity=0 settlement=0 buy_residual=0 sell_residual=0
S3_MATCH slot=8 active=0 buy_rank=0 sell_rank=0 price=0 quantity=0 settlement=0 buy_residual=0 sell_residual=0
S3_MATCH slot=9 active=0 buy_rank=0 sell_rank=0 price=0 quantity=0 settlement=0 buy_residual=0 sell_residual=0
S3_MATCH slot=10 active=0 buy_rank=0 sell_rank=0 price=0 quantity=0 settlement=0 buy_residual=0 sell_residual=0
S3_MATCH slot=11 active=0 buy_rank=0 sell_rank=0 price=0 quantity=0 settlement=0 buy_residual=0 sell_residual=0
S3_MATCH slot=12 active=0 buy_rank=0 sell_rank=0 price=0 quantity=0 settlement=0 buy_residual=0 sell_residual=0
S3_MATCH slot=13 active=0 buy_rank=0 sell_rank=0 price=0 quantity=0 settlement=0 buy_residual=0 sell_residual=0
S3_MATCH slot=14 active=0 buy_rank=0 sell_rank=0 price=0 quantity=0 settlement=0 buy_residual=0 sell_residual=0
S3_MATCH slot=15 active=0 buy_rank=0 sell_rank=0 price=0 quantity=0 settlement=0 buy_residual=0 sell_residual=0
S3_MATCH slot=16 active=0 buy_rank=0 sell_rank=0 price=0 quantity=0 settlement=0 buy_residual=0 sell_residual=0
S3_MATCH slot=17 active=0 buy_rank=0 sell_rank=0 price=0 quantity=0 settlement=0 buy_residual=0 sell_residual=0
S3_MATCH slot=18 active=0 buy_rank=0 sell_rank=0 price=0 quantity=0 settlement=0 buy_residual=0 sell_residual=0
S3_MATCH slot=19 active=0 buy_rank=0 sell_rank=0 price=0 quantity=0 settlement=0 buy_residual=0 sell_residual=0
S3_MATCH slot=20 active=0 buy_rank=0 sell_rank=0 price=0 quantity=0 settlement=0 buy_residual=0 sell_residual=0
S3_MATCH slot=21 active=0 buy_rank=0 sell_rank=0 price=0 quantity=0 settlement=0 buy_residual=0 sell_residual=0
S3_MATCH slot=22 active=0 buy_rank=0 sell_rank=0 price=0 quantity=0 settlement=0 buy_residual=0 sell_residual=0
S3_MATCH slot=23 active=0 buy_rank=0 sell_rank=0 price=0 quantity=0 settlement=0 buy_residual=0 sell_residual=0
S3_MATCH slot=24 active=0 buy_rank=0 sell_rank=0 price=0 quantity=0 settlement=0 buy_residual=0 sell_residual=0
S3_MATCH slot=25 active=0 buy_rank=0 sell_rank=0 price=0 quantity=0 settlement=0 buy_residual=0 sell_residual=0
S3_MATCH slot=26 active=0 buy_rank=0 sell_rank=0 price=0 quantity=0 settlement=0 buy_residual=0 sell_residual=0
S3_MATCH slot=27 active=0 buy_rank=0 sell_rank=0 price=0 quantity=0 settlement=0 buy_residual=0 sell_residual=0
S3_MATCH slot=28 active=0 buy_rank=0 sell_rank=0 price=0 quantity=0 settlement=0 buy_residual=0 sell_residual=0
S3_MATCH slot=29 active=0 buy_rank=0 sell_rank=0 price=0 quantity=0 settlement=0 buy_residual=0 sell_residual=0
S3_MATCH slot=30 active=0 buy_rank=0 sell_rank=0 price=0 quantity=0 settlement=0 buy_residual=0 sell_residual=0
S3_RESIDUAL side=buy rank=1 quantity=0
S3_RESIDUAL side=buy rank=0 quantity=0
S3_RESIDUAL side=buy rank=5 quantity=0
S3_RESIDUAL side=buy rank=9 quantity=786694
S3_RESIDUAL side=buy rank=11 quantity=654675
S3_RESIDUAL side=buy rank=3 quantity=818094
S3_RESIDUAL side=buy rank=2 quantity=382696
S3_RESIDUAL side=buy rank=8 quantity=128163
S3_RESIDUAL side=buy rank=15 quantity=157632
S3_RESIDUAL side=buy rank=7 quantity=548711
S3_RESIDUAL side=buy rank=13 quantity=433062
S3_RESIDUAL side=buy rank=4 quantity=535566
S3_RESIDUAL side=buy rank=14 quantity=313689
S3_RESIDUAL side=buy rank=12 quantity=368384
S3_RESIDUAL side=buy rank=10 quantity=508758
S3_RESIDUAL side=buy rank=6 quantity=300670
S3_RESIDUAL side=sell rank=10 quantity=0
S3_RESIDUAL side=sell rank=5 quantity=0
S3_RESIDUAL side=sell rank=1 quantity=0
S3_RESIDUAL side=sell rank=4 quantity=0
S3_RESIDUAL side=sell rank=3 quantity=586256
S3_RESIDUAL side=sell rank=6 quantity=152737
S3_RESIDUAL side=sell rank=7 quantity=192108
S3_RESIDUAL side=sell rank=2 quantity=97042
S3_RESIDUAL side=sell rank=0 quantity=739801
S3_RESIDUAL side=sell rank=8 quantity=779142
S3_RESIDUAL side=sell rank=9 quantity=751193
S3_RESIDUAL side=sell rank=11 quantity=0
S3_RESIDUAL side=sell rank=12 quantity=0
S3_RESIDUAL side=sell rank=13 quantity=0
S3_RESIDUAL side=sell rank=14 quantity=0
S3_RESIDUAL side=sell rank=15 quantity=0
The following benchmarks are including preprocessing (offline phase).
Time = 2.56934 seconds 
Data sent = 56.5948 MB in ~14142 rounds (party 0 only; use '-v' for more details)
Global data sent = 169.464 MB (all parties)
This program might benefit from some protocol options.
Consider adding the following at the beginning of your code:
	program.use_edabit(True)
