Using statistical security parameter 40
Trying to run 255-bit computation (256-bit representation)
S3_FMATCH_TEST valid=1 commitment=-19631462846090062926361537663934195913632890155741093398121524156006988934420 aggregate_quantity=3889842 aggregate_settlement=2128921172568
S3_MATCH slot=0 active=1 buy_rank=13 sell_rank=5 price=556452 quantity=171038 settlement=95174437176 buy_residual=387725 sell_residual=0
S3_MATCH slot=1 active=1 buy_rank=13 sell_rank=4 price=430986 quantity=387725 settlement=167104046850 buy_residual=0 sell_residual=48501
S3_MATCH slot=2 active=1 buy_rank=5 sell_rank=4 price=339652 quantity=48501 settlement=16473461652 buy_residual=220195 sell_residual=0
S3_MATCH slot=3 active=1 buy_rank=5 sell_rank=2 price=232278 quantity=220195 settlement=51146454210 buy_residual=0 sell_residual=414584
S3_MATCH slot=4 active=1 buy_rank=1 sell_rank=2 price=431642 quantity=71990 settlement=31073907580 buy_residual=0 sell_residual=342594
S3_MATCH slot=5 active=1 buy_rank=9 sell_rank=2 price=359924 quantity=342594 settlement=123307802856 buy_residual=168772 sell_residual=0
S3_MATCH slot=6 active=1 buy_rank=9 sell_rank=9 price=832291 quantity=168772 settlement=140467416652 buy_residual=0 sell_residual=629396
S3_MATCH slot=7 active=1 buy_rank=14 sell_rank=6 price=452093 quantity=438249 settlement=198129305157 buy_residual=282704 sell_residual=0
S3_MATCH slot=8 active=1 buy_rank=14 sell_rank=3 price=269413 quantity=282704 settlement=76164132752 buy_residual=0 sell_residual=227565
S3_MATCH slot=9 active=1 buy_rank=8 sell_rank=3 price=494387 quantity=227565 settlement=112505177655 buy_residual=717970 sell_residual=0
S3_MATCH slot=10 active=1 buy_rank=8 sell_rank=8 price=690304 quantity=38632 settlement=26667824128 buy_residual=679338 sell_residual=0
S3_MATCH slot=11 active=1 buy_rank=8 sell_rank=7 price=785958 quantity=679338 settlement=533931135804 buy_residual=0 sell_residual=298292
S3_MATCH slot=12 active=1 buy_rank=3 sell_rank=7 price=725500 quantity=184989 settlement=134209519500 buy_residual=0 sell_residual=113303
S3_MATCH slot=13 active=1 buy_rank=0 sell_rank=7 price=853696 quantity=113303 settlement=96726317888 buy_residual=63306 sell_residual=0
S3_MATCH slot=14 active=1 buy_rank=0 sell_rank=0 price=772428 quantity=63306 settlement=48899326968 buy_residual=0 sell_residual=450941
S3_MATCH slot=15 active=1 buy_rank=11 sell_rank=0 price=614140 quantity=450941 settlement=276940905740 buy_residual=55381 sell_residual=0
S3_MATCH slot=16 active=0 buy_rank=0 sell_rank=0 price=0 quantity=0 settlement=0 buy_residual=0 sell_residual=0
S3_MATCH slot=17 active=0 buy_rank=0 sell_rank=0 price=0 quantity=0 settlement=0 buy_residual=0 sell_residual=0
S3_MATCH slot=18 active=0 buy_rank=0 sell_rank=0 price=0 quantity=0 settlement=0 buy_residual=0 sell_residual=0
S3_MATCH slot=19 active=0 buy_rank=0 sell_rank=0 price=0 quantity=0 settlement=0 buy_residual=0 sell_residual=0
S3_MATCH slot=20 active=0 buy_rank=0 sell_rank=0 price=0 quantity=0 settlement=0 buy_residual=0 sell_residual=0
S3_MATCH slot=21 active=0 buy_rank=0 sell_rank=0 price=0 quantity=0 settlement=0 buy_residual=0 sell_residual=0
S3_MATCH slot=22 active=0 buy_rank=0 sell_rank=0 price=0 quantity=0 settlement=0 buy_residual=0 sell_residual=0
S3_MATCH slot=23 active=0 buy_rank=0 sell_rank=0 price=0 quantity=0 settlement=0 buy_residual=0 sell_residual=0
S3_MATCH slot=24 active=0 buy_rank=0 sell_rank=0 price=0 quantity=0 settlement=0 buy_residual=0 sell_residual=0
S3_MATCH slot=25 active=0 buy_rank=0 sell_rank=0 price=0 quantity=0 settlement=0 buy_residual=0 sell_residual=0
S3_MATCH slot=26 active=0 buy_rank=0 sell_rank=0 price=0 quantity=0 settlement=0 buy_residual=0 sell_residual=0
S3_MATCH slot=27 active=0 buy_rank=0 sell_rank=0 price=0 quantity=0 settlement=0 buy_residual=0 sell_residual=0
S3_MATCH slot=28 active=0 buy_rank=0 sell_rank=0 price=0 quantity=0 settlement=0 buy_residual=0 sell_residual=0
S3_MATCH slot=29 active=0 buy_rank=0 sell_rank=0 price=0 quantity=0 settlement=0 buy_residual=0 sell_residual=0
S3_MATCH slot=30 active=0 buy_rank=0 sell_rank=0 price=0 quantity=0 settlement=0 buy_residual=0 sell_residual=0
S3_RESIDUAL side=buy rank=13 quantity=0
S3_RESIDUAL side=buy rank=5 quantity=0
S3_RESIDUAL side=buy rank=1 quantity=0
S3_RESIDUAL side=buy rank=9 quantity=0
S3_RESIDUAL side=buy rank=14 quantity=0
S3_RESIDUAL side=buy rank=8 quantity=0
S3_RESIDUAL side=buy rank=3 quantity=0
S3_RESIDUAL side=buy rank=0 quantity=0
S3_RESIDUAL side=buy rank=11 quantity=55381
S3_RESIDUAL side=buy rank=4 quantity=111315
S3_RESIDUAL side=buy rank=2 quantity=340928
S3_RESIDUAL side=buy rank=6 quantity=974454
S3_RESIDUAL side=buy rank=10 quantity=67510
S3_RESIDUAL side=buy rank=12 quantity=404203
S3_RESIDUAL side=buy rank=7 quantity=68058
S3_RESIDUAL side=buy rank=15 quantity=0
S3_RESIDUAL side=sell rank=5 quantity=0
S3_RESIDUAL side=sell rank=4 quantity=0
S3_RESIDUAL side=sell rank=2 quantity=0
S3_RESIDUAL side=sell rank=9 quantity=629396
S3_RESIDUAL side=sell rank=6 quantity=0
S3_RESIDUAL side=sell rank=1 quantity=241241
S3_RESIDUAL side=sell rank=3 quantity=0
S3_RESIDUAL side=sell rank=8 quantity=0
S3_RESIDUAL side=sell rank=7 quantity=0
S3_RESIDUAL side=sell rank=0 quantity=0
S3_RESIDUAL side=sell rank=10 quantity=0
S3_RESIDUAL side=sell rank=11 quantity=0
S3_RESIDUAL side=sell rank=12 quantity=0
S3_RESIDUAL side=sell rank=13 quantity=0
S3_RESIDUAL side=sell rank=14 quantity=0
S3_RESIDUAL side=sell rank=15 quantity=0
The following benchmarks are including preprocessing (offline phase).
Time = 2.51756 seconds 
Data sent = 56.5948 MB in ~14142 rounds (party 0 only; use '-v' for more details)
Global data sent = 169.464 MB (all parties)
This program might benefit from some protocol options.
Consider adding the following at the beginning of your code:
	program.use_edabit(True)
