Using statistical security parameter 40
Trying to run 255-bit computation (256-bit representation)
S3_FMATCH_TEST valid=1 commitment=-3877813535718205672850999778871350237905376092425035932466578045811040671546 aggregate_quantity=1955874 aggregate_settlement=1330448995271
S3_MATCH slot=0 active=1 buy_rank=3 sell_rank=10 price=374215 quantity=7606 settlement=2846279290 buy_residual=562333 sell_residual=0
S3_MATCH slot=1 active=1 buy_rank=3 sell_rank=11 price=475864 quantity=105558 settlement=50231252112 buy_residual=456775 sell_residual=0
S3_MATCH slot=2 active=1 buy_rank=3 sell_rank=8 price=346740 quantity=295076 settlement=102314652240 buy_residual=161699 sell_residual=0
S3_MATCH slot=3 active=1 buy_rank=3 sell_rank=2 price=704939 quantity=161699 settlement=113987931361 buy_residual=0 sell_residual=505626
S3_MATCH slot=4 active=1 buy_rank=5 sell_rank=2 price=758313 quantity=505626 settlement=383422768938 buy_residual=365189 sell_residual=0
S3_MATCH slot=5 active=1 buy_rank=5 sell_rank=0 price=395466 quantity=2104 settlement=832060464 buy_residual=363085 sell_residual=0
S3_MATCH slot=6 active=1 buy_rank=5 sell_rank=1 price=404155 quantity=15149 settlement=6122544095 buy_residual=347936 sell_residual=0
S3_MATCH slot=7 active=1 buy_rank=5 sell_rank=6 price=593185 quantity=347936 settlement=206390416160 buy_residual=0 sell_residual=513155
S3_MATCH slot=8 active=1 buy_rank=0 sell_rank=6 price=802443 quantity=129289 settlement=103747053027 buy_residual=0 sell_residual=383866
S3_MATCH slot=9 active=1 buy_rank=7 sell_rank=6 price=913619 quantity=252205 settlement=230419279895 buy_residual=0 sell_residual=131661
S3_MATCH slot=10 active=1 buy_rank=2 sell_rank=6 price=976209 quantity=131661 settlement=128528653149 buy_residual=1965 sell_residual=0
S3_MATCH slot=11 active=1 buy_rank=2 sell_rank=4 price=817356 quantity=1965 settlement=1606104540 buy_residual=0 sell_residual=978900
S3_MATCH slot=12 active=0 buy_rank=0 sell_rank=0 price=0 quantity=0 settlement=0 buy_residual=0 sell_residual=0
S3_MATCH slot=13 active=0 buy_rank=0 sell_rank=0 price=0 quantity=0 settlement=0 buy_residual=0 sell_residual=0
S3_MATCH slot=14 active=0 buy_rank=0 sell_rank=0 price=0 quantity=0 settlement=0 buy_residual=0 sell_residual=0
S3_MATCH slot=15 active=0 buy_rank=0 sell_rank=0 price=0 quantity=0 settlement=0 buy_residual=0 sell_residual=0
S3_MATCH slot=16 active=0 buy_rank=0 sell_rank=0 price=0 quantity=0 settlement=0 buy_residual=0 sell_residual=0
S3_MATCH slot=17 active=0 buy_rank=0 sell_rank=0 price=0 quantity=0 settlement=0 buy_residual=0 sell_residual=0
S3_MATCH slot=18 active=0 buy_rank=0 sell_rank=0 price=0 quantity=0 settlement=0 buy_residual=0 sell_residual=0
S3_MATCH slot=19 active=0 buy_rank=0 sell_rank=0 price=0 quantity=0 settlement=0 buy_residual=0 sell_residual=0
S3_MATCH slot=20 active=0 buy_rank=0 sell_rank=0 price=0 quantity=0 settlement=0 buy_residual=0 sell_residual=0
S3_MATCH slot=21 active=0 buy_rank=0 sell_rank=0 price=0 quantity=0 settlement=0 buy_residual=0 sell_residual=0
S3_MATCH slot=22 active=0 buy_rank=0 sell_rank=0 price=0 quantity=0 settlement=0 buy_residual=0 sell_residual=0
S3_MATCH slot=23 active=0 buy_rank=0 sell_rank=0 price=0 quantity=0 settlement=0 buy_residual=0 sell_residual=0
S3_MATCH slot=24 active=0 buy_rank=0 sell_rank=0 price=0 quantity=0 settlement=0 buy_residual=0 sell_residual=0
S3_MATCH slot=25 active=0 buy_rank=0 sell_rank=0 price=0 quantity=0 settlement=0 buy_residual=0 sell_residual=0
S3_MATCH slot=26 active=0 buy_rank=0 sell_rank=0 price=0 quantity=0 settlement=0 buy_residual=0 sell_residual=0
S3_MATCH slot=27 active=0 buy_rank=0 sell_rank=0 price=0 quantity=0 settlement=0 buy_residual=0 sell_residual=0
S3_MATCH slot=28 active=0 buy_rank=0 sell_rank=0 price=0 quantity=0 settlement=0 buy_residual=0 sell_residual=0
S3_MATCH slot=29 active=0 buy_rank=0 sell_rank=0 price=0 quantity=0 settlement=0 buy_residual=0 sell_residual=0
S3_MATCH slot=30 active=0 buy_rank=0 sell_rank=0 price=0 quantity=0 settlement=0 buy_residual=0 sell_residual=0
S3_RESIDUAL side=buy rank=3 quantity=0
S3_RESIDUAL side=buy rank=5 quantity=0
S3_RESIDUAL side=buy rank=0 quantity=0
S3_RESIDUAL side=buy rank=7 quantity=0
S3_RESIDUAL side=buy rank=2 quantity=0
S3_RESIDUAL side=buy rank=4 quantity=46695
S3_RESIDUAL side=buy rank=6 quantity=972067
S3_RESIDUAL side=buy rank=1 quantity=582207
S3_RESIDUAL side=buy rank=8 quantity=0
S3_RESIDUAL side=buy rank=9 quantity=0
S3_RESIDUAL side=buy rank=10 quantity=0
S3_RESIDUAL side=buy rank=11 quantity=0
S3_RESIDUAL side=buy rank=12 quantity=0
S3_RESIDUAL side=buy rank=13 quantity=0
S3_RESIDUAL side=buy rank=14 quantity=0
S3_RESIDUAL side=buy rank=15 quantity=0
S3_RESIDUAL side=sell rank=10 quantity=0
S3_RESIDUAL side=sell rank=11 quantity=0
S3_RESIDUAL side=sell rank=8 quantity=0
S3_RESIDUAL side=sell rank=2 quantity=0
S3_RESIDUAL side=sell rank=0 quantity=0
S3_RESIDUAL side=sell rank=1 quantity=0
S3_RESIDUAL side=sell rank=6 quantity=0
S3_RESIDUAL side=sell rank=4 quantity=978900
S3_RESIDUAL side=sell rank=9 quantity=429403
S3_RESIDUAL side=sell rank=3 quantity=679652
S3_RESIDUAL side=sell rank=12 quantity=247876
S3_RESIDUAL side=sell rank=5 quantity=279927
S3_RESIDUAL side=sell rank=7 quantity=22130
S3_RESIDUAL side=sell rank=13 quantity=0
S3_RESIDUAL side=sell rank=14 quantity=0
S3_RESIDUAL side=sell rank=15 quantity=0
The following benchmarks are including preprocessing (offline phase).
Time = 2.73029 seconds 
Data sent = 56.5948 MB in ~14142 rounds (party 0 only; use '-v' for more details)
Global data sent = 169.464 MB (all parties)
This program might benefit from some protocol options.
Consider adding the following at the beginning of your code:
	program.use_edabit(True)
