Using statistical security parameter 40
Trying to run 255-bit computation (256-bit representation)
This program might benefit from some protocol options.
Consider adding the following at the beginning of your code:
	program.use_edabit(True)
Setup took 0.11839 seconds.
S3_FMATCH valid=1 commitment_bits=101111100001010010011000000101111000110001100010010100000010000001101101001111111110110011110001110101010111101100100101100000011000011111101110010100111110111111111000100011100100000111011010110001111011011000011000010111111101110110000010101011111010011
Compiler: ./compile.py -F 255 saib_fmatch 256
	6915 triples of malicious replicated gfp left
	9394 bits of malicious replicated gfp left
Detailed costs:
          7178 integer inputs
       6562316 integer multiplications
      13189165 integer openings
Spent 70.9354 seconds (425.45 MB, 488561 rounds, 94.437 CPU seconds) on the online phase and 16.5624 seconds (1185.83 MB, 6594 rounds, 94.4374 CPU seconds) on the preprocessing/offline phase.
Communication details:
Broadcasting 1.69652 MB in 52875 rounds, taking 10.1924 seconds
Passing around 1557.64 MB in 441966 rounds, taking 56.5705 seconds
Receiving directly 50.24 MB in 157 rounds, taking 0.120448 seconds
Sending directly 50.24 MB in 157 rounds, taking 0.0593912 seconds
CPU time = 94.4395
The following benchmarks are including preprocessing (offline phase).
Time = 87.5299 seconds 
Data sent = 1611.28 MB in ~495155 rounds (party 0 only)
Global data sent = 4833.51 MB (all parties)
Actual preprocessing cost of program:
  Type int
       6573085        Triples
       4710606           Bits
This program might benefit from some protocol options.
Consider adding the following at the beginning of your code:
	program.use_edabit(True)
Command line: /mnt/g/paperexper/retf/third_party/MP-SPDZ-s3.1.1-patched/malicious-rep-field-party.x 0 saib_fmatch-256 -pn 27500 -h localhost -P 52435875175126190479447740508185965837690552500527637822603658699938581184513 -v
