Using statistical security parameter 40
Trying to run 255-bit computation (256-bit representation)
S3_FMATCH_TEST valid=1 commitment=9508551923996974695110601352853071308111136306664659400874436818924124730709 aggregate_quantity=3918049 aggregate_settlement=1255450269009
S3_MATCH slot=0 active=1 buy_rank=2 sell_rank=2 price=646831 quantity=180337 settlement=116647562047 buy_residual=531869 sell_residual=0
S3_MATCH slot=1 active=1 buy_rank=2 sell_rank=5 price=347558 quantity=441546 settlement=153462844668 buy_residual=90323 sell_residual=0
S3_MATCH slot=2 active=1 buy_rank=2 sell_rank=9 price=573963 quantity=90323 settlement=51842060049 buy_residual=0 sell_residual=707548
S3_MATCH slot=3 active=1 buy_rank=6 sell_rank=9 price=423193 quantity=707548 settlement=299429360764 buy_residual=134152 sell_residual=0
S3_MATCH slot=4 active=1 buy_rank=6 sell_rank=12 price=219454 quantity=134152 settlement=29440193008 buy_residual=0 sell_residual=757765
S3_MATCH slot=5 active=1 buy_rank=5 sell_rank=12 price=184850 quantity=608898 settlement=112554795300 buy_residual=0 sell_residual=148867
S3_MATCH slot=6 active=1 buy_rank=0 sell_rank=12 price=219025 quantity=148867 settlement=32605594675 buy_residual=843332 sell_residual=0
S3_MATCH slot=7 active=1 buy_rank=0 sell_rank=10 price=323521 quantity=831900 settlement=269137119900 buy_residual=11432 sell_residual=0
S3_MATCH slot=8 active=1 buy_rank=0 sell_rank=4 price=343337 quantity=11432 settlement=3925028584 buy_residual=0 sell_residual=596301
S3_MATCH slot=9 active=1 buy_rank=3 sell_rank=4 price=467724 quantity=2307 settlement=1079039268 buy_residual=0 sell_residual=593994
S3_MATCH slot=10 active=1 buy_rank=8 sell_rank=11 price=243614 quantity=760739 settlement=185326670746 buy_residual=0 sell_residual=135631
S3_MATCH slot=11 active=0 buy_rank=0 sell_rank=0 price=0 quantity=0 settlement=0 buy_residual=0 sell_residual=0
S3_MATCH slot=12 active=0 buy_rank=0 sell_rank=0 price=0 quantity=0 settlement=0 buy_residual=0 sell_residual=0
S3_MATCH slot=13 active=0 buy_rank=0 sell_rank=0 price=0 quantity=0 settlement=0 buy_residual=0 sell_residual=0
S3_MATCH slot=14 active=0 buy_rank=0 sell_rank=0 price=0 quantity=0 settlement=0 buy_residual=0 sell_residual=0
S3_MATCH slot=15 active=0 buy_rank=0 sell_rank=0 price=0 quantity=0 settlement=0 buy_residual=0 sell_residual=0
S3_MATCH slot=16 active=0 buy_rank=0 sell_rank=0 price=0 quantity=0 settlement=0 buy_residual=0 sell_residual=0
S3_MATCH slot=17 active=0 buy_rank=0 sell_rank=0 price=0 quantity=0 settlement=0 buy_residual=0 sell_residual=0
S3_MATCH slot=18 active=0 buy_rank=0 sell_rank=0 price=0 quantity=0 settlement=0 buy_residual=0 sell_residual=0
S3_MATCH slot=19 active=0 buy_rank=0 sell_rank=0 price=0 quantity=0 settlement=0 buy_residual=0 sell_residual=0
S3_MATCH slot=20 active=0 buy_rank=0 sell_rank=0 price=0 quantity=0 settlement=0 buy_residual=0 sell_residual=0
S3_MATCH slot=21 active=0 buy_rank=0 sell_rank=0 price=0 quantity=0 settlement=0 buy_residual=0 sell_residual=0
S3_MATCH slot=22 active=0 buy_rank=0 sell_rank=0 price=0 quantity=0 settlement=0 buy_residual=0 sell_residual=0
S3_MATCH slot=23 active=0 buy_rank=0 sell_rank=0 price=0 quantity=0 settlement=0 buy_residual=0 sell_residual=0
S3_MATCH slot=24 active=0 buy_rank=0 sell_rank=0 price=0 quantity=0 settlement=0 buy_residual=0 sell_residual=0
S3_MATCH slot=25 active=0 buy_rank=0 sell_rank=0 price=0 quantity=0 settlement=0 buy_residual=0 sell_residual=0
S3_MATCH slot=26 active=0 buy_rank=0 sell_rank=0 price=0 quantity=0 settlement=0 buy_residual=0 sell_residual=0
S3_MATCH slot=27 active=0 buy_rank=0 sell_rank=0 price=0 quantity=0 settlement=0 buy_residual=0 sell_residual=0
S3_MATCH slot=28 active=0 buy_rank=0 sell_rank=0 price=0 quantity=0 settlement=0 buy_residual=0 sell_residual=0
S3_MATCH slot=29 active=0 buy_rank=0 sell_rank=0 price=0 quantity=0 settlement=0 buy_residual=0 sell_residual=0
S3_MATCH slot=30 active=0 buy_rank=0 sell_rank=0 price=0 quantity=0 settlement=0 buy_residual=0 sell_residual=0
S3_RESIDUAL side=buy rank=2 quantity=0
S3_RESIDUAL side=buy rank=6 quantity=0
S3_RESIDUAL side=buy rank=5 quantity=0
S3_RESIDUAL side=buy rank=0 quantity=0
S3_RESIDUAL side=buy rank=3 quantity=0
S3_RESIDUAL side=buy rank=8 quantity=0
S3_RESIDUAL side=buy rank=9 quantity=453170
S3_RESIDUAL side=buy rank=10 quantity=667052
S3_RESIDUAL side=buy rank=1 quantity=984305
S3_RESIDUAL side=buy rank=7 quantity=74168
S3_RESIDUAL side=buy rank=4 quantity=540631
S3_RESIDUAL side=buy rank=11 quantity=0
S3_RESIDUAL side=buy rank=12 quantity=0
S3_RESIDUAL side=buy rank=13 quantity=0
S3_RESIDUAL side=buy rank=14 quantity=0
S3_RESIDUAL side=buy rank=15 quantity=0
S3_RESIDUAL side=sell rank=2 quantity=0
S3_RESIDUAL side=sell rank=5 quantity=0
S3_RESIDUAL side=sell rank=9 quantity=0
S3_RESIDUAL side=sell rank=12 quantity=0
S3_RESIDUAL side=sell rank=10 quantity=0
S3_RESIDUAL side=sell rank=4 quantity=593994
S3_RESIDUAL side=sell rank=11 quantity=135631
S3_RESIDUAL side=sell rank=6 quantity=790311
S3_RESIDUAL side=sell rank=8 quantity=591080
S3_RESIDUAL side=sell rank=7 quantity=150979
S3_RESIDUAL side=sell rank=1 quantity=186886
S3_RESIDUAL side=sell rank=3 quantity=789591
S3_RESIDUAL side=sell rank=0 quantity=103385
S3_RESIDUAL side=sell rank=13 quantity=0
S3_RESIDUAL side=sell rank=14 quantity=0
S3_RESIDUAL side=sell rank=15 quantity=0
The following benchmarks are including preprocessing (offline phase).
Time = 2.47339 seconds 
Data sent = 56.5948 MB in ~14142 rounds (party 0 only; use '-v' for more details)
Global data sent = 169.464 MB (all parties)
This program might benefit from some protocol options.
Consider adding the following at the beginning of your code:
	program.use_edabit(True)
