Using statistical security parameter 40
Trying to run 255-bit computation (256-bit representation)
S3_FMATCH_TEST valid=1 commitment=19245543358671943093682689610502926803556788455039620303836917549364246185225 aggregate_quantity=2128913 aggregate_settlement=1040793855906
S3_MATCH slot=0 active=1 buy_rank=8 sell_rank=8 price=482637 quantity=67550 settlement=32602129350 buy_residual=0 sell_residual=46099
S3_MATCH slot=1 active=1 buy_rank=0 sell_rank=8 price=672358 quantity=46099 settlement=30995031442 buy_residual=632981 sell_residual=0
S3_MATCH slot=2 active=1 buy_rank=0 sell_rank=9 price=842898 quantity=312918 settlement=263757956364 buy_residual=320063 sell_residual=0
S3_MATCH slot=3 active=1 buy_rank=0 sell_rank=11 price=822377 quantity=320063 settlement=263212449751 buy_residual=0 sell_residual=313192
S3_MATCH slot=4 active=1 buy_rank=13 sell_rank=11 price=567140 quantity=313192 settlement=177623710880 buy_residual=608701 sell_residual=0
S3_MATCH slot=5 active=1 buy_rank=13 sell_rank=2 price=352463 quantity=365419 settlement=128796676997 buy_residual=243282 sell_residual=0
S3_MATCH slot=6 active=1 buy_rank=13 sell_rank=5 price=176004 quantity=243282 settlement=42818605128 buy_residual=0 sell_residual=47059
S3_MATCH slot=7 active=1 buy_rank=14 sell_rank=5 price=128187 quantity=47059 settlement=6032352033 buy_residual=928250 sell_residual=0
S3_MATCH slot=8 active=1 buy_rank=14 sell_rank=12 price=229731 quantity=413331 settlement=94954943961 buy_residual=514919 sell_residual=0
S3_MATCH slot=9 active=0 buy_rank=0 sell_rank=0 price=0 quantity=0 settlement=0 buy_residual=0 sell_residual=0
S3_MATCH slot=10 active=0 buy_rank=0 sell_rank=0 price=0 quantity=0 settlement=0 buy_residual=0 sell_residual=0
S3_MATCH slot=11 active=0 buy_rank=0 sell_rank=0 price=0 quantity=0 settlement=0 buy_residual=0 sell_residual=0
S3_MATCH slot=12 active=0 buy_rank=0 sell_rank=0 price=0 quantity=0 settlement=0 buy_residual=0 sell_residual=0
S3_MATCH slot=13 active=0 buy_rank=0 sell_rank=0 price=0 quantity=0 settlement=0 buy_residual=0 sell_residual=0
S3_MATCH slot=14 active=0 buy_rank=0 sell_rank=0 price=0 quantity=0 settlement=0 buy_residual=0 sell_residual=0
S3_MATCH slot=15 active=0 buy_rank=0 sell_rank=0 price=0 quantity=0 settlement=0 buy_residual=0 sell_residual=0
S3_MATCH slot=16 active=0 buy_rank=0 sell_rank=0 price=0 quantity=0 settlement=0 buy_residual=0 sell_residual=0
S3_MATCH slot=17 active=0 buy_rank=0 sell_rank=0 price=0 quantity=0 settlement=0 buy_residual=0 sell_residual=0
S3_MATCH slot=18 active=0 buy_rank=0 sell_rank=0 price=0 quantity=0 settlement=0 buy_residual=0 sell_residual=0
S3_MATCH slot=19 active=0 buy_rank=0 sell_rank=0 price=0 quantity=0 settlement=0 buy_residual=0 sell_residual=0
S3_MATCH slot=20 active=0 buy_rank=0 sell_rank=0 price=0 quantity=0 settlement=0 buy_residual=0 sell_residual=0
S3_MATCH slot=21 active=0 buy_rank=0 sell_rank=0 price=0 quantity=0 settlement=0 buy_residual=0 sell_residual=0
S3_MATCH slot=22 active=0 buy_rank=0 sell_rank=0 price=0 quantity=0 settlement=0 buy_residual=0 sell_residual=0
S3_MATCH slot=23 active=0 buy_rank=0 sell_rank=0 price=0 quantity=0 settlement=0 buy_residual=0 sell_residual=0
S3_MATCH slot=24 active=0 buy_rank=0 sell_rank=0 price=0 quantity=0 settlement=0 buy_residual=0 sell_residual=0
S3_MATCH slot=25 active=0 buy_rank=0 sell_rank=0 price=0 quantity=0 settlement=0 buy_residual=0 sell_residual=0
S3_MATCH slot=26 active=0 buy_rank=0 sell_rank=0 price=0 quantity=0 settlement=0 buy_residual=0 sell_residual=0
S3_MATCH slot=27 active=0 buy_rank=0 sell_rank=0 price=0 quantity=0 settlement=0 buy_residual=0 sell_residual=0
S3_MATCH slot=28 active=0 buy_rank=0 sell_rank=0 price=0 quantity=0 settlement=0 buy_residual=0 sell_residual=0
S3_MATCH slot=29 active=0 buy_rank=0 sell_rank=0 price=0 quantity=0 settlement=0 buy_residual=0 sell_residual=0
S3_MATCH slot=30 active=0 buy_rank=0 sell_rank=0 price=0 quantity=0 settlement=0 buy_residual=0 sell_residual=0
S3_RESIDUAL side=buy rank=8 quantity=0
S3_RESIDUAL side=buy rank=0 quantity=0
S3_RESIDUAL side=buy rank=13 quantity=0
S3_RESIDUAL side=buy rank=14 quantity=514919
S3_RESIDUAL side=buy rank=1 quantity=660410
S3_RESIDUAL side=buy rank=11 quantity=694584
S3_RESIDUAL side=buy rank=5 quantity=787741
S3_RESIDUAL side=buy rank=4 quantity=254292
S3_RESIDUAL side=buy rank=15 quantity=127431
S3_RESIDUAL side=buy rank=3 quantity=560647
S3_RESIDUAL side=buy rank=12 quantity=857478
S3_RESIDUAL side=buy rank=9 quantity=556848
S3_RESIDUAL side=buy rank=2 quantity=633102
S3_RESIDUAL side=buy rank=6 quantity=309302
S3_RESIDUAL side=buy rank=7 quantity=794186
S3_RESIDUAL side=buy rank=10 quantity=961623
S3_RESIDUAL side=sell rank=8 quantity=0
S3_RESIDUAL side=sell rank=9 quantity=0
S3_RESIDUAL side=sell rank=11 quantity=0
S3_RESIDUAL side=sell rank=2 quantity=0
S3_RESIDUAL side=sell rank=5 quantity=0
S3_RESIDUAL side=sell rank=10 quantity=738270
S3_RESIDUAL side=sell rank=3 quantity=628610
S3_RESIDUAL side=sell rank=6 quantity=231938
S3_RESIDUAL side=sell rank=1 quantity=143101
S3_RESIDUAL side=sell rank=12 quantity=0
S3_RESIDUAL side=sell rank=7 quantity=868702
S3_RESIDUAL side=sell rank=0 quantity=249965
S3_RESIDUAL side=sell rank=4 quantity=416931
S3_RESIDUAL side=sell rank=13 quantity=0
S3_RESIDUAL side=sell rank=14 quantity=0
S3_RESIDUAL side=sell rank=15 quantity=0
The following benchmarks are including preprocessing (offline phase).
Time = 2.50063 seconds 
Data sent = 56.5948 MB in ~14142 rounds (party 0 only; use '-v' for more details)
Global data sent = 169.464 MB (all parties)
This program might benefit from some protocol options.
Consider adding the following at the beginning of your code:
	program.use_edabit(True)
