Using statistical security parameter 40
Trying to run 255-bit computation (256-bit representation)
S3_FMATCH_TEST valid=1 commitment=1260196799611459180863461406917010069668145521084629244441499362611287794005 aggregate_quantity=3994138 aggregate_settlement=1938723220423
S3_MATCH slot=0 active=1 buy_rank=0 sell_rank=7 price=454250 quantity=74669 settlement=33918393250 buy_residual=0 sell_residual=829105
S3_MATCH slot=1 active=1 buy_rank=6 sell_rank=7 price=369749 quantity=528640 settlement=195464111360 buy_residual=0 sell_residual=300465
S3_MATCH slot=2 active=1 buy_rank=1 sell_rank=7 price=608456 quantity=300465 settlement=182819732040 buy_residual=635771 sell_residual=0
S3_MATCH slot=3 active=1 buy_rank=1 sell_rank=8 price=481267 quantity=614746 settlement=295856963182 buy_residual=21025 sell_residual=0
S3_MATCH slot=4 active=1 buy_rank=1 sell_rank=3 price=567318 quantity=19847 settlement=11259560346 buy_residual=1178 sell_residual=0
S3_MATCH slot=5 active=1 buy_rank=1 sell_rank=13 price=583631 quantity=1178 settlement=687517318 buy_residual=0 sell_residual=68054
S3_MATCH slot=6 active=1 buy_rank=5 sell_rank=13 price=358935 quantity=68054 settlement=24426962490 buy_residual=324007 sell_residual=0
S3_MATCH slot=7 active=1 buy_rank=5 sell_rank=10 price=223914 quantity=324007 settlement=72549703398 buy_residual=0 sell_residual=521301
S3_MATCH slot=8 active=1 buy_rank=12 sell_rank=10 price=93824 quantity=181702 settlement=17048008448 buy_residual=0 sell_residual=339599
S3_MATCH slot=9 active=1 buy_rank=7 sell_rank=10 price=43947 quantity=284549 settlement=12505074903 buy_residual=0 sell_residual=55050
S3_MATCH slot=10 active=1 buy_rank=11 sell_rank=10 price=362179 quantity=55050 settlement=19937953950 buy_residual=918238 sell_residual=0
S3_MATCH slot=11 active=1 buy_rank=11 sell_rank=14 price=956700 quantity=918238 settlement=878478294600 buy_residual=0 sell_residual=32968
S3_MATCH slot=12 active=1 buy_rank=10 sell_rank=12 price=393686 quantity=154008 settlement=60630793488 buy_residual=591198 sell_residual=0
S3_MATCH slot=13 active=1 buy_rank=10 sell_rank=5 price=283890 quantity=468985 settlement=133140151650 buy_residual=122213 sell_residual=0
S3_MATCH slot=14 active=0 buy_rank=0 sell_rank=0 price=0 quantity=0 settlement=0 buy_residual=0 sell_residual=0
S3_MATCH slot=15 active=0 buy_rank=0 sell_rank=0 price=0 quantity=0 settlement=0 buy_residual=0 sell_residual=0
S3_MATCH slot=16 active=0 buy_rank=0 sell_rank=0 price=0 quantity=0 settlement=0 buy_residual=0 sell_residual=0
S3_MATCH slot=17 active=0 buy_rank=0 sell_rank=0 price=0 quantity=0 settlement=0 buy_residual=0 sell_residual=0
S3_MATCH slot=18 active=0 buy_rank=0 sell_rank=0 price=0 quantity=0 settlement=0 buy_residual=0 sell_residual=0
S3_MATCH slot=19 active=0 buy_rank=0 sell_rank=0 price=0 quantity=0 settlement=0 buy_residual=0 sell_residual=0
S3_MATCH slot=20 active=0 buy_rank=0 sell_rank=0 price=0 quantity=0 settlement=0 buy_residual=0 sell_residual=0
S3_MATCH slot=21 active=0 buy_rank=0 sell_rank=0 price=0 quantity=0 settlement=0 buy_residual=0 sell_residual=0
S3_MATCH slot=22 active=0 buy_rank=0 sell_rank=0 price=0 quantity=0 settlement=0 buy_residual=0 sell_residual=0
S3_MATCH slot=23 active=0 buy_rank=0 sell_rank=0 price=0 quantity=0 settlement=0 buy_residual=0 sell_residual=0
S3_MATCH slot=24 active=0 buy_rank=0 sell_rank=0 price=0 quantity=0 settlement=0 buy_residual=0 sell_residual=0
S3_MATCH slot=25 active=0 buy_rank=0 sell_rank=0 price=0 quantity=0 settlement=0 buy_residual=0 sell_residual=0
S3_MATCH slot=26 active=0 buy_rank=0 sell_rank=0 price=0 quantity=0 settlement=0 buy_residual=0 sell_residual=0
S3_MATCH slot=27 active=0 buy_rank=0 sell_rank=0 price=0 quantity=0 settlement=0 buy_residual=0 sell_residual=0
S3_MATCH slot=28 active=0 buy_rank=0 sell_rank=0 price=0 quantity=0 settlement=0 buy_residual=0 sell_residual=0
S3_MATCH slot=29 active=0 buy_rank=0 sell_rank=0 price=0 quantity=0 settlement=0 buy_residual=0 sell_residual=0
S3_MATCH slot=30 active=0 buy_rank=0 sell_rank=0 price=0 quantity=0 settlement=0 buy_residual=0 sell_residual=0
S3_RESIDUAL side=buy rank=0 quantity=0
S3_RESIDUAL side=buy rank=6 quantity=0
S3_RESIDUAL side=buy rank=1 quantity=0
S3_RESIDUAL side=buy rank=5 quantity=0
S3_RESIDUAL side=buy rank=12 quantity=0
S3_RESIDUAL side=buy rank=7 quantity=0
S3_RESIDUAL side=buy rank=11 quantity=0
S3_RESIDUAL side=buy rank=10 quantity=122213
S3_RESIDUAL side=buy rank=9 quantity=659447
S3_RESIDUAL side=buy rank=2 quantity=60144
S3_RESIDUAL side=buy rank=8 quantity=864837
S3_RESIDUAL side=buy rank=3 quantity=555680
S3_RESIDUAL side=buy rank=4 quantity=773098
S3_RESIDUAL side=buy rank=13 quantity=0
S3_RESIDUAL side=buy rank=14 quantity=0
S3_RESIDUAL side=buy rank=15 quantity=0
S3_RESIDUAL side=sell rank=7 quantity=0
S3_RESIDUAL side=sell rank=8 quantity=0
S3_RESIDUAL side=sell rank=3 quantity=0
S3_RESIDUAL side=sell rank=13 quantity=0
S3_RESIDUAL side=sell rank=2 quantity=77317
S3_RESIDUAL side=sell rank=10 quantity=0
S3_RESIDUAL side=sell rank=14 quantity=32968
S3_RESIDUAL side=sell rank=1 quantity=953230
S3_RESIDUAL side=sell rank=9 quantity=16519
S3_RESIDUAL side=sell rank=12 quantity=0
S3_RESIDUAL side=sell rank=5 quantity=0
S3_RESIDUAL side=sell rank=6 quantity=499568
S3_RESIDUAL side=sell rank=4 quantity=42517
S3_RESIDUAL side=sell rank=11 quantity=417491
S3_RESIDUAL side=sell rank=0 quantity=955068
S3_RESIDUAL side=sell rank=15 quantity=0
The following benchmarks are including preprocessing (offline phase).
Time = 2.70664 seconds 
Data sent = 56.5948 MB in ~14142 rounds (party 0 only; use '-v' for more details)
Global data sent = 169.464 MB (all parties)
This program might benefit from some protocol options.
Consider adding the following at the beginning of your code:
	program.use_edabit(True)
