Using statistical security parameter 40
Trying to run 255-bit computation (256-bit representation)
S3_FMATCH_TEST valid=1 commitment=2091767176526065393014330329334939410463298136540694397333534915494238946666 aggregate_quantity=3547910 aggregate_settlement=2300403805152
S3_MATCH slot=0 active=1 buy_rank=7 sell_rank=7 price=450938 quantity=111949 settlement=50482058162 buy_residual=0 sell_residual=137664
S3_MATCH slot=1 active=1 buy_rank=1 sell_rank=7 price=261015 quantity=107406 settlement=28034577090 buy_residual=0 sell_residual=30258
S3_MATCH slot=2 active=1 buy_rank=8 sell_rank=7 price=495831 quantity=30258 settlement=15002854398 buy_residual=519923 sell_residual=0
S3_MATCH slot=3 active=1 buy_rank=8 sell_rank=0 price=538158 quantity=319949 settlement=172183113942 buy_residual=199974 sell_residual=0
S3_MATCH slot=4 active=1 buy_rank=8 sell_rank=5 price=572936 quantity=199974 settlement=114572303664 buy_residual=0 sell_residual=276042
S3_MATCH slot=5 active=1 buy_rank=0 sell_rank=5 price=484472 quantity=276042 settlement=133734619824 buy_residual=533813 sell_residual=0
S3_MATCH slot=6 active=1 buy_rank=0 sell_rank=2 price=810224 quantity=533813 settlement=432508104112 buy_residual=0 sell_residual=72642
S3_MATCH slot=7 active=1 buy_rank=5 sell_rank=2 price=751902 quantity=72642 settlement=54619665084 buy_residual=917905 sell_residual=0
S3_MATCH slot=8 active=1 buy_rank=5 sell_rank=9 price=543644 quantity=342185 settlement=186026822140 buy_residual=575720 sell_residual=0
S3_MATCH slot=9 active=1 buy_rank=5 sell_rank=10 price=273646 quantity=88753 settlement=24286903438 buy_residual=486967 sell_residual=0
S3_MATCH slot=10 active=1 buy_rank=5 sell_rank=6 price=601987 quantity=486967 settlement=293147803429 buy_residual=0 sell_residual=466219
S3_MATCH slot=11 active=1 buy_rank=2 sell_rank=4 price=165749 quantity=70592 settlement=11700553408 buy_residual=0 sell_residual=204807
S3_MATCH slot=12 active=1 buy_rank=3 sell_rank=4 price=540933 quantity=204807 settlement=110786864931 buy_residual=702573 sell_residual=0
S3_MATCH slot=13 active=1 buy_rank=3 sell_rank=8 price=1165139 quantity=16029 settlement=18676013031 buy_residual=686544 sell_residual=0
S3_MATCH slot=14 active=1 buy_rank=3 sell_rank=11 price=945966 quantity=624571 settlement=590822930586 buy_residual=61973 sell_residual=0
S3_MATCH slot=15 active=1 buy_rank=3 sell_rank=12 price=1029781 quantity=61973 settlement=63818617913 buy_residual=0 sell_residual=886149
S3_MATCH slot=16 active=0 buy_rank=0 sell_rank=0 price=0 quantity=0 settlement=0 buy_residual=0 sell_residual=0
S3_MATCH slot=17 active=0 buy_rank=0 sell_rank=0 price=0 quantity=0 settlement=0 buy_residual=0 sell_residual=0
S3_MATCH slot=18 active=0 buy_rank=0 sell_rank=0 price=0 quantity=0 settlement=0 buy_residual=0 sell_residual=0
S3_MATCH slot=19 active=0 buy_rank=0 sell_rank=0 price=0 quantity=0 settlement=0 buy_residual=0 sell_residual=0
S3_MATCH slot=20 active=0 buy_rank=0 sell_rank=0 price=0 quantity=0 settlement=0 buy_residual=0 sell_residual=0
S3_MATCH slot=21 active=0 buy_rank=0 sell_rank=0 price=0 quantity=0 settlement=0 buy_residual=0 sell_residual=0
S3_MATCH slot=22 active=0 buy_rank=0 sell_rank=0 price=0 quantity=0 settlement=0 buy_residual=0 sell_residual=0
S3_MATCH slot=23 active=0 buy_rank=0 sell_rank=0 price=0 quantity=0 settlement=0 buy_residual=0 sell_residual=0
S3_MATCH slot=24 active=0 buy_rank=0 sell_rank=0 price=0 quantity=0 settlement=0 buy_residual=0 sell_residual=0
S3_MATCH slot=25 active=0 buy_rank=0 sell_rank=0 price=0 quantity=0 settlement=0 buy_residual=0 sell_residual=0
S3_MATCH slot=26 active=0 buy_rank=0 sell_rank=0 price=0 quantity=0 settlement=0 buy_residual=0 sell_residual=0
S3_MATCH slot=27 active=0 buy_rank=0 sell_rank=0 price=0 quantity=0 settlement=0 buy_residual=0 sell_residual=0
S3_MATCH slot=28 active=0 buy_rank=0 sell_rank=0 price=0 quantity=0 settlement=0 buy_residual=0 sell_residual=0
S3_MATCH slot=29 active=0 buy_rank=0 sell_rank=0 price=0 quantity=0 settlement=0 buy_residual=0 sell_residual=0
S3_MATCH slot=30 active=0 buy_rank=0 sell_rank=0 price=0 quantity=0 settlement=0 buy_residual=0 sell_residual=0
S3_RESIDUAL side=buy rank=7 quantity=0
S3_RESIDUAL side=buy rank=1 quantity=0
S3_RESIDUAL side=buy rank=8 quantity=0
S3_RESIDUAL side=buy rank=0 quantity=0
S3_RESIDUAL side=buy rank=5 quantity=0
S3_RESIDUAL side=buy rank=2 quantity=0
S3_RESIDUAL side=buy rank=3 quantity=0
S3_RESIDUAL side=buy rank=9 quantity=226027
S3_RESIDUAL side=buy rank=6 quantity=798491
S3_RESIDUAL side=buy rank=4 quantity=444058
S3_RESIDUAL side=buy rank=10 quantity=0
S3_RESIDUAL side=buy rank=11 quantity=0
S3_RESIDUAL side=buy rank=12 quantity=0
S3_RESIDUAL side=buy rank=13 quantity=0
S3_RESIDUAL side=buy rank=14 quantity=0
S3_RESIDUAL side=buy rank=15 quantity=0
S3_RESIDUAL side=sell rank=7 quantity=0
S3_RESIDUAL side=sell rank=0 quantity=0
S3_RESIDUAL side=sell rank=5 quantity=0
S3_RESIDUAL side=sell rank=2 quantity=0
S3_RESIDUAL side=sell rank=9 quantity=0
S3_RESIDUAL side=sell rank=10 quantity=0
S3_RESIDUAL side=sell rank=6 quantity=466219
S3_RESIDUAL side=sell rank=4 quantity=0
S3_RESIDUAL side=sell rank=8 quantity=0
S3_RESIDUAL side=sell rank=11 quantity=0
S3_RESIDUAL side=sell rank=1 quantity=213407
S3_RESIDUAL side=sell rank=12 quantity=886149
S3_RESIDUAL side=sell rank=3 quantity=225484
S3_RESIDUAL side=sell rank=13 quantity=0
S3_RESIDUAL side=sell rank=14 quantity=0
S3_RESIDUAL side=sell rank=15 quantity=0
The following benchmarks are including preprocessing (offline phase).
Time = 2.64983 seconds 
Data sent = 56.5948 MB in ~14142 rounds (party 0 only; use '-v' for more details)
Global data sent = 169.464 MB (all parties)
This program might benefit from some protocol options.
Consider adding the following at the beginning of your code:
	program.use_edabit(True)
