Using statistical security parameter 40
Trying to run 255-bit computation (256-bit representation)
S3_FMATCH_TEST valid=1 commitment=-25606607221812335639427450964756260020092352038916821617927952844951836053400 aggregate_quantity=46924234 aggregate_settlement=21144371161212
S3_MATCH slot=0 active=1 buy_rank=94 sell_rank=164 price=483509 quantity=753573 settlement=364359327657 buy_residual=203390 sell_residual=0
S3_MATCH slot=1 active=1 buy_rank=94 sell_rank=26 price=467693 quantity=203390 settlement=95124079270 buy_residual=0 sell_residual=610458
S3_MATCH slot=2 active=1 buy_rank=107 sell_rank=26 price=401543 quantity=610458 settlement=245125136694 buy_residual=323389 sell_residual=0
S3_MATCH slot=3 active=1 buy_rank=107 sell_rank=161 price=431034 quantity=323389 settlement=139391654226 buy_residual=0 sell_residual=57575
S3_MATCH slot=4 active=1 buy_rank=143 sell_rank=161 price=576213 quantity=57575 settlement=33175463475 buy_residual=514551 sell_residual=0
S3_MATCH slot=5 active=1 buy_rank=143 sell_rank=33 price=581685 quantity=350682 settlement=203986459170 buy_residual=163869 sell_residual=0
S3_MATCH slot=6 active=1 buy_rank=143 sell_rank=120 price=603390 quantity=163869 settlement=98876915910 buy_residual=0 sell_residual=339669
S3_MATCH slot=7 active=1 buy_rank=171 sell_rank=120 price=464318 quantity=172034 settlement=79878482812 buy_residual=0 sell_residual=167635
S3_MATCH slot=8 active=1 buy_rank=21 sell_rank=120 price=443898 quantity=167635 settlement=74412841230 buy_residual=495985 sell_residual=0
S3_MATCH slot=9 active=1 buy_rank=21 sell_rank=187 price=467568 quantity=102282 settlement=47823790176 buy_residual=393703 sell_residual=0
S3_MATCH slot=10 active=1 buy_rank=21 sell_rank=93 price=367242 quantity=349597 settlement=128386701474 buy_residual=44106 sell_residual=0
S3_MATCH slot=11 active=1 buy_rank=21 sell_rank=148 price=395604 quantity=44106 settlement=17448510024 buy_residual=0 sell_residual=365874
S3_MATCH slot=12 active=1 buy_rank=194 sell_rank=148 price=582250 quantity=365874 settlement=213030136500 buy_residual=540226 sell_residual=0
S3_MATCH slot=13 active=1 buy_rank=194 sell_rank=52 price=695090 quantity=89658 settlement=62320379220 buy_residual=450568 sell_residual=0
S3_MATCH slot=14 active=1 buy_rank=194 sell_rank=202 price=549165 quantity=450568 settlement=247436175720 buy_residual=0 sell_residual=34010
S3_MATCH slot=15 active=1 buy_rank=203 sell_rank=202 price=356231 quantity=34010 settlement=12115416310 buy_residual=719637 sell_residual=0
S3_MATCH slot=16 active=1 buy_rank=203 sell_rank=154 price=392415 quantity=719637 settlement=282396353355 buy_residual=0 sell_residual=106578
S3_MATCH slot=17 active=1 buy_rank=180 sell_rank=154 price=349330 quantity=106578 settlement=37230892740 buy_residual=603637 sell_residual=0
S3_MATCH slot=18 active=1 buy_rank=180 sell_rank=39 price=393952 quantity=603637 settlement=237804003424 buy_residual=0 sell_residual=52315
S3_MATCH slot=19 active=1 buy_rank=187 sell_rank=39 price=423752 quantity=52315 settlement=22168585880 buy_residual=281914 sell_residual=0
S3_MATCH slot=20 active=1 buy_rank=187 sell_rank=130 price=409054 quantity=281914 settlement=115318049356 buy_residual=0 sell_residual=598907
S3_MATCH slot=21 active=1 buy_rank=130 sell_rank=130 price=442193 quantity=377104 settlement=166752749072 buy_residual=0 sell_residual=221803
S3_MATCH slot=22 active=1 buy_rank=127 sell_rank=130 price=415559 quantity=221803 settlement=92172232877 buy_residual=652345 sell_residual=0
S3_MATCH slot=23 active=1 buy_rank=127 sell_rank=172 price=390601 quantity=652345 settlement=254806609345 buy_residual=0 sell_residual=210072
S3_MATCH slot=24 active=1 buy_rank=116 sell_rank=172 price=574922 quantity=210072 settlement=120775014384 buy_residual=762517 sell_residual=0
S3_MATCH slot=25 active=1 buy_rank=116 sell_rank=208 price=665641 quantity=214986 settlement=143103496026 buy_residual=547531 sell_residual=0
S3_MATCH slot=26 active=1 buy_rank=116 sell_rank=206 price=639443 quantity=133071 settlement=85091319453 buy_residual=414460 sell_residual=0
S3_MATCH slot=27 active=1 buy_rank=116 sell_rank=59 price=732445 quantity=364052 settlement=266648067140 buy_residual=50408 sell_residual=0
S3_MATCH slot=28 active=1 buy_rank=116 sell_rank=21 price=698144 quantity=50408 settlement=35192042752 buy_residual=0 sell_residual=781713
S3_MATCH slot=29 active=1 buy_rank=183 sell_rank=21 price=614088 quantity=78318 settlement=48094143984 buy_residual=0 sell_residual=703395
S3_MATCH slot=30 active=1 buy_rank=112 sell_rank=21 price=614930 quantity=513049 settlement=315489221570 buy_residual=0 sell_residual=190346
S3_MATCH slot=31 active=1 buy_rank=145 sell_rank=21 price=717538 quantity=190346 settlement=136580488148 buy_residual=113030 sell_residual=0
S3_MATCH slot=32 active=1 buy_rank=145 sell_rank=71 price=595597 quantity=113030 settlement=67320328910 buy_residual=0 sell_residual=841121
S3_MATCH slot=33 active=1 buy_rank=101 sell_rank=71 price=392129 quantity=621288 settlement=243625042152 buy_residual=0 sell_residual=219833
S3_MATCH slot=34 active=1 buy_rank=170 sell_rank=71 price=376996 quantity=219833 settlement=82876161668 buy_residual=740557 sell_residual=0
S3_MATCH slot=35 active=1 buy_rank=170 sell_rank=115 price=503952 quantity=204543 settlement=103079853936 buy_residual=536014 sell_residual=0
S3_MATCH slot=36 active=1 buy_rank=170 sell_rank=122 price=377034 quantity=479808 settlement=180903929472 buy_residual=56206 sell_residual=0
S3_MATCH slot=37 active=1 buy_rank=170 sell_rank=127 price=285615 quantity=56206 settlement=16053276690 buy_residual=0 sell_residual=928291
S3_MATCH slot=38 active=1 buy_rank=102 sell_rank=127 price=267725 quantity=343307 settlement=91911866575 buy_residual=0 sell_residual=584984
S3_MATCH slot=39 active=1 buy_rank=147 sell_rank=127 price=333454 quantity=255813 settlement=85301868102 buy_residual=0 sell_residual=329171
S3_MATCH slot=40 active=1 buy_rank=27 sell_rank=127 price=253780 quantity=329171 settlement=83537016380 buy_residual=433746 sell_residual=0
S3_MATCH slot=41 active=1 buy_rank=27 sell_rank=65 price=275304 quantity=433746 settlement=119412008784 buy_residual=0 sell_residual=108245
S3_MATCH slot=42 active=1 buy_rank=58 sell_rank=65 price=571913 quantity=108245 settlement=61906722685 buy_residual=553680 sell_residual=0
S3_MATCH slot=43 active=1 buy_rank=58 sell_rank=1 price=763997 quantity=553680 settlement=423009858960 buy_residual=0 sell_residual=307103
S3_MATCH slot=44 active=1 buy_rank=30 sell_rank=1 price=371130 quantity=225346 settlement=83632660980 buy_residual=0 sell_residual=81757
S3_MATCH slot=45 active=1 buy_rank=73 sell_rank=1 price=437657 quantity=81757 settlement=35781523349 buy_residual=1287 sell_residual=0
S3_MATCH slot=46 active=1 buy_rank=73 sell_rank=95 price=261333 quantity=1287 settlement=336335571 buy_residual=0 sell_residual=446233
S3_MATCH slot=47 active=1 buy_rank=108 sell_rank=95 price=531954 quantity=196174 settlement=104355543996 buy_residual=0 sell_residual=250059
S3_MATCH slot=48 active=1 buy_rank=12 sell_rank=95 price=264319 quantity=250059 settlement=66095344821 buy_residual=121403 sell_residual=0
S3_MATCH slot=49 active=1 buy_rank=12 sell_rank=2 price=547167 quantity=36334 settlement=19880765778 buy_residual=85069 sell_residual=0
S3_MATCH slot=50 active=1 buy_rank=12 sell_rank=176 price=469074 quantity=85069 settlement=39903656106 buy_residual=0 sell_residual=664741
S3_MATCH slot=51 active=1 buy_rank=98 sell_rank=176 price=409370 quantity=664741 settlement=272125023170 buy_residual=208872 sell_residual=0
S3_MATCH slot=52 active=1 buy_rank=98 sell_rank=190 price=356809 quantity=208872 settlement=74527409448 buy_residual=0 sell_residual=49771
S3_MATCH slot=53 active=1 buy_rank=4 sell_rank=190 price=479761 quantity=49771 settlement=23878184731 buy_residual=810444 sell_residual=0
S3_MATCH slot=54 active=1 buy_rank=4 sell_rank=50 price=528761 quantity=810444 settlement=428531179884 buy_residual=0 sell_residual=3733
S3_MATCH slot=55 active=1 buy_rank=25 sell_rank=50 price=396225 quantity=3733 settlement=1479107925 buy_residual=535251 sell_residual=0
S3_MATCH slot=56 active=1 buy_rank=25 sell_rank=205 price=476110 quantity=535251 settlement=254838353610 buy_residual=0 sell_residual=383344
S3_MATCH slot=57 active=1 buy_rank=44 sell_rank=205 price=873515 quantity=383344 settlement=334856734160 buy_residual=284193 sell_residual=0
S3_MATCH slot=58 active=1 buy_rank=44 sell_rank=140 price=630079 quantity=284193 settlement=179064041247 buy_residual=0 sell_residual=561505
S3_MATCH slot=59 active=1 buy_rank=208 sell_rank=140 price=462492 quantity=561505 settlement=259691570460 buy_residual=141657 sell_residual=0
S3_MATCH slot=60 active=1 buy_rank=208 sell_rank=49 price=395126 quantity=141657 settlement=55972363782 buy_residual=0 sell_residual=614882
S3_MATCH slot=61 active=1 buy_rank=41 sell_rank=49 price=590225 quantity=142014 settlement=83820213150 buy_residual=0 sell_residual=472868
S3_MATCH slot=62 active=1 buy_rank=135 sell_rank=49 price=437123 quantity=57045 settlement=24935681535 buy_residual=0 sell_residual=415823
S3_MATCH slot=63 active=1 buy_rank=129 sell_rank=49 price=201553 quantity=415823 settlement=83810373119 buy_residual=564122 sell_residual=0
S3_MATCH slot=64 active=1 buy_rank=129 sell_rank=67 price=399690 quantity=482729 settlement=192941954010 buy_residual=81393 sell_residual=0
S3_MATCH slot=65 active=1 buy_rank=129 sell_rank=9 price=349243 quantity=81393 settlement=28425935499 buy_residual=0 sell_residual=644724
S3_MATCH slot=66 active=1 buy_rank=109 sell_rank=9 price=732527 quantity=644724 settlement=472277737548 buy_residual=101279 sell_residual=0
S3_MATCH slot=67 active=1 buy_rank=109 sell_rank=124 price=726622 quantity=101279 settlement=73591549538 buy_residual=0 sell_residual=871274
S3_MATCH slot=68 active=1 buy_rank=67 sell_rank=124 price=502213 quantity=564205 settlement=283351085665 buy_residual=0 sell_residual=307069
S3_MATCH slot=69 active=1 buy_rank=206 sell_rank=124 price=659109 quantity=231092 settlement=152314817028 buy_residual=0 sell_residual=75977
S3_MATCH slot=70 active=1 buy_rank=128 sell_rank=124 price=675918 quantity=75977 settlement=51354221886 buy_residual=897522 sell_residual=0
S3_MATCH slot=71 active=1 buy_rank=128 sell_rank=30 price=616021 quantity=798635 settlement=491975931335 buy_residual=98887 sell_residual=0
S3_MATCH slot=72 active=1 buy_rank=128 sell_rank=151 price=583980 quantity=98887 settlement=57748030260 buy_residual=0 sell_residual=202156
S3_MATCH slot=73 active=1 buy_rank=123 sell_rank=151 price=428547 quantity=202156 settlement=86633347332 buy_residual=356329 sell_residual=0
S3_MATCH slot=74 active=1 buy_rank=123 sell_rank=72 price=334622 quantity=50873 settlement=17023225006 buy_residual=305456 sell_residual=0
S3_MATCH slot=75 active=1 buy_rank=123 sell_rank=217 price=571855 quantity=305456 settlement=174676540880 buy_residual=0 sell_residual=171024
S3_MATCH slot=76 active=1 buy_rank=70 sell_rank=217 price=869263 quantity=171024 settlement=148664835312 buy_residual=214181 sell_residual=0
S3_MATCH slot=77 active=1 buy_rank=70 sell_rank=225 price=900153 quantity=214181 settlement=192795669693 buy_residual=0 sell_residual=735197
S3_MATCH slot=78 active=1 buy_rank=75 sell_rank=225 price=723893 quantity=310767 settlement=224962055931 buy_residual=0 sell_residual=424430
S3_MATCH slot=79 active=1 buy_rank=10 sell_rank=225 price=931122 quantity=424430 settlement=395196110460 buy_residual=313451 sell_residual=0
S3_MATCH slot=80 active=1 buy_rank=10 sell_rank=84 price=868261 quantity=11098 settlement=9635960578 buy_residual=302353 sell_residual=0
S3_MATCH slot=81 active=1 buy_rank=10 sell_rank=198 price=865893 quantity=302353 settlement=261805346229 buy_residual=0 sell_residual=186651
S3_MATCH slot=82 active=1 buy_rank=22 sell_rank=198 price=616623 quantity=186651 settlement=115093299573 buy_residual=425818 sell_residual=0
S3_MATCH slot=83 active=1 buy_rank=22 sell_rank=110 price=383734 quantity=425818 settlement=163400844412 buy_residual=0 sell_residual=169892
S3_MATCH slot=84 active=1 buy_rank=111 sell_rank=110 price=390562 quantity=169892 settlement=66353359304 buy_residual=152362 sell_residual=0
S3_MATCH slot=85 active=1 buy_rank=111 sell_rank=143 price=535165 quantity=152362 settlement=81538809730 buy_residual=0 sell_residual=241844
S3_MATCH slot=86 active=1 buy_rank=142 sell_rank=143 price=657892 quantity=241844 settlement=159107232848 buy_residual=512107 sell_residual=0
S3_MATCH slot=87 active=1 buy_rank=142 sell_rank=123 price=773052 quantity=512107 settlement=395885340564 buy_residual=0 sell_residual=470167
S3_MATCH slot=88 active=1 buy_rank=197 sell_rank=123 price=639704 quantity=468528 settlement=299719235712 buy_residual=0 sell_residual=1639
S3_MATCH slot=89 active=1 buy_rank=3 sell_rank=123 price=630350 quantity=1639 settlement=1033143650 buy_residual=266831 sell_residual=0
S3_MATCH slot=90 active=1 buy_rank=3 sell_rank=199 price=457102 quantity=266831 settlement=121968983762 buy_residual=0 sell_residual=373627
S3_MATCH slot=91 active=1 buy_rank=68 sell_rank=199 price=388665 quantity=373627 settlement=145215737955 buy_residual=472135 sell_residual=0
S3_MATCH slot=92 active=1 buy_rank=68 sell_rank=68 price=613696 quantity=135899 settlement=83400672704 buy_residual=336236 sell_residual=0
S3_MATCH slot=93 active=1 buy_rank=68 sell_rank=37 price=557984 quantity=336236 settlement=187614308224 buy_residual=0 sell_residual=274734
S3_MATCH slot=94 active=1 buy_rank=134 sell_rank=37 price=667918 quantity=274734 settlement=183499783812 buy_residual=500745 sell_residual=0
S3_MATCH slot=95 active=1 buy_rank=134 sell_rank=73 price=382453 quantity=380057 settlement=145353939821 buy_residual=120688 sell_residual=0
S3_MATCH slot=96 active=1 buy_rank=134 sell_rank=38 price=540379 quantity=120688 settlement=65217260752 buy_residual=0 sell_residual=433835
S3_MATCH slot=97 active=1 buy_rank=126 sell_rank=38 price=436905 quantity=139487 settlement=60942567735 buy_residual=0 sell_residual=294348
S3_MATCH slot=98 active=1 buy_rank=113 sell_rank=38 price=561722 quantity=77494 settlement=43530084668 buy_residual=0 sell_residual=216854
S3_MATCH slot=99 active=1 buy_rank=99 sell_rank=38 price=253248 quantity=216854 settlement=54917841792 buy_residual=141967 sell_residual=0
S3_MATCH slot=100 active=1 buy_rank=99 sell_rank=146 price=265163 quantity=141967 settlement=37644395621 buy_residual=0 sell_residual=408344
S3_MATCH slot=101 active=1 buy_rank=159 sell_rank=146 price=404302 quantity=408344 settlement=165094295888 buy_residual=399624 sell_residual=0
S3_MATCH slot=102 active=1 buy_rank=159 sell_rank=180 price=287124 quantity=45322 settlement=13013033928 buy_residual=354302 sell_residual=0
S3_MATCH slot=103 active=1 buy_rank=159 sell_rank=221 price=371374 quantity=174231 settlement=64704863394 buy_residual=180071 sell_residual=0
S3_MATCH slot=104 active=1 buy_rank=159 sell_rank=62 price=417580 quantity=180071 settlement=75194048180 buy_residual=0 sell_residual=93415
S3_MATCH slot=105 active=1 buy_rank=53 sell_rank=62 price=707119 quantity=93415 settlement=66055521385 buy_residual=605756 sell_residual=0
S3_MATCH slot=106 active=1 buy_rank=53 sell_rank=114 price=619069 quantity=189485 settlement=117304289465 buy_residual=416271 sell_residual=0
S3_MATCH slot=107 active=1 buy_rank=53 sell_rank=63 price=615510 quantity=113297 settlement=69735436470 buy_residual=302974 sell_residual=0
S3_MATCH slot=108 active=1 buy_rank=53 sell_rank=209 price=494449 quantity=302974 settlement=149805191326 buy_residual=0 sell_residual=105342
S3_MATCH slot=109 active=1 buy_rank=176 sell_rank=209 price=202920 quantity=105342 settlement=21375998640 buy_residual=718896 sell_residual=0
S3_MATCH slot=110 active=1 buy_rank=176 sell_rank=66 price=169296 quantity=718896 settlement=121706217216 buy_residual=0 sell_residual=59846
S3_MATCH slot=111 active=1 buy_rank=14 sell_rank=66 price=445795 quantity=59846 settlement=26679047570 buy_residual=766840 sell_residual=0
S3_MATCH slot=112 active=1 buy_rank=14 sell_rank=32 price=549932 quantity=766840 settlement=421709854880 buy_residual=0 sell_residual=124018
S3_MATCH slot=113 active=1 buy_rank=74 sell_rank=32 price=357356 quantity=124018 settlement=44318576408 buy_residual=713309 sell_residual=0
S3_MATCH slot=114 active=1 buy_rank=74 sell_rank=13 price=440162 quantity=577401 settlement=254149978962 buy_residual=135908 sell_residual=0
S3_MATCH slot=115 active=1 buy_rank=74 sell_rank=129 price=700566 quantity=135908 settlement=95212523928 buy_residual=0 sell_residual=115215
S3_MATCH slot=116 active=1 buy_rank=36 sell_rank=112 price=143483 quantity=799452 settlement=114707771316 buy_residual=150795 sell_residual=0
S3_MATCH slot=117 active=1 buy_rank=36 sell_rank=17 price=208096 quantity=150795 settlement=31379836320 buy_residual=0 sell_residual=62045
S3_MATCH slot=118 active=1 buy_rank=144 sell_rank=17 price=206251 quantity=62045 settlement=12796843295 buy_residual=578452 sell_residual=0
S3_MATCH slot=119 active=1 buy_rank=144 sell_rank=134 price=264153 quantity=409404 settlement=108145294812 buy_residual=169048 sell_residual=0
S3_MATCH slot=120 active=1 buy_rank=144 sell_rank=224 price=191180 quantity=169048 settlement=32318596640 buy_residual=0 sell_residual=326970
S3_MATCH slot=121 active=1 buy_rank=24 sell_rank=224 price=185133 quantity=326970 settlement=60532937010 buy_residual=555426 sell_residual=0
S3_MATCH slot=122 active=1 buy_rank=24 sell_rank=27 price=230753 quantity=64611 settlement=14909182083 buy_residual=490815 sell_residual=0
S3_MATCH slot=123 active=1 buy_rank=24 sell_rank=55 price=183506 quantity=26500 settlement=4862909000 buy_residual=464315 sell_residual=0
S3_MATCH slot=124 active=1 buy_rank=24 sell_rank=197 price=252566 quantity=386178 settlement=97535432748 buy_residual=78137 sell_residual=0
S3_MATCH slot=125 active=1 buy_rank=24 sell_rank=144 price=273038 quantity=78137 settlement=21334370206 buy_residual=0 sell_residual=434939
S3_MATCH slot=126 active=1 buy_rank=59 sell_rank=144 price=637538 quantity=303230 settlement=193320647740 buy_residual=0 sell_residual=131709
S3_MATCH slot=127 active=1 buy_rank=16 sell_rank=144 price=519250 quantity=131709 settlement=68389898250 buy_residual=157875 sell_residual=0
S3_MATCH slot=128 active=1 buy_rank=16 sell_rank=43 price=592539 quantity=106800 settlement=63283165200 buy_residual=51075 sell_residual=0
S3_MATCH slot=129 active=1 buy_rank=16 sell_rank=79 price=877772 quantity=51075 settlement=44832204900 buy_residual=0 sell_residual=520354
S3_MATCH slot=130 active=1 buy_rank=40 sell_rank=136 price=275270 quantity=801765 settlement=220701851550 buy_residual=0 sell_residual=171025
S3_MATCH slot=131 active=1 buy_rank=80 sell_rank=136 price=123784 quantity=3608 settlement=446612672 buy_residual=0 sell_residual=167417
S3_MATCH slot=132 active=1 buy_rank=199 sell_rank=136 price=424012 quantity=167417 settlement=70986817004 buy_residual=587829 sell_residual=0
S3_MATCH slot=133 active=1 buy_rank=199 sell_rank=214 price=429205 quantity=587829 settlement=252299145945 buy_residual=0 sell_residual=14656
S3_MATCH slot=134 active=1 buy_rank=196 sell_rank=214 price=573788 quantity=14656 settlement=8409436928 buy_residual=126991 sell_residual=0
S3_MATCH slot=135 active=1 buy_rank=196 sell_rank=76 price=973224 quantity=126991 settlement=123590688984 buy_residual=0 sell_residual=238421
S3_MATCH slot=136 active=1 buy_rank=162 sell_rank=137 price=245469 quantity=209159 settlement=51342050571 buy_residual=0 sell_residual=325174
S3_MATCH slot=137 active=1 buy_rank=141 sell_rank=137 price=194904 quantity=325174 settlement=63377713296 buy_residual=606604 sell_residual=0
S3_MATCH slot=138 active=1 buy_rank=141 sell_rank=118 price=191344 quantity=606604 settlement=116070035776 buy_residual=0 sell_residual=81199
S3_MATCH slot=139 active=1 buy_rank=55 sell_rank=118 price=308732 quantity=81199 settlement=25068729668 buy_residual=898396 sell_residual=0
S3_MATCH slot=140 active=1 buy_rank=55 sell_rank=169 price=404653 quantity=119424 settlement=48325279872 buy_residual=778972 sell_residual=0
S3_MATCH slot=141 active=1 buy_rank=55 sell_rank=23 price=523891 quantity=778972 settlement=408096420052 buy_residual=0 sell_residual=47346
S3_MATCH slot=142 active=1 buy_rank=177 sell_rank=23 price=824406 quantity=47346 settlement=39032326476 buy_residual=620142 sell_residual=0
S3_MATCH slot=143 active=1 buy_rank=177 sell_rank=108 price=483829 quantity=387092 settlement=187286335268 buy_residual=233050 sell_residual=0
S3_MATCH slot=144 active=1 buy_rank=177 sell_rank=186 price=1118417 quantity=213076 settlement=238307820692 buy_residual=19974 sell_residual=0
S3_MATCH slot=145 active=1 buy_rank=177 sell_rank=91 price=459930 quantity=19974 settlement=9186641820 buy_residual=0 sell_residual=441302
S3_MATCH slot=146 active=1 buy_rank=51 sell_rank=91 price=359411 quantity=441302 settlement=158608793122 buy_residual=115214 sell_residual=0
S3_MATCH slot=147 active=1 buy_rank=51 sell_rank=107 price=487307 quantity=115214 settlement=56144588698 buy_residual=0 sell_residual=205208
S3_MATCH slot=148 active=1 buy_rank=15 sell_rank=107 price=604508 quantity=205208 settlement=124049877664 buy_residual=294272 sell_residual=0
S3_MATCH slot=149 active=1 buy_rank=15 sell_rank=98 price=620018 quantity=294272 settlement=182453936896 buy_residual=0 sell_residual=30010
S3_MATCH slot=150 active=1 buy_rank=105 sell_rank=158 price=81091 quantity=629571 settlement=51052541961 buy_residual=0 sell_residual=88982
S3_MATCH slot=151 active=1 buy_rank=17 sell_rank=158 price=383711 quantity=88982 settlement=34143372202 buy_residual=482288 sell_residual=0
S3_MATCH slot=152 active=1 buy_rank=17 sell_rank=85 price=988659 quantity=164421 settlement=162556301439 buy_residual=317867 sell_residual=0
S3_MATCH slot=153 active=1 buy_rank=17 sell_rank=121 price=898027 quantity=238711 settlement=214368923197 buy_residual=79156 sell_residual=0
S3_MATCH slot=154 active=1 buy_rank=17 sell_rank=138 price=742830 quantity=79156 settlement=58799451480 buy_residual=0 sell_residual=107965
S3_MATCH slot=155 active=1 buy_rank=121 sell_rank=113 price=86478 quantity=17802 settlement=1539481356 buy_residual=0 sell_residual=153348
S3_MATCH slot=156 active=1 buy_rank=61 sell_rank=113 price=173072 quantity=153348 settlement=26540245056 buy_residual=336190 sell_residual=0
S3_MATCH slot=157 active=1 buy_rank=61 sell_rank=204 price=409289 quantity=210286 settlement=86067746654 buy_residual=125904 sell_residual=0
S3_MATCH slot=158 active=1 buy_rank=61 sell_rank=100 price=181879 quantity=125904 settlement=22899293616 buy_residual=0 sell_residual=805554
S3_MATCH slot=159 active=1 buy_rank=200 sell_rank=100 price=428368 quantity=109901 settlement=47078071568 buy_residual=0 sell_residual=695653
S3_MATCH slot=160 active=1 buy_rank=9 sell_rank=100 price=196574 quantity=593294 settlement=116626174756 buy_residual=0 sell_residual=102359
S3_MATCH slot=161 active=1 buy_rank=79 sell_rank=100 price=219018 quantity=102359 settlement=22418463462 buy_residual=465583 sell_residual=0
S3_MATCH slot=162 active=1 buy_rank=79 sell_rank=215 price=264905 quantity=465583 settlement=123335264615 buy_residual=0 sell_residual=50532
S3_MATCH slot=163 active=1 buy_rank=5 sell_rank=215 price=328262 quantity=50532 settlement=16587735384 buy_residual=314136 sell_residual=0
S3_MATCH slot=164 active=1 buy_rank=5 sell_rank=41 price=665422 quantity=314136 settlement=209033005392 buy_residual=0 sell_residual=164652
S3_MATCH slot=165 active=1 buy_rank=71 sell_rank=10 price=325542 quantity=345935 settlement=112616371770 buy_residual=235024 sell_residual=0
S3_MATCH slot=166 active=1 buy_rank=71 sell_rank=51 price=428416 quantity=235024 settlement=100688041984 buy_residual=0 sell_residual=583271
S3_MATCH slot=167 active=1 buy_rank=1 sell_rank=24 price=56197 quantity=899422 settlement=50544818134 buy_residual=0 sell_residual=33103
S3_MATCH slot=168 active=1 buy_rank=86 sell_rank=24 price=204524 quantity=33103 settlement=6770357972 buy_residual=954249 sell_residual=0
S3_MATCH slot=169 active=1 buy_rank=86 sell_rank=5 price=246233 quantity=584562 settlement=143938454946 buy_residual=369687 sell_residual=0
S3_MATCH slot=170 active=1 buy_rank=86 sell_rank=12 price=382104 quantity=369687 settlement=141258881448 buy_residual=0 sell_residual=365080
S3_MATCH slot=171 active=1 buy_rank=31 sell_rank=188 price=168070 quantity=181297 settlement=30470586790 buy_residual=197799 sell_residual=0
S3_MATCH slot=172 active=1 buy_rank=31 sell_rank=58 price=130244 quantity=197799 settlement=25762132956 buy_residual=0 sell_residual=213066
S3_MATCH slot=173 active=1 buy_rank=155 sell_rank=58 price=358733 quantity=213066 settlement=76433805378 buy_residual=357329 sell_residual=0
S3_MATCH slot=174 active=1 buy_rank=155 sell_rank=86 price=392021 quantity=191798 settlement=75188843758 buy_residual=165531 sell_residual=0
S3_MATCH slot=175 active=1 buy_rank=155 sell_rank=34 price=565935 quantity=165531 settlement=93679786485 buy_residual=0 sell_residual=337172
S3_MATCH slot=176 active=0 buy_rank=0 sell_rank=0 price=0 quantity=0 settlement=0 buy_residual=0 sell_residual=0
S3_MATCH slot=177 active=0 buy_rank=0 sell_rank=0 price=0 quantity=0 settlement=0 buy_residual=0 sell_residual=0
S3_MATCH slot=178 active=0 buy_rank=0 sell_rank=0 price=0 quantity=0 settlement=0 buy_residual=0 sell_residual=0
S3_MATCH slot=179 active=0 buy_rank=0 sell_rank=0 price=0 quantity=0 settlement=0 buy_residual=0 sell_residual=0
S3_MATCH slot=180 active=0 buy_rank=0 sell_rank=0 price=0 quantity=0 settlement=0 buy_residual=0 sell_residual=0
S3_MATCH slot=181 active=0 buy_rank=0 sell_rank=0 price=0 quantity=0 settlement=0 buy_residual=0 sell_residual=0
S3_MATCH slot=182 active=0 buy_rank=0 sell_rank=0 price=0 quantity=0 settlement=0 buy_residual=0 sell_residual=0
S3_MATCH slot=183 active=0 buy_rank=0 sell_rank=0 price=0 quantity=0 settlement=0 buy_residual=0 sell_residual=0
S3_MATCH slot=184 active=0 buy_rank=0 sell_rank=0 price=0 quantity=0 settlement=0 buy_residual=0 sell_residual=0
S3_MATCH slot=185 active=0 buy_rank=0 sell_rank=0 price=0 quantity=0 settlement=0 buy_residual=0 sell_residual=0
S3_MATCH slot=186 active=0 buy_rank=0 sell_rank=0 price=0 quantity=0 settlement=0 buy_residual=0 sell_residual=0
S3_MATCH slot=187 active=0 buy_rank=0 sell_rank=0 price=0 quantity=0 settlement=0 buy_residual=0 sell_residual=0
S3_MATCH slot=188 active=0 buy_rank=0 sell_rank=0 price=0 quantity=0 settlement=0 buy_residual=0 sell_residual=0
S3_MATCH slot=189 active=0 buy_rank=0 sell_rank=0 price=0 quantity=0 settlement=0 buy_residual=0 sell_residual=0
S3_MATCH slot=190 active=0 buy_rank=0 sell_rank=0 price=0 quantity=0 settlement=0 buy_residual=0 sell_residual=0
S3_MATCH slot=191 active=0 buy_rank=0 sell_rank=0 price=0 quantity=0 settlement=0 buy_residual=0 sell_residual=0
S3_MATCH slot=192 active=0 buy_rank=0 sell_rank=0 price=0 quantity=0 settlement=0 buy_residual=0 sell_residual=0
S3_MATCH slot=193 active=0 buy_rank=0 sell_rank=0 price=0 quantity=0 settlement=0 buy_residual=0 sell_residual=0
S3_MATCH slot=194 active=0 buy_rank=0 sell_rank=0 price=0 quantity=0 settlement=0 buy_residual=0 sell_residual=0
S3_MATCH slot=195 active=0 buy_rank=0 sell_rank=0 price=0 quantity=0 settlement=0 buy_residual=0 sell_residual=0
S3_MATCH slot=196 active=0 buy_rank=0 sell_rank=0 price=0 quantity=0 settlement=0 buy_residual=0 sell_residual=0
S3_MATCH slot=197 active=0 buy_rank=0 sell_rank=0 price=0 quantity=0 settlement=0 buy_residual=0 sell_residual=0
S3_MATCH slot=198 active=0 buy_rank=0 sell_rank=0 price=0 quantity=0 settlement=0 buy_residual=0 sell_residual=0
S3_MATCH slot=199 active=0 buy_rank=0 sell_rank=0 price=0 quantity=0 settlement=0 buy_residual=0 sell_residual=0
S3_MATCH slot=200 active=0 buy_rank=0 sell_rank=0 price=0 quantity=0 settlement=0 buy_residual=0 sell_residual=0
S3_MATCH slot=201 active=0 buy_rank=0 sell_rank=0 price=0 quantity=0 settlement=0 buy_residual=0 sell_residual=0
S3_MATCH slot=202 active=0 buy_rank=0 sell_rank=0 price=0 quantity=0 settlement=0 buy_residual=0 sell_residual=0
S3_MATCH slot=203 active=0 buy_rank=0 sell_rank=0 price=0 quantity=0 settlement=0 buy_residual=0 sell_residual=0
S3_MATCH slot=204 active=0 buy_rank=0 sell_rank=0 price=0 quantity=0 settlement=0 buy_residual=0 sell_residual=0
S3_MATCH slot=205 active=0 buy_rank=0 sell_rank=0 price=0 quantity=0 settlement=0 buy_residual=0 sell_residual=0
S3_MATCH slot=206 active=0 buy_rank=0 sell_rank=0 price=0 quantity=0 settlement=0 buy_residual=0 sell_residual=0
S3_MATCH slot=207 active=0 buy_rank=0 sell_rank=0 price=0 quantity=0 settlement=0 buy_residual=0 sell_residual=0
S3_MATCH slot=208 active=0 buy_rank=0 sell_rank=0 price=0 quantity=0 settlement=0 buy_residual=0 sell_residual=0
S3_MATCH slot=209 active=0 buy_rank=0 sell_rank=0 price=0 quantity=0 settlement=0 buy_residual=0 sell_residual=0
S3_MATCH slot=210 active=0 buy_rank=0 sell_rank=0 price=0 quantity=0 settlement=0 buy_residual=0 sell_residual=0
S3_MATCH slot=211 active=0 buy_rank=0 sell_rank=0 price=0 quantity=0 settlement=0 buy_residual=0 sell_residual=0
S3_MATCH slot=212 active=0 buy_rank=0 sell_rank=0 price=0 quantity=0 settlement=0 buy_residual=0 sell_residual=0
S3_MATCH slot=213 active=0 buy_rank=0 sell_rank=0 price=0 quantity=0 settlement=0 buy_residual=0 sell_residual=0
S3_MATCH slot=214 active=0 buy_rank=0 sell_rank=0 price=0 quantity=0 settlement=0 buy_residual=0 sell_residual=0
S3_MATCH slot=215 active=0 buy_rank=0 sell_rank=0 price=0 quantity=0 settlement=0 buy_residual=0 sell_residual=0
S3_MATCH slot=216 active=0 buy_rank=0 sell_rank=0 price=0 quantity=0 settlement=0 buy_residual=0 sell_residual=0
S3_MATCH slot=217 active=0 buy_rank=0 sell_rank=0 price=0 quantity=0 settlement=0 buy_residual=0 sell_residual=0
S3_MATCH slot=218 active=0 buy_rank=0 sell_rank=0 price=0 quantity=0 settlement=0 buy_residual=0 sell_residual=0
S3_MATCH slot=219 active=0 buy_rank=0 sell_rank=0 price=0 quantity=0 settlement=0 buy_residual=0 sell_residual=0
S3_MATCH slot=220 active=0 buy_rank=0 sell_rank=0 price=0 quantity=0 settlement=0 buy_residual=0 sell_residual=0
S3_MATCH slot=221 active=0 buy_rank=0 sell_rank=0 price=0 quantity=0 settlement=0 buy_residual=0 sell_residual=0
S3_MATCH slot=222 active=0 buy_rank=0 sell_rank=0 price=0 quantity=0 settlement=0 buy_residual=0 sell_residual=0
S3_MATCH slot=223 active=0 buy_rank=0 sell_rank=0 price=0 quantity=0 settlement=0 buy_residual=0 sell_residual=0
S3_MATCH slot=224 active=0 buy_rank=0 sell_rank=0 price=0 quantity=0 settlement=0 buy_residual=0 sell_residual=0
S3_MATCH slot=225 active=0 buy_rank=0 sell_rank=0 price=0 quantity=0 settlement=0 buy_residual=0 sell_residual=0
S3_MATCH slot=226 active=0 buy_rank=0 sell_rank=0 price=0 quantity=0 settlement=0 buy_residual=0 sell_residual=0
S3_MATCH slot=227 active=0 buy_rank=0 sell_rank=0 price=0 quantity=0 settlement=0 buy_residual=0 sell_residual=0
S3_MATCH slot=228 active=0 buy_rank=0 sell_rank=0 price=0 quantity=0 settlement=0 buy_residual=0 sell_residual=0
S3_MATCH slot=229 active=0 buy_rank=0 sell_rank=0 price=0 quantity=0 settlement=0 buy_residual=0 sell_residual=0
S3_MATCH slot=230 active=0 buy_rank=0 sell_rank=0 price=0 quantity=0 settlement=0 buy_residual=0 sell_residual=0
S3_MATCH slot=231 active=0 buy_rank=0 sell_rank=0 price=0 quantity=0 settlement=0 buy_residual=0 sell_residual=0
S3_MATCH slot=232 active=0 buy_rank=0 sell_rank=0 price=0 quantity=0 settlement=0 buy_residual=0 sell_residual=0
S3_MATCH slot=233 active=0 buy_rank=0 sell_rank=0 price=0 quantity=0 settlement=0 buy_residual=0 sell_residual=0
S3_MATCH slot=234 active=0 buy_rank=0 sell_rank=0 price=0 quantity=0 settlement=0 buy_residual=0 sell_residual=0
S3_MATCH slot=235 active=0 buy_rank=0 sell_rank=0 price=0 quantity=0 settlement=0 buy_residual=0 sell_residual=0
S3_MATCH slot=236 active=0 buy_rank=0 sell_rank=0 price=0 quantity=0 settlement=0 buy_residual=0 sell_residual=0
S3_MATCH slot=237 active=0 buy_rank=0 sell_rank=0 price=0 quantity=0 settlement=0 buy_residual=0 sell_residual=0
S3_MATCH slot=238 active=0 buy_rank=0 sell_rank=0 price=0 quantity=0 settlement=0 buy_residual=0 sell_residual=0
S3_MATCH slot=239 active=0 buy_rank=0 sell_rank=0 price=0 quantity=0 settlement=0 buy_residual=0 sell_residual=0
S3_MATCH slot=240 active=0 buy_rank=0 sell_rank=0 price=0 quantity=0 settlement=0 buy_residual=0 sell_residual=0
S3_MATCH slot=241 active=0 buy_rank=0 sell_rank=0 price=0 quantity=0 settlement=0 buy_residual=0 sell_residual=0
S3_MATCH slot=242 active=0 buy_rank=0 sell_rank=0 price=0 quantity=0 settlement=0 buy_residual=0 sell_residual=0
S3_MATCH slot=243 active=0 buy_rank=0 sell_rank=0 price=0 quantity=0 settlement=0 buy_residual=0 sell_residual=0
S3_MATCH slot=244 active=0 buy_rank=0 sell_rank=0 price=0 quantity=0 settlement=0 buy_residual=0 sell_residual=0
S3_MATCH slot=245 active=0 buy_rank=0 sell_rank=0 price=0 quantity=0 settlement=0 buy_residual=0 sell_residual=0
S3_MATCH slot=246 active=0 buy_rank=0 sell_rank=0 price=0 quantity=0 settlement=0 buy_residual=0 sell_residual=0
S3_MATCH slot=247 active=0 buy_rank=0 sell_rank=0 price=0 quantity=0 settlement=0 buy_residual=0 sell_residual=0
S3_MATCH slot=248 active=0 buy_rank=0 sell_rank=0 price=0 quantity=0 settlement=0 buy_residual=0 sell_residual=0
S3_MATCH slot=249 active=0 buy_rank=0 sell_rank=0 price=0 quantity=0 settlement=0 buy_residual=0 sell_residual=0
S3_MATCH slot=250 active=0 buy_rank=0 sell_rank=0 price=0 quantity=0 settlement=0 buy_residual=0 sell_residual=0
S3_MATCH slot=251 active=0 buy_rank=0 sell_rank=0 price=0 quantity=0 settlement=0 buy_residual=0 sell_residual=0
S3_MATCH slot=252 active=0 buy_rank=0 sell_rank=0 price=0 quantity=0 settlement=0 buy_residual=0 sell_residual=0
S3_MATCH slot=253 active=0 buy_rank=0 sell_rank=0 price=0 quantity=0 settlement=0 buy_residual=0 sell_residual=0
S3_MATCH slot=254 active=0 buy_rank=0 sell_rank=0 price=0 quantity=0 settlement=0 buy_residual=0 sell_residual=0
S3_MATCH slot=255 active=0 buy_rank=0 sell_rank=0 price=0 quantity=0 settlement=0 buy_residual=0 sell_residual=0
S3_MATCH slot=256 active=0 buy_rank=0 sell_rank=0 price=0 quantity=0 settlement=0 buy_residual=0 sell_residual=0
S3_MATCH slot=257 active=0 buy_rank=0 sell_rank=0 price=0 quantity=0 settlement=0 buy_residual=0 sell_residual=0
S3_MATCH slot=258 active=0 buy_rank=0 sell_rank=0 price=0 quantity=0 settlement=0 buy_residual=0 sell_residual=0
S3_MATCH slot=259 active=0 buy_rank=0 sell_rank=0 price=0 quantity=0 settlement=0 buy_residual=0 sell_residual=0
S3_MATCH slot=260 active=0 buy_rank=0 sell_rank=0 price=0 quantity=0 settlement=0 buy_residual=0 sell_residual=0
S3_MATCH slot=261 active=0 buy_rank=0 sell_rank=0 price=0 quantity=0 settlement=0 buy_residual=0 sell_residual=0
S3_MATCH slot=262 active=0 buy_rank=0 sell_rank=0 price=0 quantity=0 settlement=0 buy_residual=0 sell_residual=0
S3_MATCH slot=263 active=0 buy_rank=0 sell_rank=0 price=0 quantity=0 settlement=0 buy_residual=0 sell_residual=0
S3_MATCH slot=264 active=0 buy_rank=0 sell_rank=0 price=0 quantity=0 settlement=0 buy_residual=0 sell_residual=0
S3_MATCH slot=265 active=0 buy_rank=0 sell_rank=0 price=0 quantity=0 settlement=0 buy_residual=0 sell_residual=0
S3_MATCH slot=266 active=0 buy_rank=0 sell_rank=0 price=0 quantity=0 settlement=0 buy_residual=0 sell_residual=0
S3_MATCH slot=267 active=0 buy_rank=0 sell_rank=0 price=0 quantity=0 settlement=0 buy_residual=0 sell_residual=0
S3_MATCH slot=268 active=0 buy_rank=0 sell_rank=0 price=0 quantity=0 settlement=0 buy_residual=0 sell_residual=0
S3_MATCH slot=269 active=0 buy_rank=0 sell_rank=0 price=0 quantity=0 settlement=0 buy_residual=0 sell_residual=0
S3_MATCH slot=270 active=0 buy_rank=0 sell_rank=0 price=0 quantity=0 settlement=0 buy_residual=0 sell_residual=0
S3_MATCH slot=271 active=0 buy_rank=0 sell_rank=0 price=0 quantity=0 settlement=0 buy_residual=0 sell_residual=0
S3_MATCH slot=272 active=0 buy_rank=0 sell_rank=0 price=0 quantity=0 settlement=0 buy_residual=0 sell_residual=0
S3_MATCH slot=273 active=0 buy_rank=0 sell_rank=0 price=0 quantity=0 settlement=0 buy_residual=0 sell_residual=0
S3_MATCH slot=274 active=0 buy_rank=0 sell_rank=0 price=0 quantity=0 settlement=0 buy_residual=0 sell_residual=0
S3_MATCH slot=275 active=0 buy_rank=0 sell_rank=0 price=0 quantity=0 settlement=0 buy_residual=0 sell_residual=0
S3_MATCH slot=276 active=0 buy_rank=0 sell_rank=0 price=0 quantity=0 settlement=0 buy_residual=0 sell_residual=0
S3_MATCH slot=277 active=0 buy_rank=0 sell_rank=0 price=0 quantity=0 settlement=0 buy_residual=0 sell_residual=0
S3_MATCH slot=278 active=0 buy_rank=0 sell_rank=0 price=0 quantity=0 settlement=0 buy_residual=0 sell_residual=0
S3_MATCH slot=279 active=0 buy_rank=0 sell_rank=0 price=0 quantity=0 settlement=0 buy_residual=0 sell_residual=0
S3_MATCH slot=280 active=0 buy_rank=0 sell_rank=0 price=0 quantity=0 settlement=0 buy_residual=0 sell_residual=0
S3_MATCH slot=281 active=0 buy_rank=0 sell_rank=0 price=0 quantity=0 settlement=0 buy_residual=0 sell_residual=0
S3_MATCH slot=282 active=0 buy_rank=0 sell_rank=0 price=0 quantity=0 settlement=0 buy_residual=0 sell_residual=0
S3_MATCH slot=283 active=0 buy_rank=0 sell_rank=0 price=0 quantity=0 settlement=0 buy_residual=0 sell_residual=0
S3_MATCH slot=284 active=0 buy_rank=0 sell_rank=0 price=0 quantity=0 settlement=0 buy_residual=0 sell_residual=0
S3_MATCH slot=285 active=0 buy_rank=0 sell_rank=0 price=0 quantity=0 settlement=0 buy_residual=0 sell_residual=0
S3_MATCH slot=286 active=0 buy_rank=0 sell_rank=0 price=0 quantity=0 settlement=0 buy_residual=0 sell_residual=0
S3_MATCH slot=287 active=0 buy_rank=0 sell_rank=0 price=0 quantity=0 settlement=0 buy_residual=0 sell_residual=0
S3_MATCH slot=288 active=0 buy_rank=0 sell_rank=0 price=0 quantity=0 settlement=0 buy_residual=0 sell_residual=0
S3_MATCH slot=289 active=0 buy_rank=0 sell_rank=0 price=0 quantity=0 settlement=0 buy_residual=0 sell_residual=0
S3_MATCH slot=290 active=0 buy_rank=0 sell_rank=0 price=0 quantity=0 settlement=0 buy_residual=0 sell_residual=0
S3_MATCH slot=291 active=0 buy_rank=0 sell_rank=0 price=0 quantity=0 settlement=0 buy_residual=0 sell_residual=0
S3_MATCH slot=292 active=0 buy_rank=0 sell_rank=0 price=0 quantity=0 settlement=0 buy_residual=0 sell_residual=0
S3_MATCH slot=293 active=0 buy_rank=0 sell_rank=0 price=0 quantity=0 settlement=0 buy_residual=0 sell_residual=0
S3_MATCH slot=294 active=0 buy_rank=0 sell_rank=0 price=0 quantity=0 settlement=0 buy_residual=0 sell_residual=0
S3_MATCH slot=295 active=0 buy_rank=0 sell_rank=0 price=0 quantity=0 settlement=0 buy_residual=0 sell_residual=0
S3_MATCH slot=296 active=0 buy_rank=0 sell_rank=0 price=0 quantity=0 settlement=0 buy_residual=0 sell_residual=0
S3_MATCH slot=297 active=0 buy_rank=0 sell_rank=0 price=0 quantity=0 settlement=0 buy_residual=0 sell_residual=0
S3_MATCH slot=298 active=0 buy_rank=0 sell_rank=0 price=0 quantity=0 settlement=0 buy_residual=0 sell_residual=0
S3_MATCH slot=299 active=0 buy_rank=0 sell_rank=0 price=0 quantity=0 settlement=0 buy_residual=0 sell_residual=0
S3_MATCH slot=300 active=0 buy_rank=0 sell_rank=0 price=0 quantity=0 settlement=0 buy_residual=0 sell_residual=0
S3_MATCH slot=301 active=0 buy_rank=0 sell_rank=0 price=0 quantity=0 settlement=0 buy_residual=0 sell_residual=0
S3_MATCH slot=302 active=0 buy_rank=0 sell_rank=0 price=0 quantity=0 settlement=0 buy_residual=0 sell_residual=0
S3_MATCH slot=303 active=0 buy_rank=0 sell_rank=0 price=0 quantity=0 settlement=0 buy_residual=0 sell_residual=0
S3_MATCH slot=304 active=0 buy_rank=0 sell_rank=0 price=0 quantity=0 settlement=0 buy_residual=0 sell_residual=0
S3_MATCH slot=305 active=0 buy_rank=0 sell_rank=0 price=0 quantity=0 settlement=0 buy_residual=0 sell_residual=0
S3_MATCH slot=306 active=0 buy_rank=0 sell_rank=0 price=0 quantity=0 settlement=0 buy_residual=0 sell_residual=0
S3_MATCH slot=307 active=0 buy_rank=0 sell_rank=0 price=0 quantity=0 settlement=0 buy_residual=0 sell_residual=0
S3_MATCH slot=308 active=0 buy_rank=0 sell_rank=0 price=0 quantity=0 settlement=0 buy_residual=0 sell_residual=0
S3_MATCH slot=309 active=0 buy_rank=0 sell_rank=0 price=0 quantity=0 settlement=0 buy_residual=0 sell_residual=0
S3_MATCH slot=310 active=0 buy_rank=0 sell_rank=0 price=0 quantity=0 settlement=0 buy_residual=0 sell_residual=0
S3_MATCH slot=311 active=0 buy_rank=0 sell_rank=0 price=0 quantity=0 settlement=0 buy_residual=0 sell_residual=0
S3_MATCH slot=312 active=0 buy_rank=0 sell_rank=0 price=0 quantity=0 settlement=0 buy_residual=0 sell_residual=0
S3_MATCH slot=313 active=0 buy_rank=0 sell_rank=0 price=0 quantity=0 settlement=0 buy_residual=0 sell_residual=0
S3_MATCH slot=314 active=0 buy_rank=0 sell_rank=0 price=0 quantity=0 settlement=0 buy_residual=0 sell_residual=0
S3_MATCH slot=315 active=0 buy_rank=0 sell_rank=0 price=0 quantity=0 settlement=0 buy_residual=0 sell_residual=0
S3_MATCH slot=316 active=0 buy_rank=0 sell_rank=0 price=0 quantity=0 settlement=0 buy_residual=0 sell_residual=0
S3_MATCH slot=317 active=0 buy_rank=0 sell_rank=0 price=0 quantity=0 settlement=0 buy_residual=0 sell_residual=0
S3_MATCH slot=318 active=0 buy_rank=0 sell_rank=0 price=0 quantity=0 settlement=0 buy_residual=0 sell_residual=0
S3_MATCH slot=319 active=0 buy_rank=0 sell_rank=0 price=0 quantity=0 settlement=0 buy_residual=0 sell_residual=0
S3_MATCH slot=320 active=0 buy_rank=0 sell_rank=0 price=0 quantity=0 settlement=0 buy_residual=0 sell_residual=0
S3_MATCH slot=321 active=0 buy_rank=0 sell_rank=0 price=0 quantity=0 settlement=0 buy_residual=0 sell_residual=0
S3_MATCH slot=322 active=0 buy_rank=0 sell_rank=0 price=0 quantity=0 settlement=0 buy_residual=0 sell_residual=0
S3_MATCH slot=323 active=0 buy_rank=0 sell_rank=0 price=0 quantity=0 settlement=0 buy_residual=0 sell_residual=0
S3_MATCH slot=324 active=0 buy_rank=0 sell_rank=0 price=0 quantity=0 settlement=0 buy_residual=0 sell_residual=0
S3_MATCH slot=325 active=0 buy_rank=0 sell_rank=0 price=0 quantity=0 settlement=0 buy_residual=0 sell_residual=0
S3_MATCH slot=326 active=0 buy_rank=0 sell_rank=0 price=0 quantity=0 settlement=0 buy_residual=0 sell_residual=0
S3_MATCH slot=327 active=0 buy_rank=0 sell_rank=0 price=0 quantity=0 settlement=0 buy_residual=0 sell_residual=0
S3_MATCH slot=328 active=0 buy_rank=0 sell_rank=0 price=0 quantity=0 settlement=0 buy_residual=0 sell_residual=0
S3_MATCH slot=329 active=0 buy_rank=0 sell_rank=0 price=0 quantity=0 settlement=0 buy_residual=0 sell_residual=0
S3_MATCH slot=330 active=0 buy_rank=0 sell_rank=0 price=0 quantity=0 settlement=0 buy_residual=0 sell_residual=0
S3_MATCH slot=331 active=0 buy_rank=0 sell_rank=0 price=0 quantity=0 settlement=0 buy_residual=0 sell_residual=0
S3_MATCH slot=332 active=0 buy_rank=0 sell_rank=0 price=0 quantity=0 settlement=0 buy_residual=0 sell_residual=0
S3_MATCH slot=333 active=0 buy_rank=0 sell_rank=0 price=0 quantity=0 settlement=0 buy_residual=0 sell_residual=0
S3_MATCH slot=334 active=0 buy_rank=0 sell_rank=0 price=0 quantity=0 settlement=0 buy_residual=0 sell_residual=0
S3_MATCH slot=335 active=0 buy_rank=0 sell_rank=0 price=0 quantity=0 settlement=0 buy_residual=0 sell_residual=0
S3_MATCH slot=336 active=0 buy_rank=0 sell_rank=0 price=0 quantity=0 settlement=0 buy_residual=0 sell_residual=0
S3_MATCH slot=337 active=0 buy_rank=0 sell_rank=0 price=0 quantity=0 settlement=0 buy_residual=0 sell_residual=0
S3_MATCH slot=338 active=0 buy_rank=0 sell_rank=0 price=0 quantity=0 settlement=0 buy_residual=0 sell_residual=0
S3_MATCH slot=339 active=0 buy_rank=0 sell_rank=0 price=0 quantity=0 settlement=0 buy_residual=0 sell_residual=0
S3_MATCH slot=340 active=0 buy_rank=0 sell_rank=0 price=0 quantity=0 settlement=0 buy_residual=0 sell_residual=0
S3_MATCH slot=341 active=0 buy_rank=0 sell_rank=0 price=0 quantity=0 settlement=0 buy_residual=0 sell_residual=0
S3_MATCH slot=342 active=0 buy_rank=0 sell_rank=0 price=0 quantity=0 settlement=0 buy_residual=0 sell_residual=0
S3_MATCH slot=343 active=0 buy_rank=0 sell_rank=0 price=0 quantity=0 settlement=0 buy_residual=0 sell_residual=0
S3_MATCH slot=344 active=0 buy_rank=0 sell_rank=0 price=0 quantity=0 settlement=0 buy_residual=0 sell_residual=0
S3_MATCH slot=345 active=0 buy_rank=0 sell_rank=0 price=0 quantity=0 settlement=0 buy_residual=0 sell_residual=0
S3_MATCH slot=346 active=0 buy_rank=0 sell_rank=0 price=0 quantity=0 settlement=0 buy_residual=0 sell_residual=0
S3_MATCH slot=347 active=0 buy_rank=0 sell_rank=0 price=0 quantity=0 settlement=0 buy_residual=0 sell_residual=0
S3_MATCH slot=348 active=0 buy_rank=0 sell_rank=0 price=0 quantity=0 settlement=0 buy_residual=0 sell_residual=0
S3_MATCH slot=349 active=0 buy_rank=0 sell_rank=0 price=0 quantity=0 settlement=0 buy_residual=0 sell_residual=0
S3_MATCH slot=350 active=0 buy_rank=0 sell_rank=0 price=0 quantity=0 settlement=0 buy_residual=0 sell_residual=0
S3_MATCH slot=351 active=0 buy_rank=0 sell_rank=0 price=0 quantity=0 settlement=0 buy_residual=0 sell_residual=0
S3_MATCH slot=352 active=0 buy_rank=0 sell_rank=0 price=0 quantity=0 settlement=0 buy_residual=0 sell_residual=0
S3_MATCH slot=353 active=0 buy_rank=0 sell_rank=0 price=0 quantity=0 settlement=0 buy_residual=0 sell_residual=0
S3_MATCH slot=354 active=0 buy_rank=0 sell_rank=0 price=0 quantity=0 settlement=0 buy_residual=0 sell_residual=0
S3_MATCH slot=355 active=0 buy_rank=0 sell_rank=0 price=0 quantity=0 settlement=0 buy_residual=0 sell_residual=0
S3_MATCH slot=356 active=0 buy_rank=0 sell_rank=0 price=0 quantity=0 settlement=0 buy_residual=0 sell_residual=0
S3_MATCH slot=357 active=0 buy_rank=0 sell_rank=0 price=0 quantity=0 settlement=0 buy_residual=0 sell_residual=0
S3_MATCH slot=358 active=0 buy_rank=0 sell_rank=0 price=0 quantity=0 settlement=0 buy_residual=0 sell_residual=0
S3_MATCH slot=359 active=0 buy_rank=0 sell_rank=0 price=0 quantity=0 settlement=0 buy_residual=0 sell_residual=0
S3_MATCH slot=360 active=0 buy_rank=0 sell_rank=0 price=0 quantity=0 settlement=0 buy_residual=0 sell_residual=0
S3_MATCH slot=361 active=0 buy_rank=0 sell_rank=0 price=0 quantity=0 settlement=0 buy_residual=0 sell_residual=0
S3_MATCH slot=362 active=0 buy_rank=0 sell_rank=0 price=0 quantity=0 settlement=0 buy_residual=0 sell_residual=0
S3_MATCH slot=363 active=0 buy_rank=0 sell_rank=0 price=0 quantity=0 settlement=0 buy_residual=0 sell_residual=0
S3_MATCH slot=364 active=0 buy_rank=0 sell_rank=0 price=0 quantity=0 settlement=0 buy_residual=0 sell_residual=0
S3_MATCH slot=365 active=0 buy_rank=0 sell_rank=0 price=0 quantity=0 settlement=0 buy_residual=0 sell_residual=0
S3_MATCH slot=366 active=0 buy_rank=0 sell_rank=0 price=0 quantity=0 settlement=0 buy_residual=0 sell_residual=0
S3_MATCH slot=367 active=0 buy_rank=0 sell_rank=0 price=0 quantity=0 settlement=0 buy_residual=0 sell_residual=0
S3_MATCH slot=368 active=0 buy_rank=0 sell_rank=0 price=0 quantity=0 settlement=0 buy_residual=0 sell_residual=0
S3_MATCH slot=369 active=0 buy_rank=0 sell_rank=0 price=0 quantity=0 settlement=0 buy_residual=0 sell_residual=0
S3_MATCH slot=370 active=0 buy_rank=0 sell_rank=0 price=0 quantity=0 settlement=0 buy_residual=0 sell_residual=0
S3_MATCH slot=371 active=0 buy_rank=0 sell_rank=0 price=0 quantity=0 settlement=0 buy_residual=0 sell_residual=0
S3_MATCH slot=372 active=0 buy_rank=0 sell_rank=0 price=0 quantity=0 settlement=0 buy_residual=0 sell_residual=0
S3_MATCH slot=373 active=0 buy_rank=0 sell_rank=0 price=0 quantity=0 settlement=0 buy_residual=0 sell_residual=0
S3_MATCH slot=374 active=0 buy_rank=0 sell_rank=0 price=0 quantity=0 settlement=0 buy_residual=0 sell_residual=0
S3_MATCH slot=375 active=0 buy_rank=0 sell_rank=0 price=0 quantity=0 settlement=0 buy_residual=0 sell_residual=0
S3_MATCH slot=376 active=0 buy_rank=0 sell_rank=0 price=0 quantity=0 settlement=0 buy_residual=0 sell_residual=0
S3_MATCH slot=377 active=0 buy_rank=0 sell_rank=0 price=0 quantity=0 settlement=0 buy_residual=0 sell_residual=0
S3_MATCH slot=378 active=0 buy_rank=0 sell_rank=0 price=0 quantity=0 settlement=0 buy_residual=0 sell_residual=0
S3_MATCH slot=379 active=0 buy_rank=0 sell_rank=0 price=0 quantity=0 settlement=0 buy_residual=0 sell_residual=0
S3_MATCH slot=380 active=0 buy_rank=0 sell_rank=0 price=0 quantity=0 settlement=0 buy_residual=0 sell_residual=0
S3_MATCH slot=381 active=0 buy_rank=0 sell_rank=0 price=0 quantity=0 settlement=0 buy_residual=0 sell_residual=0
S3_MATCH slot=382 active=0 buy_rank=0 sell_rank=0 price=0 quantity=0 settlement=0 buy_residual=0 sell_residual=0
S3_MATCH slot=383 active=0 buy_rank=0 sell_rank=0 price=0 quantity=0 settlement=0 buy_residual=0 sell_residual=0
S3_MATCH slot=384 active=0 buy_rank=0 sell_rank=0 price=0 quantity=0 settlement=0 buy_residual=0 sell_residual=0
S3_MATCH slot=385 active=0 buy_rank=0 sell_rank=0 price=0 quantity=0 settlement=0 buy_residual=0 sell_residual=0
S3_MATCH slot=386 active=0 buy_rank=0 sell_rank=0 price=0 quantity=0 settlement=0 buy_residual=0 sell_residual=0
S3_MATCH slot=387 active=0 buy_rank=0 sell_rank=0 price=0 quantity=0 settlement=0 buy_residual=0 sell_residual=0
S3_MATCH slot=388 active=0 buy_rank=0 sell_rank=0 price=0 quantity=0 settlement=0 buy_residual=0 sell_residual=0
S3_MATCH slot=389 active=0 buy_rank=0 sell_rank=0 price=0 quantity=0 settlement=0 buy_residual=0 sell_residual=0
S3_MATCH slot=390 active=0 buy_rank=0 sell_rank=0 price=0 quantity=0 settlement=0 buy_residual=0 sell_residual=0
S3_MATCH slot=391 active=0 buy_rank=0 sell_rank=0 price=0 quantity=0 settlement=0 buy_residual=0 sell_residual=0
S3_MATCH slot=392 active=0 buy_rank=0 sell_rank=0 price=0 quantity=0 settlement=0 buy_residual=0 sell_residual=0
S3_MATCH slot=393 active=0 buy_rank=0 sell_rank=0 price=0 quantity=0 settlement=0 buy_residual=0 sell_residual=0
S3_MATCH slot=394 active=0 buy_rank=0 sell_rank=0 price=0 quantity=0 settlement=0 buy_residual=0 sell_residual=0
S3_MATCH slot=395 active=0 buy_rank=0 sell_rank=0 price=0 quantity=0 settlement=0 buy_residual=0 sell_residual=0
S3_MATCH slot=396 active=0 buy_rank=0 sell_rank=0 price=0 quantity=0 settlement=0 buy_residual=0 sell_residual=0
S3_MATCH slot=397 active=0 buy_rank=0 sell_rank=0 price=0 quantity=0 settlement=0 buy_residual=0 sell_residual=0
S3_MATCH slot=398 active=0 buy_rank=0 sell_rank=0 price=0 quantity=0 settlement=0 buy_residual=0 sell_residual=0
S3_MATCH slot=399 active=0 buy_rank=0 sell_rank=0 price=0 quantity=0 settlement=0 buy_residual=0 sell_residual=0
S3_MATCH slot=400 active=0 buy_rank=0 sell_rank=0 price=0 quantity=0 settlement=0 buy_residual=0 sell_residual=0
S3_MATCH slot=401 active=0 buy_rank=0 sell_rank=0 price=0 quantity=0 settlement=0 buy_residual=0 sell_residual=0
S3_MATCH slot=402 active=0 buy_rank=0 sell_rank=0 price=0 quantity=0 settlement=0 buy_residual=0 sell_residual=0
S3_MATCH slot=403 active=0 buy_rank=0 sell_rank=0 price=0 quantity=0 settlement=0 buy_residual=0 sell_residual=0
S3_MATCH slot=404 active=0 buy_rank=0 sell_rank=0 price=0 quantity=0 settlement=0 buy_residual=0 sell_residual=0
S3_MATCH slot=405 active=0 buy_rank=0 sell_rank=0 price=0 quantity=0 settlement=0 buy_residual=0 sell_residual=0
S3_MATCH slot=406 active=0 buy_rank=0 sell_rank=0 price=0 quantity=0 settlement=0 buy_residual=0 sell_residual=0
S3_MATCH slot=407 active=0 buy_rank=0 sell_rank=0 price=0 quantity=0 settlement=0 buy_residual=0 sell_residual=0
S3_MATCH slot=408 active=0 buy_rank=0 sell_rank=0 price=0 quantity=0 settlement=0 buy_residual=0 sell_residual=0
S3_MATCH slot=409 active=0 buy_rank=0 sell_rank=0 price=0 quantity=0 settlement=0 buy_residual=0 sell_residual=0
S3_MATCH slot=410 active=0 buy_rank=0 sell_rank=0 price=0 quantity=0 settlement=0 buy_residual=0 sell_residual=0
S3_MATCH slot=411 active=0 buy_rank=0 sell_rank=0 price=0 quantity=0 settlement=0 buy_residual=0 sell_residual=0
S3_MATCH slot=412 active=0 buy_rank=0 sell_rank=0 price=0 quantity=0 settlement=0 buy_residual=0 sell_residual=0
S3_MATCH slot=413 active=0 buy_rank=0 sell_rank=0 price=0 quantity=0 settlement=0 buy_residual=0 sell_residual=0
S3_MATCH slot=414 active=0 buy_rank=0 sell_rank=0 price=0 quantity=0 settlement=0 buy_residual=0 sell_residual=0
S3_MATCH slot=415 active=0 buy_rank=0 sell_rank=0 price=0 quantity=0 settlement=0 buy_residual=0 sell_residual=0
S3_MATCH slot=416 active=0 buy_rank=0 sell_rank=0 price=0 quantity=0 settlement=0 buy_residual=0 sell_residual=0
S3_MATCH slot=417 active=0 buy_rank=0 sell_rank=0 price=0 quantity=0 settlement=0 buy_residual=0 sell_residual=0
S3_MATCH slot=418 active=0 buy_rank=0 sell_rank=0 price=0 quantity=0 settlement=0 buy_residual=0 sell_residual=0
S3_MATCH slot=419 active=0 buy_rank=0 sell_rank=0 price=0 quantity=0 settlement=0 buy_residual=0 sell_residual=0
S3_MATCH slot=420 active=0 buy_rank=0 sell_rank=0 price=0 quantity=0 settlement=0 buy_residual=0 sell_residual=0
S3_MATCH slot=421 active=0 buy_rank=0 sell_rank=0 price=0 quantity=0 settlement=0 buy_residual=0 sell_residual=0
S3_MATCH slot=422 active=0 buy_rank=0 sell_rank=0 price=0 quantity=0 settlement=0 buy_residual=0 sell_residual=0
S3_MATCH slot=423 active=0 buy_rank=0 sell_rank=0 price=0 quantity=0 settlement=0 buy_residual=0 sell_residual=0
S3_MATCH slot=424 active=0 buy_rank=0 sell_rank=0 price=0 quantity=0 settlement=0 buy_residual=0 sell_residual=0
S3_MATCH slot=425 active=0 buy_rank=0 sell_rank=0 price=0 quantity=0 settlement=0 buy_residual=0 sell_residual=0
S3_MATCH slot=426 active=0 buy_rank=0 sell_rank=0 price=0 quantity=0 settlement=0 buy_residual=0 sell_residual=0
S3_MATCH slot=427 active=0 buy_rank=0 sell_rank=0 price=0 quantity=0 settlement=0 buy_residual=0 sell_residual=0
S3_MATCH slot=428 active=0 buy_rank=0 sell_rank=0 price=0 quantity=0 settlement=0 buy_residual=0 sell_residual=0
S3_MATCH slot=429 active=0 buy_rank=0 sell_rank=0 price=0 quantity=0 settlement=0 buy_residual=0 sell_residual=0
S3_MATCH slot=430 active=0 buy_rank=0 sell_rank=0 price=0 quantity=0 settlement=0 buy_residual=0 sell_residual=0
S3_MATCH slot=431 active=0 buy_rank=0 sell_rank=0 price=0 quantity=0 settlement=0 buy_residual=0 sell_residual=0
S3_MATCH slot=432 active=0 buy_rank=0 sell_rank=0 price=0 quantity=0 settlement=0 buy_residual=0 sell_residual=0
S3_MATCH slot=433 active=0 buy_rank=0 sell_rank=0 price=0 quantity=0 settlement=0 buy_residual=0 sell_residual=0
S3_MATCH slot=434 active=0 buy_rank=0 sell_rank=0 price=0 quantity=0 settlement=0 buy_residual=0 sell_residual=0
S3_MATCH slot=435 active=0 buy_rank=0 sell_rank=0 price=0 quantity=0 settlement=0 buy_residual=0 sell_residual=0
S3_MATCH slot=436 active=0 buy_rank=0 sell_rank=0 price=0 quantity=0 settlement=0 buy_residual=0 sell_residual=0
S3_MATCH slot=437 active=0 buy_rank=0 sell_rank=0 price=0 quantity=0 settlement=0 buy_residual=0 sell_residual=0
S3_MATCH slot=438 active=0 buy_rank=0 sell_rank=0 price=0 quantity=0 settlement=0 buy_residual=0 sell_residual=0
S3_MATCH slot=439 active=0 buy_rank=0 sell_rank=0 price=0 quantity=0 settlement=0 buy_residual=0 sell_residual=0
S3_MATCH slot=440 active=0 buy_rank=0 sell_rank=0 price=0 quantity=0 settlement=0 buy_residual=0 sell_residual=0
S3_MATCH slot=441 active=0 buy_rank=0 sell_rank=0 price=0 quantity=0 settlement=0 buy_residual=0 sell_residual=0
S3_MATCH slot=442 active=0 buy_rank=0 sell_rank=0 price=0 quantity=0 settlement=0 buy_residual=0 sell_residual=0
S3_MATCH slot=443 active=0 buy_rank=0 sell_rank=0 price=0 quantity=0 settlement=0 buy_residual=0 sell_residual=0
S3_MATCH slot=444 active=0 buy_rank=0 sell_rank=0 price=0 quantity=0 settlement=0 buy_residual=0 sell_residual=0
S3_MATCH slot=445 active=0 buy_rank=0 sell_rank=0 price=0 quantity=0 settlement=0 buy_residual=0 sell_residual=0
S3_MATCH slot=446 active=0 buy_rank=0 sell_rank=0 price=0 quantity=0 settlement=0 buy_residual=0 sell_residual=0
S3_MATCH slot=447 active=0 buy_rank=0 sell_rank=0 price=0 quantity=0 settlement=0 buy_residual=0 sell_residual=0
S3_MATCH slot=448 active=0 buy_rank=0 sell_rank=0 price=0 quantity=0 settlement=0 buy_residual=0 sell_residual=0
S3_MATCH slot=449 active=0 buy_rank=0 sell_rank=0 price=0 quantity=0 settlement=0 buy_residual=0 sell_residual=0
S3_MATCH slot=450 active=0 buy_rank=0 sell_rank=0 price=0 quantity=0 settlement=0 buy_residual=0 sell_residual=0
S3_MATCH slot=451 active=0 buy_rank=0 sell_rank=0 price=0 quantity=0 settlement=0 buy_residual=0 sell_residual=0
S3_MATCH slot=452 active=0 buy_rank=0 sell_rank=0 price=0 quantity=0 settlement=0 buy_residual=0 sell_residual=0
S3_MATCH slot=453 active=0 buy_rank=0 sell_rank=0 price=0 quantity=0 settlement=0 buy_residual=0 sell_residual=0
S3_MATCH slot=454 active=0 buy_rank=0 sell_rank=0 price=0 quantity=0 settlement=0 buy_residual=0 sell_residual=0
S3_MATCH slot=455 active=0 buy_rank=0 sell_rank=0 price=0 quantity=0 settlement=0 buy_residual=0 sell_residual=0
S3_MATCH slot=456 active=0 buy_rank=0 sell_rank=0 price=0 quantity=0 settlement=0 buy_residual=0 sell_residual=0
S3_MATCH slot=457 active=0 buy_rank=0 sell_rank=0 price=0 quantity=0 settlement=0 buy_residual=0 sell_residual=0
S3_MATCH slot=458 active=0 buy_rank=0 sell_rank=0 price=0 quantity=0 settlement=0 buy_residual=0 sell_residual=0
S3_MATCH slot=459 active=0 buy_rank=0 sell_rank=0 price=0 quantity=0 settlement=0 buy_residual=0 sell_residual=0
S3_MATCH slot=460 active=0 buy_rank=0 sell_rank=0 price=0 quantity=0 settlement=0 buy_residual=0 sell_residual=0
S3_MATCH slot=461 active=0 buy_rank=0 sell_rank=0 price=0 quantity=0 settlement=0 buy_residual=0 sell_residual=0
S3_MATCH slot=462 active=0 buy_rank=0 sell_rank=0 price=0 quantity=0 settlement=0 buy_residual=0 sell_residual=0
S3_MATCH slot=463 active=0 buy_rank=0 sell_rank=0 price=0 quantity=0 settlement=0 buy_residual=0 sell_residual=0
S3_MATCH slot=464 active=0 buy_rank=0 sell_rank=0 price=0 quantity=0 settlement=0 buy_residual=0 sell_residual=0
S3_MATCH slot=465 active=0 buy_rank=0 sell_rank=0 price=0 quantity=0 settlement=0 buy_residual=0 sell_residual=0
S3_MATCH slot=466 active=0 buy_rank=0 sell_rank=0 price=0 quantity=0 settlement=0 buy_residual=0 sell_residual=0
S3_MATCH slot=467 active=0 buy_rank=0 sell_rank=0 price=0 quantity=0 settlement=0 buy_residual=0 sell_residual=0
S3_MATCH slot=468 active=0 buy_rank=0 sell_rank=0 price=0 quantity=0 settlement=0 buy_residual=0 sell_residual=0
S3_MATCH slot=469 active=0 buy_rank=0 sell_rank=0 price=0 quantity=0 settlement=0 buy_residual=0 sell_residual=0
S3_MATCH slot=470 active=0 buy_rank=0 sell_rank=0 price=0 quantity=0 settlement=0 buy_residual=0 sell_residual=0
S3_MATCH slot=471 active=0 buy_rank=0 sell_rank=0 price=0 quantity=0 settlement=0 buy_residual=0 sell_residual=0
S3_MATCH slot=472 active=0 buy_rank=0 sell_rank=0 price=0 quantity=0 settlement=0 buy_residual=0 sell_residual=0
S3_MATCH slot=473 active=0 buy_rank=0 sell_rank=0 price=0 quantity=0 settlement=0 buy_residual=0 sell_residual=0
S3_MATCH slot=474 active=0 buy_rank=0 sell_rank=0 price=0 quantity=0 settlement=0 buy_residual=0 sell_residual=0
S3_MATCH slot=475 active=0 buy_rank=0 sell_rank=0 price=0 quantity=0 settlement=0 buy_residual=0 sell_residual=0
S3_MATCH slot=476 active=0 buy_rank=0 sell_rank=0 price=0 quantity=0 settlement=0 buy_residual=0 sell_residual=0
S3_MATCH slot=477 active=0 buy_rank=0 sell_rank=0 price=0 quantity=0 settlement=0 buy_residual=0 sell_residual=0
S3_MATCH slot=478 active=0 buy_rank=0 sell_rank=0 price=0 quantity=0 settlement=0 buy_residual=0 sell_residual=0
S3_MATCH slot=479 active=0 buy_rank=0 sell_rank=0 price=0 quantity=0 settlement=0 buy_residual=0 sell_residual=0
S3_MATCH slot=480 active=0 buy_rank=0 sell_rank=0 price=0 quantity=0 settlement=0 buy_residual=0 sell_residual=0
S3_MATCH slot=481 active=0 buy_rank=0 sell_rank=0 price=0 quantity=0 settlement=0 buy_residual=0 sell_residual=0
S3_MATCH slot=482 active=0 buy_rank=0 sell_rank=0 price=0 quantity=0 settlement=0 buy_residual=0 sell_residual=0
S3_MATCH slot=483 active=0 buy_rank=0 sell_rank=0 price=0 quantity=0 settlement=0 buy_residual=0 sell_residual=0
S3_MATCH slot=484 active=0 buy_rank=0 sell_rank=0 price=0 quantity=0 settlement=0 buy_residual=0 sell_residual=0
S3_MATCH slot=485 active=0 buy_rank=0 sell_rank=0 price=0 quantity=0 settlement=0 buy_residual=0 sell_residual=0
S3_MATCH slot=486 active=0 buy_rank=0 sell_rank=0 price=0 quantity=0 settlement=0 buy_residual=0 sell_residual=0
S3_MATCH slot=487 active=0 buy_rank=0 sell_rank=0 price=0 quantity=0 settlement=0 buy_residual=0 sell_residual=0
S3_MATCH slot=488 active=0 buy_rank=0 sell_rank=0 price=0 quantity=0 settlement=0 buy_residual=0 sell_residual=0
S3_MATCH slot=489 active=0 buy_rank=0 sell_rank=0 price=0 quantity=0 settlement=0 buy_residual=0 sell_residual=0
S3_MATCH slot=490 active=0 buy_rank=0 sell_rank=0 price=0 quantity=0 settlement=0 buy_residual=0 sell_residual=0
S3_MATCH slot=491 active=0 buy_rank=0 sell_rank=0 price=0 quantity=0 settlement=0 buy_residual=0 sell_residual=0
S3_MATCH slot=492 active=0 buy_rank=0 sell_rank=0 price=0 quantity=0 settlement=0 buy_residual=0 sell_residual=0
S3_MATCH slot=493 active=0 buy_rank=0 sell_rank=0 price=0 quantity=0 settlement=0 buy_residual=0 sell_residual=0
S3_MATCH slot=494 active=0 buy_rank=0 sell_rank=0 price=0 quantity=0 settlement=0 buy_residual=0 sell_residual=0
S3_MATCH slot=495 active=0 buy_rank=0 sell_rank=0 price=0 quantity=0 settlement=0 buy_residual=0 sell_residual=0
S3_MATCH slot=496 active=0 buy_rank=0 sell_rank=0 price=0 quantity=0 settlement=0 buy_residual=0 sell_residual=0
S3_MATCH slot=497 active=0 buy_rank=0 sell_rank=0 price=0 quantity=0 settlement=0 buy_residual=0 sell_residual=0
S3_MATCH slot=498 active=0 buy_rank=0 sell_rank=0 price=0 quantity=0 settlement=0 buy_residual=0 sell_residual=0
S3_MATCH slot=499 active=0 buy_rank=0 sell_rank=0 price=0 quantity=0 settlement=0 buy_residual=0 sell_residual=0
S3_MATCH slot=500 active=0 buy_rank=0 sell_rank=0 price=0 quantity=0 settlement=0 buy_residual=0 sell_residual=0
S3_MATCH slot=501 active=0 buy_rank=0 sell_rank=0 price=0 quantity=0 settlement=0 buy_residual=0 sell_residual=0
S3_MATCH slot=502 active=0 buy_rank=0 sell_rank=0 price=0 quantity=0 settlement=0 buy_residual=0 sell_residual=0
S3_MATCH slot=503 active=0 buy_rank=0 sell_rank=0 price=0 quantity=0 settlement=0 buy_residual=0 sell_residual=0
S3_MATCH slot=504 active=0 buy_rank=0 sell_rank=0 price=0 quantity=0 settlement=0 buy_residual=0 sell_residual=0
S3_MATCH slot=505 active=0 buy_rank=0 sell_rank=0 price=0 quantity=0 settlement=0 buy_residual=0 sell_residual=0
S3_MATCH slot=506 active=0 buy_rank=0 sell_rank=0 price=0 quantity=0 settlement=0 buy_residual=0 sell_residual=0
S3_MATCH slot=507 active=0 buy_rank=0 sell_rank=0 price=0 quantity=0 settlement=0 buy_residual=0 sell_residual=0
S3_MATCH slot=508 active=0 buy_rank=0 sell_rank=0 price=0 quantity=0 settlement=0 buy_residual=0 sell_residual=0
S3_MATCH slot=509 active=0 buy_rank=0 sell_rank=0 price=0 quantity=0 settlement=0 buy_residual=0 sell_residual=0
S3_MATCH slot=510 active=0 buy_rank=0 sell_rank=0 price=0 quantity=0 settlement=0 buy_residual=0 sell_residual=0
S3_RESIDUAL side=buy rank=94 quantity=0
S3_RESIDUAL side=buy rank=107 quantity=0
S3_RESIDUAL side=buy rank=143 quantity=0
S3_RESIDUAL side=buy rank=171 quantity=0
S3_RESIDUAL side=buy rank=21 quantity=0
S3_RESIDUAL side=buy rank=194 quantity=0
S3_RESIDUAL side=buy rank=203 quantity=0
S3_RESIDUAL side=buy rank=180 quantity=0
S3_RESIDUAL side=buy rank=187 quantity=0
S3_RESIDUAL side=buy rank=130 quantity=0
S3_RESIDUAL side=buy rank=127 quantity=0
S3_RESIDUAL side=buy rank=116 quantity=0
S3_RESIDUAL side=buy rank=183 quantity=0
S3_RESIDUAL side=buy rank=112 quantity=0
S3_RESIDUAL side=buy rank=145 quantity=0
S3_RESIDUAL side=buy rank=101 quantity=0
S3_RESIDUAL side=buy rank=170 quantity=0
S3_RESIDUAL side=buy rank=102 quantity=0
S3_RESIDUAL side=buy rank=147 quantity=0
S3_RESIDUAL side=buy rank=27 quantity=0
S3_RESIDUAL side=buy rank=58 quantity=0
S3_RESIDUAL side=buy rank=30 quantity=0
S3_RESIDUAL side=buy rank=73 quantity=0
S3_RESIDUAL side=buy rank=108 quantity=0
S3_RESIDUAL side=buy rank=12 quantity=0
S3_RESIDUAL side=buy rank=98 quantity=0
S3_RESIDUAL side=buy rank=4 quantity=0
S3_RESIDUAL side=buy rank=25 quantity=0
S3_RESIDUAL side=buy rank=44 quantity=0
S3_RESIDUAL side=buy rank=208 quantity=0
S3_RESIDUAL side=buy rank=41 quantity=0
S3_RESIDUAL side=buy rank=135 quantity=0
S3_RESIDUAL side=buy rank=129 quantity=0
S3_RESIDUAL side=buy rank=109 quantity=0
S3_RESIDUAL side=buy rank=67 quantity=0
S3_RESIDUAL side=buy rank=206 quantity=0
S3_RESIDUAL side=buy rank=128 quantity=0
S3_RESIDUAL side=buy rank=123 quantity=0
S3_RESIDUAL side=buy rank=70 quantity=0
S3_RESIDUAL side=buy rank=75 quantity=0
S3_RESIDUAL side=buy rank=10 quantity=0
S3_RESIDUAL side=buy rank=22 quantity=0
S3_RESIDUAL side=buy rank=111 quantity=0
S3_RESIDUAL side=buy rank=142 quantity=0
S3_RESIDUAL side=buy rank=197 quantity=0
S3_RESIDUAL side=buy rank=3 quantity=0
S3_RESIDUAL side=buy rank=68 quantity=0
S3_RESIDUAL side=buy rank=134 quantity=0
S3_RESIDUAL side=buy rank=126 quantity=0
S3_RESIDUAL side=buy rank=113 quantity=0
S3_RESIDUAL side=buy rank=99 quantity=0
S3_RESIDUAL side=buy rank=159 quantity=0
S3_RESIDUAL side=buy rank=53 quantity=0
S3_RESIDUAL side=buy rank=176 quantity=0
S3_RESIDUAL side=buy rank=14 quantity=0
S3_RESIDUAL side=buy rank=74 quantity=0
S3_RESIDUAL side=buy rank=36 quantity=0
S3_RESIDUAL side=buy rank=144 quantity=0
S3_RESIDUAL side=buy rank=24 quantity=0
S3_RESIDUAL side=buy rank=59 quantity=0
S3_RESIDUAL side=buy rank=16 quantity=0
S3_RESIDUAL side=buy rank=40 quantity=0
S3_RESIDUAL side=buy rank=80 quantity=0
S3_RESIDUAL side=buy rank=199 quantity=0
S3_RESIDUAL side=buy rank=196 quantity=0
S3_RESIDUAL side=buy rank=162 quantity=0
S3_RESIDUAL side=buy rank=141 quantity=0
S3_RESIDUAL side=buy rank=55 quantity=0
S3_RESIDUAL side=buy rank=177 quantity=0
S3_RESIDUAL side=buy rank=51 quantity=0
S3_RESIDUAL side=buy rank=15 quantity=0
S3_RESIDUAL side=buy rank=105 quantity=0
S3_RESIDUAL side=buy rank=17 quantity=0
S3_RESIDUAL side=buy rank=121 quantity=0
S3_RESIDUAL side=buy rank=61 quantity=0
S3_RESIDUAL side=buy rank=200 quantity=0
S3_RESIDUAL side=buy rank=9 quantity=0
S3_RESIDUAL side=buy rank=79 quantity=0
S3_RESIDUAL side=buy rank=5 quantity=0
S3_RESIDUAL side=buy rank=71 quantity=0
S3_RESIDUAL side=buy rank=1 quantity=0
S3_RESIDUAL side=buy rank=86 quantity=0
S3_RESIDUAL side=buy rank=31 quantity=0
S3_RESIDUAL side=buy rank=155 quantity=0
S3_RESIDUAL side=buy rank=148 quantity=727549
S3_RESIDUAL side=buy rank=106 quantity=795452
S3_RESIDUAL side=buy rank=49 quantity=166217
S3_RESIDUAL side=buy rank=84 quantity=665374
S3_RESIDUAL side=buy rank=186 quantity=255306
S3_RESIDUAL side=buy rank=50 quantity=265520
S3_RESIDUAL side=buy rank=207 quantity=905514
S3_RESIDUAL side=buy rank=163 quantity=974592
S3_RESIDUAL side=buy rank=7 quantity=445150
S3_RESIDUAL side=buy rank=122 quantity=670128
S3_RESIDUAL side=buy rank=157 quantity=183724
S3_RESIDUAL side=buy rank=185 quantity=63112
S3_RESIDUAL side=buy rank=179 quantity=435779
S3_RESIDUAL side=buy rank=81 quantity=728664
S3_RESIDUAL side=buy rank=137 quantity=721103
S3_RESIDUAL side=buy rank=198 quantity=704378
S3_RESIDUAL side=buy rank=110 quantity=911090
S3_RESIDUAL side=buy rank=138 quantity=949057
S3_RESIDUAL side=buy rank=20 quantity=647337
S3_RESIDUAL side=buy rank=52 quantity=440132
S3_RESIDUAL side=buy rank=39 quantity=963824
S3_RESIDUAL side=buy rank=0 quantity=444963
S3_RESIDUAL side=buy rank=150 quantity=299914
S3_RESIDUAL side=buy rank=35 quantity=517266
S3_RESIDUAL side=buy rank=33 quantity=602037
S3_RESIDUAL side=buy rank=38 quantity=404021
S3_RESIDUAL side=buy rank=160 quantity=381635
S3_RESIDUAL side=buy rank=57 quantity=405159
S3_RESIDUAL side=buy rank=97 quantity=390912
S3_RESIDUAL side=buy rank=115 quantity=274506
S3_RESIDUAL side=buy rank=93 quantity=472694
S3_RESIDUAL side=buy rank=201 quantity=253164
S3_RESIDUAL side=buy rank=43 quantity=309401
S3_RESIDUAL side=buy rank=46 quantity=433017
S3_RESIDUAL side=buy rank=66 quantity=141948
S3_RESIDUAL side=buy rank=189 quantity=969258
S3_RESIDUAL side=buy rank=190 quantity=731080
S3_RESIDUAL side=buy rank=26 quantity=445400
S3_RESIDUAL side=buy rank=166 quantity=259011
S3_RESIDUAL side=buy rank=96 quantity=508887
S3_RESIDUAL side=buy rank=32 quantity=491661
S3_RESIDUAL side=buy rank=188 quantity=70238
S3_RESIDUAL side=buy rank=92 quantity=332176
S3_RESIDUAL side=buy rank=164 quantity=15974
S3_RESIDUAL side=buy rank=65 quantity=624104
S3_RESIDUAL side=buy rank=202 quantity=776489
S3_RESIDUAL side=buy rank=153 quantity=116244
S3_RESIDUAL side=buy rank=146 quantity=83163
S3_RESIDUAL side=buy rank=11 quantity=698923
S3_RESIDUAL side=buy rank=120 quantity=353339
S3_RESIDUAL side=buy rank=29 quantity=554242
S3_RESIDUAL side=buy rank=154 quantity=435098
S3_RESIDUAL side=buy rank=114 quantity=200179
S3_RESIDUAL side=buy rank=47 quantity=659389
S3_RESIDUAL side=buy rank=6 quantity=294843
S3_RESIDUAL side=buy rank=23 quantity=578707
S3_RESIDUAL side=buy rank=83 quantity=8039
S3_RESIDUAL side=buy rank=56 quantity=959802
S3_RESIDUAL side=buy rank=195 quantity=882644
S3_RESIDUAL side=buy rank=62 quantity=799688
S3_RESIDUAL side=buy rank=88 quantity=510518
S3_RESIDUAL side=buy rank=76 quantity=657150
S3_RESIDUAL side=buy rank=103 quantity=55335
S3_RESIDUAL side=buy rank=173 quantity=652496
S3_RESIDUAL side=buy rank=48 quantity=270559
S3_RESIDUAL side=buy rank=175 quantity=80519
S3_RESIDUAL side=buy rank=117 quantity=213470
S3_RESIDUAL side=buy rank=82 quantity=397044
S3_RESIDUAL side=buy rank=2 quantity=425148
S3_RESIDUAL side=buy rank=152 quantity=400805
S3_RESIDUAL side=buy rank=18 quantity=849942
S3_RESIDUAL side=buy rank=63 quantity=771129
S3_RESIDUAL side=buy rank=131 quantity=579112
S3_RESIDUAL side=buy rank=172 quantity=830241
S3_RESIDUAL side=buy rank=72 quantity=869969
S3_RESIDUAL side=buy rank=37 quantity=757133
S3_RESIDUAL side=buy rank=132 quantity=302028
S3_RESIDUAL side=buy rank=158 quantity=404116
S3_RESIDUAL side=buy rank=167 quantity=973547
S3_RESIDUAL side=buy rank=90 quantity=909886
S3_RESIDUAL side=buy rank=178 quantity=491956
S3_RESIDUAL side=buy rank=165 quantity=240013
S3_RESIDUAL side=buy rank=54 quantity=112529
S3_RESIDUAL side=buy rank=168 quantity=599550
S3_RESIDUAL side=buy rank=19 quantity=782775
S3_RESIDUAL side=buy rank=192 quantity=59939
S3_RESIDUAL side=buy rank=204 quantity=465589
S3_RESIDUAL side=buy rank=104 quantity=552350
S3_RESIDUAL side=buy rank=78 quantity=307313
S3_RESIDUAL side=buy rank=139 quantity=422866
S3_RESIDUAL side=buy rank=156 quantity=851344
S3_RESIDUAL side=buy rank=182 quantity=141732
S3_RESIDUAL side=buy rank=191 quantity=58012
S3_RESIDUAL side=buy rank=13 quantity=521374
S3_RESIDUAL side=buy rank=161 quantity=291803
S3_RESIDUAL side=buy rank=151 quantity=667945
S3_RESIDUAL side=buy rank=87 quantity=207363
S3_RESIDUAL side=buy rank=85 quantity=704865
S3_RESIDUAL side=buy rank=69 quantity=706245
S3_RESIDUAL side=buy rank=60 quantity=239981
S3_RESIDUAL side=buy rank=184 quantity=167846
S3_RESIDUAL side=buy rank=119 quantity=317706
S3_RESIDUAL side=buy rank=125 quantity=811632
S3_RESIDUAL side=buy rank=95 quantity=601652
S3_RESIDUAL side=buy rank=89 quantity=335876
S3_RESIDUAL side=buy rank=124 quantity=394396
S3_RESIDUAL side=buy rank=174 quantity=556623
S3_RESIDUAL side=buy rank=34 quantity=860457
S3_RESIDUAL side=buy rank=91 quantity=770915
S3_RESIDUAL side=buy rank=133 quantity=489925
S3_RESIDUAL side=buy rank=28 quantity=592280
S3_RESIDUAL side=buy rank=140 quantity=471314
S3_RESIDUAL side=buy rank=169 quantity=53345
S3_RESIDUAL side=buy rank=77 quantity=755647
S3_RESIDUAL side=buy rank=149 quantity=841349
S3_RESIDUAL side=buy rank=193 quantity=103225
S3_RESIDUAL side=buy rank=8 quantity=105943
S3_RESIDUAL side=buy rank=136 quantity=151480
S3_RESIDUAL side=buy rank=45 quantity=857017
S3_RESIDUAL side=buy rank=118 quantity=205581
S3_RESIDUAL side=buy rank=100 quantity=604040
S3_RESIDUAL side=buy rank=42 quantity=807243
S3_RESIDUAL side=buy rank=181 quantity=331943
S3_RESIDUAL side=buy rank=64 quantity=469222
S3_RESIDUAL side=buy rank=205 quantity=895538
S3_RESIDUAL side=buy rank=209 quantity=0
S3_RESIDUAL side=buy rank=210 quantity=0
S3_RESIDUAL side=buy rank=211 quantity=0
S3_RESIDUAL side=buy rank=212 quantity=0
S3_RESIDUAL side=buy rank=213 quantity=0
S3_RESIDUAL side=buy rank=214 quantity=0
S3_RESIDUAL side=buy rank=215 quantity=0
S3_RESIDUAL side=buy rank=216 quantity=0
S3_RESIDUAL side=buy rank=217 quantity=0
S3_RESIDUAL side=buy rank=218 quantity=0
S3_RESIDUAL side=buy rank=219 quantity=0
S3_RESIDUAL side=buy rank=220 quantity=0
S3_RESIDUAL side=buy rank=221 quantity=0
S3_RESIDUAL side=buy rank=222 quantity=0
S3_RESIDUAL side=buy rank=223 quantity=0
S3_RESIDUAL side=buy rank=224 quantity=0
S3_RESIDUAL side=buy rank=225 quantity=0
S3_RESIDUAL side=buy rank=226 quantity=0
S3_RESIDUAL side=buy rank=227 quantity=0
S3_RESIDUAL side=buy rank=228 quantity=0
S3_RESIDUAL side=buy rank=229 quantity=0
S3_RESIDUAL side=buy rank=230 quantity=0
S3_RESIDUAL side=buy rank=231 quantity=0
S3_RESIDUAL side=buy rank=232 quantity=0
S3_RESIDUAL side=buy rank=233 quantity=0
S3_RESIDUAL side=buy rank=234 quantity=0
S3_RESIDUAL side=buy rank=235 quantity=0
S3_RESIDUAL side=buy rank=236 quantity=0
S3_RESIDUAL side=buy rank=237 quantity=0
S3_RESIDUAL side=buy rank=238 quantity=0
S3_RESIDUAL side=buy rank=239 quantity=0
S3_RESIDUAL side=buy rank=240 quantity=0
S3_RESIDUAL side=buy rank=241 quantity=0
S3_RESIDUAL side=buy rank=242 quantity=0
S3_RESIDUAL side=buy rank=243 quantity=0
S3_RESIDUAL side=buy rank=244 quantity=0
S3_RESIDUAL side=buy rank=245 quantity=0
S3_RESIDUAL side=buy rank=246 quantity=0
S3_RESIDUAL side=buy rank=247 quantity=0
S3_RESIDUAL side=buy rank=248 quantity=0
S3_RESIDUAL side=buy rank=249 quantity=0
S3_RESIDUAL side=buy rank=250 quantity=0
S3_RESIDUAL side=buy rank=251 quantity=0
S3_RESIDUAL side=buy rank=252 quantity=0
S3_RESIDUAL side=buy rank=253 quantity=0
S3_RESIDUAL side=buy rank=254 quantity=0
S3_RESIDUAL side=buy rank=255 quantity=0
S3_RESIDUAL side=sell rank=164 quantity=0
S3_RESIDUAL side=sell rank=26 quantity=0
S3_RESIDUAL side=sell rank=161 quantity=0
S3_RESIDUAL side=sell rank=33 quantity=0
S3_RESIDUAL side=sell rank=120 quantity=0
S3_RESIDUAL side=sell rank=187 quantity=0
S3_RESIDUAL side=sell rank=93 quantity=0
S3_RESIDUAL side=sell rank=148 quantity=0
S3_RESIDUAL side=sell rank=52 quantity=0
S3_RESIDUAL side=sell rank=202 quantity=0
S3_RESIDUAL side=sell rank=154 quantity=0
S3_RESIDUAL side=sell rank=39 quantity=0
S3_RESIDUAL side=sell rank=130 quantity=0
S3_RESIDUAL side=sell rank=172 quantity=0
S3_RESIDUAL side=sell rank=208 quantity=0
S3_RESIDUAL side=sell rank=206 quantity=0
S3_RESIDUAL side=sell rank=59 quantity=0
S3_RESIDUAL side=sell rank=21 quantity=0
S3_RESIDUAL side=sell rank=71 quantity=0
S3_RESIDUAL side=sell rank=115 quantity=0
S3_RESIDUAL side=sell rank=122 quantity=0
S3_RESIDUAL side=sell rank=127 quantity=0
S3_RESIDUAL side=sell rank=65 quantity=0
S3_RESIDUAL side=sell rank=1 quantity=0
S3_RESIDUAL side=sell rank=95 quantity=0
S3_RESIDUAL side=sell rank=2 quantity=0
S3_RESIDUAL side=sell rank=176 quantity=0
S3_RESIDUAL side=sell rank=190 quantity=0
S3_RESIDUAL side=sell rank=50 quantity=0
S3_RESIDUAL side=sell rank=205 quantity=0
S3_RESIDUAL side=sell rank=140 quantity=0
S3_RESIDUAL side=sell rank=49 quantity=0
S3_RESIDUAL side=sell rank=193 quantity=402392
S3_RESIDUAL side=sell rank=67 quantity=0
S3_RESIDUAL side=sell rank=9 quantity=0
S3_RESIDUAL side=sell rank=124 quantity=0
S3_RESIDUAL side=sell rank=30 quantity=0
S3_RESIDUAL side=sell rank=151 quantity=0
S3_RESIDUAL side=sell rank=72 quantity=0
S3_RESIDUAL side=sell rank=217 quantity=0
S3_RESIDUAL side=sell rank=225 quantity=0
S3_RESIDUAL side=sell rank=84 quantity=0
S3_RESIDUAL side=sell rank=198 quantity=0
S3_RESIDUAL side=sell rank=110 quantity=0
S3_RESIDUAL side=sell rank=143 quantity=0
S3_RESIDUAL side=sell rank=123 quantity=0
S3_RESIDUAL side=sell rank=199 quantity=0
S3_RESIDUAL side=sell rank=68 quantity=0
S3_RESIDUAL side=sell rank=37 quantity=0
S3_RESIDUAL side=sell rank=73 quantity=0
S3_RESIDUAL side=sell rank=38 quantity=0
S3_RESIDUAL side=sell rank=146 quantity=0
S3_RESIDUAL side=sell rank=128 quantity=596207
S3_RESIDUAL side=sell rank=180 quantity=0
S3_RESIDUAL side=sell rank=221 quantity=0
S3_RESIDUAL side=sell rank=62 quantity=0
S3_RESIDUAL side=sell rank=114 quantity=0
S3_RESIDUAL side=sell rank=63 quantity=0
S3_RESIDUAL side=sell rank=209 quantity=0
S3_RESIDUAL side=sell rank=66 quantity=0
S3_RESIDUAL side=sell rank=32 quantity=0
S3_RESIDUAL side=sell rank=157 quantity=118399
S3_RESIDUAL side=sell rank=13 quantity=0
S3_RESIDUAL side=sell rank=222 quantity=647773
S3_RESIDUAL side=sell rank=129 quantity=115215
S3_RESIDUAL side=sell rank=150 quantity=831513
S3_RESIDUAL side=sell rank=112 quantity=0
S3_RESIDUAL side=sell rank=17 quantity=0
S3_RESIDUAL side=sell rank=134 quantity=0
S3_RESIDUAL side=sell rank=81 quantity=699446
S3_RESIDUAL side=sell rank=78 quantity=574693
S3_RESIDUAL side=sell rank=224 quantity=0
S3_RESIDUAL side=sell rank=27 quantity=0
S3_RESIDUAL side=sell rank=55 quantity=0
S3_RESIDUAL side=sell rank=104 quantity=623931
S3_RESIDUAL side=sell rank=197 quantity=0
S3_RESIDUAL side=sell rank=144 quantity=0
S3_RESIDUAL side=sell rank=43 quantity=0
S3_RESIDUAL side=sell rank=79 quantity=520354
S3_RESIDUAL side=sell rank=136 quantity=0
S3_RESIDUAL side=sell rank=214 quantity=0
S3_RESIDUAL side=sell rank=76 quantity=238421
S3_RESIDUAL side=sell rank=137 quantity=0
S3_RESIDUAL side=sell rank=166 quantity=550708
S3_RESIDUAL side=sell rank=119 quantity=289976
S3_RESIDUAL side=sell rank=118 quantity=0
S3_RESIDUAL side=sell rank=169 quantity=0
S3_RESIDUAL side=sell rank=109 quantity=707416
S3_RESIDUAL side=sell rank=23 quantity=0
S3_RESIDUAL side=sell rank=108 quantity=0
S3_RESIDUAL side=sell rank=186 quantity=0
S3_RESIDUAL side=sell rank=91 quantity=0
S3_RESIDUAL side=sell rank=107 quantity=0
S3_RESIDUAL side=sell rank=98 quantity=30010
S3_RESIDUAL side=sell rank=181 quantity=792312
S3_RESIDUAL side=sell rank=61 quantity=117553
S3_RESIDUAL side=sell rank=189 quantity=300491
S3_RESIDUAL side=sell rank=48 quantity=621471
S3_RESIDUAL side=sell rank=117 quantity=658379
S3_RESIDUAL side=sell rank=54 quantity=891118
S3_RESIDUAL side=sell rank=155 quantity=201665
S3_RESIDUAL side=sell rank=156 quantity=301669
S3_RESIDUAL side=sell rank=220 quantity=966412
S3_RESIDUAL side=sell rank=218 quantity=559687
S3_RESIDUAL side=sell rank=158 quantity=0
S3_RESIDUAL side=sell rank=85 quantity=0
S3_RESIDUAL side=sell rank=87 quantity=794258
S3_RESIDUAL side=sell rank=121 quantity=0
S3_RESIDUAL side=sell rank=138 quantity=107965
S3_RESIDUAL side=sell rank=111 quantity=719193
S3_RESIDUAL side=sell rank=40 quantity=938349
S3_RESIDUAL side=sell rank=113 quantity=0
S3_RESIDUAL side=sell rank=82 quantity=811792
S3_RESIDUAL side=sell rank=204 quantity=0
S3_RESIDUAL side=sell rank=100 quantity=0
S3_RESIDUAL side=sell rank=159 quantity=118900
S3_RESIDUAL side=sell rank=147 quantity=378901
S3_RESIDUAL side=sell rank=215 quantity=0
S3_RESIDUAL side=sell rank=41 quantity=164652
S3_RESIDUAL side=sell rank=10 quantity=0
S3_RESIDUAL side=sell rank=184 quantity=768765
S3_RESIDUAL side=sell rank=153 quantity=7018
S3_RESIDUAL side=sell rank=51 quantity=583271
S3_RESIDUAL side=sell rank=24 quantity=0
S3_RESIDUAL side=sell rank=5 quantity=0
S3_RESIDUAL side=sell rank=80 quantity=913292
S3_RESIDUAL side=sell rank=12 quantity=365080
S3_RESIDUAL side=sell rank=188 quantity=0
S3_RESIDUAL side=sell rank=145 quantity=499435
S3_RESIDUAL side=sell rank=171 quantity=703977
S3_RESIDUAL side=sell rank=11 quantity=294864
S3_RESIDUAL side=sell rank=58 quantity=0
S3_RESIDUAL side=sell rank=132 quantity=921306
S3_RESIDUAL side=sell rank=195 quantity=678988
S3_RESIDUAL side=sell rank=77 quantity=952060
S3_RESIDUAL side=sell rank=86 quantity=0
S3_RESIDUAL side=sell rank=83 quantity=399170
S3_RESIDUAL side=sell rank=34 quantity=337172
S3_RESIDUAL side=sell rank=47 quantity=977091
S3_RESIDUAL side=sell rank=75 quantity=236406
S3_RESIDUAL side=sell rank=88 quantity=218577
S3_RESIDUAL side=sell rank=74 quantity=994836
S3_RESIDUAL side=sell rank=183 quantity=719609
S3_RESIDUAL side=sell rank=99 quantity=994756
S3_RESIDUAL side=sell rank=131 quantity=672919
S3_RESIDUAL side=sell rank=101 quantity=858976
S3_RESIDUAL side=sell rank=70 quantity=574102
S3_RESIDUAL side=sell rank=28 quantity=777947
S3_RESIDUAL side=sell rank=56 quantity=128510
S3_RESIDUAL side=sell rank=90 quantity=53689
S3_RESIDUAL side=sell rank=141 quantity=445385
S3_RESIDUAL side=sell rank=196 quantity=585478
S3_RESIDUAL side=sell rank=105 quantity=336127
S3_RESIDUAL side=sell rank=92 quantity=725550
S3_RESIDUAL side=sell rank=211 quantity=276882
S3_RESIDUAL side=sell rank=162 quantity=633320
S3_RESIDUAL side=sell rank=36 quantity=554030
S3_RESIDUAL side=sell rank=179 quantity=573911
S3_RESIDUAL side=sell rank=102 quantity=63668
S3_RESIDUAL side=sell rank=35 quantity=281008
S3_RESIDUAL side=sell rank=19 quantity=668641
S3_RESIDUAL side=sell rank=29 quantity=246959
S3_RESIDUAL side=sell rank=25 quantity=484788
S3_RESIDUAL side=sell rank=14 quantity=159276
S3_RESIDUAL side=sell rank=44 quantity=97682
S3_RESIDUAL side=sell rank=174 quantity=613831
S3_RESIDUAL side=sell rank=18 quantity=114153
S3_RESIDUAL side=sell rank=125 quantity=720747
S3_RESIDUAL side=sell rank=3 quantity=7714
S3_RESIDUAL side=sell rank=177 quantity=830676
S3_RESIDUAL side=sell rank=213 quantity=594572
S3_RESIDUAL side=sell rank=168 quantity=32169
S3_RESIDUAL side=sell rank=219 quantity=108718
S3_RESIDUAL side=sell rank=20 quantity=659194
S3_RESIDUAL side=sell rank=167 quantity=462328
S3_RESIDUAL side=sell rank=212 quantity=439786
S3_RESIDUAL side=sell rank=163 quantity=532025
S3_RESIDUAL side=sell rank=69 quantity=356716
S3_RESIDUAL side=sell rank=0 quantity=715898
S3_RESIDUAL side=sell rank=135 quantity=886525
S3_RESIDUAL side=sell rank=149 quantity=638172
S3_RESIDUAL side=sell rank=200 quantity=85584
S3_RESIDUAL side=sell rank=64 quantity=224692
S3_RESIDUAL side=sell rank=133 quantity=407339
S3_RESIDUAL side=sell rank=207 quantity=348127
S3_RESIDUAL side=sell rank=182 quantity=11495
S3_RESIDUAL side=sell rank=31 quantity=969094
S3_RESIDUAL side=sell rank=223 quantity=208579
S3_RESIDUAL side=sell rank=22 quantity=459151
S3_RESIDUAL side=sell rank=89 quantity=603635
S3_RESIDUAL side=sell rank=8 quantity=522524
S3_RESIDUAL side=sell rank=192 quantity=248929
S3_RESIDUAL side=sell rank=173 quantity=520894
S3_RESIDUAL side=sell rank=191 quantity=873233
S3_RESIDUAL side=sell rank=160 quantity=488785
S3_RESIDUAL side=sell rank=96 quantity=532877
S3_RESIDUAL side=sell rank=57 quantity=672583
S3_RESIDUAL side=sell rank=210 quantity=379345
S3_RESIDUAL side=sell rank=194 quantity=256475
S3_RESIDUAL side=sell rank=46 quantity=305315
S3_RESIDUAL side=sell rank=185 quantity=148138
S3_RESIDUAL side=sell rank=139 quantity=118444
S3_RESIDUAL side=sell rank=170 quantity=153773
S3_RESIDUAL side=sell rank=7 quantity=660156
S3_RESIDUAL side=sell rank=106 quantity=12263
S3_RESIDUAL side=sell rank=142 quantity=8894
S3_RESIDUAL side=sell rank=53 quantity=845783
S3_RESIDUAL side=sell rank=152 quantity=252629
S3_RESIDUAL side=sell rank=15 quantity=724847
S3_RESIDUAL side=sell rank=178 quantity=510340
S3_RESIDUAL side=sell rank=165 quantity=234388
S3_RESIDUAL side=sell rank=42 quantity=481295
S3_RESIDUAL side=sell rank=6 quantity=68858
S3_RESIDUAL side=sell rank=45 quantity=167765
S3_RESIDUAL side=sell rank=4 quantity=281942
S3_RESIDUAL side=sell rank=16 quantity=197918
S3_RESIDUAL side=sell rank=216 quantity=507064
S3_RESIDUAL side=sell rank=94 quantity=51356
S3_RESIDUAL side=sell rank=116 quantity=476335
S3_RESIDUAL side=sell rank=60 quantity=532358
S3_RESIDUAL side=sell rank=103 quantity=372116
S3_RESIDUAL side=sell rank=175 quantity=146850
S3_RESIDUAL side=sell rank=126 quantity=210496
S3_RESIDUAL side=sell rank=203 quantity=799793
S3_RESIDUAL side=sell rank=97 quantity=728442
S3_RESIDUAL side=sell rank=201 quantity=860553
S3_RESIDUAL side=sell rank=226 quantity=0
S3_RESIDUAL side=sell rank=227 quantity=0
S3_RESIDUAL side=sell rank=228 quantity=0
S3_RESIDUAL side=sell rank=229 quantity=0
S3_RESIDUAL side=sell rank=230 quantity=0
S3_RESIDUAL side=sell rank=231 quantity=0
S3_RESIDUAL side=sell rank=232 quantity=0
S3_RESIDUAL side=sell rank=233 quantity=0
S3_RESIDUAL side=sell rank=234 quantity=0
S3_RESIDUAL side=sell rank=235 quantity=0
S3_RESIDUAL side=sell rank=236 quantity=0
S3_RESIDUAL side=sell rank=237 quantity=0
S3_RESIDUAL side=sell rank=238 quantity=0
S3_RESIDUAL side=sell rank=239 quantity=0
S3_RESIDUAL side=sell rank=240 quantity=0
S3_RESIDUAL side=sell rank=241 quantity=0
S3_RESIDUAL side=sell rank=242 quantity=0
S3_RESIDUAL side=sell rank=243 quantity=0
S3_RESIDUAL side=sell rank=244 quantity=0
S3_RESIDUAL side=sell rank=245 quantity=0
S3_RESIDUAL side=sell rank=246 quantity=0
S3_RESIDUAL side=sell rank=247 quantity=0
S3_RESIDUAL side=sell rank=248 quantity=0
S3_RESIDUAL side=sell rank=249 quantity=0
S3_RESIDUAL side=sell rank=250 quantity=0
S3_RESIDUAL side=sell rank=251 quantity=0
S3_RESIDUAL side=sell rank=252 quantity=0
S3_RESIDUAL side=sell rank=253 quantity=0
S3_RESIDUAL side=sell rank=254 quantity=0
S3_RESIDUAL side=sell rank=255 quantity=0
The following benchmarks are including preprocessing (offline phase).
Time = 76.6801 seconds 
Data sent = 1611.9 MB in ~499247 rounds (party 0 only; use '-v' for more details)
Global data sent = 4835.37 MB (all parties)
This program might benefit from some protocol options.
Consider adding the following at the beginning of your code:
	program.use_edabit(True)
