Using statistical security parameter 40
Trying to run 255-bit computation (256-bit representation)
S3_FMATCH_TEST valid=1 commitment=12938055545765560025194477268170410063038026204949774483188575850726373281491 aggregate_quantity=2792922 aggregate_settlement=1405737768585
S3_MATCH slot=0 active=1 buy_rank=4 sell_rank=3 price=416508 quantity=533796 settlement=222330304368 buy_residual=0 sell_residual=238854
S3_MATCH slot=1 active=1 buy_rank=12 sell_rank=3 price=523944 quantity=238854 settlement=125146120176 buy_residual=571385 sell_residual=0
S3_MATCH slot=2 active=1 buy_rank=12 sell_rank=13 price=587311 quantity=504675 settlement=296401178925 buy_residual=66710 sell_residual=0
S3_MATCH slot=3 active=1 buy_rank=12 sell_rank=7 price=458897 quantity=66710 settlement=30613018870 buy_residual=0 sell_residual=766276
S3_MATCH slot=4 active=1 buy_rank=6 sell_rank=7 price=444486 quantity=86265 settlement=38343584790 buy_residual=0 sell_residual=680011
S3_MATCH slot=5 active=1 buy_rank=0 sell_rank=7 price=297743 quantity=48939 settlement=14571244677 buy_residual=0 sell_residual=631072
S3_MATCH slot=6 active=1 buy_rank=9 sell_rank=7 price=173490 quantity=352204 settlement=61103871960 buy_residual=0 sell_residual=278868
S3_MATCH slot=7 active=1 buy_rank=10 sell_rank=7 price=453358 quantity=278868 settlement=126427038744 buy_residual=682611 sell_residual=0
S3_MATCH slot=8 active=1 buy_rank=10 sell_rank=1 price=668849 quantity=58507 settlement=39132348443 buy_residual=624104 sell_residual=0
S3_MATCH slot=9 active=1 buy_rank=10 sell_rank=5 price=723708 quantity=624104 settlement=451669057632 buy_residual=0 sell_residual=35086
S3_MATCH slot=10 active=0 buy_rank=0 sell_rank=0 price=0 quantity=0 settlement=0 buy_residual=0 sell_residual=0
S3_MATCH slot=11 active=0 buy_rank=0 sell_rank=0 price=0 quantity=0 settlement=0 buy_residual=0 sell_residual=0
S3_MATCH slot=12 active=0 buy_rank=0 sell_rank=0 price=0 quantity=0 settlement=0 buy_residual=0 sell_residual=0
S3_MATCH slot=13 active=0 buy_rank=0 sell_rank=0 price=0 quantity=0 settlement=0 buy_residual=0 sell_residual=0
S3_MATCH slot=14 active=0 buy_rank=0 sell_rank=0 price=0 quantity=0 settlement=0 buy_residual=0 sell_residual=0
S3_MATCH slot=15 active=0 buy_rank=0 sell_rank=0 price=0 quantity=0 settlement=0 buy_residual=0 sell_residual=0
S3_MATCH slot=16 active=0 buy_rank=0 sell_rank=0 price=0 quantity=0 settlement=0 buy_residual=0 sell_residual=0
S3_MATCH slot=17 active=0 buy_rank=0 sell_rank=0 price=0 quantity=0 settlement=0 buy_residual=0 sell_residual=0
S3_MATCH slot=18 active=0 buy_rank=0 sell_rank=0 price=0 quantity=0 settlement=0 buy_residual=0 sell_residual=0
S3_MATCH slot=19 active=0 buy_rank=0 sell_rank=0 price=0 quantity=0 settlement=0 buy_residual=0 sell_residual=0
S3_MATCH slot=20 active=0 buy_rank=0 sell_rank=0 price=0 quantity=0 settlement=0 buy_residual=0 sell_residual=0
S3_MATCH slot=21 active=0 buy_rank=0 sell_rank=0 price=0 quantity=0 settlement=0 buy_residual=0 sell_residual=0
S3_MATCH slot=22 active=0 buy_rank=0 sell_rank=0 price=0 quantity=0 settlement=0 buy_residual=0 sell_residual=0
S3_MATCH slot=23 active=0 buy_rank=0 sell_rank=0 price=0 quantity=0 settlement=0 buy_residual=0 sell_residual=0
S3_MATCH slot=24 active=0 buy_rank=0 sell_rank=0 price=0 quantity=0 settlement=0 buy_residual=0 sell_residual=0
S3_MATCH slot=25 active=0 buy_rank=0 sell_rank=0 price=0 quantity=0 settlement=0 buy_residual=0 sell_residual=0
S3_MATCH slot=26 active=0 buy_rank=0 sell_rank=0 price=0 quantity=0 settlement=0 buy_residual=0 sell_residual=0
S3_MATCH slot=27 active=0 buy_rank=0 sell_rank=0 price=0 quantity=0 settlement=0 buy_residual=0 sell_residual=0
S3_MATCH slot=28 active=0 buy_rank=0 sell_rank=0 price=0 quantity=0 settlement=0 buy_residual=0 sell_residual=0
S3_MATCH slot=29 active=0 buy_rank=0 sell_rank=0 price=0 quantity=0 settlement=0 buy_residual=0 sell_residual=0
S3_MATCH slot=30 active=0 buy_rank=0 sell_rank=0 price=0 quantity=0 settlement=0 buy_residual=0 sell_residual=0
S3_RESIDUAL side=buy rank=4 quantity=0
S3_RESIDUAL side=buy rank=12 quantity=0
S3_RESIDUAL side=buy rank=6 quantity=0
S3_RESIDUAL side=buy rank=0 quantity=0
S3_RESIDUAL side=buy rank=9 quantity=0
S3_RESIDUAL side=buy rank=10 quantity=0
S3_RESIDUAL side=buy rank=5 quantity=923668
S3_RESIDUAL side=buy rank=11 quantity=337754
S3_RESIDUAL side=buy rank=7 quantity=101458
S3_RESIDUAL side=buy rank=2 quantity=841087
S3_RESIDUAL side=buy rank=13 quantity=432215
S3_RESIDUAL side=buy rank=3 quantity=788593
S3_RESIDUAL side=buy rank=1 quantity=334266
S3_RESIDUAL side=buy rank=8 quantity=727206
S3_RESIDUAL side=buy rank=14 quantity=0
S3_RESIDUAL side=buy rank=15 quantity=0
S3_RESIDUAL side=sell rank=3 quantity=0
S3_RESIDUAL side=sell rank=13 quantity=0
S3_RESIDUAL side=sell rank=7 quantity=0
S3_RESIDUAL side=sell rank=1 quantity=0
S3_RESIDUAL side=sell rank=5 quantity=35086
S3_RESIDUAL side=sell rank=2 quantity=317225
S3_RESIDUAL side=sell rank=9 quantity=27277
S3_RESIDUAL side=sell rank=6 quantity=550223
S3_RESIDUAL side=sell rank=11 quantity=397881
S3_RESIDUAL side=sell rank=4 quantity=470223
S3_RESIDUAL side=sell rank=8 quantity=717675
S3_RESIDUAL side=sell rank=0 quantity=662674
S3_RESIDUAL side=sell rank=12 quantity=565075
S3_RESIDUAL side=sell rank=10 quantity=189653
S3_RESIDUAL side=sell rank=14 quantity=0
S3_RESIDUAL side=sell rank=15 quantity=0
The following benchmarks are including preprocessing (offline phase).
Time = 2.46975 seconds 
Data sent = 56.5948 MB in ~14142 rounds (party 0 only; use '-v' for more details)
Global data sent = 169.464 MB (all parties)
This program might benefit from some protocol options.
Consider adding the following at the beginning of your code:
	program.use_edabit(True)
