Using statistical security parameter 40
Trying to run 255-bit computation (256-bit representation)
S3_FMATCH_TEST valid=1 commitment=4555450994727548061699928132988401958383298136305645563585658923351860918637 aggregate_quantity=3656982 aggregate_settlement=1181042259168
S3_MATCH slot=0 active=1 buy_rank=6 sell_rank=6 price=397872 quantity=551733 settlement=219519112176 buy_residual=0 sell_residual=301714
S3_MATCH slot=1 active=1 buy_rank=3 sell_rank=6 price=241877 quantity=120965 settlement=29258651305 buy_residual=0 sell_residual=180749
S3_MATCH slot=2 active=1 buy_rank=4 sell_rank=6 price=389017 quantity=180749 settlement=70314433733 buy_residual=411135 sell_residual=0
S3_MATCH slot=3 active=1 buy_rank=4 sell_rank=9 price=763612 quantity=411135 settlement=313947619620 buy_residual=0 sell_residual=205709
S3_MATCH slot=4 active=1 buy_rank=10 sell_rank=9 price=822711 quantity=160444 settlement=131999043684 buy_residual=0 sell_residual=45265
S3_MATCH slot=5 active=1 buy_rank=1 sell_rank=9 price=1177036 quantity=45265 settlement=53278534540 buy_residual=231963 sell_residual=0
S3_MATCH slot=6 active=1 buy_rank=1 sell_rank=5 price=545464 quantity=79993 settlement=43633301752 buy_residual=151970 sell_residual=0
S3_MATCH slot=7 active=1 buy_rank=1 sell_rank=8 price=585928 quantity=151970 settlement=89043478160 buy_residual=0 sell_residual=584836
S3_MATCH slot=8 active=1 buy_rank=7 sell_rank=8 price=113917 quantity=584836 settlement=66622762612 buy_residual=104343 sell_residual=0
S3_MATCH slot=9 active=1 buy_rank=7 sell_rank=7 price=84261 quantity=104343 settlement=8792045523 buy_residual=0 sell_residual=362590
S3_MATCH slot=10 active=1 buy_rank=2 sell_rank=7 price=213051 quantity=362590 settlement=77250162090 buy_residual=75122 sell_residual=0
S3_MATCH slot=11 active=1 buy_rank=2 sell_rank=2 price=223628 quantity=75122 settlement=16799382616 buy_residual=0 sell_residual=827837
S3_MATCH slot=12 active=1 buy_rank=8 sell_rank=2 price=64685 quantity=658063 settlement=42566805155 buy_residual=0 sell_residual=169774
S3_MATCH slot=13 active=1 buy_rank=5 sell_rank=2 price=106123 quantity=169774 settlement=18016926202 buy_residual=42131 sell_residual=0
S3_MATCH slot=14 active=0 buy_rank=0 sell_rank=0 price=0 quantity=0 settlement=0 buy_residual=0 sell_residual=0
S3_MATCH slot=15 active=0 buy_rank=0 sell_rank=0 price=0 quantity=0 settlement=0 buy_residual=0 sell_residual=0
S3_MATCH slot=16 active=0 buy_rank=0 sell_rank=0 price=0 quantity=0 settlement=0 buy_residual=0 sell_residual=0
S3_MATCH slot=17 active=0 buy_rank=0 sell_rank=0 price=0 quantity=0 settlement=0 buy_residual=0 sell_residual=0
S3_MATCH slot=18 active=0 buy_rank=0 sell_rank=0 price=0 quantity=0 settlement=0 buy_residual=0 sell_residual=0
S3_MATCH slot=19 active=0 buy_rank=0 sell_rank=0 price=0 quantity=0 settlement=0 buy_residual=0 sell_residual=0
S3_MATCH slot=20 active=0 buy_rank=0 sell_rank=0 price=0 quantity=0 settlement=0 buy_residual=0 sell_residual=0
S3_MATCH slot=21 active=0 buy_rank=0 sell_rank=0 price=0 quantity=0 settlement=0 buy_residual=0 sell_residual=0
S3_MATCH slot=22 active=0 buy_rank=0 sell_rank=0 price=0 quantity=0 settlement=0 buy_residual=0 sell_residual=0
S3_MATCH slot=23 active=0 buy_rank=0 sell_rank=0 price=0 quantity=0 settlement=0 buy_residual=0 sell_residual=0
S3_MATCH slot=24 active=0 buy_rank=0 sell_rank=0 price=0 quantity=0 settlement=0 buy_residual=0 sell_residual=0
S3_MATCH slot=25 active=0 buy_rank=0 sell_rank=0 price=0 quantity=0 settlement=0 buy_residual=0 sell_residual=0
S3_MATCH slot=26 active=0 buy_rank=0 sell_rank=0 price=0 quantity=0 settlement=0 buy_residual=0 sell_residual=0
S3_MATCH slot=27 active=0 buy_rank=0 sell_rank=0 price=0 quantity=0 settlement=0 buy_residual=0 sell_residual=0
S3_MATCH slot=28 active=0 buy_rank=0 sell_rank=0 price=0 quantity=0 settlement=0 buy_residual=0 sell_residual=0
S3_MATCH slot=29 active=0 buy_rank=0 sell_rank=0 price=0 quantity=0 settlement=0 buy_residual=0 sell_residual=0
S3_MATCH slot=30 active=0 buy_rank=0 sell_rank=0 price=0 quantity=0 settlement=0 buy_residual=0 sell_residual=0
S3_RESIDUAL side=buy rank=6 quantity=0
S3_RESIDUAL side=buy rank=3 quantity=0
S3_RESIDUAL side=buy rank=4 quantity=0
S3_RESIDUAL side=buy rank=10 quantity=0
S3_RESIDUAL side=buy rank=1 quantity=0
S3_RESIDUAL side=buy rank=7 quantity=0
S3_RESIDUAL side=buy rank=2 quantity=0
S3_RESIDUAL side=buy rank=8 quantity=0
S3_RESIDUAL side=buy rank=5 quantity=42131
S3_RESIDUAL side=buy rank=0 quantity=716354
S3_RESIDUAL side=buy rank=9 quantity=815140
S3_RESIDUAL side=buy rank=11 quantity=0
S3_RESIDUAL side=buy rank=12 quantity=0
S3_RESIDUAL side=buy rank=13 quantity=0
S3_RESIDUAL side=buy rank=14 quantity=0
S3_RESIDUAL side=buy rank=15 quantity=0
S3_RESIDUAL side=sell rank=6 quantity=0
S3_RESIDUAL side=sell rank=9 quantity=0
S3_RESIDUAL side=sell rank=5 quantity=0
S3_RESIDUAL side=sell rank=8 quantity=0
S3_RESIDUAL side=sell rank=7 quantity=0
S3_RESIDUAL side=sell rank=2 quantity=0
S3_RESIDUAL side=sell rank=1 quantity=682184
S3_RESIDUAL side=sell rank=4 quantity=936397
S3_RESIDUAL side=sell rank=3 quantity=45373
S3_RESIDUAL side=sell rank=0 quantity=319508
S3_RESIDUAL side=sell rank=10 quantity=0
S3_RESIDUAL side=sell rank=11 quantity=0
S3_RESIDUAL side=sell rank=12 quantity=0
S3_RESIDUAL side=sell rank=13 quantity=0
S3_RESIDUAL side=sell rank=14 quantity=0
S3_RESIDUAL side=sell rank=15 quantity=0
The following benchmarks are including preprocessing (offline phase).
Time = 2.67059 seconds 
Data sent = 56.5948 MB in ~14142 rounds (party 0 only; use '-v' for more details)
Global data sent = 169.464 MB (all parties)
This program might benefit from some protocol options.
Consider adding the following at the beginning of your code:
	program.use_edabit(True)
